C26 CARTRIDGE TOPOLOGY
  output-size=$00002000 fill=$FF trampoline=$0F00 size=$00E0 vector-bridge=$0FE0 size=$0012 vectors=$0FFA size=$0006 signature="0FA0" declaration=/mnt/data/vcsc_bankaudit/libraries/vcs/vcs_8k_0fa0.c26:17.3 source=/tmp/vcsc.J83nJG/0fa0-source0.000001.o26
  bank1        file-index=0 image-size=$1000 image-offset=$0000 link=$D000 cpu=$F000 map-size=$1000 mode=selector select-access=$0FA0 declaration=/mnt/data/vcsc_bankaudit/libraries/vcs/vcs_8k_0fa0.c26:31.3 source=/tmp/vcsc.J83nJG/0fa0-source0.000001.o26
  bank0        file-index=1 image-size=$1000 image-offset=$0000 link=$F000 cpu=$F000 map-size=$1000 mode=selector select-access=$0FC0 startup=yes declaration=/mnt/data/vcsc_bankaudit/libraries/vcs/vcs_8k_0fa0.c26:25.3 source=/tmp/vcsc.J83nJG/0fa0-source0.000001.o26

CARTRIDGE
  mapper=C26 output-size=$00002000 fill=$FF trampoline=$F00 size=$0E0 vectorbridge=$FE0 size=$12

BANKS
  bank1      start=$D000 size=$1000 hotspot=$0FA0 file=$00000000
  bank0      start=$F000 size=$1000 hotspot=$0FC0 file=$00001000 startup=yes

MEMORY
  ram        start=$0080 size=$007A type=rw priority=2 output-bank=<none> mode=shared declaration=/mnt/data/vcsc_bankaudit/libraries/vcs/vcs.c26:27.61
  bank1      start=$D000 size=$0F00 type=ro priority=0 output-bank=bank1 mode=switched declaration=/mnt/data/vcsc_bankaudit/libraries/vcs/vcs_8k_0fa0.c26:34.46
  bank0      start=$F000 size=$0F00 type=ro priority=2 output-bank=bank0 mode=switched declaration=/mnt/data/vcsc_bankaudit/libraries/vcs/vcs_8k_0fa0.c26:33.58

MEMORY USAGE
  bank1      used=16 bytes (0.42%) free=3824 bytes (99.58%)
  bank0      used=175 bytes (4.56%) free=3665 bytes (95.44%)
  ram        used=14 bytes (10.94%) free=114 bytes (89.06%) objects=8 bytes hardware-stack=6 bytes

BANK PLACEMENT
  mode=optimized
  component=0 assignment=pinned bank=bank0 bytes=$001C cut-weight=$0000
     pinned    CODE                         region=bank0        size=$001C object=/mnt/data/vcsc_bankaudit/libraries/runtime/libvcsc.l26(vcsc-rt1-simple.o26)
  component=1 assignment=pinned bank=bank0 bytes=$0010 cut-weight=$0000
     pinned    CODE.bank0.__vcsc_function$matrix_probe0 region=bank0        size=$0010 object=/tmp/vcsc.J83nJG/0fa0-source0.000001.o26
  component=2 assignment=pinned bank=bank1 bytes=$0010 cut-weight=$000F
     pinned    CODE.bank1.__vcsc_function$matrix_probe1 region=bank1        size=$0010 object=/tmp/vcsc.J83nJG/0fa0-source0.000001.o26
  component=3 assignment=pinned bank=bank0 bytes=$0072 cut-weight=$000F
     pinned    CODE.bank0.__vcsc_function$matrix_source region=bank0        size=$0072 object=/tmp/vcsc.J83nJG/0fa0-source0.000001.o26
  component=4 assignment=pinned bank=bank0 bytes=$0004 cut-weight=$0000
     pinned    CODE.bank0.__vcsc_function$matrix_done region=bank0        size=$0004 object=/tmp/vcsc.J83nJG/0fa0-source0.000001.o26
  component=5 assignment=pinned bank=bank0 bytes=$000D cut-weight=$0000
     pinned    CODE.bank0.__vcsc_function$main region=bank0        size=$000D object=/tmp/vcsc.J83nJG/0fa0-source0.000001.o26

TRAMPOLINES
  common-offset=$F00 reserved=$0E0 used=$00F replicated=$0000001E target-passing=inline entries=1 jmp=0 jsr=1 jmp-size=$08 jsr-size=$0F
  JSR entry=0 offset=$F00 target=$D000 CODE.bank1.__vcsc_function$matrix_probe1 source=bank0 hotspot=$0FC0 destination=bank1 hotspot=$0FA0 replicated-bytes=$0000001E

OBJECTS
  /mnt/data/vcsc_bankaudit/libraries/runtime/libvcsc.l26(vcsc-rt1-simple.o26)
     __default__      load=$F000 size=$0000 page=preferred
     CODE             load=$F000 size=$001C page=preferred bank=bank0 region=bank0 placement=pinned component=0
  /tmp/vcsc.J83nJG/0fa0-source0.000001.o26
     __default__      load=$F01C size=$0000 page=preferred
     ZEROPAGE         run=$0080 size=$0000 page=preferred
     ZEROPAGE.__vcsc_activation$matrix_probe0 run=$0086 size=$0001 page=preferred
     ZEROPAGE.__vcsc_activation$matrix_probe1 run=$0086 size=$0001 page=preferred
     BSS              run=$0080 size=$0000 page=preferred
     BSS.__vcsc_object$matrix_failure run=$0080 size=$0001 page=preferred phase=unscoped
     BSS.__vcsc_object$matrix_count run=$0081 size=$0001 page=preferred phase=unscoped
     BSS.__vcsc_object$matrix_sp_before run=$0082 size=$0001 page=preferred phase=unscoped
     BSS.__vcsc_object$matrix_sp_after run=$0083 size=$0001 page=preferred phase=unscoped
     BSS.__vcsc_activation$matrix_probe0 run=$0087 size=$0001 page=preferred
     BSS.__vcsc_activation$matrix_probe1 run=$0087 size=$0001 page=preferred
     BSS.__vcsc_activation$matrix_source run=$0084 size=$0002 page=preferred
     DATA             load=$F0AF run=$0084 size=$0000 load-page=preferred run-page=preferred
     RODATA           load=$F01C size=$0000 page=preferred
     CODE             load=$F01C size=$0000 page=preferred
     CODE.bank0       load=$F01C size=$0000 page=preferred
     CODE.bank0.__vcsc_function$matrix_probe0 load=$F01C size=$0010 page=preferred bank=bank0 region=bank0 placement=pinned component=1
     CODE.bank1       load=$D000 size=$0000 page=preferred
     CODE.bank1.__vcsc_function$matrix_probe1 load=$D000 size=$0010 page=preferred bank=bank1 region=bank1 placement=pinned component=2
     CODE.bank0.__vcsc_function$matrix_source load=$F02C size=$0072 page=preferred bank=bank0 region=bank0 placement=pinned component=3
     CODE.bank0.__vcsc_function$matrix_done load=$F09E size=$0004 page=preferred bank=bank0 region=bank0 placement=pinned component=4
     CODE.bank0.__vcsc_function$main load=$F0A2 size=$000D page=preferred bank=bank0 region=bank0 placement=pinned component=5

BRANCHES
  /mnt/data/vcsc_bankaudit/libraries/runtime/libvcsc.l26(vcsc-rt1-simple.o26)
     $F00C -> $F009 BPL opcode=$10 taken-page=same policy=same
     $F013 -> $F010 BPL opcode=$10 taken-page=same policy=same
  /tmp/vcsc.J83nJG/0fa0-source0.000001.o26
     $F042 -> $F048 BNE opcode=$D0 taken-page=same policy=flex
     $F046 -> $F04A BNE opcode=$D0 taken-page=same policy=flex
     $F04A -> $F050 BNE opcode=$D0 taken-page=same policy=flex
     $F057 -> $F05C BNE opcode=$D0 taken-page=same policy=flex
     $F072 -> $F078 BNE opcode=$D0 taken-page=same policy=flex
     $F076 -> $F07A BNE opcode=$D0 taken-page=same policy=flex
     $F07A -> $F080 BNE opcode=$D0 taken-page=same policy=flex
     $F087 -> $F08C BNE opcode=$D0 taken-page=same policy=flex
     $F094 -> $F099 BNE opcode=$D0 taken-page=same policy=flex

INDEXED RANGES

STARTUP INITIALIZATION
  policy=compact-riot-clear
  ZERO BSS.__vcsc_object$matrix_failure                 read=$0080 write=$0080 size=$0001
  ZERO BSS.__vcsc_object$matrix_count                   read=$0081 write=$0081 size=$0001
  ZERO BSS.__vcsc_object$matrix_sp_before               read=$0082 write=$0082 size=$0001
  ZERO BSS.__vcsc_object$matrix_sp_after                read=$0083 write=$0083 size=$0001
  ZERO BSS.__vcsc_activation$matrix_probe0              read=$0087 write=$0087 size=$0001
  ZERO BSS.__vcsc_activation$matrix_probe1              read=$0087 write=$0087 size=$0001
  ZERO BSS.__vcsc_activation$matrix_source              read=$0084 write=$0084 size=$0002

TABLES
  (not generated for compact startup)
  __stack_start $0088
  __stack_top   $00F9

CALL STACK
  region=ram depth=2 bytes=$0006 physical=$00FA-$00FF extra=$0000 weighted-depth=3 bank-extra-slots=1

CALL GRAPH
  EDGE main -> matrix_source slots=1 reason=compiled-direct-call object=/tmp/vcsc.J83nJG/0fa0-source0.000001.o26
  EDGE matrix_source -> matrix_probe1 slots=2 reason=compiled-direct-call object=/tmp/vcsc.J83nJG/0fa0-source0.000001.o26 bank-bridge=yes
  EDGE matrix_source -> matrix_probe0 slots=1 reason=compiled-direct-call object=/tmp/vcsc.J83nJG/0fa0-source0.000001.o26
  DEEPEST weighted-depth=3 path=main -> matrix_source -> matrix_probe1
  TOTAL source-bytes=$0006 hidden-bytes=$0000 total-bytes=$0006

SYMBOLS
  $F000  __vcsc_startup_simple  /mnt/data/vcsc_bankaudit/libraries/runtime/libvcsc.l26(vcsc-rt1-simple.o26)
  $F01B  __weak___irqbrk       /mnt/data/vcsc_bankaudit/libraries/runtime/libvcsc.l26(vcsc-rt1-simple.o26)
  $F01B  __weak___nmi          /mnt/data/vcsc_bankaudit/libraries/runtime/libvcsc.l26(vcsc-rt1-simple.o26)
  $F000  __reset               /mnt/data/vcsc_bankaudit/libraries/runtime/libvcsc.l26(vcsc-rt1-simple.o26)
  $F0A2  main                  /tmp/vcsc.J83nJG/0fa0-source0.000001.o26
  $F09E  matrix_done           /tmp/vcsc.J83nJG/0fa0-source0.000001.o26
  $F02C  matrix_source         /tmp/vcsc.J83nJG/0fa0-source0.000001.o26
  $0086  matrix_probe1$__return  /tmp/vcsc.J83nJG/0fa0-source0.000001.o26
  $D000  matrix_probe1         /tmp/vcsc.J83nJG/0fa0-source0.000001.o26
  $0086  matrix_probe0$__return  /tmp/vcsc.J83nJG/0fa0-source0.000001.o26
  $F01C  matrix_probe0         /tmp/vcsc.J83nJG/0fa0-source0.000001.o26
  $0083  matrix_sp_after       /tmp/vcsc.J83nJG/0fa0-source0.000001.o26
  $0082  matrix_sp_before      /tmp/vcsc.J83nJG/0fa0-source0.000001.o26
  $0081  matrix_count          /tmp/vcsc.J83nJG/0fa0-source0.000001.o26
  $0080  matrix_failure        /tmp/vcsc.J83nJG/0fa0-source0.000001.o26
  $0088  __stack_start         <linker>
  $00F9  __stack_top           <linker>
  $0002  __call_stack_depth    <linker>
  $0003  __call_stack_weighted_depth  <linker>
  $0001  __call_stack_bank_extra_slots  <linker>
  $0000  __call_stack_extra    <linker>
  $0006  __call_stack_size     <linker>
  $00FA  __call_stack_start    <linker>
  $00FF  __call_stack_top      <linker>
