------- VCSC linked image listing
------- Human source listing; addresses and bytes are final after relocation.
------- RAM symbols retain DASM constant rows for Stella compatibility.
    1 0086          00 86 matrix_probe7$__return =
    2 0086          00 86 matrix_probe6$__return =
    3 0086          00 86 matrix_probe5$__return =
    4 0086          00 86 matrix_probe4$__return =
    5 0086          00 86 matrix_probe3$__return =
    6 0086          00 86 matrix_probe2$__return =
    7 0086          00 86 matrix_probe1$__return =
    8 0086          00 86 matrix_probe0$__return =
    9 0083          00 83 matrix_sp_after =
   10 0082          00 82 matrix_sp_before =
   11 0081          00 81 matrix_count =
   12 0080          00 80 matrix_failure =
   13 0088          00 88 __stack_start =
   14 00f7          00 f7 __stack_top =
   15 0002          00 02 __call_stack_depth =
   16 0004          00 04 __call_stack_weighted_depth =
   17 0002          00 02 __call_stack_bank_extra_slots =
   18 0000          00 00 __call_stack_extra =
   19 0008          00 08 __call_stack_size =
   20 00f8          00 f8 __call_stack_start =
   21 00ff          00 ff __call_stack_top =
------- Source-correlated linked statements
; /mnt/data/vcsc_bankaudit/.tmp-callmatrix/f4-source3.c26:16 [bank bank7] | bank7 uint8_t matrix_probe7(void) { matrix_count := matrix_count + 1; return 0x87; }
   22 1000 a5 81                   ; LDA matrix_count
   23 1002 18                      ; CLC
   24 1003 69 01                   ; ADC #1
   25 1005 85 81                   ; STA matrix_count
   26 1007 a9 87                   ; LDA #135
   27 1009 85 87                   ; STA __vcsc_scratch_7
   28 100b a5 87                   ; LDA __vcsc_scratch_7
   29 100d 85 86                   ; STA matrix_probe7$__return
; <compiler-generated> [bank bank7]
   30 100f 60                      ; RTS
; /mnt/data/vcsc_bankaudit/.tmp-callmatrix/f4-source3.c26:15 [bank bank6] | bank6 uint8_t matrix_probe6(void) { matrix_count := matrix_count + 1; return 0x86; }
   31 3000 a5 81                   ; LDA matrix_count
   32 3002 18                      ; CLC
   33 3003 69 01                   ; ADC #1
   34 3005 85 81                   ; STA matrix_count
   35 3007 a9 86                   ; LDA #134
   36 3009 85 87                   ; STA __vcsc_scratch_6
   37 300b a5 87                   ; LDA __vcsc_scratch_6
   38 300d 85 86                   ; STA matrix_probe6$__return
; <compiler-generated> [bank bank6]
   39 300f 60                      ; RTS
; /mnt/data/vcsc_bankaudit/.tmp-callmatrix/f4-source3.c26:14 [bank bank5] | bank5 uint8_t matrix_probe5(void) { matrix_count := matrix_count + 1; return 0x85; }
   40 5000 a5 81                   ; LDA matrix_count
   41 5002 18                      ; CLC
   42 5003 69 01                   ; ADC #1
   43 5005 85 81                   ; STA matrix_count
   44 5007 a9 85                   ; LDA #133
   45 5009 85 87                   ; STA __vcsc_scratch_5
   46 500b a5 87                   ; LDA __vcsc_scratch_5
   47 500d 85 86                   ; STA matrix_probe5$__return
; <compiler-generated> [bank bank5]
   48 500f 60                      ; RTS
; /mnt/data/vcsc_bankaudit/.tmp-callmatrix/f4-source3.c26:13 [bank bank4] | bank4 uint8_t matrix_probe4(void) { matrix_count := matrix_count + 1; return 0x84; }
   49 7000 a5 81                   ; LDA matrix_count
   50 7002 18                      ; CLC
   51 7003 69 01                   ; ADC #1
   52 7005 85 81                   ; STA matrix_count
   53 7007 a9 84                   ; LDA #132
   54 7009 85 87                   ; STA __vcsc_scratch_4
   55 700b a5 87                   ; LDA __vcsc_scratch_4
   56 700d 85 86                   ; STA matrix_probe4$__return
; <compiler-generated> [bank bank4]
   57 700f 60                      ; RTS
; /mnt/data/vcsc_bankaudit/.tmp-callmatrix/f4-source3.c26:12 [bank bank3] | bank3 uint8_t matrix_probe3(void) { matrix_count := matrix_count + 1; return 0x83; }
   58 9000 a5 81                   ; LDA matrix_count
   59 9002 18                      ; CLC
   60 9003 69 01                   ; ADC #1
   61 9005 85 81                   ; STA matrix_count
   62 9007 a9 83                   ; LDA #131
   63 9009 85 87                   ; STA __vcsc_scratch_3
   64 900b a5 87                   ; LDA __vcsc_scratch_3
   65 900d 85 86                   ; STA matrix_probe3$__return
; <compiler-generated> [bank bank3]
   66 900f 60                      ; RTS
; /mnt/data/vcsc_bankaudit/.tmp-callmatrix/f4-source3.c26:19 [bank bank3] | matrix_count := 0;
   67 9013 a9 00                   ; LDA #0
   68 9015 85 81                   ; STA matrix_count
; /mnt/data/vcsc_bankaudit/.tmp-callmatrix/f4-source3.c26:20 [bank bank3] | asm tsx; asm stx matrix_sp_before;
   69 9017 ba                      ; TSX
   70 9018 86 82                   ; STX matrix_sp_before
; /mnt/data/vcsc_bankaudit/.tmp-callmatrix/f4-source3.c26:22 [bank bank3] | asm tsx; asm stx matrix_sp_after;
   71 901a 20 00 9f                ; JSR matrix_probe0  => $9F00
   72 901d a5 86                   ; LDA matrix_probe0$__return
   73 901f 85 84                   ; STA __vcsc_scratch_8
   74 9021 a9 80                   ; LDA #128
   75 9023 85 85                   ; STA (__vcsc_scratch_8 + 1)
   76 9025 a5 84                   ; LDA __vcsc_scratch_8
   77 9027 c5 85                   ; CMP (__vcsc_scratch_8 + 1)
   78 9029 d0 04                   ; BNE @cmp_false_3
   79 902b a9 01                   ; LDA #1
   80 902d d0 02                   ; BNE @cmp_done_4
   81 902f a9 00                   ; LDA #0
   82 9031 d0 04                   ; BNE @if_false_0
; /mnt/data/vcsc_bankaudit/.tmp-callmatrix/f4-source3.c26:21 [bank bank3] | if (matrix_probe0() != 0x80) { matrix_failure := 0x01; }
   83 9033 a9 01                   ; LDA #1
   84 9035 85 80                   ; STA matrix_failure
; /mnt/data/vcsc_bankaudit/.tmp-callmatrix/f4-source3.c26:22 [bank bank3] | asm tsx; asm stx matrix_sp_after;
   85 9037 ba                      ; TSX
   86 9038 86 83                   ; STX matrix_sp_after
; /mnt/data/vcsc_bankaudit/.tmp-callmatrix/f4-source3.c26:24 [bank bank3] | asm tsx; asm stx matrix_sp_before;
   87 903a a5 83                   ; LDA matrix_sp_after
   88 903c c5 82                   ; CMP matrix_sp_before
   89 903e d0 03                   ; BNE @u8_ne_true_7
   90 9040 4c 47 90                ; JMP @if_false_5  => $9047
; /mnt/data/vcsc_bankaudit/.tmp-callmatrix/f4-source3.c26:23 [bank bank3] | if (matrix_sp_after != matrix_sp_before) { matrix_failure := 0x40; }
   91 9043 a9 40                   ; LDA #64
   92 9045 85 80                   ; STA matrix_failure
; /mnt/data/vcsc_bankaudit/.tmp-callmatrix/f4-source3.c26:24 [bank bank3] | asm tsx; asm stx matrix_sp_before;
   93 9047 ba                      ; TSX
   94 9048 86 82                   ; STX matrix_sp_before
; /mnt/data/vcsc_bankaudit/.tmp-callmatrix/f4-source3.c26:26 [bank bank3] | asm tsx; asm stx matrix_sp_after;
   95 904a 20 0f 9f                ; JSR matrix_probe1  => $9F0F
   96 904d a5 86                   ; LDA matrix_probe1$__return
   97 904f 85 84                   ; STA __vcsc_scratch_8
   98 9051 a9 81                   ; LDA #129
   99 9053 85 85                   ; STA (__vcsc_scratch_8 + 1)
  100 9055 a5 84                   ; LDA __vcsc_scratch_8
  101 9057 c5 85                   ; CMP (__vcsc_scratch_8 + 1)
  102 9059 d0 04                   ; BNE @cmp_false_11
  103 905b a9 01                   ; LDA #1
  104 905d d0 02                   ; BNE @cmp_done_12
  105 905f a9 00                   ; LDA #0
  106 9061 d0 04                   ; BNE @if_false_8
; /mnt/data/vcsc_bankaudit/.tmp-callmatrix/f4-source3.c26:25 [bank bank3] | if (matrix_probe1() != 0x81) { matrix_failure := 0x02; }
  107 9063 a9 02                   ; LDA #2
  108 9065 85 80                   ; STA matrix_failure
; /mnt/data/vcsc_bankaudit/.tmp-callmatrix/f4-source3.c26:26 [bank bank3] | asm tsx; asm stx matrix_sp_after;
  109 9067 ba                      ; TSX
  110 9068 86 83                   ; STX matrix_sp_after
; /mnt/data/vcsc_bankaudit/.tmp-callmatrix/f4-source3.c26:28 [bank bank3] | asm tsx; asm stx matrix_sp_before;
  111 906a a5 83                   ; LDA matrix_sp_after
  112 906c c5 82                   ; CMP matrix_sp_before
  113 906e d0 03                   ; BNE @u8_ne_true_15
  114 9070 4c 77 90                ; JMP @if_false_13  => $9077
; /mnt/data/vcsc_bankaudit/.tmp-callmatrix/f4-source3.c26:27 [bank bank3] | if (matrix_sp_after != matrix_sp_before) { matrix_failure := 0x41; }
  115 9073 a9 41                   ; LDA #65
  116 9075 85 80                   ; STA matrix_failure
; /mnt/data/vcsc_bankaudit/.tmp-callmatrix/f4-source3.c26:28 [bank bank3] | asm tsx; asm stx matrix_sp_before;
  117 9077 ba                      ; TSX
  118 9078 86 82                   ; STX matrix_sp_before
; /mnt/data/vcsc_bankaudit/.tmp-callmatrix/f4-source3.c26:30 [bank bank3] | asm tsx; asm stx matrix_sp_after;
  119 907a 20 1e 9f                ; JSR matrix_probe2  => $9F1E
  120 907d a5 86                   ; LDA matrix_probe2$__return
  121 907f 85 84                   ; STA __vcsc_scratch_8
  122 9081 a9 82                   ; LDA #130
  123 9083 85 85                   ; STA (__vcsc_scratch_8 + 1)
  124 9085 a5 84                   ; LDA __vcsc_scratch_8
  125 9087 c5 85                   ; CMP (__vcsc_scratch_8 + 1)
  126 9089 d0 04                   ; BNE @cmp_false_19
  127 908b a9 01                   ; LDA #1
  128 908d d0 02                   ; BNE @cmp_done_20
  129 908f a9 00                   ; LDA #0
  130 9091 d0 04                   ; BNE @if_false_16
; /mnt/data/vcsc_bankaudit/.tmp-callmatrix/f4-source3.c26:29 [bank bank3] | if (matrix_probe2() != 0x82) { matrix_failure := 0x03; }
  131 9093 a9 03                   ; LDA #3
  132 9095 85 80                   ; STA matrix_failure
; /mnt/data/vcsc_bankaudit/.tmp-callmatrix/f4-source3.c26:30 [bank bank3] | asm tsx; asm stx matrix_sp_after;
  133 9097 ba                      ; TSX
  134 9098 86 83                   ; STX matrix_sp_after
; /mnt/data/vcsc_bankaudit/.tmp-callmatrix/f4-source3.c26:32 [bank bank3] | asm tsx; asm stx matrix_sp_before;
  135 909a a5 83                   ; LDA matrix_sp_after
  136 909c c5 82                   ; CMP matrix_sp_before
  137 909e d0 03                   ; BNE @u8_ne_true_23
  138 90a0 4c a7 90                ; JMP @if_false_21  => $90A7
; /mnt/data/vcsc_bankaudit/.tmp-callmatrix/f4-source3.c26:31 [bank bank3] | if (matrix_sp_after != matrix_sp_before) { matrix_failure := 0x42; }
  139 90a3 a9 42                   ; LDA #66
  140 90a5 85 80                   ; STA matrix_failure
; /mnt/data/vcsc_bankaudit/.tmp-callmatrix/f4-source3.c26:32 [bank bank3] | asm tsx; asm stx matrix_sp_before;
  141 90a7 ba                      ; TSX
  142 90a8 86 82                   ; STX matrix_sp_before
; /mnt/data/vcsc_bankaudit/.tmp-callmatrix/f4-source3.c26:34 [bank bank3] | asm tsx; asm stx matrix_sp_after;
  143 90aa 20 00 90                ; JSR matrix_probe3  => $9000
  144 90ad a5 86                   ; LDA matrix_probe3$__return
  145 90af 85 84                   ; STA __vcsc_scratch_8
  146 90b1 a9 83                   ; LDA #131
  147 90b3 85 85                   ; STA (__vcsc_scratch_8 + 1)
  148 90b5 a5 84                   ; LDA __vcsc_scratch_8
  149 90b7 c5 85                   ; CMP (__vcsc_scratch_8 + 1)
  150 90b9 d0 04                   ; BNE @cmp_false_27
  151 90bb a9 01                   ; LDA #1
  152 90bd d0 02                   ; BNE @cmp_done_28
  153 90bf a9 00                   ; LDA #0
  154 90c1 d0 04                   ; BNE @if_false_24
; /mnt/data/vcsc_bankaudit/.tmp-callmatrix/f4-source3.c26:33 [bank bank3] | if (matrix_probe3() != 0x83) { matrix_failure := 0x04; }
  155 90c3 a9 04                   ; LDA #4
  156 90c5 85 80                   ; STA matrix_failure
; /mnt/data/vcsc_bankaudit/.tmp-callmatrix/f4-source3.c26:34 [bank bank3] | asm tsx; asm stx matrix_sp_after;
  157 90c7 ba                      ; TSX
  158 90c8 86 83                   ; STX matrix_sp_after
; /mnt/data/vcsc_bankaudit/.tmp-callmatrix/f4-source3.c26:36 [bank bank3] | asm tsx; asm stx matrix_sp_before;
  159 90ca a5 83                   ; LDA matrix_sp_after
  160 90cc c5 82                   ; CMP matrix_sp_before
  161 90ce d0 03                   ; BNE @u8_ne_true_31
  162 90d0 4c d7 90                ; JMP @if_false_29  => $90D7
; /mnt/data/vcsc_bankaudit/.tmp-callmatrix/f4-source3.c26:35 [bank bank3] | if (matrix_sp_after != matrix_sp_before) { matrix_failure := 0x43; }
  163 90d3 a9 43                   ; LDA #67
  164 90d5 85 80                   ; STA matrix_failure
; /mnt/data/vcsc_bankaudit/.tmp-callmatrix/f4-source3.c26:36 [bank bank3] | asm tsx; asm stx matrix_sp_before;
  165 90d7 ba                      ; TSX
  166 90d8 86 82                   ; STX matrix_sp_before
; /mnt/data/vcsc_bankaudit/.tmp-callmatrix/f4-source3.c26:38 [bank bank3] | asm tsx; asm stx matrix_sp_after;
  167 90da 20 2d 9f                ; JSR matrix_probe4  => $9F2D
  168 90dd a5 86                   ; LDA matrix_probe4$__return
  169 90df 85 84                   ; STA __vcsc_scratch_8
  170 90e1 a9 84                   ; LDA #132
  171 90e3 85 85                   ; STA (__vcsc_scratch_8 + 1)
  172 90e5 a5 84                   ; LDA __vcsc_scratch_8
  173 90e7 c5 85                   ; CMP (__vcsc_scratch_8 + 1)
  174 90e9 d0 04                   ; BNE @cmp_false_35
  175 90eb a9 01                   ; LDA #1
  176 90ed d0 02                   ; BNE @cmp_done_36
  177 90ef a9 00                   ; LDA #0
  178 90f1 d0 04                   ; BNE @if_false_32
; /mnt/data/vcsc_bankaudit/.tmp-callmatrix/f4-source3.c26:37 [bank bank3] | if (matrix_probe4() != 0x84) { matrix_failure := 0x05; }
  179 90f3 a9 05                   ; LDA #5
  180 90f5 85 80                   ; STA matrix_failure
; /mnt/data/vcsc_bankaudit/.tmp-callmatrix/f4-source3.c26:38 [bank bank3] | asm tsx; asm stx matrix_sp_after;
  181 90f7 ba                      ; TSX
  182 90f8 86 83                   ; STX matrix_sp_after
; /mnt/data/vcsc_bankaudit/.tmp-callmatrix/f4-source3.c26:40 [bank bank3] | asm tsx; asm stx matrix_sp_before;
  183 90fa a5 83                   ; LDA matrix_sp_after
  184 90fc c5 82                   ; CMP matrix_sp_before
  185 90fe d0 03                   ; BNE @u8_ne_true_39
  186 9100 4c 07 91                ; JMP @if_false_37  => $9107
; /mnt/data/vcsc_bankaudit/.tmp-callmatrix/f4-source3.c26:39 [bank bank3] | if (matrix_sp_after != matrix_sp_before) { matrix_failure := 0x44; }
  187 9103 a9 44                   ; LDA #68
  188 9105 85 80                   ; STA matrix_failure
; /mnt/data/vcsc_bankaudit/.tmp-callmatrix/f4-source3.c26:40 [bank bank3] | asm tsx; asm stx matrix_sp_before;
  189 9107 ba                      ; TSX
  190 9108 86 82                   ; STX matrix_sp_before
; /mnt/data/vcsc_bankaudit/.tmp-callmatrix/f4-source3.c26:42 [bank bank3] | asm tsx; asm stx matrix_sp_after;
  191 910a 20 3c 9f                ; JSR matrix_probe5  => $9F3C
  192 910d a5 86                   ; LDA matrix_probe5$__return
  193 910f 85 84                   ; STA __vcsc_scratch_8
  194 9111 a9 85                   ; LDA #133
  195 9113 85 85                   ; STA (__vcsc_scratch_8 + 1)
  196 9115 a5 84                   ; LDA __vcsc_scratch_8
  197 9117 c5 85                   ; CMP (__vcsc_scratch_8 + 1)
  198 9119 d0 04                   ; BNE @cmp_false_43
  199 911b a9 01                   ; LDA #1
  200 911d d0 02                   ; BNE @cmp_done_44
  201 911f a9 00                   ; LDA #0
  202 9121 d0 04                   ; BNE @if_false_40
; /mnt/data/vcsc_bankaudit/.tmp-callmatrix/f4-source3.c26:41 [bank bank3] | if (matrix_probe5() != 0x85) { matrix_failure := 0x06; }
  203 9123 a9 06                   ; LDA #6
  204 9125 85 80                   ; STA matrix_failure
; /mnt/data/vcsc_bankaudit/.tmp-callmatrix/f4-source3.c26:42 [bank bank3] | asm tsx; asm stx matrix_sp_after;
  205 9127 ba                      ; TSX
  206 9128 86 83                   ; STX matrix_sp_after
; /mnt/data/vcsc_bankaudit/.tmp-callmatrix/f4-source3.c26:44 [bank bank3] | asm tsx; asm stx matrix_sp_before;
  207 912a a5 83                   ; LDA matrix_sp_after
  208 912c c5 82                   ; CMP matrix_sp_before
  209 912e d0 03                   ; BNE @u8_ne_true_47
  210 9130 4c 37 91                ; JMP @if_false_45  => $9137
; /mnt/data/vcsc_bankaudit/.tmp-callmatrix/f4-source3.c26:43 [bank bank3] | if (matrix_sp_after != matrix_sp_before) { matrix_failure := 0x45; }
  211 9133 a9 45                   ; LDA #69
  212 9135 85 80                   ; STA matrix_failure
; /mnt/data/vcsc_bankaudit/.tmp-callmatrix/f4-source3.c26:44 [bank bank3] | asm tsx; asm stx matrix_sp_before;
  213 9137 ba                      ; TSX
  214 9138 86 82                   ; STX matrix_sp_before
; /mnt/data/vcsc_bankaudit/.tmp-callmatrix/f4-source3.c26:46 [bank bank3] | asm tsx; asm stx matrix_sp_after;
  215 913a 20 4b 9f                ; JSR matrix_probe6  => $9F4B
  216 913d a5 86                   ; LDA matrix_probe6$__return
  217 913f 85 84                   ; STA __vcsc_scratch_8
  218 9141 a9 86                   ; LDA #134
  219 9143 85 85                   ; STA (__vcsc_scratch_8 + 1)
  220 9145 a5 84                   ; LDA __vcsc_scratch_8
  221 9147 c5 85                   ; CMP (__vcsc_scratch_8 + 1)
  222 9149 d0 04                   ; BNE @cmp_false_51
  223 914b a9 01                   ; LDA #1
  224 914d d0 02                   ; BNE @cmp_done_52
  225 914f a9 00                   ; LDA #0
  226 9151 d0 04                   ; BNE @if_false_48
; /mnt/data/vcsc_bankaudit/.tmp-callmatrix/f4-source3.c26:45 [bank bank3] | if (matrix_probe6() != 0x86) { matrix_failure := 0x07; }
  227 9153 a9 07                   ; LDA #7
  228 9155 85 80                   ; STA matrix_failure
; /mnt/data/vcsc_bankaudit/.tmp-callmatrix/f4-source3.c26:46 [bank bank3] | asm tsx; asm stx matrix_sp_after;
  229 9157 ba                      ; TSX
  230 9158 86 83                   ; STX matrix_sp_after
; /mnt/data/vcsc_bankaudit/.tmp-callmatrix/f4-source3.c26:48 [bank bank3] | asm tsx; asm stx matrix_sp_before;
  231 915a a5 83                   ; LDA matrix_sp_after
  232 915c c5 82                   ; CMP matrix_sp_before
  233 915e d0 03                   ; BNE @u8_ne_true_55
  234 9160 4c 67 91                ; JMP @if_false_53  => $9167
; /mnt/data/vcsc_bankaudit/.tmp-callmatrix/f4-source3.c26:47 [bank bank3] | if (matrix_sp_after != matrix_sp_before) { matrix_failure := 0x46; }
  235 9163 a9 46                   ; LDA #70
  236 9165 85 80                   ; STA matrix_failure
; /mnt/data/vcsc_bankaudit/.tmp-callmatrix/f4-source3.c26:48 [bank bank3] | asm tsx; asm stx matrix_sp_before;
  237 9167 ba                      ; TSX
  238 9168 86 82                   ; STX matrix_sp_before
; /mnt/data/vcsc_bankaudit/.tmp-callmatrix/f4-source3.c26:50 [bank bank3] | asm tsx; asm stx matrix_sp_after;
  239 916a 20 5a 9f                ; JSR matrix_probe7  => $9F5A
  240 916d a5 86                   ; LDA matrix_probe7$__return
  241 916f 85 84                   ; STA __vcsc_scratch_8
  242 9171 a9 87                   ; LDA #135
  243 9173 85 85                   ; STA (__vcsc_scratch_8 + 1)
  244 9175 a5 84                   ; LDA __vcsc_scratch_8
  245 9177 c5 85                   ; CMP (__vcsc_scratch_8 + 1)
  246 9179 d0 04                   ; BNE @cmp_false_59
  247 917b a9 01                   ; LDA #1
  248 917d d0 02                   ; BNE @cmp_done_60
  249 917f a9 00                   ; LDA #0
  250 9181 d0 04                   ; BNE @if_false_56
; /mnt/data/vcsc_bankaudit/.tmp-callmatrix/f4-source3.c26:49 [bank bank3] | if (matrix_probe7() != 0x87) { matrix_failure := 0x08; }
  251 9183 a9 08                   ; LDA #8
  252 9185 85 80                   ; STA matrix_failure
; /mnt/data/vcsc_bankaudit/.tmp-callmatrix/f4-source3.c26:50 [bank bank3] | asm tsx; asm stx matrix_sp_after;
  253 9187 ba                      ; TSX
  254 9188 86 83                   ; STX matrix_sp_after
; /mnt/data/vcsc_bankaudit/.tmp-callmatrix/f4-source3.c26:52 [bank bank3] | if (matrix_count != 8) { matrix_failure := 0x7E; }
  255 918a a5 83                   ; LDA matrix_sp_after
  256 918c c5 82                   ; CMP matrix_sp_before
  257 918e d0 03                   ; BNE @u8_ne_true_63
  258 9190 4c 97 91                ; JMP @if_false_61  => $9197
; /mnt/data/vcsc_bankaudit/.tmp-callmatrix/f4-source3.c26:51 [bank bank3] | if (matrix_sp_after != matrix_sp_before) { matrix_failure := 0x47; }
  259 9193 a9 47                   ; LDA #71
  260 9195 85 80                   ; STA matrix_failure
; /mnt/data/vcsc_bankaudit/.tmp-callmatrix/f4-source3.c26:53 [bank bank3] | }
  261 9197 a5 81                   ; LDA matrix_count
  262 9199 c9 08                   ; CMP #8
  263 919b d0 03                   ; BNE @u8_ne_true_66
  264 919d 4c a4 91                ; JMP @if_false_64  => $91A4
; /mnt/data/vcsc_bankaudit/.tmp-callmatrix/f4-source3.c26:52 [bank bank3] | if (matrix_count != 8) { matrix_failure := 0x7E; }
  265 91a0 a9 7e                   ; LDA #126
  266 91a2 85 80                   ; STA matrix_failure
; <compiler-generated> [bank bank3]
  267 91a4 60                      ; RTS
; /mnt/data/vcsc_bankaudit/.tmp-callmatrix/f4-source3.c26:11 [bank bank2] | bank2 uint8_t matrix_probe2(void) { matrix_count := matrix_count + 1; return 0x82; }
  268 b000 a5 81                   ; LDA matrix_count
  269 b002 18                      ; CLC
  270 b003 69 01                   ; ADC #1
  271 b005 85 81                   ; STA matrix_count
  272 b007 a9 82                   ; LDA #130
  273 b009 85 87                   ; STA __vcsc_scratch_2
  274 b00b a5 87                   ; LDA __vcsc_scratch_2
  275 b00d 85 86                   ; STA matrix_probe2$__return
; <compiler-generated> [bank bank2]
  276 b00f 60                      ; RTS
; /mnt/data/vcsc_bankaudit/.tmp-callmatrix/f4-source3.c26:10 [bank bank1] | bank1 uint8_t matrix_probe1(void) { matrix_count := matrix_count + 1; return 0x81; }
  277 d000 a5 81                   ; LDA matrix_count
  278 d002 18                      ; CLC
  279 d003 69 01                   ; ADC #1
  280 d005 85 81                   ; STA matrix_count
  281 d007 a9 81                   ; LDA #129
  282 d009 85 87                   ; STA __vcsc_scratch_1
  283 d00b a5 87                   ; LDA __vcsc_scratch_1
  284 d00d 85 86                   ; STA matrix_probe1$__return
; <compiler-generated> [bank bank1]
  285 d00f 60                      ; RTS
; wrk/vcsc-rt1-simple.s26:25 [bank bank0] | sei
  286 f000 78                      ; SEI
; wrk/vcsc-rt1-simple.s26:26 [bank bank0] | cld
  287 f001 d8                      ; CLD
; wrk/vcsc-rt1-simple.s26:27 [bank bank0] | ldx #$ff
  288 f002 a2 ff                   ; LDX #255
; wrk/vcsc-rt1-simple.s26:28 [bank bank0] | txs
  289 f004 9a                      ; TXS
; wrk/vcsc-rt1-simple.s26:30 [bank bank0] | lda #0
  290 f005 a9 00                   ; LDA #0
; wrk/vcsc-rt1-simple.s26:31 [bank bank0] | ldx #$7f
  291 f007 a2 7f                   ; LDX #127
; wrk/vcsc-rt1-simple.s26:33 [bank bank0] | sta $80,x
  292 f009 95 80                   ; STA 128,X
; wrk/vcsc-rt1-simple.s26:34 [bank bank0] | dex
  293 f00b ca                      ; DEX
; wrk/vcsc-rt1-simple.s26:35 [bank bank0] | bpl.same @clear_ram
  294 f00c 10 fb                   ; BPL.same @clear_ram
; wrk/vcsc-rt1-simple.s26:37 [bank bank0] | ldx #$2c
  295 f00e a2 2c                   ; LDX #44
; wrk/vcsc-rt1-simple.s26:39 [bank bank0] | sta $00,x
  296 f010 95 00                   ; STA 0,X
; wrk/vcsc-rt1-simple.s26:40 [bank bank0] | dex
  297 f012 ca                      ; DEX
; wrk/vcsc-rt1-simple.s26:41 [bank bank0] | bpl.same @clear_tia
  298 f013 10 fb                   ; BPL.same @clear_tia
; wrk/vcsc-rt1-simple.s26:43 [bank bank0] | ldx #$ff
  299 f015 a2 ff                   ; LDX #255
; wrk/vcsc-rt1-simple.s26:44 [bank bank0] | txs
  300 f017 9a                      ; TXS
; wrk/vcsc-rt1-simple.s26:45 [bank bank0] | jmp main
  301 f018 4c 30 f0                ; JMP main  => $F030
; wrk/vcsc-rt1-simple.s26:49 [bank bank0] | rti
  302 f01b 40                      ; RTI
; /mnt/data/vcsc_bankaudit/.tmp-callmatrix/f4-source3.c26:9 [bank bank0] | bank0 uint8_t matrix_probe0(void) { matrix_count := matrix_count + 1; return 0x80; }
  303 f01c a5 81                   ; LDA matrix_count
  304 f01e 18                      ; CLC
  305 f01f 69 01                   ; ADC #1
  306 f021 85 81                   ; STA matrix_count
  307 f023 a9 80                   ; LDA #128
  308 f025 85 87                   ; STA __vcsc_scratch_0
  309 f027 a5 87                   ; LDA __vcsc_scratch_0
  310 f029 85 86                   ; STA matrix_probe0$__return
; <compiler-generated> [bank bank0]
  311 f02b 60                      ; RTS
; /mnt/data/vcsc_bankaudit/.tmp-callmatrix/f4-source3.c26:55 [bank bank0] | bank0 void matrix_done(void) { while (1) { } }
  312 f02c 4c 2c f0                ; JMP @while_start_67  => $F02C
; <compiler-generated> [bank bank0]
  313 f02f 60                      ; RTS
; /mnt/data/vcsc_bankaudit/.tmp-callmatrix/f4-source3.c26:58 [bank bank0] | matrix_failure := 0;
  314 f030 a9 00                   ; LDA #0
  315 f032 85 80                   ; STA matrix_failure
; /mnt/data/vcsc_bankaudit/.tmp-callmatrix/f4-source3.c26:59 [bank bank0] | matrix_source();
  316 f034 20 69 ff                ; JSR matrix_source  => $FF69
; /mnt/data/vcsc_bankaudit/.tmp-callmatrix/f4-source3.c26:60 [bank bank0] | asm jmp matrix_done;
  317 f037 4c 2c f0                ; JMP matrix_done  => $F02C
; <compiler-generated> [bank bank0]
  318 f03a 6c fc ff                ; JMP (65532)  => $FFFC
------- Unattributed/linker-generated linked bytes
  319 1f00 20 07 ff 8d f8 1f 60 8d ; <linker-generated/unattributed>
  320 1f08 fb 1f 6c 0d ff 1c f0 20 ; <linker-generated/unattributed>
  321 1f10 16 ff 8d f8 1f 60 8d fa ; <linker-generated/unattributed>
  322 1f18 1f 6c 1c ff 00 d0 20 25 ; <linker-generated/unattributed>
  323 1f20 ff 8d f8 1f 60 8d f9 1f ; <linker-generated/unattributed>
  324 1f28 6c 2b ff 00 b0 20 34 ff ; <linker-generated/unattributed>
  325 1f30 8d f8 1f 60 8d f7 1f 6c ; <linker-generated/unattributed>
  326 1f38 3a ff 00 70 20 43 ff 8d ; <linker-generated/unattributed>
  327 1f40 f8 1f 60 8d f6 1f 6c 49 ; <linker-generated/unattributed>
  328 1f48 ff 00 50 20 52 ff 8d f8 ; <linker-generated/unattributed>
  329 1f50 1f 60 8d f5 1f 6c 58 ff ; <linker-generated/unattributed>
  330 1f58 00 30 20 61 ff 8d f8 1f ; <linker-generated/unattributed>
  331 1f60 60 8d f4 1f 6c 67 ff 00 ; <linker-generated/unattributed>
  332 1f68 10 20 70 ff 8d fb 1f 60 ; <linker-generated/unattributed>
  333 1f70 8d f8 1f 6c 76 ff 13 90 ; <linker-generated/unattributed>
  334 1fe0 2c fb 1f 4c 1b f0 2c fb ; <linker-generated/unattributed>
  335 1fe8 1f 4c 00 f0 2c fb 1f 4c ; <linker-generated/unattributed>
  336 1ff0 1b f0                   ; <linker-generated/unattributed>
  337 1ffa e0 ff e6 ff ec ff       ; <linker-generated/unattributed>
  338 3f00 20 07 ff 8d f8 1f 60 8d ; <linker-generated/unattributed>
  339 3f08 fb 1f 6c 0d ff 1c f0 20 ; <linker-generated/unattributed>
  340 3f10 16 ff 8d f8 1f 60 8d fa ; <linker-generated/unattributed>
  341 3f18 1f 6c 1c ff 00 d0 20 25 ; <linker-generated/unattributed>
  342 3f20 ff 8d f8 1f 60 8d f9 1f ; <linker-generated/unattributed>
  343 3f28 6c 2b ff 00 b0 20 34 ff ; <linker-generated/unattributed>
  344 3f30 8d f8 1f 60 8d f7 1f 6c ; <linker-generated/unattributed>
  345 3f38 3a ff 00 70 20 43 ff 8d ; <linker-generated/unattributed>
  346 3f40 f8 1f 60 8d f6 1f 6c 49 ; <linker-generated/unattributed>
  347 3f48 ff 00 50 20 52 ff 8d f8 ; <linker-generated/unattributed>
  348 3f50 1f 60 8d f5 1f 6c 58 ff ; <linker-generated/unattributed>
  349 3f58 00 30 20 61 ff 8d f8 1f ; <linker-generated/unattributed>
  350 3f60 60 8d f4 1f 6c 67 ff 00 ; <linker-generated/unattributed>
  351 3f68 10 20 70 ff 8d fb 1f 60 ; <linker-generated/unattributed>
  352 3f70 8d f8 1f 6c 76 ff 13 90 ; <linker-generated/unattributed>
  353 3fe0 2c fb 1f 4c 1b f0 2c fb ; <linker-generated/unattributed>
  354 3fe8 1f 4c 00 f0 2c fb 1f 4c ; <linker-generated/unattributed>
  355 3ff0 1b f0                   ; <linker-generated/unattributed>
  356 3ffa e0 ff e6 ff ec ff       ; <linker-generated/unattributed>
  357 5f00 20 07 ff 8d f8 1f 60 8d ; <linker-generated/unattributed>
  358 5f08 fb 1f 6c 0d ff 1c f0 20 ; <linker-generated/unattributed>
  359 5f10 16 ff 8d f8 1f 60 8d fa ; <linker-generated/unattributed>
  360 5f18 1f 6c 1c ff 00 d0 20 25 ; <linker-generated/unattributed>
  361 5f20 ff 8d f8 1f 60 8d f9 1f ; <linker-generated/unattributed>
  362 5f28 6c 2b ff 00 b0 20 34 ff ; <linker-generated/unattributed>
  363 5f30 8d f8 1f 60 8d f7 1f 6c ; <linker-generated/unattributed>
  364 5f38 3a ff 00 70 20 43 ff 8d ; <linker-generated/unattributed>
  365 5f40 f8 1f 60 8d f6 1f 6c 49 ; <linker-generated/unattributed>
  366 5f48 ff 00 50 20 52 ff 8d f8 ; <linker-generated/unattributed>
  367 5f50 1f 60 8d f5 1f 6c 58 ff ; <linker-generated/unattributed>
  368 5f58 00 30 20 61 ff 8d f8 1f ; <linker-generated/unattributed>
  369 5f60 60 8d f4 1f 6c 67 ff 00 ; <linker-generated/unattributed>
  370 5f68 10 20 70 ff 8d fb 1f 60 ; <linker-generated/unattributed>
  371 5f70 8d f8 1f 6c 76 ff 13 90 ; <linker-generated/unattributed>
  372 5fe0 2c fb 1f 4c 1b f0 2c fb ; <linker-generated/unattributed>
  373 5fe8 1f 4c 00 f0 2c fb 1f 4c ; <linker-generated/unattributed>
  374 5ff0 1b f0                   ; <linker-generated/unattributed>
  375 5ffa e0 ff e6 ff ec ff       ; <linker-generated/unattributed>
  376 7f00 20 07 ff 8d f8 1f 60 8d ; <linker-generated/unattributed>
  377 7f08 fb 1f 6c 0d ff 1c f0 20 ; <linker-generated/unattributed>
  378 7f10 16 ff 8d f8 1f 60 8d fa ; <linker-generated/unattributed>
  379 7f18 1f 6c 1c ff 00 d0 20 25 ; <linker-generated/unattributed>
  380 7f20 ff 8d f8 1f 60 8d f9 1f ; <linker-generated/unattributed>
  381 7f28 6c 2b ff 00 b0 20 34 ff ; <linker-generated/unattributed>
  382 7f30 8d f8 1f 60 8d f7 1f 6c ; <linker-generated/unattributed>
  383 7f38 3a ff 00 70 20 43 ff 8d ; <linker-generated/unattributed>
  384 7f40 f8 1f 60 8d f6 1f 6c 49 ; <linker-generated/unattributed>
  385 7f48 ff 00 50 20 52 ff 8d f8 ; <linker-generated/unattributed>
  386 7f50 1f 60 8d f5 1f 6c 58 ff ; <linker-generated/unattributed>
  387 7f58 00 30 20 61 ff 8d f8 1f ; <linker-generated/unattributed>
  388 7f60 60 8d f4 1f 6c 67 ff 00 ; <linker-generated/unattributed>
  389 7f68 10 20 70 ff 8d fb 1f 60 ; <linker-generated/unattributed>
  390 7f70 8d f8 1f 6c 76 ff 13 90 ; <linker-generated/unattributed>
  391 7fe0 2c fb 1f 4c 1b f0 2c fb ; <linker-generated/unattributed>
  392 7fe8 1f 4c 00 f0 2c fb 1f 4c ; <linker-generated/unattributed>
  393 7ff0 1b f0                   ; <linker-generated/unattributed>
  394 7ffa e0 ff e6 ff ec ff       ; <linker-generated/unattributed>
  395 9f00 20 07 ff 8d f8 1f 60 8d ; <linker-generated/unattributed>
  396 9f08 fb 1f 6c 0d ff 1c f0 20 ; <linker-generated/unattributed>
  397 9f10 16 ff 8d f8 1f 60 8d fa ; <linker-generated/unattributed>
  398 9f18 1f 6c 1c ff 00 d0 20 25 ; <linker-generated/unattributed>
  399 9f20 ff 8d f8 1f 60 8d f9 1f ; <linker-generated/unattributed>
  400 9f28 6c 2b ff 00 b0 20 34 ff ; <linker-generated/unattributed>
  401 9f30 8d f8 1f 60 8d f7 1f 6c ; <linker-generated/unattributed>
  402 9f38 3a ff 00 70 20 43 ff 8d ; <linker-generated/unattributed>
  403 9f40 f8 1f 60 8d f6 1f 6c 49 ; <linker-generated/unattributed>
  404 9f48 ff 00 50 20 52 ff 8d f8 ; <linker-generated/unattributed>
  405 9f50 1f 60 8d f5 1f 6c 58 ff ; <linker-generated/unattributed>
  406 9f58 00 30 20 61 ff 8d f8 1f ; <linker-generated/unattributed>
  407 9f60 60 8d f4 1f 6c 67 ff 00 ; <linker-generated/unattributed>
  408 9f68 10 20 70 ff 8d fb 1f 60 ; <linker-generated/unattributed>
  409 9f70 8d f8 1f 6c 76 ff 13 90 ; <linker-generated/unattributed>
  410 9fe0 2c fb 1f 4c 1b f0 2c fb ; <linker-generated/unattributed>
  411 9fe8 1f 4c 00 f0 2c fb 1f 4c ; <linker-generated/unattributed>
  412 9ff0 1b f0                   ; <linker-generated/unattributed>
  413 9ffa e0 ff e6 ff ec ff       ; <linker-generated/unattributed>
  414 bf00 20 07 ff 8d f8 1f 60 8d ; <linker-generated/unattributed>
  415 bf08 fb 1f 6c 0d ff 1c f0 20 ; <linker-generated/unattributed>
  416 bf10 16 ff 8d f8 1f 60 8d fa ; <linker-generated/unattributed>
  417 bf18 1f 6c 1c ff 00 d0 20 25 ; <linker-generated/unattributed>
  418 bf20 ff 8d f8 1f 60 8d f9 1f ; <linker-generated/unattributed>
  419 bf28 6c 2b ff 00 b0 20 34 ff ; <linker-generated/unattributed>
  420 bf30 8d f8 1f 60 8d f7 1f 6c ; <linker-generated/unattributed>
  421 bf38 3a ff 00 70 20 43 ff 8d ; <linker-generated/unattributed>
  422 bf40 f8 1f 60 8d f6 1f 6c 49 ; <linker-generated/unattributed>
  423 bf48 ff 00 50 20 52 ff 8d f8 ; <linker-generated/unattributed>
  424 bf50 1f 60 8d f5 1f 6c 58 ff ; <linker-generated/unattributed>
  425 bf58 00 30 20 61 ff 8d f8 1f ; <linker-generated/unattributed>
  426 bf60 60 8d f4 1f 6c 67 ff 00 ; <linker-generated/unattributed>
  427 bf68 10 20 70 ff 8d fb 1f 60 ; <linker-generated/unattributed>
  428 bf70 8d f8 1f 6c 76 ff 13 90 ; <linker-generated/unattributed>
  429 bfe0 2c fb 1f 4c 1b f0 2c fb ; <linker-generated/unattributed>
  430 bfe8 1f 4c 00 f0 2c fb 1f 4c ; <linker-generated/unattributed>
  431 bff0 1b f0                   ; <linker-generated/unattributed>
  432 bffa e0 ff e6 ff ec ff       ; <linker-generated/unattributed>
  433 df00 20 07 ff 8d f8 1f 60 8d ; <linker-generated/unattributed>
  434 df08 fb 1f 6c 0d ff 1c f0 20 ; <linker-generated/unattributed>
  435 df10 16 ff 8d f8 1f 60 8d fa ; <linker-generated/unattributed>
  436 df18 1f 6c 1c ff 00 d0 20 25 ; <linker-generated/unattributed>
  437 df20 ff 8d f8 1f 60 8d f9 1f ; <linker-generated/unattributed>
  438 df28 6c 2b ff 00 b0 20 34 ff ; <linker-generated/unattributed>
  439 df30 8d f8 1f 60 8d f7 1f 6c ; <linker-generated/unattributed>
  440 df38 3a ff 00 70 20 43 ff 8d ; <linker-generated/unattributed>
  441 df40 f8 1f 60 8d f6 1f 6c 49 ; <linker-generated/unattributed>
  442 df48 ff 00 50 20 52 ff 8d f8 ; <linker-generated/unattributed>
  443 df50 1f 60 8d f5 1f 6c 58 ff ; <linker-generated/unattributed>
  444 df58 00 30 20 61 ff 8d f8 1f ; <linker-generated/unattributed>
  445 df60 60 8d f4 1f 6c 67 ff 00 ; <linker-generated/unattributed>
  446 df68 10 20 70 ff 8d fb 1f 60 ; <linker-generated/unattributed>
  447 df70 8d f8 1f 6c 76 ff 13 90 ; <linker-generated/unattributed>
  448 dfe0 2c fb 1f 4c 1b f0 2c fb ; <linker-generated/unattributed>
  449 dfe8 1f 4c 00 f0 2c fb 1f 4c ; <linker-generated/unattributed>
  450 dff0 1b f0                   ; <linker-generated/unattributed>
  451 dffa e0 ff e6 ff ec ff       ; <linker-generated/unattributed>
  452 ff00 20 07 ff 8d f8 1f 60 8d ; <linker-generated/unattributed>
  453 ff08 fb 1f 6c 0d ff 1c f0 20 ; <linker-generated/unattributed>
  454 ff10 16 ff 8d f8 1f 60 8d fa ; <linker-generated/unattributed>
  455 ff18 1f 6c 1c ff 00 d0 20 25 ; <linker-generated/unattributed>
  456 ff20 ff 8d f8 1f 60 8d f9 1f ; <linker-generated/unattributed>
  457 ff28 6c 2b ff 00 b0 20 34 ff ; <linker-generated/unattributed>
  458 ff30 8d f8 1f 60 8d f7 1f 6c ; <linker-generated/unattributed>
  459 ff38 3a ff 00 70 20 43 ff 8d ; <linker-generated/unattributed>
  460 ff40 f8 1f 60 8d f6 1f 6c 49 ; <linker-generated/unattributed>
  461 ff48 ff 00 50 20 52 ff 8d f8 ; <linker-generated/unattributed>
  462 ff50 1f 60 8d f5 1f 6c 58 ff ; <linker-generated/unattributed>
  463 ff58 00 30 20 61 ff 8d f8 1f ; <linker-generated/unattributed>
  464 ff60 60 8d f4 1f 6c 67 ff 00 ; <linker-generated/unattributed>
  465 ff68 10 20 70 ff 8d fb 1f 60 ; <linker-generated/unattributed>
  466 ff70 8d f8 1f 6c 76 ff 13 90 ; <linker-generated/unattributed>
  467 ffe0 2c fb 1f 4c 1b f0 2c fb ; <linker-generated/unattributed>
  468 ffe8 1f 4c 00 f0 2c fb 1f 4c ; <linker-generated/unattributed>
  469 fff0 1b f0                   ; <linker-generated/unattributed>
  470 fffa e0 ff e6 ff ec ff       ; <linker-generated/unattributed>
