------- VCSC linked image listing
------- Human source listing; addresses and bytes are final after relocation.
------- RAM symbols retain DASM constant rows for Stella compatibility.
    1 0086          00 86 matrix_probe7$__return =
    2 0086          00 86 matrix_probe6$__return =
    3 0086          00 86 matrix_probe5$__return =
    4 0086          00 86 matrix_probe4$__return =
    5 0086          00 86 matrix_probe3$__return =
    6 0086          00 86 matrix_probe2$__return =
    7 0086          00 86 matrix_probe1$__return =
    8 0086          00 86 matrix_probe0$__return =
    9 0083          00 83 matrix_sp_after =
   10 0082          00 82 matrix_sp_before =
   11 0081          00 81 matrix_count =
   12 0080          00 80 matrix_failure =
   13 0088          00 88 __stack_start =
   14 00f9          00 f9 __stack_top =
   15 0002          00 02 __call_stack_depth =
   16 0003          00 03 __call_stack_weighted_depth =
   17 0001          00 01 __call_stack_bank_extra_slots =
   18 0000          00 00 __call_stack_extra =
   19 0006          00 06 __call_stack_size =
   20 00fa          00 fa __call_stack_start =
   21 00ff          00 ff __call_stack_top =
------- Source-correlated linked statements
; /mnt/data/vcsc_bankaudit/.tmp-callmatrix/f4-source0.c26:16 [bank bank7] | bank7 uint8_t matrix_probe7(void) { matrix_count := matrix_count + 1; return 0x87; }
   22 1000 a5 81                   ; LDA matrix_count
   23 1002 18                      ; CLC
   24 1003 69 01                   ; ADC #1
   25 1005 85 81                   ; STA matrix_count
   26 1007 a9 87                   ; LDA #135
   27 1009 85 87                   ; STA __vcsc_scratch_7
   28 100b a5 87                   ; LDA __vcsc_scratch_7
   29 100d 85 86                   ; STA matrix_probe7$__return
; <compiler-generated> [bank bank7]
   30 100f 60                      ; RTS
; /mnt/data/vcsc_bankaudit/.tmp-callmatrix/f4-source0.c26:15 [bank bank6] | bank6 uint8_t matrix_probe6(void) { matrix_count := matrix_count + 1; return 0x86; }
   31 3000 a5 81                   ; LDA matrix_count
   32 3002 18                      ; CLC
   33 3003 69 01                   ; ADC #1
   34 3005 85 81                   ; STA matrix_count
   35 3007 a9 86                   ; LDA #134
   36 3009 85 87                   ; STA __vcsc_scratch_6
   37 300b a5 87                   ; LDA __vcsc_scratch_6
   38 300d 85 86                   ; STA matrix_probe6$__return
; <compiler-generated> [bank bank6]
   39 300f 60                      ; RTS
; /mnt/data/vcsc_bankaudit/.tmp-callmatrix/f4-source0.c26:14 [bank bank5] | bank5 uint8_t matrix_probe5(void) { matrix_count := matrix_count + 1; return 0x85; }
   40 5000 a5 81                   ; LDA matrix_count
   41 5002 18                      ; CLC
   42 5003 69 01                   ; ADC #1
   43 5005 85 81                   ; STA matrix_count
   44 5007 a9 85                   ; LDA #133
   45 5009 85 87                   ; STA __vcsc_scratch_5
   46 500b a5 87                   ; LDA __vcsc_scratch_5
   47 500d 85 86                   ; STA matrix_probe5$__return
; <compiler-generated> [bank bank5]
   48 500f 60                      ; RTS
; /mnt/data/vcsc_bankaudit/.tmp-callmatrix/f4-source0.c26:13 [bank bank4] | bank4 uint8_t matrix_probe4(void) { matrix_count := matrix_count + 1; return 0x84; }
   49 7000 a5 81                   ; LDA matrix_count
   50 7002 18                      ; CLC
   51 7003 69 01                   ; ADC #1
   52 7005 85 81                   ; STA matrix_count
   53 7007 a9 84                   ; LDA #132
   54 7009 85 87                   ; STA __vcsc_scratch_4
   55 700b a5 87                   ; LDA __vcsc_scratch_4
   56 700d 85 86                   ; STA matrix_probe4$__return
; <compiler-generated> [bank bank4]
   57 700f 60                      ; RTS
; /mnt/data/vcsc_bankaudit/.tmp-callmatrix/f4-source0.c26:12 [bank bank3] | bank3 uint8_t matrix_probe3(void) { matrix_count := matrix_count + 1; return 0x83; }
   58 9000 a5 81                   ; LDA matrix_count
   59 9002 18                      ; CLC
   60 9003 69 01                   ; ADC #1
   61 9005 85 81                   ; STA matrix_count
   62 9007 a9 83                   ; LDA #131
   63 9009 85 87                   ; STA __vcsc_scratch_3
   64 900b a5 87                   ; LDA __vcsc_scratch_3
   65 900d 85 86                   ; STA matrix_probe3$__return
; <compiler-generated> [bank bank3]
   66 900f 60                      ; RTS
; /mnt/data/vcsc_bankaudit/.tmp-callmatrix/f4-source0.c26:11 [bank bank2] | bank2 uint8_t matrix_probe2(void) { matrix_count := matrix_count + 1; return 0x82; }
   67 b000 a5 81                   ; LDA matrix_count
   68 b002 18                      ; CLC
   69 b003 69 01                   ; ADC #1
   70 b005 85 81                   ; STA matrix_count
   71 b007 a9 82                   ; LDA #130
   72 b009 85 87                   ; STA __vcsc_scratch_2
   73 b00b a5 87                   ; LDA __vcsc_scratch_2
   74 b00d 85 86                   ; STA matrix_probe2$__return
; <compiler-generated> [bank bank2]
   75 b00f 60                      ; RTS
; /mnt/data/vcsc_bankaudit/.tmp-callmatrix/f4-source0.c26:10 [bank bank1] | bank1 uint8_t matrix_probe1(void) { matrix_count := matrix_count + 1; return 0x81; }
   76 d000 a5 81                   ; LDA matrix_count
   77 d002 18                      ; CLC
   78 d003 69 01                   ; ADC #1
   79 d005 85 81                   ; STA matrix_count
   80 d007 a9 81                   ; LDA #129
   81 d009 85 87                   ; STA __vcsc_scratch_1
   82 d00b a5 87                   ; LDA __vcsc_scratch_1
   83 d00d 85 86                   ; STA matrix_probe1$__return
; <compiler-generated> [bank bank1]
   84 d00f 60                      ; RTS
; wrk/vcsc-rt1-simple.s26:25 [bank bank0] | sei
   85 f000 78                      ; SEI
; wrk/vcsc-rt1-simple.s26:26 [bank bank0] | cld
   86 f001 d8                      ; CLD
; wrk/vcsc-rt1-simple.s26:27 [bank bank0] | ldx #$ff
   87 f002 a2 ff                   ; LDX #255
; wrk/vcsc-rt1-simple.s26:28 [bank bank0] | txs
   88 f004 9a                      ; TXS
; wrk/vcsc-rt1-simple.s26:30 [bank bank0] | lda #0
   89 f005 a9 00                   ; LDA #0
; wrk/vcsc-rt1-simple.s26:31 [bank bank0] | ldx #$7f
   90 f007 a2 7f                   ; LDX #127
; wrk/vcsc-rt1-simple.s26:33 [bank bank0] | sta $80,x
   91 f009 95 80                   ; STA 128,X
; wrk/vcsc-rt1-simple.s26:34 [bank bank0] | dex
   92 f00b ca                      ; DEX
; wrk/vcsc-rt1-simple.s26:35 [bank bank0] | bpl.same @clear_ram
   93 f00c 10 fb                   ; BPL.same @clear_ram
; wrk/vcsc-rt1-simple.s26:37 [bank bank0] | ldx #$2c
   94 f00e a2 2c                   ; LDX #44
; wrk/vcsc-rt1-simple.s26:39 [bank bank0] | sta $00,x
   95 f010 95 00                   ; STA 0,X
; wrk/vcsc-rt1-simple.s26:40 [bank bank0] | dex
   96 f012 ca                      ; DEX
; wrk/vcsc-rt1-simple.s26:41 [bank bank0] | bpl.same @clear_tia
   97 f013 10 fb                   ; BPL.same @clear_tia
; wrk/vcsc-rt1-simple.s26:43 [bank bank0] | ldx #$ff
   98 f015 a2 ff                   ; LDX #255
; wrk/vcsc-rt1-simple.s26:44 [bank bank0] | txs
   99 f017 9a                      ; TXS
; wrk/vcsc-rt1-simple.s26:45 [bank bank0] | jmp main
  100 f018 4c c2 f1                ; JMP main  => $F1C2
; wrk/vcsc-rt1-simple.s26:49 [bank bank0] | rti
  101 f01b 40                      ; RTI
; /mnt/data/vcsc_bankaudit/.tmp-callmatrix/f4-source0.c26:9 [bank bank0] | bank0 uint8_t matrix_probe0(void) { matrix_count := matrix_count + 1; return 0x80; }
  102 f01c a5 81                   ; LDA matrix_count
  103 f01e 18                      ; CLC
  104 f01f 69 01                   ; ADC #1
  105 f021 85 81                   ; STA matrix_count
  106 f023 a9 80                   ; LDA #128
  107 f025 85 87                   ; STA __vcsc_scratch_0
  108 f027 a5 87                   ; LDA __vcsc_scratch_0
  109 f029 85 86                   ; STA matrix_probe0$__return
; <compiler-generated> [bank bank0]
  110 f02b 60                      ; RTS
; /mnt/data/vcsc_bankaudit/.tmp-callmatrix/f4-source0.c26:19 [bank bank0] | matrix_count := 0;
  111 f02c a9 00                   ; LDA #0
  112 f02e 85 81                   ; STA matrix_count
; /mnt/data/vcsc_bankaudit/.tmp-callmatrix/f4-source0.c26:20 [bank bank0] | asm tsx; asm stx matrix_sp_before;
  113 f030 ba                      ; TSX
  114 f031 86 82                   ; STX matrix_sp_before
; /mnt/data/vcsc_bankaudit/.tmp-callmatrix/f4-source0.c26:22 [bank bank0] | asm tsx; asm stx matrix_sp_after;
  115 f033 20 1c f0                ; JSR matrix_probe0  => $F01C
  116 f036 a5 86                   ; LDA matrix_probe0$__return
  117 f038 85 84                   ; STA __vcsc_scratch_8
  118 f03a a9 80                   ; LDA #128
  119 f03c 85 85                   ; STA (__vcsc_scratch_8 + 1)
  120 f03e a5 84                   ; LDA __vcsc_scratch_8
  121 f040 c5 85                   ; CMP (__vcsc_scratch_8 + 1)
  122 f042 d0 04                   ; BNE @cmp_false_3
  123 f044 a9 01                   ; LDA #1
  124 f046 d0 02                   ; BNE @cmp_done_4
  125 f048 a9 00                   ; LDA #0
  126 f04a d0 04                   ; BNE @if_false_0
; /mnt/data/vcsc_bankaudit/.tmp-callmatrix/f4-source0.c26:21 [bank bank0] | if (matrix_probe0() != 0x80) { matrix_failure := 0x01; }
  127 f04c a9 01                   ; LDA #1
  128 f04e 85 80                   ; STA matrix_failure
; /mnt/data/vcsc_bankaudit/.tmp-callmatrix/f4-source0.c26:22 [bank bank0] | asm tsx; asm stx matrix_sp_after;
  129 f050 ba                      ; TSX
  130 f051 86 83                   ; STX matrix_sp_after
; /mnt/data/vcsc_bankaudit/.tmp-callmatrix/f4-source0.c26:24 [bank bank0] | asm tsx; asm stx matrix_sp_before;
  131 f053 a5 83                   ; LDA matrix_sp_after
  132 f055 c5 82                   ; CMP matrix_sp_before
  133 f057 d0 03                   ; BNE @u8_ne_true_7
  134 f059 4c 60 f0                ; JMP @if_false_5  => $F060
; /mnt/data/vcsc_bankaudit/.tmp-callmatrix/f4-source0.c26:23 [bank bank0] | if (matrix_sp_after != matrix_sp_before) { matrix_failure := 0x40; }
  135 f05c a9 40                   ; LDA #64
  136 f05e 85 80                   ; STA matrix_failure
; /mnt/data/vcsc_bankaudit/.tmp-callmatrix/f4-source0.c26:24 [bank bank0] | asm tsx; asm stx matrix_sp_before;
  137 f060 ba                      ; TSX
  138 f061 86 82                   ; STX matrix_sp_before
; /mnt/data/vcsc_bankaudit/.tmp-callmatrix/f4-source0.c26:26 [bank bank0] | asm tsx; asm stx matrix_sp_after;
  139 f063 20 00 ff                ; JSR matrix_probe1  => $FF00
  140 f066 a5 86                   ; LDA matrix_probe1$__return
  141 f068 85 84                   ; STA __vcsc_scratch_8
  142 f06a a9 81                   ; LDA #129
  143 f06c 85 85                   ; STA (__vcsc_scratch_8 + 1)
  144 f06e a5 84                   ; LDA __vcsc_scratch_8
  145 f070 c5 85                   ; CMP (__vcsc_scratch_8 + 1)
  146 f072 d0 04                   ; BNE @cmp_false_11
  147 f074 a9 01                   ; LDA #1
  148 f076 d0 02                   ; BNE @cmp_done_12
  149 f078 a9 00                   ; LDA #0
  150 f07a d0 04                   ; BNE @if_false_8
; /mnt/data/vcsc_bankaudit/.tmp-callmatrix/f4-source0.c26:25 [bank bank0] | if (matrix_probe1() != 0x81) { matrix_failure := 0x02; }
  151 f07c a9 02                   ; LDA #2
  152 f07e 85 80                   ; STA matrix_failure
; /mnt/data/vcsc_bankaudit/.tmp-callmatrix/f4-source0.c26:26 [bank bank0] | asm tsx; asm stx matrix_sp_after;
  153 f080 ba                      ; TSX
  154 f081 86 83                   ; STX matrix_sp_after
; /mnt/data/vcsc_bankaudit/.tmp-callmatrix/f4-source0.c26:28 [bank bank0] | asm tsx; asm stx matrix_sp_before;
  155 f083 a5 83                   ; LDA matrix_sp_after
  156 f085 c5 82                   ; CMP matrix_sp_before
  157 f087 d0 03                   ; BNE @u8_ne_true_15
  158 f089 4c 90 f0                ; JMP @if_false_13  => $F090
; /mnt/data/vcsc_bankaudit/.tmp-callmatrix/f4-source0.c26:27 [bank bank0] | if (matrix_sp_after != matrix_sp_before) { matrix_failure := 0x41; }
  159 f08c a9 41                   ; LDA #65
  160 f08e 85 80                   ; STA matrix_failure
; /mnt/data/vcsc_bankaudit/.tmp-callmatrix/f4-source0.c26:28 [bank bank0] | asm tsx; asm stx matrix_sp_before;
  161 f090 ba                      ; TSX
  162 f091 86 82                   ; STX matrix_sp_before
; /mnt/data/vcsc_bankaudit/.tmp-callmatrix/f4-source0.c26:30 [bank bank0] | asm tsx; asm stx matrix_sp_after;
  163 f093 20 0f ff                ; JSR matrix_probe2  => $FF0F
  164 f096 a5 86                   ; LDA matrix_probe2$__return
  165 f098 85 84                   ; STA __vcsc_scratch_8
  166 f09a a9 82                   ; LDA #130
  167 f09c 85 85                   ; STA (__vcsc_scratch_8 + 1)
  168 f09e a5 84                   ; LDA __vcsc_scratch_8
  169 f0a0 c5 85                   ; CMP (__vcsc_scratch_8 + 1)
  170 f0a2 d0 04                   ; BNE @cmp_false_19
  171 f0a4 a9 01                   ; LDA #1
  172 f0a6 d0 02                   ; BNE @cmp_done_20
  173 f0a8 a9 00                   ; LDA #0
  174 f0aa d0 04                   ; BNE @if_false_16
; /mnt/data/vcsc_bankaudit/.tmp-callmatrix/f4-source0.c26:29 [bank bank0] | if (matrix_probe2() != 0x82) { matrix_failure := 0x03; }
  175 f0ac a9 03                   ; LDA #3
  176 f0ae 85 80                   ; STA matrix_failure
; /mnt/data/vcsc_bankaudit/.tmp-callmatrix/f4-source0.c26:30 [bank bank0] | asm tsx; asm stx matrix_sp_after;
  177 f0b0 ba                      ; TSX
  178 f0b1 86 83                   ; STX matrix_sp_after
; /mnt/data/vcsc_bankaudit/.tmp-callmatrix/f4-source0.c26:32 [bank bank0] | asm tsx; asm stx matrix_sp_before;
  179 f0b3 a5 83                   ; LDA matrix_sp_after
  180 f0b5 c5 82                   ; CMP matrix_sp_before
  181 f0b7 d0 03                   ; BNE @u8_ne_true_23
  182 f0b9 4c c0 f0                ; JMP @if_false_21  => $F0C0
; /mnt/data/vcsc_bankaudit/.tmp-callmatrix/f4-source0.c26:31 [bank bank0] | if (matrix_sp_after != matrix_sp_before) { matrix_failure := 0x42; }
  183 f0bc a9 42                   ; LDA #66
  184 f0be 85 80                   ; STA matrix_failure
; /mnt/data/vcsc_bankaudit/.tmp-callmatrix/f4-source0.c26:32 [bank bank0] | asm tsx; asm stx matrix_sp_before;
  185 f0c0 ba                      ; TSX
  186 f0c1 86 82                   ; STX matrix_sp_before
; /mnt/data/vcsc_bankaudit/.tmp-callmatrix/f4-source0.c26:34 [bank bank0] | asm tsx; asm stx matrix_sp_after;
  187 f0c3 20 1e ff                ; JSR matrix_probe3  => $FF1E
  188 f0c6 a5 86                   ; LDA matrix_probe3$__return
  189 f0c8 85 84                   ; STA __vcsc_scratch_8
  190 f0ca a9 83                   ; LDA #131
  191 f0cc 85 85                   ; STA (__vcsc_scratch_8 + 1)
  192 f0ce a5 84                   ; LDA __vcsc_scratch_8
  193 f0d0 c5 85                   ; CMP (__vcsc_scratch_8 + 1)
  194 f0d2 d0 04                   ; BNE @cmp_false_27
  195 f0d4 a9 01                   ; LDA #1
  196 f0d6 d0 02                   ; BNE @cmp_done_28
  197 f0d8 a9 00                   ; LDA #0
  198 f0da d0 04                   ; BNE @if_false_24
; /mnt/data/vcsc_bankaudit/.tmp-callmatrix/f4-source0.c26:33 [bank bank0] | if (matrix_probe3() != 0x83) { matrix_failure := 0x04; }
  199 f0dc a9 04                   ; LDA #4
  200 f0de 85 80                   ; STA matrix_failure
; /mnt/data/vcsc_bankaudit/.tmp-callmatrix/f4-source0.c26:34 [bank bank0] | asm tsx; asm stx matrix_sp_after;
  201 f0e0 ba                      ; TSX
  202 f0e1 86 83                   ; STX matrix_sp_after
; /mnt/data/vcsc_bankaudit/.tmp-callmatrix/f4-source0.c26:36 [bank bank0] | asm tsx; asm stx matrix_sp_before;
  203 f0e3 a5 83                   ; LDA matrix_sp_after
  204 f0e5 c5 82                   ; CMP matrix_sp_before
  205 f0e7 d0 03                   ; BNE @u8_ne_true_31
  206 f0e9 4c f0 f0                ; JMP @if_false_29  => $F0F0
; /mnt/data/vcsc_bankaudit/.tmp-callmatrix/f4-source0.c26:35 [bank bank0] | if (matrix_sp_after != matrix_sp_before) { matrix_failure := 0x43; }
  207 f0ec a9 43                   ; LDA #67
  208 f0ee 85 80                   ; STA matrix_failure
; /mnt/data/vcsc_bankaudit/.tmp-callmatrix/f4-source0.c26:36 [bank bank0] | asm tsx; asm stx matrix_sp_before;
  209 f0f0 ba                      ; TSX
  210 f0f1 86 82                   ; STX matrix_sp_before
; /mnt/data/vcsc_bankaudit/.tmp-callmatrix/f4-source0.c26:38 [bank bank0] | asm tsx; asm stx matrix_sp_after;
  211 f0f3 20 2d ff                ; JSR matrix_probe4  => $FF2D
  212 f0f6 a5 86                   ; LDA matrix_probe4$__return
  213 f0f8 85 84                   ; STA __vcsc_scratch_8
  214 f0fa a9 84                   ; LDA #132
  215 f0fc 85 85                   ; STA (__vcsc_scratch_8 + 1)
  216 f0fe a5 84                   ; LDA __vcsc_scratch_8
  217 f100 c5 85                   ; CMP (__vcsc_scratch_8 + 1)
  218 f102 d0 04                   ; BNE @cmp_false_35
  219 f104 a9 01                   ; LDA #1
  220 f106 d0 02                   ; BNE @cmp_done_36
  221 f108 a9 00                   ; LDA #0
  222 f10a d0 04                   ; BNE @if_false_32
; /mnt/data/vcsc_bankaudit/.tmp-callmatrix/f4-source0.c26:37 [bank bank0] | if (matrix_probe4() != 0x84) { matrix_failure := 0x05; }
  223 f10c a9 05                   ; LDA #5
  224 f10e 85 80                   ; STA matrix_failure
; /mnt/data/vcsc_bankaudit/.tmp-callmatrix/f4-source0.c26:38 [bank bank0] | asm tsx; asm stx matrix_sp_after;
  225 f110 ba                      ; TSX
  226 f111 86 83                   ; STX matrix_sp_after
; /mnt/data/vcsc_bankaudit/.tmp-callmatrix/f4-source0.c26:40 [bank bank0] | asm tsx; asm stx matrix_sp_before;
  227 f113 a5 83                   ; LDA matrix_sp_after
  228 f115 c5 82                   ; CMP matrix_sp_before
  229 f117 d0 03                   ; BNE @u8_ne_true_39
  230 f119 4c 20 f1                ; JMP @if_false_37  => $F120
; /mnt/data/vcsc_bankaudit/.tmp-callmatrix/f4-source0.c26:39 [bank bank0] | if (matrix_sp_after != matrix_sp_before) { matrix_failure := 0x44; }
  231 f11c a9 44                   ; LDA #68
  232 f11e 85 80                   ; STA matrix_failure
; /mnt/data/vcsc_bankaudit/.tmp-callmatrix/f4-source0.c26:40 [bank bank0] | asm tsx; asm stx matrix_sp_before;
  233 f120 ba                      ; TSX
  234 f121 86 82                   ; STX matrix_sp_before
; /mnt/data/vcsc_bankaudit/.tmp-callmatrix/f4-source0.c26:42 [bank bank0] | asm tsx; asm stx matrix_sp_after;
  235 f123 20 3c ff                ; JSR matrix_probe5  => $FF3C
  236 f126 a5 86                   ; LDA matrix_probe5$__return
  237 f128 85 84                   ; STA __vcsc_scratch_8
  238 f12a a9 85                   ; LDA #133
  239 f12c 85 85                   ; STA (__vcsc_scratch_8 + 1)
  240 f12e a5 84                   ; LDA __vcsc_scratch_8
  241 f130 c5 85                   ; CMP (__vcsc_scratch_8 + 1)
  242 f132 d0 04                   ; BNE @cmp_false_43
  243 f134 a9 01                   ; LDA #1
  244 f136 d0 02                   ; BNE @cmp_done_44
  245 f138 a9 00                   ; LDA #0
  246 f13a d0 04                   ; BNE @if_false_40
; /mnt/data/vcsc_bankaudit/.tmp-callmatrix/f4-source0.c26:41 [bank bank0] | if (matrix_probe5() != 0x85) { matrix_failure := 0x06; }
  247 f13c a9 06                   ; LDA #6
  248 f13e 85 80                   ; STA matrix_failure
; /mnt/data/vcsc_bankaudit/.tmp-callmatrix/f4-source0.c26:42 [bank bank0] | asm tsx; asm stx matrix_sp_after;
  249 f140 ba                      ; TSX
  250 f141 86 83                   ; STX matrix_sp_after
; /mnt/data/vcsc_bankaudit/.tmp-callmatrix/f4-source0.c26:44 [bank bank0] | asm tsx; asm stx matrix_sp_before;
  251 f143 a5 83                   ; LDA matrix_sp_after
  252 f145 c5 82                   ; CMP matrix_sp_before
  253 f147 d0 03                   ; BNE @u8_ne_true_47
  254 f149 4c 50 f1                ; JMP @if_false_45  => $F150
; /mnt/data/vcsc_bankaudit/.tmp-callmatrix/f4-source0.c26:43 [bank bank0] | if (matrix_sp_after != matrix_sp_before) { matrix_failure := 0x45; }
  255 f14c a9 45                   ; LDA #69
  256 f14e 85 80                   ; STA matrix_failure
; /mnt/data/vcsc_bankaudit/.tmp-callmatrix/f4-source0.c26:44 [bank bank0] | asm tsx; asm stx matrix_sp_before;
  257 f150 ba                      ; TSX
  258 f151 86 82                   ; STX matrix_sp_before
; /mnt/data/vcsc_bankaudit/.tmp-callmatrix/f4-source0.c26:46 [bank bank0] | asm tsx; asm stx matrix_sp_after;
  259 f153 20 4b ff                ; JSR matrix_probe6  => $FF4B
  260 f156 a5 86                   ; LDA matrix_probe6$__return
  261 f158 85 84                   ; STA __vcsc_scratch_8
  262 f15a a9 86                   ; LDA #134
  263 f15c 85 85                   ; STA (__vcsc_scratch_8 + 1)
  264 f15e a5 84                   ; LDA __vcsc_scratch_8
  265 f160 c5 85                   ; CMP (__vcsc_scratch_8 + 1)
  266 f162 d0 04                   ; BNE @cmp_false_51
  267 f164 a9 01                   ; LDA #1
  268 f166 d0 02                   ; BNE @cmp_done_52
  269 f168 a9 00                   ; LDA #0
  270 f16a d0 04                   ; BNE @if_false_48
; /mnt/data/vcsc_bankaudit/.tmp-callmatrix/f4-source0.c26:45 [bank bank0] | if (matrix_probe6() != 0x86) { matrix_failure := 0x07; }
  271 f16c a9 07                   ; LDA #7
  272 f16e 85 80                   ; STA matrix_failure
; /mnt/data/vcsc_bankaudit/.tmp-callmatrix/f4-source0.c26:46 [bank bank0] | asm tsx; asm stx matrix_sp_after;
  273 f170 ba                      ; TSX
  274 f171 86 83                   ; STX matrix_sp_after
; /mnt/data/vcsc_bankaudit/.tmp-callmatrix/f4-source0.c26:48 [bank bank0] | asm tsx; asm stx matrix_sp_before;
  275 f173 a5 83                   ; LDA matrix_sp_after
  276 f175 c5 82                   ; CMP matrix_sp_before
  277 f177 d0 03                   ; BNE @u8_ne_true_55
  278 f179 4c 80 f1                ; JMP @if_false_53  => $F180
; /mnt/data/vcsc_bankaudit/.tmp-callmatrix/f4-source0.c26:47 [bank bank0] | if (matrix_sp_after != matrix_sp_before) { matrix_failure := 0x46; }
  279 f17c a9 46                   ; LDA #70
  280 f17e 85 80                   ; STA matrix_failure
; /mnt/data/vcsc_bankaudit/.tmp-callmatrix/f4-source0.c26:48 [bank bank0] | asm tsx; asm stx matrix_sp_before;
  281 f180 ba                      ; TSX
  282 f181 86 82                   ; STX matrix_sp_before
; /mnt/data/vcsc_bankaudit/.tmp-callmatrix/f4-source0.c26:50 [bank bank0] | asm tsx; asm stx matrix_sp_after;
  283 f183 20 5a ff                ; JSR matrix_probe7  => $FF5A
  284 f186 a5 86                   ; LDA matrix_probe7$__return
  285 f188 85 84                   ; STA __vcsc_scratch_8
  286 f18a a9 87                   ; LDA #135
  287 f18c 85 85                   ; STA (__vcsc_scratch_8 + 1)
  288 f18e a5 84                   ; LDA __vcsc_scratch_8
  289 f190 c5 85                   ; CMP (__vcsc_scratch_8 + 1)
  290 f192 d0 04                   ; BNE @cmp_false_59
  291 f194 a9 01                   ; LDA #1
  292 f196 d0 02                   ; BNE @cmp_done_60
  293 f198 a9 00                   ; LDA #0
  294 f19a d0 04                   ; BNE @if_false_56
; /mnt/data/vcsc_bankaudit/.tmp-callmatrix/f4-source0.c26:49 [bank bank0] | if (matrix_probe7() != 0x87) { matrix_failure := 0x08; }
  295 f19c a9 08                   ; LDA #8
  296 f19e 85 80                   ; STA matrix_failure
; /mnt/data/vcsc_bankaudit/.tmp-callmatrix/f4-source0.c26:50 [bank bank0] | asm tsx; asm stx matrix_sp_after;
  297 f1a0 ba                      ; TSX
  298 f1a1 86 83                   ; STX matrix_sp_after
; /mnt/data/vcsc_bankaudit/.tmp-callmatrix/f4-source0.c26:52 [bank bank0] | if (matrix_count != 8) { matrix_failure := 0x7E; }
  299 f1a3 a5 83                   ; LDA matrix_sp_after
  300 f1a5 c5 82                   ; CMP matrix_sp_before
  301 f1a7 d0 03                   ; BNE @u8_ne_true_63
  302 f1a9 4c b0 f1                ; JMP @if_false_61  => $F1B0
; /mnt/data/vcsc_bankaudit/.tmp-callmatrix/f4-source0.c26:51 [bank bank0] | if (matrix_sp_after != matrix_sp_before) { matrix_failure := 0x47; }
  303 f1ac a9 47                   ; LDA #71
  304 f1ae 85 80                   ; STA matrix_failure
; /mnt/data/vcsc_bankaudit/.tmp-callmatrix/f4-source0.c26:53 [bank bank0] | }
  305 f1b0 a5 81                   ; LDA matrix_count
  306 f1b2 c9 08                   ; CMP #8
  307 f1b4 d0 03                   ; BNE @u8_ne_true_66
  308 f1b6 4c bd f1                ; JMP @if_false_64  => $F1BD
; /mnt/data/vcsc_bankaudit/.tmp-callmatrix/f4-source0.c26:52 [bank bank0] | if (matrix_count != 8) { matrix_failure := 0x7E; }
  309 f1b9 a9 7e                   ; LDA #126
  310 f1bb 85 80                   ; STA matrix_failure
; <compiler-generated> [bank bank0]
  311 f1bd 60                      ; RTS
; /mnt/data/vcsc_bankaudit/.tmp-callmatrix/f4-source0.c26:55 [bank bank0] | bank0 void matrix_done(void) { while (1) { } }
  312 f1be 4c be f1                ; JMP @while_start_67  => $F1BE
; <compiler-generated> [bank bank0]
  313 f1c1 60                      ; RTS
; /mnt/data/vcsc_bankaudit/.tmp-callmatrix/f4-source0.c26:58 [bank bank0] | matrix_failure := 0;
  314 f1c2 a9 00                   ; LDA #0
  315 f1c4 85 80                   ; STA matrix_failure
; /mnt/data/vcsc_bankaudit/.tmp-callmatrix/f4-source0.c26:59 [bank bank0] | matrix_source();
  316 f1c6 20 2c f0                ; JSR matrix_source  => $F02C
; /mnt/data/vcsc_bankaudit/.tmp-callmatrix/f4-source0.c26:60 [bank bank0] | asm jmp matrix_done;
  317 f1c9 4c be f1                ; JMP matrix_done  => $F1BE
; <compiler-generated> [bank bank0]
  318 f1cc 6c fc ff                ; JMP (65532)  => $FFFC
------- Unattributed/linker-generated linked bytes
  319 1f00 20 07 ff 8d fb 1f 60 8d ; <linker-generated/unattributed>
  320 1f08 fa 1f 6c 0d ff 00 d0 20 ; <linker-generated/unattributed>
  321 1f10 16 ff 8d fb 1f 60 8d f9 ; <linker-generated/unattributed>
  322 1f18 1f 6c 1c ff 00 b0 20 25 ; <linker-generated/unattributed>
  323 1f20 ff 8d fb 1f 60 8d f8 1f ; <linker-generated/unattributed>
  324 1f28 6c 2b ff 00 90 20 34 ff ; <linker-generated/unattributed>
  325 1f30 8d fb 1f 60 8d f7 1f 6c ; <linker-generated/unattributed>
  326 1f38 3a ff 00 70 20 43 ff 8d ; <linker-generated/unattributed>
  327 1f40 fb 1f 60 8d f6 1f 6c 49 ; <linker-generated/unattributed>
  328 1f48 ff 00 50 20 52 ff 8d fb ; <linker-generated/unattributed>
  329 1f50 1f 60 8d f5 1f 6c 58 ff ; <linker-generated/unattributed>
  330 1f58 00 30 20 61 ff 8d fb 1f ; <linker-generated/unattributed>
  331 1f60 60 8d f4 1f 6c 67 ff 00 ; <linker-generated/unattributed>
  332 1f68 10                      ; <linker-generated/unattributed>
  333 1fe0 2c fb 1f 4c 1b f0 2c fb ; <linker-generated/unattributed>
  334 1fe8 1f 4c 00 f0 2c fb 1f 4c ; <linker-generated/unattributed>
  335 1ff0 1b f0                   ; <linker-generated/unattributed>
  336 1ffa e0 ff e6 ff ec ff       ; <linker-generated/unattributed>
  337 3f00 20 07 ff 8d fb 1f 60 8d ; <linker-generated/unattributed>
  338 3f08 fa 1f 6c 0d ff 00 d0 20 ; <linker-generated/unattributed>
  339 3f10 16 ff 8d fb 1f 60 8d f9 ; <linker-generated/unattributed>
  340 3f18 1f 6c 1c ff 00 b0 20 25 ; <linker-generated/unattributed>
  341 3f20 ff 8d fb 1f 60 8d f8 1f ; <linker-generated/unattributed>
  342 3f28 6c 2b ff 00 90 20 34 ff ; <linker-generated/unattributed>
  343 3f30 8d fb 1f 60 8d f7 1f 6c ; <linker-generated/unattributed>
  344 3f38 3a ff 00 70 20 43 ff 8d ; <linker-generated/unattributed>
  345 3f40 fb 1f 60 8d f6 1f 6c 49 ; <linker-generated/unattributed>
  346 3f48 ff 00 50 20 52 ff 8d fb ; <linker-generated/unattributed>
  347 3f50 1f 60 8d f5 1f 6c 58 ff ; <linker-generated/unattributed>
  348 3f58 00 30 20 61 ff 8d fb 1f ; <linker-generated/unattributed>
  349 3f60 60 8d f4 1f 6c 67 ff 00 ; <linker-generated/unattributed>
  350 3f68 10                      ; <linker-generated/unattributed>
  351 3fe0 2c fb 1f 4c 1b f0 2c fb ; <linker-generated/unattributed>
  352 3fe8 1f 4c 00 f0 2c fb 1f 4c ; <linker-generated/unattributed>
  353 3ff0 1b f0                   ; <linker-generated/unattributed>
  354 3ffa e0 ff e6 ff ec ff       ; <linker-generated/unattributed>
  355 5f00 20 07 ff 8d fb 1f 60 8d ; <linker-generated/unattributed>
  356 5f08 fa 1f 6c 0d ff 00 d0 20 ; <linker-generated/unattributed>
  357 5f10 16 ff 8d fb 1f 60 8d f9 ; <linker-generated/unattributed>
  358 5f18 1f 6c 1c ff 00 b0 20 25 ; <linker-generated/unattributed>
  359 5f20 ff 8d fb 1f 60 8d f8 1f ; <linker-generated/unattributed>
  360 5f28 6c 2b ff 00 90 20 34 ff ; <linker-generated/unattributed>
  361 5f30 8d fb 1f 60 8d f7 1f 6c ; <linker-generated/unattributed>
  362 5f38 3a ff 00 70 20 43 ff 8d ; <linker-generated/unattributed>
  363 5f40 fb 1f 60 8d f6 1f 6c 49 ; <linker-generated/unattributed>
  364 5f48 ff 00 50 20 52 ff 8d fb ; <linker-generated/unattributed>
  365 5f50 1f 60 8d f5 1f 6c 58 ff ; <linker-generated/unattributed>
  366 5f58 00 30 20 61 ff 8d fb 1f ; <linker-generated/unattributed>
  367 5f60 60 8d f4 1f 6c 67 ff 00 ; <linker-generated/unattributed>
  368 5f68 10                      ; <linker-generated/unattributed>
  369 5fe0 2c fb 1f 4c 1b f0 2c fb ; <linker-generated/unattributed>
  370 5fe8 1f 4c 00 f0 2c fb 1f 4c ; <linker-generated/unattributed>
  371 5ff0 1b f0                   ; <linker-generated/unattributed>
  372 5ffa e0 ff e6 ff ec ff       ; <linker-generated/unattributed>
  373 7f00 20 07 ff 8d fb 1f 60 8d ; <linker-generated/unattributed>
  374 7f08 fa 1f 6c 0d ff 00 d0 20 ; <linker-generated/unattributed>
  375 7f10 16 ff 8d fb 1f 60 8d f9 ; <linker-generated/unattributed>
  376 7f18 1f 6c 1c ff 00 b0 20 25 ; <linker-generated/unattributed>
  377 7f20 ff 8d fb 1f 60 8d f8 1f ; <linker-generated/unattributed>
  378 7f28 6c 2b ff 00 90 20 34 ff ; <linker-generated/unattributed>
  379 7f30 8d fb 1f 60 8d f7 1f 6c ; <linker-generated/unattributed>
  380 7f38 3a ff 00 70 20 43 ff 8d ; <linker-generated/unattributed>
  381 7f40 fb 1f 60 8d f6 1f 6c 49 ; <linker-generated/unattributed>
  382 7f48 ff 00 50 20 52 ff 8d fb ; <linker-generated/unattributed>
  383 7f50 1f 60 8d f5 1f 6c 58 ff ; <linker-generated/unattributed>
  384 7f58 00 30 20 61 ff 8d fb 1f ; <linker-generated/unattributed>
  385 7f60 60 8d f4 1f 6c 67 ff 00 ; <linker-generated/unattributed>
  386 7f68 10                      ; <linker-generated/unattributed>
  387 7fe0 2c fb 1f 4c 1b f0 2c fb ; <linker-generated/unattributed>
  388 7fe8 1f 4c 00 f0 2c fb 1f 4c ; <linker-generated/unattributed>
  389 7ff0 1b f0                   ; <linker-generated/unattributed>
  390 7ffa e0 ff e6 ff ec ff       ; <linker-generated/unattributed>
  391 9f00 20 07 ff 8d fb 1f 60 8d ; <linker-generated/unattributed>
  392 9f08 fa 1f 6c 0d ff 00 d0 20 ; <linker-generated/unattributed>
  393 9f10 16 ff 8d fb 1f 60 8d f9 ; <linker-generated/unattributed>
  394 9f18 1f 6c 1c ff 00 b0 20 25 ; <linker-generated/unattributed>
  395 9f20 ff 8d fb 1f 60 8d f8 1f ; <linker-generated/unattributed>
  396 9f28 6c 2b ff 00 90 20 34 ff ; <linker-generated/unattributed>
  397 9f30 8d fb 1f 60 8d f7 1f 6c ; <linker-generated/unattributed>
  398 9f38 3a ff 00 70 20 43 ff 8d ; <linker-generated/unattributed>
  399 9f40 fb 1f 60 8d f6 1f 6c 49 ; <linker-generated/unattributed>
  400 9f48 ff 00 50 20 52 ff 8d fb ; <linker-generated/unattributed>
  401 9f50 1f 60 8d f5 1f 6c 58 ff ; <linker-generated/unattributed>
  402 9f58 00 30 20 61 ff 8d fb 1f ; <linker-generated/unattributed>
  403 9f60 60 8d f4 1f 6c 67 ff 00 ; <linker-generated/unattributed>
  404 9f68 10                      ; <linker-generated/unattributed>
  405 9fe0 2c fb 1f 4c 1b f0 2c fb ; <linker-generated/unattributed>
  406 9fe8 1f 4c 00 f0 2c fb 1f 4c ; <linker-generated/unattributed>
  407 9ff0 1b f0                   ; <linker-generated/unattributed>
  408 9ffa e0 ff e6 ff ec ff       ; <linker-generated/unattributed>
  409 bf00 20 07 ff 8d fb 1f 60 8d ; <linker-generated/unattributed>
  410 bf08 fa 1f 6c 0d ff 00 d0 20 ; <linker-generated/unattributed>
  411 bf10 16 ff 8d fb 1f 60 8d f9 ; <linker-generated/unattributed>
  412 bf18 1f 6c 1c ff 00 b0 20 25 ; <linker-generated/unattributed>
  413 bf20 ff 8d fb 1f 60 8d f8 1f ; <linker-generated/unattributed>
  414 bf28 6c 2b ff 00 90 20 34 ff ; <linker-generated/unattributed>
  415 bf30 8d fb 1f 60 8d f7 1f 6c ; <linker-generated/unattributed>
  416 bf38 3a ff 00 70 20 43 ff 8d ; <linker-generated/unattributed>
  417 bf40 fb 1f 60 8d f6 1f 6c 49 ; <linker-generated/unattributed>
  418 bf48 ff 00 50 20 52 ff 8d fb ; <linker-generated/unattributed>
  419 bf50 1f 60 8d f5 1f 6c 58 ff ; <linker-generated/unattributed>
  420 bf58 00 30 20 61 ff 8d fb 1f ; <linker-generated/unattributed>
  421 bf60 60 8d f4 1f 6c 67 ff 00 ; <linker-generated/unattributed>
  422 bf68 10                      ; <linker-generated/unattributed>
  423 bfe0 2c fb 1f 4c 1b f0 2c fb ; <linker-generated/unattributed>
  424 bfe8 1f 4c 00 f0 2c fb 1f 4c ; <linker-generated/unattributed>
  425 bff0 1b f0                   ; <linker-generated/unattributed>
  426 bffa e0 ff e6 ff ec ff       ; <linker-generated/unattributed>
  427 df00 20 07 ff 8d fb 1f 60 8d ; <linker-generated/unattributed>
  428 df08 fa 1f 6c 0d ff 00 d0 20 ; <linker-generated/unattributed>
  429 df10 16 ff 8d fb 1f 60 8d f9 ; <linker-generated/unattributed>
  430 df18 1f 6c 1c ff 00 b0 20 25 ; <linker-generated/unattributed>
  431 df20 ff 8d fb 1f 60 8d f8 1f ; <linker-generated/unattributed>
  432 df28 6c 2b ff 00 90 20 34 ff ; <linker-generated/unattributed>
  433 df30 8d fb 1f 60 8d f7 1f 6c ; <linker-generated/unattributed>
  434 df38 3a ff 00 70 20 43 ff 8d ; <linker-generated/unattributed>
  435 df40 fb 1f 60 8d f6 1f 6c 49 ; <linker-generated/unattributed>
  436 df48 ff 00 50 20 52 ff 8d fb ; <linker-generated/unattributed>
  437 df50 1f 60 8d f5 1f 6c 58 ff ; <linker-generated/unattributed>
  438 df58 00 30 20 61 ff 8d fb 1f ; <linker-generated/unattributed>
  439 df60 60 8d f4 1f 6c 67 ff 00 ; <linker-generated/unattributed>
  440 df68 10                      ; <linker-generated/unattributed>
  441 dfe0 2c fb 1f 4c 1b f0 2c fb ; <linker-generated/unattributed>
  442 dfe8 1f 4c 00 f0 2c fb 1f 4c ; <linker-generated/unattributed>
  443 dff0 1b f0                   ; <linker-generated/unattributed>
  444 dffa e0 ff e6 ff ec ff       ; <linker-generated/unattributed>
  445 ff00 20 07 ff 8d fb 1f 60 8d ; <linker-generated/unattributed>
  446 ff08 fa 1f 6c 0d ff 00 d0 20 ; <linker-generated/unattributed>
  447 ff10 16 ff 8d fb 1f 60 8d f9 ; <linker-generated/unattributed>
  448 ff18 1f 6c 1c ff 00 b0 20 25 ; <linker-generated/unattributed>
  449 ff20 ff 8d fb 1f 60 8d f8 1f ; <linker-generated/unattributed>
  450 ff28 6c 2b ff 00 90 20 34 ff ; <linker-generated/unattributed>
  451 ff30 8d fb 1f 60 8d f7 1f 6c ; <linker-generated/unattributed>
  452 ff38 3a ff 00 70 20 43 ff 8d ; <linker-generated/unattributed>
  453 ff40 fb 1f 60 8d f6 1f 6c 49 ; <linker-generated/unattributed>
  454 ff48 ff 00 50 20 52 ff 8d fb ; <linker-generated/unattributed>
  455 ff50 1f 60 8d f5 1f 6c 58 ff ; <linker-generated/unattributed>
  456 ff58 00 30 20 61 ff 8d fb 1f ; <linker-generated/unattributed>
  457 ff60 60 8d f4 1f 6c 67 ff 00 ; <linker-generated/unattributed>
  458 ff68 10                      ; <linker-generated/unattributed>
  459 ffe0 2c fb 1f 4c 1b f0 2c fb ; <linker-generated/unattributed>
  460 ffe8 1f 4c 00 f0 2c fb 1f 4c ; <linker-generated/unattributed>
  461 fff0 1b f0                   ; <linker-generated/unattributed>
  462 fffa e0 ff e6 ff ec ff       ; <linker-generated/unattributed>
