------- VCSC linked image listing
------- Human source listing; addresses and bytes are final after relocation.
------- RAM symbols retain DASM constant rows for Stella compatibility.
    1 0086          00 86 matrix_probe7$__return =
    2 0086          00 86 matrix_probe6$__return =
    3 0086          00 86 matrix_probe5$__return =
    4 0086          00 86 matrix_probe4$__return =
    5 0086          00 86 matrix_probe3$__return =
    6 0086          00 86 matrix_probe2$__return =
    7 0086          00 86 matrix_probe1$__return =
    8 0086          00 86 matrix_probe0$__return =
    9 0083          00 83 matrix_sp_after =
   10 0082          00 82 matrix_sp_before =
   11 0081          00 81 matrix_count =
   12 0080          00 80 matrix_failure =
   13 0088          00 88 __stack_start =
   14 00f7          00 f7 __stack_top =
   15 0002          00 02 __call_stack_depth =
   16 0004          00 04 __call_stack_weighted_depth =
   17 0002          00 02 __call_stack_bank_extra_slots =
   18 0000          00 00 __call_stack_extra =
   19 0008          00 08 __call_stack_size =
   20 00f8          00 f8 __call_stack_start =
   21 00ff          00 ff __call_stack_top =
------- Source-correlated linked statements
; /mnt/data/vcsc_bankaudit/.tmp-callmatrix/f4-source5.c26:16 [bank bank7] | bank7 uint8_t matrix_probe7(void) { matrix_count := matrix_count + 1; return 0x87; }
   22 1000 a5 81                   ; LDA matrix_count
   23 1002 18                      ; CLC
   24 1003 69 01                   ; ADC #1
   25 1005 85 81                   ; STA matrix_count
   26 1007 a9 87                   ; LDA #135
   27 1009 85 87                   ; STA __vcsc_scratch_7
   28 100b a5 87                   ; LDA __vcsc_scratch_7
   29 100d 85 86                   ; STA matrix_probe7$__return
; <compiler-generated> [bank bank7]
   30 100f 60                      ; RTS
; /mnt/data/vcsc_bankaudit/.tmp-callmatrix/f4-source5.c26:15 [bank bank6] | bank6 uint8_t matrix_probe6(void) { matrix_count := matrix_count + 1; return 0x86; }
   31 3000 a5 81                   ; LDA matrix_count
   32 3002 18                      ; CLC
   33 3003 69 01                   ; ADC #1
   34 3005 85 81                   ; STA matrix_count
   35 3007 a9 86                   ; LDA #134
   36 3009 85 87                   ; STA __vcsc_scratch_6
   37 300b a5 87                   ; LDA __vcsc_scratch_6
   38 300d 85 86                   ; STA matrix_probe6$__return
; <compiler-generated> [bank bank6]
   39 300f 60                      ; RTS
; /mnt/data/vcsc_bankaudit/.tmp-callmatrix/f4-source5.c26:14 [bank bank5] | bank5 uint8_t matrix_probe5(void) { matrix_count := matrix_count + 1; return 0x85; }
   40 5000 a5 81                   ; LDA matrix_count
   41 5002 18                      ; CLC
   42 5003 69 01                   ; ADC #1
   43 5005 85 81                   ; STA matrix_count
   44 5007 a9 85                   ; LDA #133
   45 5009 85 87                   ; STA __vcsc_scratch_5
   46 500b a5 87                   ; LDA __vcsc_scratch_5
   47 500d 85 86                   ; STA matrix_probe5$__return
; <compiler-generated> [bank bank5]
   48 500f 60                      ; RTS
; /mnt/data/vcsc_bankaudit/.tmp-callmatrix/f4-source5.c26:19 [bank bank5] | matrix_count := 0;
   49 5013 a9 00                   ; LDA #0
   50 5015 85 81                   ; STA matrix_count
; /mnt/data/vcsc_bankaudit/.tmp-callmatrix/f4-source5.c26:20 [bank bank5] | asm tsx; asm stx matrix_sp_before;
   51 5017 ba                      ; TSX
   52 5018 86 82                   ; STX matrix_sp_before
; /mnt/data/vcsc_bankaudit/.tmp-callmatrix/f4-source5.c26:22 [bank bank5] | asm tsx; asm stx matrix_sp_after;
   53 501a 20 00 5f                ; JSR matrix_probe0  => $5F00
   54 501d a5 86                   ; LDA matrix_probe0$__return
   55 501f 85 84                   ; STA __vcsc_scratch_8
   56 5021 a9 80                   ; LDA #128
   57 5023 85 85                   ; STA (__vcsc_scratch_8 + 1)
   58 5025 a5 84                   ; LDA __vcsc_scratch_8
   59 5027 c5 85                   ; CMP (__vcsc_scratch_8 + 1)
   60 5029 d0 04                   ; BNE @cmp_false_3
   61 502b a9 01                   ; LDA #1
   62 502d d0 02                   ; BNE @cmp_done_4
   63 502f a9 00                   ; LDA #0
   64 5031 d0 04                   ; BNE @if_false_0
; /mnt/data/vcsc_bankaudit/.tmp-callmatrix/f4-source5.c26:21 [bank bank5] | if (matrix_probe0() != 0x80) { matrix_failure := 0x01; }
   65 5033 a9 01                   ; LDA #1
   66 5035 85 80                   ; STA matrix_failure
; /mnt/data/vcsc_bankaudit/.tmp-callmatrix/f4-source5.c26:22 [bank bank5] | asm tsx; asm stx matrix_sp_after;
   67 5037 ba                      ; TSX
   68 5038 86 83                   ; STX matrix_sp_after
; /mnt/data/vcsc_bankaudit/.tmp-callmatrix/f4-source5.c26:24 [bank bank5] | asm tsx; asm stx matrix_sp_before;
   69 503a a5 83                   ; LDA matrix_sp_after
   70 503c c5 82                   ; CMP matrix_sp_before
   71 503e d0 03                   ; BNE @u8_ne_true_7
   72 5040 4c 47 50                ; JMP @if_false_5  => $5047
; /mnt/data/vcsc_bankaudit/.tmp-callmatrix/f4-source5.c26:23 [bank bank5] | if (matrix_sp_after != matrix_sp_before) { matrix_failure := 0x40; }
   73 5043 a9 40                   ; LDA #64
   74 5045 85 80                   ; STA matrix_failure
; /mnt/data/vcsc_bankaudit/.tmp-callmatrix/f4-source5.c26:24 [bank bank5] | asm tsx; asm stx matrix_sp_before;
   75 5047 ba                      ; TSX
   76 5048 86 82                   ; STX matrix_sp_before
; /mnt/data/vcsc_bankaudit/.tmp-callmatrix/f4-source5.c26:26 [bank bank5] | asm tsx; asm stx matrix_sp_after;
   77 504a 20 0f 5f                ; JSR matrix_probe1  => $5F0F
   78 504d a5 86                   ; LDA matrix_probe1$__return
   79 504f 85 84                   ; STA __vcsc_scratch_8
   80 5051 a9 81                   ; LDA #129
   81 5053 85 85                   ; STA (__vcsc_scratch_8 + 1)
   82 5055 a5 84                   ; LDA __vcsc_scratch_8
   83 5057 c5 85                   ; CMP (__vcsc_scratch_8 + 1)
   84 5059 d0 04                   ; BNE @cmp_false_11
   85 505b a9 01                   ; LDA #1
   86 505d d0 02                   ; BNE @cmp_done_12
   87 505f a9 00                   ; LDA #0
   88 5061 d0 04                   ; BNE @if_false_8
; /mnt/data/vcsc_bankaudit/.tmp-callmatrix/f4-source5.c26:25 [bank bank5] | if (matrix_probe1() != 0x81) { matrix_failure := 0x02; }
   89 5063 a9 02                   ; LDA #2
   90 5065 85 80                   ; STA matrix_failure
; /mnt/data/vcsc_bankaudit/.tmp-callmatrix/f4-source5.c26:26 [bank bank5] | asm tsx; asm stx matrix_sp_after;
   91 5067 ba                      ; TSX
   92 5068 86 83                   ; STX matrix_sp_after
; /mnt/data/vcsc_bankaudit/.tmp-callmatrix/f4-source5.c26:28 [bank bank5] | asm tsx; asm stx matrix_sp_before;
   93 506a a5 83                   ; LDA matrix_sp_after
   94 506c c5 82                   ; CMP matrix_sp_before
   95 506e d0 03                   ; BNE @u8_ne_true_15
   96 5070 4c 77 50                ; JMP @if_false_13  => $5077
; /mnt/data/vcsc_bankaudit/.tmp-callmatrix/f4-source5.c26:27 [bank bank5] | if (matrix_sp_after != matrix_sp_before) { matrix_failure := 0x41; }
   97 5073 a9 41                   ; LDA #65
   98 5075 85 80                   ; STA matrix_failure
; /mnt/data/vcsc_bankaudit/.tmp-callmatrix/f4-source5.c26:28 [bank bank5] | asm tsx; asm stx matrix_sp_before;
   99 5077 ba                      ; TSX
  100 5078 86 82                   ; STX matrix_sp_before
; /mnt/data/vcsc_bankaudit/.tmp-callmatrix/f4-source5.c26:30 [bank bank5] | asm tsx; asm stx matrix_sp_after;
  101 507a 20 1e 5f                ; JSR matrix_probe2  => $5F1E
  102 507d a5 86                   ; LDA matrix_probe2$__return
  103 507f 85 84                   ; STA __vcsc_scratch_8
  104 5081 a9 82                   ; LDA #130
  105 5083 85 85                   ; STA (__vcsc_scratch_8 + 1)
  106 5085 a5 84                   ; LDA __vcsc_scratch_8
  107 5087 c5 85                   ; CMP (__vcsc_scratch_8 + 1)
  108 5089 d0 04                   ; BNE @cmp_false_19
  109 508b a9 01                   ; LDA #1
  110 508d d0 02                   ; BNE @cmp_done_20
  111 508f a9 00                   ; LDA #0
  112 5091 d0 04                   ; BNE @if_false_16
; /mnt/data/vcsc_bankaudit/.tmp-callmatrix/f4-source5.c26:29 [bank bank5] | if (matrix_probe2() != 0x82) { matrix_failure := 0x03; }
  113 5093 a9 03                   ; LDA #3
  114 5095 85 80                   ; STA matrix_failure
; /mnt/data/vcsc_bankaudit/.tmp-callmatrix/f4-source5.c26:30 [bank bank5] | asm tsx; asm stx matrix_sp_after;
  115 5097 ba                      ; TSX
  116 5098 86 83                   ; STX matrix_sp_after
; /mnt/data/vcsc_bankaudit/.tmp-callmatrix/f4-source5.c26:32 [bank bank5] | asm tsx; asm stx matrix_sp_before;
  117 509a a5 83                   ; LDA matrix_sp_after
  118 509c c5 82                   ; CMP matrix_sp_before
  119 509e d0 03                   ; BNE @u8_ne_true_23
  120 50a0 4c a7 50                ; JMP @if_false_21  => $50A7
; /mnt/data/vcsc_bankaudit/.tmp-callmatrix/f4-source5.c26:31 [bank bank5] | if (matrix_sp_after != matrix_sp_before) { matrix_failure := 0x42; }
  121 50a3 a9 42                   ; LDA #66
  122 50a5 85 80                   ; STA matrix_failure
; /mnt/data/vcsc_bankaudit/.tmp-callmatrix/f4-source5.c26:32 [bank bank5] | asm tsx; asm stx matrix_sp_before;
  123 50a7 ba                      ; TSX
  124 50a8 86 82                   ; STX matrix_sp_before
; /mnt/data/vcsc_bankaudit/.tmp-callmatrix/f4-source5.c26:34 [bank bank5] | asm tsx; asm stx matrix_sp_after;
  125 50aa 20 2d 5f                ; JSR matrix_probe3  => $5F2D
  126 50ad a5 86                   ; LDA matrix_probe3$__return
  127 50af 85 84                   ; STA __vcsc_scratch_8
  128 50b1 a9 83                   ; LDA #131
  129 50b3 85 85                   ; STA (__vcsc_scratch_8 + 1)
  130 50b5 a5 84                   ; LDA __vcsc_scratch_8
  131 50b7 c5 85                   ; CMP (__vcsc_scratch_8 + 1)
  132 50b9 d0 04                   ; BNE @cmp_false_27
  133 50bb a9 01                   ; LDA #1
  134 50bd d0 02                   ; BNE @cmp_done_28
  135 50bf a9 00                   ; LDA #0
  136 50c1 d0 04                   ; BNE @if_false_24
; /mnt/data/vcsc_bankaudit/.tmp-callmatrix/f4-source5.c26:33 [bank bank5] | if (matrix_probe3() != 0x83) { matrix_failure := 0x04; }
  137 50c3 a9 04                   ; LDA #4
  138 50c5 85 80                   ; STA matrix_failure
; /mnt/data/vcsc_bankaudit/.tmp-callmatrix/f4-source5.c26:34 [bank bank5] | asm tsx; asm stx matrix_sp_after;
  139 50c7 ba                      ; TSX
  140 50c8 86 83                   ; STX matrix_sp_after
; /mnt/data/vcsc_bankaudit/.tmp-callmatrix/f4-source5.c26:36 [bank bank5] | asm tsx; asm stx matrix_sp_before;
  141 50ca a5 83                   ; LDA matrix_sp_after
  142 50cc c5 82                   ; CMP matrix_sp_before
  143 50ce d0 03                   ; BNE @u8_ne_true_31
  144 50d0 4c d7 50                ; JMP @if_false_29  => $50D7
; /mnt/data/vcsc_bankaudit/.tmp-callmatrix/f4-source5.c26:35 [bank bank5] | if (matrix_sp_after != matrix_sp_before) { matrix_failure := 0x43; }
  145 50d3 a9 43                   ; LDA #67
  146 50d5 85 80                   ; STA matrix_failure
; /mnt/data/vcsc_bankaudit/.tmp-callmatrix/f4-source5.c26:36 [bank bank5] | asm tsx; asm stx matrix_sp_before;
  147 50d7 ba                      ; TSX
  148 50d8 86 82                   ; STX matrix_sp_before
; /mnt/data/vcsc_bankaudit/.tmp-callmatrix/f4-source5.c26:38 [bank bank5] | asm tsx; asm stx matrix_sp_after;
  149 50da 20 3c 5f                ; JSR matrix_probe4  => $5F3C
  150 50dd a5 86                   ; LDA matrix_probe4$__return
  151 50df 85 84                   ; STA __vcsc_scratch_8
  152 50e1 a9 84                   ; LDA #132
  153 50e3 85 85                   ; STA (__vcsc_scratch_8 + 1)
  154 50e5 a5 84                   ; LDA __vcsc_scratch_8
  155 50e7 c5 85                   ; CMP (__vcsc_scratch_8 + 1)
  156 50e9 d0 04                   ; BNE @cmp_false_35
  157 50eb a9 01                   ; LDA #1
  158 50ed d0 02                   ; BNE @cmp_done_36
  159 50ef a9 00                   ; LDA #0
  160 50f1 d0 04                   ; BNE @if_false_32
; /mnt/data/vcsc_bankaudit/.tmp-callmatrix/f4-source5.c26:37 [bank bank5] | if (matrix_probe4() != 0x84) { matrix_failure := 0x05; }
  161 50f3 a9 05                   ; LDA #5
  162 50f5 85 80                   ; STA matrix_failure
; /mnt/data/vcsc_bankaudit/.tmp-callmatrix/f4-source5.c26:38 [bank bank5] | asm tsx; asm stx matrix_sp_after;
  163 50f7 ba                      ; TSX
  164 50f8 86 83                   ; STX matrix_sp_after
; /mnt/data/vcsc_bankaudit/.tmp-callmatrix/f4-source5.c26:40 [bank bank5] | asm tsx; asm stx matrix_sp_before;
  165 50fa a5 83                   ; LDA matrix_sp_after
  166 50fc c5 82                   ; CMP matrix_sp_before
  167 50fe d0 03                   ; BNE @u8_ne_true_39
  168 5100 4c 07 51                ; JMP @if_false_37  => $5107
; /mnt/data/vcsc_bankaudit/.tmp-callmatrix/f4-source5.c26:39 [bank bank5] | if (matrix_sp_after != matrix_sp_before) { matrix_failure := 0x44; }
  169 5103 a9 44                   ; LDA #68
  170 5105 85 80                   ; STA matrix_failure
; /mnt/data/vcsc_bankaudit/.tmp-callmatrix/f4-source5.c26:40 [bank bank5] | asm tsx; asm stx matrix_sp_before;
  171 5107 ba                      ; TSX
  172 5108 86 82                   ; STX matrix_sp_before
; /mnt/data/vcsc_bankaudit/.tmp-callmatrix/f4-source5.c26:42 [bank bank5] | asm tsx; asm stx matrix_sp_after;
  173 510a 20 00 50                ; JSR matrix_probe5  => $5000
  174 510d a5 86                   ; LDA matrix_probe5$__return
  175 510f 85 84                   ; STA __vcsc_scratch_8
  176 5111 a9 85                   ; LDA #133
  177 5113 85 85                   ; STA (__vcsc_scratch_8 + 1)
  178 5115 a5 84                   ; LDA __vcsc_scratch_8
  179 5117 c5 85                   ; CMP (__vcsc_scratch_8 + 1)
  180 5119 d0 04                   ; BNE @cmp_false_43
  181 511b a9 01                   ; LDA #1
  182 511d d0 02                   ; BNE @cmp_done_44
  183 511f a9 00                   ; LDA #0
  184 5121 d0 04                   ; BNE @if_false_40
; /mnt/data/vcsc_bankaudit/.tmp-callmatrix/f4-source5.c26:41 [bank bank5] | if (matrix_probe5() != 0x85) { matrix_failure := 0x06; }
  185 5123 a9 06                   ; LDA #6
  186 5125 85 80                   ; STA matrix_failure
; /mnt/data/vcsc_bankaudit/.tmp-callmatrix/f4-source5.c26:42 [bank bank5] | asm tsx; asm stx matrix_sp_after;
  187 5127 ba                      ; TSX
  188 5128 86 83                   ; STX matrix_sp_after
; /mnt/data/vcsc_bankaudit/.tmp-callmatrix/f4-source5.c26:44 [bank bank5] | asm tsx; asm stx matrix_sp_before;
  189 512a a5 83                   ; LDA matrix_sp_after
  190 512c c5 82                   ; CMP matrix_sp_before
  191 512e d0 03                   ; BNE @u8_ne_true_47
  192 5130 4c 37 51                ; JMP @if_false_45  => $5137
; /mnt/data/vcsc_bankaudit/.tmp-callmatrix/f4-source5.c26:43 [bank bank5] | if (matrix_sp_after != matrix_sp_before) { matrix_failure := 0x45; }
  193 5133 a9 45                   ; LDA #69
  194 5135 85 80                   ; STA matrix_failure
; /mnt/data/vcsc_bankaudit/.tmp-callmatrix/f4-source5.c26:44 [bank bank5] | asm tsx; asm stx matrix_sp_before;
  195 5137 ba                      ; TSX
  196 5138 86 82                   ; STX matrix_sp_before
; /mnt/data/vcsc_bankaudit/.tmp-callmatrix/f4-source5.c26:46 [bank bank5] | asm tsx; asm stx matrix_sp_after;
  197 513a 20 4b 5f                ; JSR matrix_probe6  => $5F4B
  198 513d a5 86                   ; LDA matrix_probe6$__return
  199 513f 85 84                   ; STA __vcsc_scratch_8
  200 5141 a9 86                   ; LDA #134
  201 5143 85 85                   ; STA (__vcsc_scratch_8 + 1)
  202 5145 a5 84                   ; LDA __vcsc_scratch_8
  203 5147 c5 85                   ; CMP (__vcsc_scratch_8 + 1)
  204 5149 d0 04                   ; BNE @cmp_false_51
  205 514b a9 01                   ; LDA #1
  206 514d d0 02                   ; BNE @cmp_done_52
  207 514f a9 00                   ; LDA #0
  208 5151 d0 04                   ; BNE @if_false_48
; /mnt/data/vcsc_bankaudit/.tmp-callmatrix/f4-source5.c26:45 [bank bank5] | if (matrix_probe6() != 0x86) { matrix_failure := 0x07; }
  209 5153 a9 07                   ; LDA #7
  210 5155 85 80                   ; STA matrix_failure
; /mnt/data/vcsc_bankaudit/.tmp-callmatrix/f4-source5.c26:46 [bank bank5] | asm tsx; asm stx matrix_sp_after;
  211 5157 ba                      ; TSX
  212 5158 86 83                   ; STX matrix_sp_after
; /mnt/data/vcsc_bankaudit/.tmp-callmatrix/f4-source5.c26:48 [bank bank5] | asm tsx; asm stx matrix_sp_before;
  213 515a a5 83                   ; LDA matrix_sp_after
  214 515c c5 82                   ; CMP matrix_sp_before
  215 515e d0 03                   ; BNE @u8_ne_true_55
  216 5160 4c 67 51                ; JMP @if_false_53  => $5167
; /mnt/data/vcsc_bankaudit/.tmp-callmatrix/f4-source5.c26:47 [bank bank5] | if (matrix_sp_after != matrix_sp_before) { matrix_failure := 0x46; }
  217 5163 a9 46                   ; LDA #70
  218 5165 85 80                   ; STA matrix_failure
; /mnt/data/vcsc_bankaudit/.tmp-callmatrix/f4-source5.c26:48 [bank bank5] | asm tsx; asm stx matrix_sp_before;
  219 5167 ba                      ; TSX
  220 5168 86 82                   ; STX matrix_sp_before
; /mnt/data/vcsc_bankaudit/.tmp-callmatrix/f4-source5.c26:50 [bank bank5] | asm tsx; asm stx matrix_sp_after;
  221 516a 20 5a 5f                ; JSR matrix_probe7  => $5F5A
  222 516d a5 86                   ; LDA matrix_probe7$__return
  223 516f 85 84                   ; STA __vcsc_scratch_8
  224 5171 a9 87                   ; LDA #135
  225 5173 85 85                   ; STA (__vcsc_scratch_8 + 1)
  226 5175 a5 84                   ; LDA __vcsc_scratch_8
  227 5177 c5 85                   ; CMP (__vcsc_scratch_8 + 1)
  228 5179 d0 04                   ; BNE @cmp_false_59
  229 517b a9 01                   ; LDA #1
  230 517d d0 02                   ; BNE @cmp_done_60
  231 517f a9 00                   ; LDA #0
  232 5181 d0 04                   ; BNE @if_false_56
; /mnt/data/vcsc_bankaudit/.tmp-callmatrix/f4-source5.c26:49 [bank bank5] | if (matrix_probe7() != 0x87) { matrix_failure := 0x08; }
  233 5183 a9 08                   ; LDA #8
  234 5185 85 80                   ; STA matrix_failure
; /mnt/data/vcsc_bankaudit/.tmp-callmatrix/f4-source5.c26:50 [bank bank5] | asm tsx; asm stx matrix_sp_after;
  235 5187 ba                      ; TSX
  236 5188 86 83                   ; STX matrix_sp_after
; /mnt/data/vcsc_bankaudit/.tmp-callmatrix/f4-source5.c26:52 [bank bank5] | if (matrix_count != 8) { matrix_failure := 0x7E; }
  237 518a a5 83                   ; LDA matrix_sp_after
  238 518c c5 82                   ; CMP matrix_sp_before
  239 518e d0 03                   ; BNE @u8_ne_true_63
  240 5190 4c 97 51                ; JMP @if_false_61  => $5197
; /mnt/data/vcsc_bankaudit/.tmp-callmatrix/f4-source5.c26:51 [bank bank5] | if (matrix_sp_after != matrix_sp_before) { matrix_failure := 0x47; }
  241 5193 a9 47                   ; LDA #71
  242 5195 85 80                   ; STA matrix_failure
; /mnt/data/vcsc_bankaudit/.tmp-callmatrix/f4-source5.c26:53 [bank bank5] | }
  243 5197 a5 81                   ; LDA matrix_count
  244 5199 c9 08                   ; CMP #8
  245 519b d0 03                   ; BNE @u8_ne_true_66
  246 519d 4c a4 51                ; JMP @if_false_64  => $51A4
; /mnt/data/vcsc_bankaudit/.tmp-callmatrix/f4-source5.c26:52 [bank bank5] | if (matrix_count != 8) { matrix_failure := 0x7E; }
  247 51a0 a9 7e                   ; LDA #126
  248 51a2 85 80                   ; STA matrix_failure
; <compiler-generated> [bank bank5]
  249 51a4 60                      ; RTS
; /mnt/data/vcsc_bankaudit/.tmp-callmatrix/f4-source5.c26:13 [bank bank4] | bank4 uint8_t matrix_probe4(void) { matrix_count := matrix_count + 1; return 0x84; }
  250 7000 a5 81                   ; LDA matrix_count
  251 7002 18                      ; CLC
  252 7003 69 01                   ; ADC #1
  253 7005 85 81                   ; STA matrix_count
  254 7007 a9 84                   ; LDA #132
  255 7009 85 87                   ; STA __vcsc_scratch_4
  256 700b a5 87                   ; LDA __vcsc_scratch_4
  257 700d 85 86                   ; STA matrix_probe4$__return
; <compiler-generated> [bank bank4]
  258 700f 60                      ; RTS
; /mnt/data/vcsc_bankaudit/.tmp-callmatrix/f4-source5.c26:12 [bank bank3] | bank3 uint8_t matrix_probe3(void) { matrix_count := matrix_count + 1; return 0x83; }
  259 9000 a5 81                   ; LDA matrix_count
  260 9002 18                      ; CLC
  261 9003 69 01                   ; ADC #1
  262 9005 85 81                   ; STA matrix_count
  263 9007 a9 83                   ; LDA #131
  264 9009 85 87                   ; STA __vcsc_scratch_3
  265 900b a5 87                   ; LDA __vcsc_scratch_3
  266 900d 85 86                   ; STA matrix_probe3$__return
; <compiler-generated> [bank bank3]
  267 900f 60                      ; RTS
; /mnt/data/vcsc_bankaudit/.tmp-callmatrix/f4-source5.c26:11 [bank bank2] | bank2 uint8_t matrix_probe2(void) { matrix_count := matrix_count + 1; return 0x82; }
  268 b000 a5 81                   ; LDA matrix_count
  269 b002 18                      ; CLC
  270 b003 69 01                   ; ADC #1
  271 b005 85 81                   ; STA matrix_count
  272 b007 a9 82                   ; LDA #130
  273 b009 85 87                   ; STA __vcsc_scratch_2
  274 b00b a5 87                   ; LDA __vcsc_scratch_2
  275 b00d 85 86                   ; STA matrix_probe2$__return
; <compiler-generated> [bank bank2]
  276 b00f 60                      ; RTS
; /mnt/data/vcsc_bankaudit/.tmp-callmatrix/f4-source5.c26:10 [bank bank1] | bank1 uint8_t matrix_probe1(void) { matrix_count := matrix_count + 1; return 0x81; }
  277 d000 a5 81                   ; LDA matrix_count
  278 d002 18                      ; CLC
  279 d003 69 01                   ; ADC #1
  280 d005 85 81                   ; STA matrix_count
  281 d007 a9 81                   ; LDA #129
  282 d009 85 87                   ; STA __vcsc_scratch_1
  283 d00b a5 87                   ; LDA __vcsc_scratch_1
  284 d00d 85 86                   ; STA matrix_probe1$__return
; <compiler-generated> [bank bank1]
  285 d00f 60                      ; RTS
; wrk/vcsc-rt1-simple.s26:25 [bank bank0] | sei
  286 f000 78                      ; SEI
; wrk/vcsc-rt1-simple.s26:26 [bank bank0] | cld
  287 f001 d8                      ; CLD
; wrk/vcsc-rt1-simple.s26:27 [bank bank0] | ldx #$ff
  288 f002 a2 ff                   ; LDX #255
; wrk/vcsc-rt1-simple.s26:28 [bank bank0] | txs
  289 f004 9a                      ; TXS
; wrk/vcsc-rt1-simple.s26:30 [bank bank0] | lda #0
  290 f005 a9 00                   ; LDA #0
; wrk/vcsc-rt1-simple.s26:31 [bank bank0] | ldx #$7f
  291 f007 a2 7f                   ; LDX #127
; wrk/vcsc-rt1-simple.s26:33 [bank bank0] | sta $80,x
  292 f009 95 80                   ; STA 128,X
; wrk/vcsc-rt1-simple.s26:34 [bank bank0] | dex
  293 f00b ca                      ; DEX
; wrk/vcsc-rt1-simple.s26:35 [bank bank0] | bpl.same @clear_ram
  294 f00c 10 fb                   ; BPL.same @clear_ram
; wrk/vcsc-rt1-simple.s26:37 [bank bank0] | ldx #$2c
  295 f00e a2 2c                   ; LDX #44
; wrk/vcsc-rt1-simple.s26:39 [bank bank0] | sta $00,x
  296 f010 95 00                   ; STA 0,X
; wrk/vcsc-rt1-simple.s26:40 [bank bank0] | dex
  297 f012 ca                      ; DEX
; wrk/vcsc-rt1-simple.s26:41 [bank bank0] | bpl.same @clear_tia
  298 f013 10 fb                   ; BPL.same @clear_tia
; wrk/vcsc-rt1-simple.s26:43 [bank bank0] | ldx #$ff
  299 f015 a2 ff                   ; LDX #255
; wrk/vcsc-rt1-simple.s26:44 [bank bank0] | txs
  300 f017 9a                      ; TXS
; wrk/vcsc-rt1-simple.s26:45 [bank bank0] | jmp main
  301 f018 4c 30 f0                ; JMP main  => $F030
; wrk/vcsc-rt1-simple.s26:49 [bank bank0] | rti
  302 f01b 40                      ; RTI
; /mnt/data/vcsc_bankaudit/.tmp-callmatrix/f4-source5.c26:9 [bank bank0] | bank0 uint8_t matrix_probe0(void) { matrix_count := matrix_count + 1; return 0x80; }
  303 f01c a5 81                   ; LDA matrix_count
  304 f01e 18                      ; CLC
  305 f01f 69 01                   ; ADC #1
  306 f021 85 81                   ; STA matrix_count
  307 f023 a9 80                   ; LDA #128
  308 f025 85 87                   ; STA __vcsc_scratch_0
  309 f027 a5 87                   ; LDA __vcsc_scratch_0
  310 f029 85 86                   ; STA matrix_probe0$__return
; <compiler-generated> [bank bank0]
  311 f02b 60                      ; RTS
; /mnt/data/vcsc_bankaudit/.tmp-callmatrix/f4-source5.c26:55 [bank bank0] | bank0 void matrix_done(void) { while (1) { } }
  312 f02c 4c 2c f0                ; JMP @while_start_67  => $F02C
; <compiler-generated> [bank bank0]
  313 f02f 60                      ; RTS
; /mnt/data/vcsc_bankaudit/.tmp-callmatrix/f4-source5.c26:58 [bank bank0] | matrix_failure := 0;
  314 f030 a9 00                   ; LDA #0
  315 f032 85 80                   ; STA matrix_failure
; /mnt/data/vcsc_bankaudit/.tmp-callmatrix/f4-source5.c26:59 [bank bank0] | matrix_source();
  316 f034 20 69 ff                ; JSR matrix_source  => $FF69
; /mnt/data/vcsc_bankaudit/.tmp-callmatrix/f4-source5.c26:60 [bank bank0] | asm jmp matrix_done;
  317 f037 4c 2c f0                ; JMP matrix_done  => $F02C
; <compiler-generated> [bank bank0]
  318 f03a 6c fc ff                ; JMP (65532)  => $FFFC
------- Unattributed/linker-generated linked bytes
  319 1f00 20 07 ff 8d f6 1f 60 8d ; <linker-generated/unattributed>
  320 1f08 fb 1f 6c 0d ff 1c f0 20 ; <linker-generated/unattributed>
  321 1f10 16 ff 8d f6 1f 60 8d fa ; <linker-generated/unattributed>
  322 1f18 1f 6c 1c ff 00 d0 20 25 ; <linker-generated/unattributed>
  323 1f20 ff 8d f6 1f 60 8d f9 1f ; <linker-generated/unattributed>
  324 1f28 6c 2b ff 00 b0 20 34 ff ; <linker-generated/unattributed>
  325 1f30 8d f6 1f 60 8d f8 1f 6c ; <linker-generated/unattributed>
  326 1f38 3a ff 00 90 20 43 ff 8d ; <linker-generated/unattributed>
  327 1f40 f6 1f 60 8d f7 1f 6c 49 ; <linker-generated/unattributed>
  328 1f48 ff 00 70 20 52 ff 8d f6 ; <linker-generated/unattributed>
  329 1f50 1f 60 8d f5 1f 6c 58 ff ; <linker-generated/unattributed>
  330 1f58 00 30 20 61 ff 8d f6 1f ; <linker-generated/unattributed>
  331 1f60 60 8d f4 1f 6c 67 ff 00 ; <linker-generated/unattributed>
  332 1f68 10 20 70 ff 8d fb 1f 60 ; <linker-generated/unattributed>
  333 1f70 8d f6 1f 6c 76 ff 13 50 ; <linker-generated/unattributed>
  334 1fe0 2c fb 1f 4c 1b f0 2c fb ; <linker-generated/unattributed>
  335 1fe8 1f 4c 00 f0 2c fb 1f 4c ; <linker-generated/unattributed>
  336 1ff0 1b f0                   ; <linker-generated/unattributed>
  337 1ffa e0 ff e6 ff ec ff       ; <linker-generated/unattributed>
  338 3f00 20 07 ff 8d f6 1f 60 8d ; <linker-generated/unattributed>
  339 3f08 fb 1f 6c 0d ff 1c f0 20 ; <linker-generated/unattributed>
  340 3f10 16 ff 8d f6 1f 60 8d fa ; <linker-generated/unattributed>
  341 3f18 1f 6c 1c ff 00 d0 20 25 ; <linker-generated/unattributed>
  342 3f20 ff 8d f6 1f 60 8d f9 1f ; <linker-generated/unattributed>
  343 3f28 6c 2b ff 00 b0 20 34 ff ; <linker-generated/unattributed>
  344 3f30 8d f6 1f 60 8d f8 1f 6c ; <linker-generated/unattributed>
  345 3f38 3a ff 00 90 20 43 ff 8d ; <linker-generated/unattributed>
  346 3f40 f6 1f 60 8d f7 1f 6c 49 ; <linker-generated/unattributed>
  347 3f48 ff 00 70 20 52 ff 8d f6 ; <linker-generated/unattributed>
  348 3f50 1f 60 8d f5 1f 6c 58 ff ; <linker-generated/unattributed>
  349 3f58 00 30 20 61 ff 8d f6 1f ; <linker-generated/unattributed>
  350 3f60 60 8d f4 1f 6c 67 ff 00 ; <linker-generated/unattributed>
  351 3f68 10 20 70 ff 8d fb 1f 60 ; <linker-generated/unattributed>
  352 3f70 8d f6 1f 6c 76 ff 13 50 ; <linker-generated/unattributed>
  353 3fe0 2c fb 1f 4c 1b f0 2c fb ; <linker-generated/unattributed>
  354 3fe8 1f 4c 00 f0 2c fb 1f 4c ; <linker-generated/unattributed>
  355 3ff0 1b f0                   ; <linker-generated/unattributed>
  356 3ffa e0 ff e6 ff ec ff       ; <linker-generated/unattributed>
  357 5f00 20 07 ff 8d f6 1f 60 8d ; <linker-generated/unattributed>
  358 5f08 fb 1f 6c 0d ff 1c f0 20 ; <linker-generated/unattributed>
  359 5f10 16 ff 8d f6 1f 60 8d fa ; <linker-generated/unattributed>
  360 5f18 1f 6c 1c ff 00 d0 20 25 ; <linker-generated/unattributed>
  361 5f20 ff 8d f6 1f 60 8d f9 1f ; <linker-generated/unattributed>
  362 5f28 6c 2b ff 00 b0 20 34 ff ; <linker-generated/unattributed>
  363 5f30 8d f6 1f 60 8d f8 1f 6c ; <linker-generated/unattributed>
  364 5f38 3a ff 00 90 20 43 ff 8d ; <linker-generated/unattributed>
  365 5f40 f6 1f 60 8d f7 1f 6c 49 ; <linker-generated/unattributed>
  366 5f48 ff 00 70 20 52 ff 8d f6 ; <linker-generated/unattributed>
  367 5f50 1f 60 8d f5 1f 6c 58 ff ; <linker-generated/unattributed>
  368 5f58 00 30 20 61 ff 8d f6 1f ; <linker-generated/unattributed>
  369 5f60 60 8d f4 1f 6c 67 ff 00 ; <linker-generated/unattributed>
  370 5f68 10 20 70 ff 8d fb 1f 60 ; <linker-generated/unattributed>
  371 5f70 8d f6 1f 6c 76 ff 13 50 ; <linker-generated/unattributed>
  372 5fe0 2c fb 1f 4c 1b f0 2c fb ; <linker-generated/unattributed>
  373 5fe8 1f 4c 00 f0 2c fb 1f 4c ; <linker-generated/unattributed>
  374 5ff0 1b f0                   ; <linker-generated/unattributed>
  375 5ffa e0 ff e6 ff ec ff       ; <linker-generated/unattributed>
  376 7f00 20 07 ff 8d f6 1f 60 8d ; <linker-generated/unattributed>
  377 7f08 fb 1f 6c 0d ff 1c f0 20 ; <linker-generated/unattributed>
  378 7f10 16 ff 8d f6 1f 60 8d fa ; <linker-generated/unattributed>
  379 7f18 1f 6c 1c ff 00 d0 20 25 ; <linker-generated/unattributed>
  380 7f20 ff 8d f6 1f 60 8d f9 1f ; <linker-generated/unattributed>
  381 7f28 6c 2b ff 00 b0 20 34 ff ; <linker-generated/unattributed>
  382 7f30 8d f6 1f 60 8d f8 1f 6c ; <linker-generated/unattributed>
  383 7f38 3a ff 00 90 20 43 ff 8d ; <linker-generated/unattributed>
  384 7f40 f6 1f 60 8d f7 1f 6c 49 ; <linker-generated/unattributed>
  385 7f48 ff 00 70 20 52 ff 8d f6 ; <linker-generated/unattributed>
  386 7f50 1f 60 8d f5 1f 6c 58 ff ; <linker-generated/unattributed>
  387 7f58 00 30 20 61 ff 8d f6 1f ; <linker-generated/unattributed>
  388 7f60 60 8d f4 1f 6c 67 ff 00 ; <linker-generated/unattributed>
  389 7f68 10 20 70 ff 8d fb 1f 60 ; <linker-generated/unattributed>
  390 7f70 8d f6 1f 6c 76 ff 13 50 ; <linker-generated/unattributed>
  391 7fe0 2c fb 1f 4c 1b f0 2c fb ; <linker-generated/unattributed>
  392 7fe8 1f 4c 00 f0 2c fb 1f 4c ; <linker-generated/unattributed>
  393 7ff0 1b f0                   ; <linker-generated/unattributed>
  394 7ffa e0 ff e6 ff ec ff       ; <linker-generated/unattributed>
  395 9f00 20 07 ff 8d f6 1f 60 8d ; <linker-generated/unattributed>
  396 9f08 fb 1f 6c 0d ff 1c f0 20 ; <linker-generated/unattributed>
  397 9f10 16 ff 8d f6 1f 60 8d fa ; <linker-generated/unattributed>
  398 9f18 1f 6c 1c ff 00 d0 20 25 ; <linker-generated/unattributed>
  399 9f20 ff 8d f6 1f 60 8d f9 1f ; <linker-generated/unattributed>
  400 9f28 6c 2b ff 00 b0 20 34 ff ; <linker-generated/unattributed>
  401 9f30 8d f6 1f 60 8d f8 1f 6c ; <linker-generated/unattributed>
  402 9f38 3a ff 00 90 20 43 ff 8d ; <linker-generated/unattributed>
  403 9f40 f6 1f 60 8d f7 1f 6c 49 ; <linker-generated/unattributed>
  404 9f48 ff 00 70 20 52 ff 8d f6 ; <linker-generated/unattributed>
  405 9f50 1f 60 8d f5 1f 6c 58 ff ; <linker-generated/unattributed>
  406 9f58 00 30 20 61 ff 8d f6 1f ; <linker-generated/unattributed>
  407 9f60 60 8d f4 1f 6c 67 ff 00 ; <linker-generated/unattributed>
  408 9f68 10 20 70 ff 8d fb 1f 60 ; <linker-generated/unattributed>
  409 9f70 8d f6 1f 6c 76 ff 13 50 ; <linker-generated/unattributed>
  410 9fe0 2c fb 1f 4c 1b f0 2c fb ; <linker-generated/unattributed>
  411 9fe8 1f 4c 00 f0 2c fb 1f 4c ; <linker-generated/unattributed>
  412 9ff0 1b f0                   ; <linker-generated/unattributed>
  413 9ffa e0 ff e6 ff ec ff       ; <linker-generated/unattributed>
  414 bf00 20 07 ff 8d f6 1f 60 8d ; <linker-generated/unattributed>
  415 bf08 fb 1f 6c 0d ff 1c f0 20 ; <linker-generated/unattributed>
  416 bf10 16 ff 8d f6 1f 60 8d fa ; <linker-generated/unattributed>
  417 bf18 1f 6c 1c ff 00 d0 20 25 ; <linker-generated/unattributed>
  418 bf20 ff 8d f6 1f 60 8d f9 1f ; <linker-generated/unattributed>
  419 bf28 6c 2b ff 00 b0 20 34 ff ; <linker-generated/unattributed>
  420 bf30 8d f6 1f 60 8d f8 1f 6c ; <linker-generated/unattributed>
  421 bf38 3a ff 00 90 20 43 ff 8d ; <linker-generated/unattributed>
  422 bf40 f6 1f 60 8d f7 1f 6c 49 ; <linker-generated/unattributed>
  423 bf48 ff 00 70 20 52 ff 8d f6 ; <linker-generated/unattributed>
  424 bf50 1f 60 8d f5 1f 6c 58 ff ; <linker-generated/unattributed>
  425 bf58 00 30 20 61 ff 8d f6 1f ; <linker-generated/unattributed>
  426 bf60 60 8d f4 1f 6c 67 ff 00 ; <linker-generated/unattributed>
  427 bf68 10 20 70 ff 8d fb 1f 60 ; <linker-generated/unattributed>
  428 bf70 8d f6 1f 6c 76 ff 13 50 ; <linker-generated/unattributed>
  429 bfe0 2c fb 1f 4c 1b f0 2c fb ; <linker-generated/unattributed>
  430 bfe8 1f 4c 00 f0 2c fb 1f 4c ; <linker-generated/unattributed>
  431 bff0 1b f0                   ; <linker-generated/unattributed>
  432 bffa e0 ff e6 ff ec ff       ; <linker-generated/unattributed>
  433 df00 20 07 ff 8d f6 1f 60 8d ; <linker-generated/unattributed>
  434 df08 fb 1f 6c 0d ff 1c f0 20 ; <linker-generated/unattributed>
  435 df10 16 ff 8d f6 1f 60 8d fa ; <linker-generated/unattributed>
  436 df18 1f 6c 1c ff 00 d0 20 25 ; <linker-generated/unattributed>
  437 df20 ff 8d f6 1f 60 8d f9 1f ; <linker-generated/unattributed>
  438 df28 6c 2b ff 00 b0 20 34 ff ; <linker-generated/unattributed>
  439 df30 8d f6 1f 60 8d f8 1f 6c ; <linker-generated/unattributed>
  440 df38 3a ff 00 90 20 43 ff 8d ; <linker-generated/unattributed>
  441 df40 f6 1f 60 8d f7 1f 6c 49 ; <linker-generated/unattributed>
  442 df48 ff 00 70 20 52 ff 8d f6 ; <linker-generated/unattributed>
  443 df50 1f 60 8d f5 1f 6c 58 ff ; <linker-generated/unattributed>
  444 df58 00 30 20 61 ff 8d f6 1f ; <linker-generated/unattributed>
  445 df60 60 8d f4 1f 6c 67 ff 00 ; <linker-generated/unattributed>
  446 df68 10 20 70 ff 8d fb 1f 60 ; <linker-generated/unattributed>
  447 df70 8d f6 1f 6c 76 ff 13 50 ; <linker-generated/unattributed>
  448 dfe0 2c fb 1f 4c 1b f0 2c fb ; <linker-generated/unattributed>
  449 dfe8 1f 4c 00 f0 2c fb 1f 4c ; <linker-generated/unattributed>
  450 dff0 1b f0                   ; <linker-generated/unattributed>
  451 dffa e0 ff e6 ff ec ff       ; <linker-generated/unattributed>
  452 ff00 20 07 ff 8d f6 1f 60 8d ; <linker-generated/unattributed>
  453 ff08 fb 1f 6c 0d ff 1c f0 20 ; <linker-generated/unattributed>
  454 ff10 16 ff 8d f6 1f 60 8d fa ; <linker-generated/unattributed>
  455 ff18 1f 6c 1c ff 00 d0 20 25 ; <linker-generated/unattributed>
  456 ff20 ff 8d f6 1f 60 8d f9 1f ; <linker-generated/unattributed>
  457 ff28 6c 2b ff 00 b0 20 34 ff ; <linker-generated/unattributed>
  458 ff30 8d f6 1f 60 8d f8 1f 6c ; <linker-generated/unattributed>
  459 ff38 3a ff 00 90 20 43 ff 8d ; <linker-generated/unattributed>
  460 ff40 f6 1f 60 8d f7 1f 6c 49 ; <linker-generated/unattributed>
  461 ff48 ff 00 70 20 52 ff 8d f6 ; <linker-generated/unattributed>
  462 ff50 1f 60 8d f5 1f 6c 58 ff ; <linker-generated/unattributed>
  463 ff58 00 30 20 61 ff 8d f6 1f ; <linker-generated/unattributed>
  464 ff60 60 8d f4 1f 6c 67 ff 00 ; <linker-generated/unattributed>
  465 ff68 10 20 70 ff 8d fb 1f 60 ; <linker-generated/unattributed>
  466 ff70 8d f6 1f 6c 76 ff 13 50 ; <linker-generated/unattributed>
  467 ffe0 2c fb 1f 4c 1b f0 2c fb ; <linker-generated/unattributed>
  468 ffe8 1f 4c 00 f0 2c fb 1f 4c ; <linker-generated/unattributed>
  469 fff0 1b f0                   ; <linker-generated/unattributed>
  470 fffa e0 ff e6 ff ec ff       ; <linker-generated/unattributed>
