------- VCSC linked image listing
------- Human source listing; addresses and bytes are final after relocation.
------- RAM symbols retain DASM constant rows for Stella compatibility.
    1 0086          00 86 matrix_probe7$__return =
    2 0086          00 86 matrix_probe6$__return =
    3 0086          00 86 matrix_probe5$__return =
    4 0086          00 86 matrix_probe4$__return =
    5 0086          00 86 matrix_probe3$__return =
    6 0086          00 86 matrix_probe2$__return =
    7 0086          00 86 matrix_probe1$__return =
    8 0086          00 86 matrix_probe0$__return =
    9 0083          00 83 matrix_sp_after =
   10 0082          00 82 matrix_sp_before =
   11 0081          00 81 matrix_count =
   12 0080          00 80 matrix_failure =
   13 0088          00 88 __stack_start =
   14 00f9          00 f9 __stack_top =
   15 0002          00 02 __call_stack_depth =
   16 0003          00 03 __call_stack_weighted_depth =
   17 0001          00 01 __call_stack_bank_extra_slots =
   18 0000          00 00 __call_stack_extra =
   19 0006          00 06 __call_stack_size =
   20 00fa          00 fa __call_stack_start =
   21 00ff          00 ff __call_stack_top =
------- Source-correlated linked statements
; /mnt/data/vcsc_bankaudit/.tmp-callmatrix/f4sc-source0.c26:16 [bank bank7] | bank7 uint8_t matrix_probe7(void) { matrix_count := matrix_count + 1; return 0x87; }
   22 1100 a5 81                   ; LDA matrix_count
   23 1102 18                      ; CLC
   24 1103 69 01                   ; ADC #1
   25 1105 85 81                   ; STA matrix_count
   26 1107 a9 87                   ; LDA #135
   27 1109 85 87                   ; STA __vcsc_scratch_7
   28 110b a5 87                   ; LDA __vcsc_scratch_7
   29 110d 85 86                   ; STA matrix_probe7$__return
; <compiler-generated> [bank bank7]
   30 110f 60                      ; RTS
; /mnt/data/vcsc_bankaudit/.tmp-callmatrix/f4sc-source0.c26:15 [bank bank6] | bank6 uint8_t matrix_probe6(void) { matrix_count := matrix_count + 1; return 0x86; }
   31 3100 a5 81                   ; LDA matrix_count
   32 3102 18                      ; CLC
   33 3103 69 01                   ; ADC #1
   34 3105 85 81                   ; STA matrix_count
   35 3107 a9 86                   ; LDA #134
   36 3109 85 87                   ; STA __vcsc_scratch_6
   37 310b a5 87                   ; LDA __vcsc_scratch_6
   38 310d 85 86                   ; STA matrix_probe6$__return
; <compiler-generated> [bank bank6]
   39 310f 60                      ; RTS
; /mnt/data/vcsc_bankaudit/.tmp-callmatrix/f4sc-source0.c26:14 [bank bank5] | bank5 uint8_t matrix_probe5(void) { matrix_count := matrix_count + 1; return 0x85; }
   40 5100 a5 81                   ; LDA matrix_count
   41 5102 18                      ; CLC
   42 5103 69 01                   ; ADC #1
   43 5105 85 81                   ; STA matrix_count
   44 5107 a9 85                   ; LDA #133
   45 5109 85 87                   ; STA __vcsc_scratch_5
   46 510b a5 87                   ; LDA __vcsc_scratch_5
   47 510d 85 86                   ; STA matrix_probe5$__return
; <compiler-generated> [bank bank5]
   48 510f 60                      ; RTS
; /mnt/data/vcsc_bankaudit/.tmp-callmatrix/f4sc-source0.c26:13 [bank bank4] | bank4 uint8_t matrix_probe4(void) { matrix_count := matrix_count + 1; return 0x84; }
   49 7100 a5 81                   ; LDA matrix_count
   50 7102 18                      ; CLC
   51 7103 69 01                   ; ADC #1
   52 7105 85 81                   ; STA matrix_count
   53 7107 a9 84                   ; LDA #132
   54 7109 85 87                   ; STA __vcsc_scratch_4
   55 710b a5 87                   ; LDA __vcsc_scratch_4
   56 710d 85 86                   ; STA matrix_probe4$__return
; <compiler-generated> [bank bank4]
   57 710f 60                      ; RTS
; /mnt/data/vcsc_bankaudit/.tmp-callmatrix/f4sc-source0.c26:12 [bank bank3] | bank3 uint8_t matrix_probe3(void) { matrix_count := matrix_count + 1; return 0x83; }
   58 9100 a5 81                   ; LDA matrix_count
   59 9102 18                      ; CLC
   60 9103 69 01                   ; ADC #1
   61 9105 85 81                   ; STA matrix_count
   62 9107 a9 83                   ; LDA #131
   63 9109 85 87                   ; STA __vcsc_scratch_3
   64 910b a5 87                   ; LDA __vcsc_scratch_3
   65 910d 85 86                   ; STA matrix_probe3$__return
; <compiler-generated> [bank bank3]
   66 910f 60                      ; RTS
; /mnt/data/vcsc_bankaudit/.tmp-callmatrix/f4sc-source0.c26:11 [bank bank2] | bank2 uint8_t matrix_probe2(void) { matrix_count := matrix_count + 1; return 0x82; }
   67 b100 a5 81                   ; LDA matrix_count
   68 b102 18                      ; CLC
   69 b103 69 01                   ; ADC #1
   70 b105 85 81                   ; STA matrix_count
   71 b107 a9 82                   ; LDA #130
   72 b109 85 87                   ; STA __vcsc_scratch_2
   73 b10b a5 87                   ; LDA __vcsc_scratch_2
   74 b10d 85 86                   ; STA matrix_probe2$__return
; <compiler-generated> [bank bank2]
   75 b10f 60                      ; RTS
; /mnt/data/vcsc_bankaudit/.tmp-callmatrix/f4sc-source0.c26:10 [bank bank1] | bank1 uint8_t matrix_probe1(void) { matrix_count := matrix_count + 1; return 0x81; }
   76 d100 a5 81                   ; LDA matrix_count
   77 d102 18                      ; CLC
   78 d103 69 01                   ; ADC #1
   79 d105 85 81                   ; STA matrix_count
   80 d107 a9 81                   ; LDA #129
   81 d109 85 87                   ; STA __vcsc_scratch_1
   82 d10b a5 87                   ; LDA __vcsc_scratch_1
   83 d10d 85 86                   ; STA matrix_probe1$__return
; <compiler-generated> [bank bank1]
   84 d10f 60                      ; RTS
; wrk/vcsc-rt1-simple.s26:25 [bank bank0] | sei
   85 f100 78                      ; SEI
; wrk/vcsc-rt1-simple.s26:26 [bank bank0] | cld
   86 f101 d8                      ; CLD
; wrk/vcsc-rt1-simple.s26:27 [bank bank0] | ldx #$ff
   87 f102 a2 ff                   ; LDX #255
; wrk/vcsc-rt1-simple.s26:28 [bank bank0] | txs
   88 f104 9a                      ; TXS
; wrk/vcsc-rt1-simple.s26:30 [bank bank0] | lda #0
   89 f105 a9 00                   ; LDA #0
; wrk/vcsc-rt1-simple.s26:31 [bank bank0] | ldx #$7f
   90 f107 a2 7f                   ; LDX #127
; wrk/vcsc-rt1-simple.s26:33 [bank bank0] | sta $80,x
   91 f109 95 80                   ; STA 128,X
; wrk/vcsc-rt1-simple.s26:34 [bank bank0] | dex
   92 f10b ca                      ; DEX
; wrk/vcsc-rt1-simple.s26:35 [bank bank0] | bpl.same @clear_ram
   93 f10c 10 fb                   ; BPL.same @clear_ram
; wrk/vcsc-rt1-simple.s26:37 [bank bank0] | ldx #$2c
   94 f10e a2 2c                   ; LDX #44
; wrk/vcsc-rt1-simple.s26:39 [bank bank0] | sta $00,x
   95 f110 95 00                   ; STA 0,X
; wrk/vcsc-rt1-simple.s26:40 [bank bank0] | dex
   96 f112 ca                      ; DEX
; wrk/vcsc-rt1-simple.s26:41 [bank bank0] | bpl.same @clear_tia
   97 f113 10 fb                   ; BPL.same @clear_tia
; wrk/vcsc-rt1-simple.s26:43 [bank bank0] | ldx #$ff
   98 f115 a2 ff                   ; LDX #255
; wrk/vcsc-rt1-simple.s26:44 [bank bank0] | txs
   99 f117 9a                      ; TXS
; wrk/vcsc-rt1-simple.s26:45 [bank bank0] | jmp main
  100 f118 4c c2 f2                ; JMP main  => $F2C2
; wrk/vcsc-rt1-simple.s26:49 [bank bank0] | rti
  101 f11b 40                      ; RTI
; /mnt/data/vcsc_bankaudit/.tmp-callmatrix/f4sc-source0.c26:9 [bank bank0] | bank0 uint8_t matrix_probe0(void) { matrix_count := matrix_count + 1; return 0x80; }
  102 f11c a5 81                   ; LDA matrix_count
  103 f11e 18                      ; CLC
  104 f11f 69 01                   ; ADC #1
  105 f121 85 81                   ; STA matrix_count
  106 f123 a9 80                   ; LDA #128
  107 f125 85 87                   ; STA __vcsc_scratch_0
  108 f127 a5 87                   ; LDA __vcsc_scratch_0
  109 f129 85 86                   ; STA matrix_probe0$__return
; <compiler-generated> [bank bank0]
  110 f12b 60                      ; RTS
; /mnt/data/vcsc_bankaudit/.tmp-callmatrix/f4sc-source0.c26:19 [bank bank0] | matrix_count := 0;
  111 f12c a9 00                   ; LDA #0
  112 f12e 85 81                   ; STA matrix_count
; /mnt/data/vcsc_bankaudit/.tmp-callmatrix/f4sc-source0.c26:20 [bank bank0] | asm tsx; asm stx matrix_sp_before;
  113 f130 ba                      ; TSX
  114 f131 86 82                   ; STX matrix_sp_before
; /mnt/data/vcsc_bankaudit/.tmp-callmatrix/f4sc-source0.c26:22 [bank bank0] | asm tsx; asm stx matrix_sp_after;
  115 f133 20 1c f1                ; JSR matrix_probe0  => $F11C
  116 f136 a5 86                   ; LDA matrix_probe0$__return
  117 f138 85 84                   ; STA __vcsc_scratch_8
  118 f13a a9 80                   ; LDA #128
  119 f13c 85 85                   ; STA (__vcsc_scratch_8 + 1)
  120 f13e a5 84                   ; LDA __vcsc_scratch_8
  121 f140 c5 85                   ; CMP (__vcsc_scratch_8 + 1)
  122 f142 d0 04                   ; BNE @cmp_false_3
  123 f144 a9 01                   ; LDA #1
  124 f146 d0 02                   ; BNE @cmp_done_4
  125 f148 a9 00                   ; LDA #0
  126 f14a d0 04                   ; BNE @if_false_0
; /mnt/data/vcsc_bankaudit/.tmp-callmatrix/f4sc-source0.c26:21 [bank bank0] | if (matrix_probe0() != 0x80) { matrix_failure := 0x01; }
  127 f14c a9 01                   ; LDA #1
  128 f14e 85 80                   ; STA matrix_failure
; /mnt/data/vcsc_bankaudit/.tmp-callmatrix/f4sc-source0.c26:22 [bank bank0] | asm tsx; asm stx matrix_sp_after;
  129 f150 ba                      ; TSX
  130 f151 86 83                   ; STX matrix_sp_after
; /mnt/data/vcsc_bankaudit/.tmp-callmatrix/f4sc-source0.c26:24 [bank bank0] | asm tsx; asm stx matrix_sp_before;
  131 f153 a5 83                   ; LDA matrix_sp_after
  132 f155 c5 82                   ; CMP matrix_sp_before
  133 f157 d0 03                   ; BNE @u8_ne_true_7
  134 f159 4c 60 f1                ; JMP @if_false_5  => $F160
; /mnt/data/vcsc_bankaudit/.tmp-callmatrix/f4sc-source0.c26:23 [bank bank0] | if (matrix_sp_after != matrix_sp_before) { matrix_failure := 0x40; }
  135 f15c a9 40                   ; LDA #64
  136 f15e 85 80                   ; STA matrix_failure
; /mnt/data/vcsc_bankaudit/.tmp-callmatrix/f4sc-source0.c26:24 [bank bank0] | asm tsx; asm stx matrix_sp_before;
  137 f160 ba                      ; TSX
  138 f161 86 82                   ; STX matrix_sp_before
; /mnt/data/vcsc_bankaudit/.tmp-callmatrix/f4sc-source0.c26:26 [bank bank0] | asm tsx; asm stx matrix_sp_after;
  139 f163 20 00 ff                ; JSR matrix_probe1  => $FF00
  140 f166 a5 86                   ; LDA matrix_probe1$__return
  141 f168 85 84                   ; STA __vcsc_scratch_8
  142 f16a a9 81                   ; LDA #129
  143 f16c 85 85                   ; STA (__vcsc_scratch_8 + 1)
  144 f16e a5 84                   ; LDA __vcsc_scratch_8
  145 f170 c5 85                   ; CMP (__vcsc_scratch_8 + 1)
  146 f172 d0 04                   ; BNE @cmp_false_11
  147 f174 a9 01                   ; LDA #1
  148 f176 d0 02                   ; BNE @cmp_done_12
  149 f178 a9 00                   ; LDA #0
  150 f17a d0 04                   ; BNE @if_false_8
; /mnt/data/vcsc_bankaudit/.tmp-callmatrix/f4sc-source0.c26:25 [bank bank0] | if (matrix_probe1() != 0x81) { matrix_failure := 0x02; }
  151 f17c a9 02                   ; LDA #2
  152 f17e 85 80                   ; STA matrix_failure
; /mnt/data/vcsc_bankaudit/.tmp-callmatrix/f4sc-source0.c26:26 [bank bank0] | asm tsx; asm stx matrix_sp_after;
  153 f180 ba                      ; TSX
  154 f181 86 83                   ; STX matrix_sp_after
; /mnt/data/vcsc_bankaudit/.tmp-callmatrix/f4sc-source0.c26:28 [bank bank0] | asm tsx; asm stx matrix_sp_before;
  155 f183 a5 83                   ; LDA matrix_sp_after
  156 f185 c5 82                   ; CMP matrix_sp_before
  157 f187 d0 03                   ; BNE @u8_ne_true_15
  158 f189 4c 90 f1                ; JMP @if_false_13  => $F190
; /mnt/data/vcsc_bankaudit/.tmp-callmatrix/f4sc-source0.c26:27 [bank bank0] | if (matrix_sp_after != matrix_sp_before) { matrix_failure := 0x41; }
  159 f18c a9 41                   ; LDA #65
  160 f18e 85 80                   ; STA matrix_failure
; /mnt/data/vcsc_bankaudit/.tmp-callmatrix/f4sc-source0.c26:28 [bank bank0] | asm tsx; asm stx matrix_sp_before;
  161 f190 ba                      ; TSX
  162 f191 86 82                   ; STX matrix_sp_before
; /mnt/data/vcsc_bankaudit/.tmp-callmatrix/f4sc-source0.c26:30 [bank bank0] | asm tsx; asm stx matrix_sp_after;
  163 f193 20 0f ff                ; JSR matrix_probe2  => $FF0F
  164 f196 a5 86                   ; LDA matrix_probe2$__return
  165 f198 85 84                   ; STA __vcsc_scratch_8
  166 f19a a9 82                   ; LDA #130
  167 f19c 85 85                   ; STA (__vcsc_scratch_8 + 1)
  168 f19e a5 84                   ; LDA __vcsc_scratch_8
  169 f1a0 c5 85                   ; CMP (__vcsc_scratch_8 + 1)
  170 f1a2 d0 04                   ; BNE @cmp_false_19
  171 f1a4 a9 01                   ; LDA #1
  172 f1a6 d0 02                   ; BNE @cmp_done_20
  173 f1a8 a9 00                   ; LDA #0
  174 f1aa d0 04                   ; BNE @if_false_16
; /mnt/data/vcsc_bankaudit/.tmp-callmatrix/f4sc-source0.c26:29 [bank bank0] | if (matrix_probe2() != 0x82) { matrix_failure := 0x03; }
  175 f1ac a9 03                   ; LDA #3
  176 f1ae 85 80                   ; STA matrix_failure
; /mnt/data/vcsc_bankaudit/.tmp-callmatrix/f4sc-source0.c26:30 [bank bank0] | asm tsx; asm stx matrix_sp_after;
  177 f1b0 ba                      ; TSX
  178 f1b1 86 83                   ; STX matrix_sp_after
; /mnt/data/vcsc_bankaudit/.tmp-callmatrix/f4sc-source0.c26:32 [bank bank0] | asm tsx; asm stx matrix_sp_before;
  179 f1b3 a5 83                   ; LDA matrix_sp_after
  180 f1b5 c5 82                   ; CMP matrix_sp_before
  181 f1b7 d0 03                   ; BNE @u8_ne_true_23
  182 f1b9 4c c0 f1                ; JMP @if_false_21  => $F1C0
; /mnt/data/vcsc_bankaudit/.tmp-callmatrix/f4sc-source0.c26:31 [bank bank0] | if (matrix_sp_after != matrix_sp_before) { matrix_failure := 0x42; }
  183 f1bc a9 42                   ; LDA #66
  184 f1be 85 80                   ; STA matrix_failure
; /mnt/data/vcsc_bankaudit/.tmp-callmatrix/f4sc-source0.c26:32 [bank bank0] | asm tsx; asm stx matrix_sp_before;
  185 f1c0 ba                      ; TSX
  186 f1c1 86 82                   ; STX matrix_sp_before
; /mnt/data/vcsc_bankaudit/.tmp-callmatrix/f4sc-source0.c26:34 [bank bank0] | asm tsx; asm stx matrix_sp_after;
  187 f1c3 20 1e ff                ; JSR matrix_probe3  => $FF1E
  188 f1c6 a5 86                   ; LDA matrix_probe3$__return
  189 f1c8 85 84                   ; STA __vcsc_scratch_8
  190 f1ca a9 83                   ; LDA #131
  191 f1cc 85 85                   ; STA (__vcsc_scratch_8 + 1)
  192 f1ce a5 84                   ; LDA __vcsc_scratch_8
  193 f1d0 c5 85                   ; CMP (__vcsc_scratch_8 + 1)
  194 f1d2 d0 04                   ; BNE @cmp_false_27
  195 f1d4 a9 01                   ; LDA #1
  196 f1d6 d0 02                   ; BNE @cmp_done_28
  197 f1d8 a9 00                   ; LDA #0
  198 f1da d0 04                   ; BNE @if_false_24
; /mnt/data/vcsc_bankaudit/.tmp-callmatrix/f4sc-source0.c26:33 [bank bank0] | if (matrix_probe3() != 0x83) { matrix_failure := 0x04; }
  199 f1dc a9 04                   ; LDA #4
  200 f1de 85 80                   ; STA matrix_failure
; /mnt/data/vcsc_bankaudit/.tmp-callmatrix/f4sc-source0.c26:34 [bank bank0] | asm tsx; asm stx matrix_sp_after;
  201 f1e0 ba                      ; TSX
  202 f1e1 86 83                   ; STX matrix_sp_after
; /mnt/data/vcsc_bankaudit/.tmp-callmatrix/f4sc-source0.c26:36 [bank bank0] | asm tsx; asm stx matrix_sp_before;
  203 f1e3 a5 83                   ; LDA matrix_sp_after
  204 f1e5 c5 82                   ; CMP matrix_sp_before
  205 f1e7 d0 03                   ; BNE @u8_ne_true_31
  206 f1e9 4c f0 f1                ; JMP @if_false_29  => $F1F0
; /mnt/data/vcsc_bankaudit/.tmp-callmatrix/f4sc-source0.c26:35 [bank bank0] | if (matrix_sp_after != matrix_sp_before) { matrix_failure := 0x43; }
  207 f1ec a9 43                   ; LDA #67
  208 f1ee 85 80                   ; STA matrix_failure
; /mnt/data/vcsc_bankaudit/.tmp-callmatrix/f4sc-source0.c26:36 [bank bank0] | asm tsx; asm stx matrix_sp_before;
  209 f1f0 ba                      ; TSX
  210 f1f1 86 82                   ; STX matrix_sp_before
; /mnt/data/vcsc_bankaudit/.tmp-callmatrix/f4sc-source0.c26:38 [bank bank0] | asm tsx; asm stx matrix_sp_after;
  211 f1f3 20 2d ff                ; JSR matrix_probe4  => $FF2D
  212 f1f6 a5 86                   ; LDA matrix_probe4$__return
  213 f1f8 85 84                   ; STA __vcsc_scratch_8
  214 f1fa a9 84                   ; LDA #132
  215 f1fc 85 85                   ; STA (__vcsc_scratch_8 + 1)
  216 f1fe a5 84                   ; LDA __vcsc_scratch_8
  217 f200 c5 85                   ; CMP (__vcsc_scratch_8 + 1)
  218 f202 d0 04                   ; BNE @cmp_false_35
  219 f204 a9 01                   ; LDA #1
  220 f206 d0 02                   ; BNE @cmp_done_36
  221 f208 a9 00                   ; LDA #0
  222 f20a d0 04                   ; BNE @if_false_32
; /mnt/data/vcsc_bankaudit/.tmp-callmatrix/f4sc-source0.c26:37 [bank bank0] | if (matrix_probe4() != 0x84) { matrix_failure := 0x05; }
  223 f20c a9 05                   ; LDA #5
  224 f20e 85 80                   ; STA matrix_failure
; /mnt/data/vcsc_bankaudit/.tmp-callmatrix/f4sc-source0.c26:38 [bank bank0] | asm tsx; asm stx matrix_sp_after;
  225 f210 ba                      ; TSX
  226 f211 86 83                   ; STX matrix_sp_after
; /mnt/data/vcsc_bankaudit/.tmp-callmatrix/f4sc-source0.c26:40 [bank bank0] | asm tsx; asm stx matrix_sp_before;
  227 f213 a5 83                   ; LDA matrix_sp_after
  228 f215 c5 82                   ; CMP matrix_sp_before
  229 f217 d0 03                   ; BNE @u8_ne_true_39
  230 f219 4c 20 f2                ; JMP @if_false_37  => $F220
; /mnt/data/vcsc_bankaudit/.tmp-callmatrix/f4sc-source0.c26:39 [bank bank0] | if (matrix_sp_after != matrix_sp_before) { matrix_failure := 0x44; }
  231 f21c a9 44                   ; LDA #68
  232 f21e 85 80                   ; STA matrix_failure
; /mnt/data/vcsc_bankaudit/.tmp-callmatrix/f4sc-source0.c26:40 [bank bank0] | asm tsx; asm stx matrix_sp_before;
  233 f220 ba                      ; TSX
  234 f221 86 82                   ; STX matrix_sp_before
; /mnt/data/vcsc_bankaudit/.tmp-callmatrix/f4sc-source0.c26:42 [bank bank0] | asm tsx; asm stx matrix_sp_after;
  235 f223 20 3c ff                ; JSR matrix_probe5  => $FF3C
  236 f226 a5 86                   ; LDA matrix_probe5$__return
  237 f228 85 84                   ; STA __vcsc_scratch_8
  238 f22a a9 85                   ; LDA #133
  239 f22c 85 85                   ; STA (__vcsc_scratch_8 + 1)
  240 f22e a5 84                   ; LDA __vcsc_scratch_8
  241 f230 c5 85                   ; CMP (__vcsc_scratch_8 + 1)
  242 f232 d0 04                   ; BNE @cmp_false_43
  243 f234 a9 01                   ; LDA #1
  244 f236 d0 02                   ; BNE @cmp_done_44
  245 f238 a9 00                   ; LDA #0
  246 f23a d0 04                   ; BNE @if_false_40
; /mnt/data/vcsc_bankaudit/.tmp-callmatrix/f4sc-source0.c26:41 [bank bank0] | if (matrix_probe5() != 0x85) { matrix_failure := 0x06; }
  247 f23c a9 06                   ; LDA #6
  248 f23e 85 80                   ; STA matrix_failure
; /mnt/data/vcsc_bankaudit/.tmp-callmatrix/f4sc-source0.c26:42 [bank bank0] | asm tsx; asm stx matrix_sp_after;
  249 f240 ba                      ; TSX
  250 f241 86 83                   ; STX matrix_sp_after
; /mnt/data/vcsc_bankaudit/.tmp-callmatrix/f4sc-source0.c26:44 [bank bank0] | asm tsx; asm stx matrix_sp_before;
  251 f243 a5 83                   ; LDA matrix_sp_after
  252 f245 c5 82                   ; CMP matrix_sp_before
  253 f247 d0 03                   ; BNE @u8_ne_true_47
  254 f249 4c 50 f2                ; JMP @if_false_45  => $F250
; /mnt/data/vcsc_bankaudit/.tmp-callmatrix/f4sc-source0.c26:43 [bank bank0] | if (matrix_sp_after != matrix_sp_before) { matrix_failure := 0x45; }
  255 f24c a9 45                   ; LDA #69
  256 f24e 85 80                   ; STA matrix_failure
; /mnt/data/vcsc_bankaudit/.tmp-callmatrix/f4sc-source0.c26:44 [bank bank0] | asm tsx; asm stx matrix_sp_before;
  257 f250 ba                      ; TSX
  258 f251 86 82                   ; STX matrix_sp_before
; /mnt/data/vcsc_bankaudit/.tmp-callmatrix/f4sc-source0.c26:46 [bank bank0] | asm tsx; asm stx matrix_sp_after;
  259 f253 20 4b ff                ; JSR matrix_probe6  => $FF4B
  260 f256 a5 86                   ; LDA matrix_probe6$__return
  261 f258 85 84                   ; STA __vcsc_scratch_8
  262 f25a a9 86                   ; LDA #134
  263 f25c 85 85                   ; STA (__vcsc_scratch_8 + 1)
  264 f25e a5 84                   ; LDA __vcsc_scratch_8
  265 f260 c5 85                   ; CMP (__vcsc_scratch_8 + 1)
  266 f262 d0 04                   ; BNE @cmp_false_51
  267 f264 a9 01                   ; LDA #1
  268 f266 d0 02                   ; BNE @cmp_done_52
  269 f268 a9 00                   ; LDA #0
  270 f26a d0 04                   ; BNE @if_false_48
; /mnt/data/vcsc_bankaudit/.tmp-callmatrix/f4sc-source0.c26:45 [bank bank0] | if (matrix_probe6() != 0x86) { matrix_failure := 0x07; }
  271 f26c a9 07                   ; LDA #7
  272 f26e 85 80                   ; STA matrix_failure
; /mnt/data/vcsc_bankaudit/.tmp-callmatrix/f4sc-source0.c26:46 [bank bank0] | asm tsx; asm stx matrix_sp_after;
  273 f270 ba                      ; TSX
  274 f271 86 83                   ; STX matrix_sp_after
; /mnt/data/vcsc_bankaudit/.tmp-callmatrix/f4sc-source0.c26:48 [bank bank0] | asm tsx; asm stx matrix_sp_before;
  275 f273 a5 83                   ; LDA matrix_sp_after
  276 f275 c5 82                   ; CMP matrix_sp_before
  277 f277 d0 03                   ; BNE @u8_ne_true_55
  278 f279 4c 80 f2                ; JMP @if_false_53  => $F280
; /mnt/data/vcsc_bankaudit/.tmp-callmatrix/f4sc-source0.c26:47 [bank bank0] | if (matrix_sp_after != matrix_sp_before) { matrix_failure := 0x46; }
  279 f27c a9 46                   ; LDA #70
  280 f27e 85 80                   ; STA matrix_failure
; /mnt/data/vcsc_bankaudit/.tmp-callmatrix/f4sc-source0.c26:48 [bank bank0] | asm tsx; asm stx matrix_sp_before;
  281 f280 ba                      ; TSX
  282 f281 86 82                   ; STX matrix_sp_before
; /mnt/data/vcsc_bankaudit/.tmp-callmatrix/f4sc-source0.c26:50 [bank bank0] | asm tsx; asm stx matrix_sp_after;
  283 f283 20 5a ff                ; JSR matrix_probe7  => $FF5A
  284 f286 a5 86                   ; LDA matrix_probe7$__return
  285 f288 85 84                   ; STA __vcsc_scratch_8
  286 f28a a9 87                   ; LDA #135
  287 f28c 85 85                   ; STA (__vcsc_scratch_8 + 1)
  288 f28e a5 84                   ; LDA __vcsc_scratch_8
  289 f290 c5 85                   ; CMP (__vcsc_scratch_8 + 1)
  290 f292 d0 04                   ; BNE @cmp_false_59
  291 f294 a9 01                   ; LDA #1
  292 f296 d0 02                   ; BNE @cmp_done_60
  293 f298 a9 00                   ; LDA #0
  294 f29a d0 04                   ; BNE @if_false_56
; /mnt/data/vcsc_bankaudit/.tmp-callmatrix/f4sc-source0.c26:49 [bank bank0] | if (matrix_probe7() != 0x87) { matrix_failure := 0x08; }
  295 f29c a9 08                   ; LDA #8
  296 f29e 85 80                   ; STA matrix_failure
; /mnt/data/vcsc_bankaudit/.tmp-callmatrix/f4sc-source0.c26:50 [bank bank0] | asm tsx; asm stx matrix_sp_after;
  297 f2a0 ba                      ; TSX
  298 f2a1 86 83                   ; STX matrix_sp_after
; /mnt/data/vcsc_bankaudit/.tmp-callmatrix/f4sc-source0.c26:52 [bank bank0] | if (matrix_count != 8) { matrix_failure := 0x7E; }
  299 f2a3 a5 83                   ; LDA matrix_sp_after
  300 f2a5 c5 82                   ; CMP matrix_sp_before
  301 f2a7 d0 03                   ; BNE @u8_ne_true_63
  302 f2a9 4c b0 f2                ; JMP @if_false_61  => $F2B0
; /mnt/data/vcsc_bankaudit/.tmp-callmatrix/f4sc-source0.c26:51 [bank bank0] | if (matrix_sp_after != matrix_sp_before) { matrix_failure := 0x47; }
  303 f2ac a9 47                   ; LDA #71
  304 f2ae 85 80                   ; STA matrix_failure
; /mnt/data/vcsc_bankaudit/.tmp-callmatrix/f4sc-source0.c26:53 [bank bank0] | }
  305 f2b0 a5 81                   ; LDA matrix_count
  306 f2b2 c9 08                   ; CMP #8
  307 f2b4 d0 03                   ; BNE @u8_ne_true_66
  308 f2b6 4c bd f2                ; JMP @if_false_64  => $F2BD
; /mnt/data/vcsc_bankaudit/.tmp-callmatrix/f4sc-source0.c26:52 [bank bank0] | if (matrix_count != 8) { matrix_failure := 0x7E; }
  309 f2b9 a9 7e                   ; LDA #126
  310 f2bb 85 80                   ; STA matrix_failure
; <compiler-generated> [bank bank0]
  311 f2bd 60                      ; RTS
; /mnt/data/vcsc_bankaudit/.tmp-callmatrix/f4sc-source0.c26:55 [bank bank0] | bank0 void matrix_done(void) { while (1) { } }
  312 f2be 4c be f2                ; JMP @while_start_67  => $F2BE
; <compiler-generated> [bank bank0]
  313 f2c1 60                      ; RTS
; /mnt/data/vcsc_bankaudit/.tmp-callmatrix/f4sc-source0.c26:58 [bank bank0] | matrix_failure := 0;
  314 f2c2 a9 00                   ; LDA #0
  315 f2c4 85 80                   ; STA matrix_failure
; /mnt/data/vcsc_bankaudit/.tmp-callmatrix/f4sc-source0.c26:59 [bank bank0] | matrix_source();
  316 f2c6 20 2c f1                ; JSR matrix_source  => $F12C
; /mnt/data/vcsc_bankaudit/.tmp-callmatrix/f4sc-source0.c26:60 [bank bank0] | asm jmp matrix_done;
  317 f2c9 4c be f2                ; JMP matrix_done  => $F2BE
; <compiler-generated> [bank bank0]
  318 f2cc 6c fc ff                ; JMP (65532)  => $FFFC
------- Unattributed/linker-generated linked bytes
  319 1f00 20 07 ff 8d fb 1f 60 8d ; <linker-generated/unattributed>
  320 1f08 fa 1f 6c 0d ff 00 d1 20 ; <linker-generated/unattributed>
  321 1f10 16 ff 8d fb 1f 60 8d f9 ; <linker-generated/unattributed>
  322 1f18 1f 6c 1c ff 00 b1 20 25 ; <linker-generated/unattributed>
  323 1f20 ff 8d fb 1f 60 8d f8 1f ; <linker-generated/unattributed>
  324 1f28 6c 2b ff 00 91 20 34 ff ; <linker-generated/unattributed>
  325 1f30 8d fb 1f 60 8d f7 1f 6c ; <linker-generated/unattributed>
  326 1f38 3a ff 00 71 20 43 ff 8d ; <linker-generated/unattributed>
  327 1f40 fb 1f 60 8d f6 1f 6c 49 ; <linker-generated/unattributed>
  328 1f48 ff 00 51 20 52 ff 8d fb ; <linker-generated/unattributed>
  329 1f50 1f 60 8d f5 1f 6c 58 ff ; <linker-generated/unattributed>
  330 1f58 00 31 20 61 ff 8d fb 1f ; <linker-generated/unattributed>
  331 1f60 60 8d f4 1f 6c 67 ff 00 ; <linker-generated/unattributed>
  332 1f68 11                      ; <linker-generated/unattributed>
  333 1fe0 2c fb 1f 4c 1b f1 2c fb ; <linker-generated/unattributed>
  334 1fe8 1f 4c 00 f1 2c fb 1f 4c ; <linker-generated/unattributed>
  335 1ff0 1b f1                   ; <linker-generated/unattributed>
  336 1ffa e0 ff e6 ff ec ff       ; <linker-generated/unattributed>
  337 3f00 20 07 ff 8d fb 1f 60 8d ; <linker-generated/unattributed>
  338 3f08 fa 1f 6c 0d ff 00 d1 20 ; <linker-generated/unattributed>
  339 3f10 16 ff 8d fb 1f 60 8d f9 ; <linker-generated/unattributed>
  340 3f18 1f 6c 1c ff 00 b1 20 25 ; <linker-generated/unattributed>
  341 3f20 ff 8d fb 1f 60 8d f8 1f ; <linker-generated/unattributed>
  342 3f28 6c 2b ff 00 91 20 34 ff ; <linker-generated/unattributed>
  343 3f30 8d fb 1f 60 8d f7 1f 6c ; <linker-generated/unattributed>
  344 3f38 3a ff 00 71 20 43 ff 8d ; <linker-generated/unattributed>
  345 3f40 fb 1f 60 8d f6 1f 6c 49 ; <linker-generated/unattributed>
  346 3f48 ff 00 51 20 52 ff 8d fb ; <linker-generated/unattributed>
  347 3f50 1f 60 8d f5 1f 6c 58 ff ; <linker-generated/unattributed>
  348 3f58 00 31 20 61 ff 8d fb 1f ; <linker-generated/unattributed>
  349 3f60 60 8d f4 1f 6c 67 ff 00 ; <linker-generated/unattributed>
  350 3f68 11                      ; <linker-generated/unattributed>
  351 3fe0 2c fb 1f 4c 1b f1 2c fb ; <linker-generated/unattributed>
  352 3fe8 1f 4c 00 f1 2c fb 1f 4c ; <linker-generated/unattributed>
  353 3ff0 1b f1                   ; <linker-generated/unattributed>
  354 3ffa e0 ff e6 ff ec ff       ; <linker-generated/unattributed>
  355 5f00 20 07 ff 8d fb 1f 60 8d ; <linker-generated/unattributed>
  356 5f08 fa 1f 6c 0d ff 00 d1 20 ; <linker-generated/unattributed>
  357 5f10 16 ff 8d fb 1f 60 8d f9 ; <linker-generated/unattributed>
  358 5f18 1f 6c 1c ff 00 b1 20 25 ; <linker-generated/unattributed>
  359 5f20 ff 8d fb 1f 60 8d f8 1f ; <linker-generated/unattributed>
  360 5f28 6c 2b ff 00 91 20 34 ff ; <linker-generated/unattributed>
  361 5f30 8d fb 1f 60 8d f7 1f 6c ; <linker-generated/unattributed>
  362 5f38 3a ff 00 71 20 43 ff 8d ; <linker-generated/unattributed>
  363 5f40 fb 1f 60 8d f6 1f 6c 49 ; <linker-generated/unattributed>
  364 5f48 ff 00 51 20 52 ff 8d fb ; <linker-generated/unattributed>
  365 5f50 1f 60 8d f5 1f 6c 58 ff ; <linker-generated/unattributed>
  366 5f58 00 31 20 61 ff 8d fb 1f ; <linker-generated/unattributed>
  367 5f60 60 8d f4 1f 6c 67 ff 00 ; <linker-generated/unattributed>
  368 5f68 11                      ; <linker-generated/unattributed>
  369 5fe0 2c fb 1f 4c 1b f1 2c fb ; <linker-generated/unattributed>
  370 5fe8 1f 4c 00 f1 2c fb 1f 4c ; <linker-generated/unattributed>
  371 5ff0 1b f1                   ; <linker-generated/unattributed>
  372 5ffa e0 ff e6 ff ec ff       ; <linker-generated/unattributed>
  373 7f00 20 07 ff 8d fb 1f 60 8d ; <linker-generated/unattributed>
  374 7f08 fa 1f 6c 0d ff 00 d1 20 ; <linker-generated/unattributed>
  375 7f10 16 ff 8d fb 1f 60 8d f9 ; <linker-generated/unattributed>
  376 7f18 1f 6c 1c ff 00 b1 20 25 ; <linker-generated/unattributed>
  377 7f20 ff 8d fb 1f 60 8d f8 1f ; <linker-generated/unattributed>
  378 7f28 6c 2b ff 00 91 20 34 ff ; <linker-generated/unattributed>
  379 7f30 8d fb 1f 60 8d f7 1f 6c ; <linker-generated/unattributed>
  380 7f38 3a ff 00 71 20 43 ff 8d ; <linker-generated/unattributed>
  381 7f40 fb 1f 60 8d f6 1f 6c 49 ; <linker-generated/unattributed>
  382 7f48 ff 00 51 20 52 ff 8d fb ; <linker-generated/unattributed>
  383 7f50 1f 60 8d f5 1f 6c 58 ff ; <linker-generated/unattributed>
  384 7f58 00 31 20 61 ff 8d fb 1f ; <linker-generated/unattributed>
  385 7f60 60 8d f4 1f 6c 67 ff 00 ; <linker-generated/unattributed>
  386 7f68 11                      ; <linker-generated/unattributed>
  387 7fe0 2c fb 1f 4c 1b f1 2c fb ; <linker-generated/unattributed>
  388 7fe8 1f 4c 00 f1 2c fb 1f 4c ; <linker-generated/unattributed>
  389 7ff0 1b f1                   ; <linker-generated/unattributed>
  390 7ffa e0 ff e6 ff ec ff       ; <linker-generated/unattributed>
  391 9f00 20 07 ff 8d fb 1f 60 8d ; <linker-generated/unattributed>
  392 9f08 fa 1f 6c 0d ff 00 d1 20 ; <linker-generated/unattributed>
  393 9f10 16 ff 8d fb 1f 60 8d f9 ; <linker-generated/unattributed>
  394 9f18 1f 6c 1c ff 00 b1 20 25 ; <linker-generated/unattributed>
  395 9f20 ff 8d fb 1f 60 8d f8 1f ; <linker-generated/unattributed>
  396 9f28 6c 2b ff 00 91 20 34 ff ; <linker-generated/unattributed>
  397 9f30 8d fb 1f 60 8d f7 1f 6c ; <linker-generated/unattributed>
  398 9f38 3a ff 00 71 20 43 ff 8d ; <linker-generated/unattributed>
  399 9f40 fb 1f 60 8d f6 1f 6c 49 ; <linker-generated/unattributed>
  400 9f48 ff 00 51 20 52 ff 8d fb ; <linker-generated/unattributed>
  401 9f50 1f 60 8d f5 1f 6c 58 ff ; <linker-generated/unattributed>
  402 9f58 00 31 20 61 ff 8d fb 1f ; <linker-generated/unattributed>
  403 9f60 60 8d f4 1f 6c 67 ff 00 ; <linker-generated/unattributed>
  404 9f68 11                      ; <linker-generated/unattributed>
  405 9fe0 2c fb 1f 4c 1b f1 2c fb ; <linker-generated/unattributed>
  406 9fe8 1f 4c 00 f1 2c fb 1f 4c ; <linker-generated/unattributed>
  407 9ff0 1b f1                   ; <linker-generated/unattributed>
  408 9ffa e0 ff e6 ff ec ff       ; <linker-generated/unattributed>
  409 bf00 20 07 ff 8d fb 1f 60 8d ; <linker-generated/unattributed>
  410 bf08 fa 1f 6c 0d ff 00 d1 20 ; <linker-generated/unattributed>
  411 bf10 16 ff 8d fb 1f 60 8d f9 ; <linker-generated/unattributed>
  412 bf18 1f 6c 1c ff 00 b1 20 25 ; <linker-generated/unattributed>
  413 bf20 ff 8d fb 1f 60 8d f8 1f ; <linker-generated/unattributed>
  414 bf28 6c 2b ff 00 91 20 34 ff ; <linker-generated/unattributed>
  415 bf30 8d fb 1f 60 8d f7 1f 6c ; <linker-generated/unattributed>
  416 bf38 3a ff 00 71 20 43 ff 8d ; <linker-generated/unattributed>
  417 bf40 fb 1f 60 8d f6 1f 6c 49 ; <linker-generated/unattributed>
  418 bf48 ff 00 51 20 52 ff 8d fb ; <linker-generated/unattributed>
  419 bf50 1f 60 8d f5 1f 6c 58 ff ; <linker-generated/unattributed>
  420 bf58 00 31 20 61 ff 8d fb 1f ; <linker-generated/unattributed>
  421 bf60 60 8d f4 1f 6c 67 ff 00 ; <linker-generated/unattributed>
  422 bf68 11                      ; <linker-generated/unattributed>
  423 bfe0 2c fb 1f 4c 1b f1 2c fb ; <linker-generated/unattributed>
  424 bfe8 1f 4c 00 f1 2c fb 1f 4c ; <linker-generated/unattributed>
  425 bff0 1b f1                   ; <linker-generated/unattributed>
  426 bffa e0 ff e6 ff ec ff       ; <linker-generated/unattributed>
  427 df00 20 07 ff 8d fb 1f 60 8d ; <linker-generated/unattributed>
  428 df08 fa 1f 6c 0d ff 00 d1 20 ; <linker-generated/unattributed>
  429 df10 16 ff 8d fb 1f 60 8d f9 ; <linker-generated/unattributed>
  430 df18 1f 6c 1c ff 00 b1 20 25 ; <linker-generated/unattributed>
  431 df20 ff 8d fb 1f 60 8d f8 1f ; <linker-generated/unattributed>
  432 df28 6c 2b ff 00 91 20 34 ff ; <linker-generated/unattributed>
  433 df30 8d fb 1f 60 8d f7 1f 6c ; <linker-generated/unattributed>
  434 df38 3a ff 00 71 20 43 ff 8d ; <linker-generated/unattributed>
  435 df40 fb 1f 60 8d f6 1f 6c 49 ; <linker-generated/unattributed>
  436 df48 ff 00 51 20 52 ff 8d fb ; <linker-generated/unattributed>
  437 df50 1f 60 8d f5 1f 6c 58 ff ; <linker-generated/unattributed>
  438 df58 00 31 20 61 ff 8d fb 1f ; <linker-generated/unattributed>
  439 df60 60 8d f4 1f 6c 67 ff 00 ; <linker-generated/unattributed>
  440 df68 11                      ; <linker-generated/unattributed>
  441 dfe0 2c fb 1f 4c 1b f1 2c fb ; <linker-generated/unattributed>
  442 dfe8 1f 4c 00 f1 2c fb 1f 4c ; <linker-generated/unattributed>
  443 dff0 1b f1                   ; <linker-generated/unattributed>
  444 dffa e0 ff e6 ff ec ff       ; <linker-generated/unattributed>
  445 ff00 20 07 ff 8d fb 1f 60 8d ; <linker-generated/unattributed>
  446 ff08 fa 1f 6c 0d ff 00 d1 20 ; <linker-generated/unattributed>
  447 ff10 16 ff 8d fb 1f 60 8d f9 ; <linker-generated/unattributed>
  448 ff18 1f 6c 1c ff 00 b1 20 25 ; <linker-generated/unattributed>
  449 ff20 ff 8d fb 1f 60 8d f8 1f ; <linker-generated/unattributed>
  450 ff28 6c 2b ff 00 91 20 34 ff ; <linker-generated/unattributed>
  451 ff30 8d fb 1f 60 8d f7 1f 6c ; <linker-generated/unattributed>
  452 ff38 3a ff 00 71 20 43 ff 8d ; <linker-generated/unattributed>
  453 ff40 fb 1f 60 8d f6 1f 6c 49 ; <linker-generated/unattributed>
  454 ff48 ff 00 51 20 52 ff 8d fb ; <linker-generated/unattributed>
  455 ff50 1f 60 8d f5 1f 6c 58 ff ; <linker-generated/unattributed>
  456 ff58 00 31 20 61 ff 8d fb 1f ; <linker-generated/unattributed>
  457 ff60 60 8d f4 1f 6c 67 ff 00 ; <linker-generated/unattributed>
  458 ff68 11                      ; <linker-generated/unattributed>
  459 ffe0 2c fb 1f 4c 1b f1 2c fb ; <linker-generated/unattributed>
  460 ffe8 1f 4c 00 f1 2c fb 1f 4c ; <linker-generated/unattributed>
  461 fff0 1b f1                   ; <linker-generated/unattributed>
  462 fffa e0 ff e6 ff ec ff       ; <linker-generated/unattributed>
