------- VCSC linked image listing
------- Human source listing; addresses and bytes are final after relocation.
------- RAM symbols retain DASM constant rows for Stella compatibility.
    1 0086          00 86 matrix_probe7$__return =
    2 0086          00 86 matrix_probe6$__return =
    3 0086          00 86 matrix_probe5$__return =
    4 0086          00 86 matrix_probe4$__return =
    5 0086          00 86 matrix_probe3$__return =
    6 0086          00 86 matrix_probe2$__return =
    7 0086          00 86 matrix_probe1$__return =
    8 0086          00 86 matrix_probe0$__return =
    9 0083          00 83 matrix_sp_after =
   10 0082          00 82 matrix_sp_before =
   11 0081          00 81 matrix_count =
   12 0080          00 80 matrix_failure =
   13 0088          00 88 __stack_start =
   14 00f7          00 f7 __stack_top =
   15 0002          00 02 __call_stack_depth =
   16 0004          00 04 __call_stack_weighted_depth =
   17 0002          00 02 __call_stack_bank_extra_slots =
   18 0000          00 00 __call_stack_extra =
   19 0008          00 08 __call_stack_size =
   20 00f8          00 f8 __call_stack_start =
   21 00ff          00 ff __call_stack_top =
------- Source-correlated linked statements
; /mnt/data/vcsc_bankaudit/.tmp-callmatrix/f4sc-source1.c26:16 [bank bank7] | bank7 uint8_t matrix_probe7(void) { matrix_count := matrix_count + 1; return 0x87; }
   22 1100 a5 81                   ; LDA matrix_count
   23 1102 18                      ; CLC
   24 1103 69 01                   ; ADC #1
   25 1105 85 81                   ; STA matrix_count
   26 1107 a9 87                   ; LDA #135
   27 1109 85 87                   ; STA __vcsc_scratch_7
   28 110b a5 87                   ; LDA __vcsc_scratch_7
   29 110d 85 86                   ; STA matrix_probe7$__return
; <compiler-generated> [bank bank7]
   30 110f 60                      ; RTS
; /mnt/data/vcsc_bankaudit/.tmp-callmatrix/f4sc-source1.c26:15 [bank bank6] | bank6 uint8_t matrix_probe6(void) { matrix_count := matrix_count + 1; return 0x86; }
   31 3100 a5 81                   ; LDA matrix_count
   32 3102 18                      ; CLC
   33 3103 69 01                   ; ADC #1
   34 3105 85 81                   ; STA matrix_count
   35 3107 a9 86                   ; LDA #134
   36 3109 85 87                   ; STA __vcsc_scratch_6
   37 310b a5 87                   ; LDA __vcsc_scratch_6
   38 310d 85 86                   ; STA matrix_probe6$__return
; <compiler-generated> [bank bank6]
   39 310f 60                      ; RTS
; /mnt/data/vcsc_bankaudit/.tmp-callmatrix/f4sc-source1.c26:14 [bank bank5] | bank5 uint8_t matrix_probe5(void) { matrix_count := matrix_count + 1; return 0x85; }
   40 5100 a5 81                   ; LDA matrix_count
   41 5102 18                      ; CLC
   42 5103 69 01                   ; ADC #1
   43 5105 85 81                   ; STA matrix_count
   44 5107 a9 85                   ; LDA #133
   45 5109 85 87                   ; STA __vcsc_scratch_5
   46 510b a5 87                   ; LDA __vcsc_scratch_5
   47 510d 85 86                   ; STA matrix_probe5$__return
; <compiler-generated> [bank bank5]
   48 510f 60                      ; RTS
; /mnt/data/vcsc_bankaudit/.tmp-callmatrix/f4sc-source1.c26:13 [bank bank4] | bank4 uint8_t matrix_probe4(void) { matrix_count := matrix_count + 1; return 0x84; }
   49 7100 a5 81                   ; LDA matrix_count
   50 7102 18                      ; CLC
   51 7103 69 01                   ; ADC #1
   52 7105 85 81                   ; STA matrix_count
   53 7107 a9 84                   ; LDA #132
   54 7109 85 87                   ; STA __vcsc_scratch_4
   55 710b a5 87                   ; LDA __vcsc_scratch_4
   56 710d 85 86                   ; STA matrix_probe4$__return
; <compiler-generated> [bank bank4]
   57 710f 60                      ; RTS
; /mnt/data/vcsc_bankaudit/.tmp-callmatrix/f4sc-source1.c26:12 [bank bank3] | bank3 uint8_t matrix_probe3(void) { matrix_count := matrix_count + 1; return 0x83; }
   58 9100 a5 81                   ; LDA matrix_count
   59 9102 18                      ; CLC
   60 9103 69 01                   ; ADC #1
   61 9105 85 81                   ; STA matrix_count
   62 9107 a9 83                   ; LDA #131
   63 9109 85 87                   ; STA __vcsc_scratch_3
   64 910b a5 87                   ; LDA __vcsc_scratch_3
   65 910d 85 86                   ; STA matrix_probe3$__return
; <compiler-generated> [bank bank3]
   66 910f 60                      ; RTS
; /mnt/data/vcsc_bankaudit/.tmp-callmatrix/f4sc-source1.c26:11 [bank bank2] | bank2 uint8_t matrix_probe2(void) { matrix_count := matrix_count + 1; return 0x82; }
   67 b100 a5 81                   ; LDA matrix_count
   68 b102 18                      ; CLC
   69 b103 69 01                   ; ADC #1
   70 b105 85 81                   ; STA matrix_count
   71 b107 a9 82                   ; LDA #130
   72 b109 85 87                   ; STA __vcsc_scratch_2
   73 b10b a5 87                   ; LDA __vcsc_scratch_2
   74 b10d 85 86                   ; STA matrix_probe2$__return
; <compiler-generated> [bank bank2]
   75 b10f 60                      ; RTS
; /mnt/data/vcsc_bankaudit/.tmp-callmatrix/f4sc-source1.c26:10 [bank bank1] | bank1 uint8_t matrix_probe1(void) { matrix_count := matrix_count + 1; return 0x81; }
   76 d100 a5 81                   ; LDA matrix_count
   77 d102 18                      ; CLC
   78 d103 69 01                   ; ADC #1
   79 d105 85 81                   ; STA matrix_count
   80 d107 a9 81                   ; LDA #129
   81 d109 85 87                   ; STA __vcsc_scratch_1
   82 d10b a5 87                   ; LDA __vcsc_scratch_1
   83 d10d 85 86                   ; STA matrix_probe1$__return
; <compiler-generated> [bank bank1]
   84 d10f 60                      ; RTS
; /mnt/data/vcsc_bankaudit/.tmp-callmatrix/f4sc-source1.c26:19 [bank bank1] | matrix_count := 0;
   85 d113 a9 00                   ; LDA #0
   86 d115 85 81                   ; STA matrix_count
; /mnt/data/vcsc_bankaudit/.tmp-callmatrix/f4sc-source1.c26:20 [bank bank1] | asm tsx; asm stx matrix_sp_before;
   87 d117 ba                      ; TSX
   88 d118 86 82                   ; STX matrix_sp_before
; /mnt/data/vcsc_bankaudit/.tmp-callmatrix/f4sc-source1.c26:22 [bank bank1] | asm tsx; asm stx matrix_sp_after;
   89 d11a 20 00 df                ; JSR matrix_probe0  => $DF00
   90 d11d a5 86                   ; LDA matrix_probe0$__return
   91 d11f 85 84                   ; STA __vcsc_scratch_8
   92 d121 a9 80                   ; LDA #128
   93 d123 85 85                   ; STA (__vcsc_scratch_8 + 1)
   94 d125 a5 84                   ; LDA __vcsc_scratch_8
   95 d127 c5 85                   ; CMP (__vcsc_scratch_8 + 1)
   96 d129 d0 04                   ; BNE @cmp_false_3
   97 d12b a9 01                   ; LDA #1
   98 d12d d0 02                   ; BNE @cmp_done_4
   99 d12f a9 00                   ; LDA #0
  100 d131 d0 04                   ; BNE @if_false_0
; /mnt/data/vcsc_bankaudit/.tmp-callmatrix/f4sc-source1.c26:21 [bank bank1] | if (matrix_probe0() != 0x80) { matrix_failure := 0x01; }
  101 d133 a9 01                   ; LDA #1
  102 d135 85 80                   ; STA matrix_failure
; /mnt/data/vcsc_bankaudit/.tmp-callmatrix/f4sc-source1.c26:22 [bank bank1] | asm tsx; asm stx matrix_sp_after;
  103 d137 ba                      ; TSX
  104 d138 86 83                   ; STX matrix_sp_after
; /mnt/data/vcsc_bankaudit/.tmp-callmatrix/f4sc-source1.c26:24 [bank bank1] | asm tsx; asm stx matrix_sp_before;
  105 d13a a5 83                   ; LDA matrix_sp_after
  106 d13c c5 82                   ; CMP matrix_sp_before
  107 d13e d0 03                   ; BNE @u8_ne_true_7
  108 d140 4c 47 d1                ; JMP @if_false_5  => $D147
; /mnt/data/vcsc_bankaudit/.tmp-callmatrix/f4sc-source1.c26:23 [bank bank1] | if (matrix_sp_after != matrix_sp_before) { matrix_failure := 0x40; }
  109 d143 a9 40                   ; LDA #64
  110 d145 85 80                   ; STA matrix_failure
; /mnt/data/vcsc_bankaudit/.tmp-callmatrix/f4sc-source1.c26:24 [bank bank1] | asm tsx; asm stx matrix_sp_before;
  111 d147 ba                      ; TSX
  112 d148 86 82                   ; STX matrix_sp_before
; /mnt/data/vcsc_bankaudit/.tmp-callmatrix/f4sc-source1.c26:26 [bank bank1] | asm tsx; asm stx matrix_sp_after;
  113 d14a 20 00 d1                ; JSR matrix_probe1  => $D100
  114 d14d a5 86                   ; LDA matrix_probe1$__return
  115 d14f 85 84                   ; STA __vcsc_scratch_8
  116 d151 a9 81                   ; LDA #129
  117 d153 85 85                   ; STA (__vcsc_scratch_8 + 1)
  118 d155 a5 84                   ; LDA __vcsc_scratch_8
  119 d157 c5 85                   ; CMP (__vcsc_scratch_8 + 1)
  120 d159 d0 04                   ; BNE @cmp_false_11
  121 d15b a9 01                   ; LDA #1
  122 d15d d0 02                   ; BNE @cmp_done_12
  123 d15f a9 00                   ; LDA #0
  124 d161 d0 04                   ; BNE @if_false_8
; /mnt/data/vcsc_bankaudit/.tmp-callmatrix/f4sc-source1.c26:25 [bank bank1] | if (matrix_probe1() != 0x81) { matrix_failure := 0x02; }
  125 d163 a9 02                   ; LDA #2
  126 d165 85 80                   ; STA matrix_failure
; /mnt/data/vcsc_bankaudit/.tmp-callmatrix/f4sc-source1.c26:26 [bank bank1] | asm tsx; asm stx matrix_sp_after;
  127 d167 ba                      ; TSX
  128 d168 86 83                   ; STX matrix_sp_after
; /mnt/data/vcsc_bankaudit/.tmp-callmatrix/f4sc-source1.c26:28 [bank bank1] | asm tsx; asm stx matrix_sp_before;
  129 d16a a5 83                   ; LDA matrix_sp_after
  130 d16c c5 82                   ; CMP matrix_sp_before
  131 d16e d0 03                   ; BNE @u8_ne_true_15
  132 d170 4c 77 d1                ; JMP @if_false_13  => $D177
; /mnt/data/vcsc_bankaudit/.tmp-callmatrix/f4sc-source1.c26:27 [bank bank1] | if (matrix_sp_after != matrix_sp_before) { matrix_failure := 0x41; }
  133 d173 a9 41                   ; LDA #65
  134 d175 85 80                   ; STA matrix_failure
; /mnt/data/vcsc_bankaudit/.tmp-callmatrix/f4sc-source1.c26:28 [bank bank1] | asm tsx; asm stx matrix_sp_before;
  135 d177 ba                      ; TSX
  136 d178 86 82                   ; STX matrix_sp_before
; /mnt/data/vcsc_bankaudit/.tmp-callmatrix/f4sc-source1.c26:30 [bank bank1] | asm tsx; asm stx matrix_sp_after;
  137 d17a 20 0f df                ; JSR matrix_probe2  => $DF0F
  138 d17d a5 86                   ; LDA matrix_probe2$__return
  139 d17f 85 84                   ; STA __vcsc_scratch_8
  140 d181 a9 82                   ; LDA #130
  141 d183 85 85                   ; STA (__vcsc_scratch_8 + 1)
  142 d185 a5 84                   ; LDA __vcsc_scratch_8
  143 d187 c5 85                   ; CMP (__vcsc_scratch_8 + 1)
  144 d189 d0 04                   ; BNE @cmp_false_19
  145 d18b a9 01                   ; LDA #1
  146 d18d d0 02                   ; BNE @cmp_done_20
  147 d18f a9 00                   ; LDA #0
  148 d191 d0 04                   ; BNE @if_false_16
; /mnt/data/vcsc_bankaudit/.tmp-callmatrix/f4sc-source1.c26:29 [bank bank1] | if (matrix_probe2() != 0x82) { matrix_failure := 0x03; }
  149 d193 a9 03                   ; LDA #3
  150 d195 85 80                   ; STA matrix_failure
; /mnt/data/vcsc_bankaudit/.tmp-callmatrix/f4sc-source1.c26:30 [bank bank1] | asm tsx; asm stx matrix_sp_after;
  151 d197 ba                      ; TSX
  152 d198 86 83                   ; STX matrix_sp_after
; /mnt/data/vcsc_bankaudit/.tmp-callmatrix/f4sc-source1.c26:32 [bank bank1] | asm tsx; asm stx matrix_sp_before;
  153 d19a a5 83                   ; LDA matrix_sp_after
  154 d19c c5 82                   ; CMP matrix_sp_before
  155 d19e d0 03                   ; BNE @u8_ne_true_23
  156 d1a0 4c a7 d1                ; JMP @if_false_21  => $D1A7
; /mnt/data/vcsc_bankaudit/.tmp-callmatrix/f4sc-source1.c26:31 [bank bank1] | if (matrix_sp_after != matrix_sp_before) { matrix_failure := 0x42; }
  157 d1a3 a9 42                   ; LDA #66
  158 d1a5 85 80                   ; STA matrix_failure
; /mnt/data/vcsc_bankaudit/.tmp-callmatrix/f4sc-source1.c26:32 [bank bank1] | asm tsx; asm stx matrix_sp_before;
  159 d1a7 ba                      ; TSX
  160 d1a8 86 82                   ; STX matrix_sp_before
; /mnt/data/vcsc_bankaudit/.tmp-callmatrix/f4sc-source1.c26:34 [bank bank1] | asm tsx; asm stx matrix_sp_after;
  161 d1aa 20 1e df                ; JSR matrix_probe3  => $DF1E
  162 d1ad a5 86                   ; LDA matrix_probe3$__return
  163 d1af 85 84                   ; STA __vcsc_scratch_8
  164 d1b1 a9 83                   ; LDA #131
  165 d1b3 85 85                   ; STA (__vcsc_scratch_8 + 1)
  166 d1b5 a5 84                   ; LDA __vcsc_scratch_8
  167 d1b7 c5 85                   ; CMP (__vcsc_scratch_8 + 1)
  168 d1b9 d0 04                   ; BNE @cmp_false_27
  169 d1bb a9 01                   ; LDA #1
  170 d1bd d0 02                   ; BNE @cmp_done_28
  171 d1bf a9 00                   ; LDA #0
  172 d1c1 d0 04                   ; BNE @if_false_24
; /mnt/data/vcsc_bankaudit/.tmp-callmatrix/f4sc-source1.c26:33 [bank bank1] | if (matrix_probe3() != 0x83) { matrix_failure := 0x04; }
  173 d1c3 a9 04                   ; LDA #4
  174 d1c5 85 80                   ; STA matrix_failure
; /mnt/data/vcsc_bankaudit/.tmp-callmatrix/f4sc-source1.c26:34 [bank bank1] | asm tsx; asm stx matrix_sp_after;
  175 d1c7 ba                      ; TSX
  176 d1c8 86 83                   ; STX matrix_sp_after
; /mnt/data/vcsc_bankaudit/.tmp-callmatrix/f4sc-source1.c26:36 [bank bank1] | asm tsx; asm stx matrix_sp_before;
  177 d1ca a5 83                   ; LDA matrix_sp_after
  178 d1cc c5 82                   ; CMP matrix_sp_before
  179 d1ce d0 03                   ; BNE @u8_ne_true_31
  180 d1d0 4c d7 d1                ; JMP @if_false_29  => $D1D7
; /mnt/data/vcsc_bankaudit/.tmp-callmatrix/f4sc-source1.c26:35 [bank bank1] | if (matrix_sp_after != matrix_sp_before) { matrix_failure := 0x43; }
  181 d1d3 a9 43                   ; LDA #67
  182 d1d5 85 80                   ; STA matrix_failure
; /mnt/data/vcsc_bankaudit/.tmp-callmatrix/f4sc-source1.c26:36 [bank bank1] | asm tsx; asm stx matrix_sp_before;
  183 d1d7 ba                      ; TSX
  184 d1d8 86 82                   ; STX matrix_sp_before
; /mnt/data/vcsc_bankaudit/.tmp-callmatrix/f4sc-source1.c26:38 [bank bank1] | asm tsx; asm stx matrix_sp_after;
  185 d1da 20 2d df                ; JSR matrix_probe4  => $DF2D
  186 d1dd a5 86                   ; LDA matrix_probe4$__return
  187 d1df 85 84                   ; STA __vcsc_scratch_8
  188 d1e1 a9 84                   ; LDA #132
  189 d1e3 85 85                   ; STA (__vcsc_scratch_8 + 1)
  190 d1e5 a5 84                   ; LDA __vcsc_scratch_8
  191 d1e7 c5 85                   ; CMP (__vcsc_scratch_8 + 1)
  192 d1e9 d0 04                   ; BNE @cmp_false_35
  193 d1eb a9 01                   ; LDA #1
  194 d1ed d0 02                   ; BNE @cmp_done_36
  195 d1ef a9 00                   ; LDA #0
  196 d1f1 d0 04                   ; BNE @if_false_32
; /mnt/data/vcsc_bankaudit/.tmp-callmatrix/f4sc-source1.c26:37 [bank bank1] | if (matrix_probe4() != 0x84) { matrix_failure := 0x05; }
  197 d1f3 a9 05                   ; LDA #5
  198 d1f5 85 80                   ; STA matrix_failure
; /mnt/data/vcsc_bankaudit/.tmp-callmatrix/f4sc-source1.c26:38 [bank bank1] | asm tsx; asm stx matrix_sp_after;
  199 d1f7 ba                      ; TSX
  200 d1f8 86 83                   ; STX matrix_sp_after
; /mnt/data/vcsc_bankaudit/.tmp-callmatrix/f4sc-source1.c26:40 [bank bank1] | asm tsx; asm stx matrix_sp_before;
  201 d1fa a5 83                   ; LDA matrix_sp_after
  202 d1fc c5 82                   ; CMP matrix_sp_before
  203 d1fe d0 03                   ; BNE @u8_ne_true_39
  204 d200 4c 07 d2                ; JMP @if_false_37  => $D207
; /mnt/data/vcsc_bankaudit/.tmp-callmatrix/f4sc-source1.c26:39 [bank bank1] | if (matrix_sp_after != matrix_sp_before) { matrix_failure := 0x44; }
  205 d203 a9 44                   ; LDA #68
  206 d205 85 80                   ; STA matrix_failure
; /mnt/data/vcsc_bankaudit/.tmp-callmatrix/f4sc-source1.c26:40 [bank bank1] | asm tsx; asm stx matrix_sp_before;
  207 d207 ba                      ; TSX
  208 d208 86 82                   ; STX matrix_sp_before
; /mnt/data/vcsc_bankaudit/.tmp-callmatrix/f4sc-source1.c26:42 [bank bank1] | asm tsx; asm stx matrix_sp_after;
  209 d20a 20 3c df                ; JSR matrix_probe5  => $DF3C
  210 d20d a5 86                   ; LDA matrix_probe5$__return
  211 d20f 85 84                   ; STA __vcsc_scratch_8
  212 d211 a9 85                   ; LDA #133
  213 d213 85 85                   ; STA (__vcsc_scratch_8 + 1)
  214 d215 a5 84                   ; LDA __vcsc_scratch_8
  215 d217 c5 85                   ; CMP (__vcsc_scratch_8 + 1)
  216 d219 d0 04                   ; BNE @cmp_false_43
  217 d21b a9 01                   ; LDA #1
  218 d21d d0 02                   ; BNE @cmp_done_44
  219 d21f a9 00                   ; LDA #0
  220 d221 d0 04                   ; BNE @if_false_40
; /mnt/data/vcsc_bankaudit/.tmp-callmatrix/f4sc-source1.c26:41 [bank bank1] | if (matrix_probe5() != 0x85) { matrix_failure := 0x06; }
  221 d223 a9 06                   ; LDA #6
  222 d225 85 80                   ; STA matrix_failure
; /mnt/data/vcsc_bankaudit/.tmp-callmatrix/f4sc-source1.c26:42 [bank bank1] | asm tsx; asm stx matrix_sp_after;
  223 d227 ba                      ; TSX
  224 d228 86 83                   ; STX matrix_sp_after
; /mnt/data/vcsc_bankaudit/.tmp-callmatrix/f4sc-source1.c26:44 [bank bank1] | asm tsx; asm stx matrix_sp_before;
  225 d22a a5 83                   ; LDA matrix_sp_after
  226 d22c c5 82                   ; CMP matrix_sp_before
  227 d22e d0 03                   ; BNE @u8_ne_true_47
  228 d230 4c 37 d2                ; JMP @if_false_45  => $D237
; /mnt/data/vcsc_bankaudit/.tmp-callmatrix/f4sc-source1.c26:43 [bank bank1] | if (matrix_sp_after != matrix_sp_before) { matrix_failure := 0x45; }
  229 d233 a9 45                   ; LDA #69
  230 d235 85 80                   ; STA matrix_failure
; /mnt/data/vcsc_bankaudit/.tmp-callmatrix/f4sc-source1.c26:44 [bank bank1] | asm tsx; asm stx matrix_sp_before;
  231 d237 ba                      ; TSX
  232 d238 86 82                   ; STX matrix_sp_before
; /mnt/data/vcsc_bankaudit/.tmp-callmatrix/f4sc-source1.c26:46 [bank bank1] | asm tsx; asm stx matrix_sp_after;
  233 d23a 20 4b df                ; JSR matrix_probe6  => $DF4B
  234 d23d a5 86                   ; LDA matrix_probe6$__return
  235 d23f 85 84                   ; STA __vcsc_scratch_8
  236 d241 a9 86                   ; LDA #134
  237 d243 85 85                   ; STA (__vcsc_scratch_8 + 1)
  238 d245 a5 84                   ; LDA __vcsc_scratch_8
  239 d247 c5 85                   ; CMP (__vcsc_scratch_8 + 1)
  240 d249 d0 04                   ; BNE @cmp_false_51
  241 d24b a9 01                   ; LDA #1
  242 d24d d0 02                   ; BNE @cmp_done_52
  243 d24f a9 00                   ; LDA #0
  244 d251 d0 04                   ; BNE @if_false_48
; /mnt/data/vcsc_bankaudit/.tmp-callmatrix/f4sc-source1.c26:45 [bank bank1] | if (matrix_probe6() != 0x86) { matrix_failure := 0x07; }
  245 d253 a9 07                   ; LDA #7
  246 d255 85 80                   ; STA matrix_failure
; /mnt/data/vcsc_bankaudit/.tmp-callmatrix/f4sc-source1.c26:46 [bank bank1] | asm tsx; asm stx matrix_sp_after;
  247 d257 ba                      ; TSX
  248 d258 86 83                   ; STX matrix_sp_after
; /mnt/data/vcsc_bankaudit/.tmp-callmatrix/f4sc-source1.c26:48 [bank bank1] | asm tsx; asm stx matrix_sp_before;
  249 d25a a5 83                   ; LDA matrix_sp_after
  250 d25c c5 82                   ; CMP matrix_sp_before
  251 d25e d0 03                   ; BNE @u8_ne_true_55
  252 d260 4c 67 d2                ; JMP @if_false_53  => $D267
; /mnt/data/vcsc_bankaudit/.tmp-callmatrix/f4sc-source1.c26:47 [bank bank1] | if (matrix_sp_after != matrix_sp_before) { matrix_failure := 0x46; }
  253 d263 a9 46                   ; LDA #70
  254 d265 85 80                   ; STA matrix_failure
; /mnt/data/vcsc_bankaudit/.tmp-callmatrix/f4sc-source1.c26:48 [bank bank1] | asm tsx; asm stx matrix_sp_before;
  255 d267 ba                      ; TSX
  256 d268 86 82                   ; STX matrix_sp_before
; /mnt/data/vcsc_bankaudit/.tmp-callmatrix/f4sc-source1.c26:50 [bank bank1] | asm tsx; asm stx matrix_sp_after;
  257 d26a 20 5a df                ; JSR matrix_probe7  => $DF5A
  258 d26d a5 86                   ; LDA matrix_probe7$__return
  259 d26f 85 84                   ; STA __vcsc_scratch_8
  260 d271 a9 87                   ; LDA #135
  261 d273 85 85                   ; STA (__vcsc_scratch_8 + 1)
  262 d275 a5 84                   ; LDA __vcsc_scratch_8
  263 d277 c5 85                   ; CMP (__vcsc_scratch_8 + 1)
  264 d279 d0 04                   ; BNE @cmp_false_59
  265 d27b a9 01                   ; LDA #1
  266 d27d d0 02                   ; BNE @cmp_done_60
  267 d27f a9 00                   ; LDA #0
  268 d281 d0 04                   ; BNE @if_false_56
; /mnt/data/vcsc_bankaudit/.tmp-callmatrix/f4sc-source1.c26:49 [bank bank1] | if (matrix_probe7() != 0x87) { matrix_failure := 0x08; }
  269 d283 a9 08                   ; LDA #8
  270 d285 85 80                   ; STA matrix_failure
; /mnt/data/vcsc_bankaudit/.tmp-callmatrix/f4sc-source1.c26:50 [bank bank1] | asm tsx; asm stx matrix_sp_after;
  271 d287 ba                      ; TSX
  272 d288 86 83                   ; STX matrix_sp_after
; /mnt/data/vcsc_bankaudit/.tmp-callmatrix/f4sc-source1.c26:52 [bank bank1] | if (matrix_count != 8) { matrix_failure := 0x7E; }
  273 d28a a5 83                   ; LDA matrix_sp_after
  274 d28c c5 82                   ; CMP matrix_sp_before
  275 d28e d0 03                   ; BNE @u8_ne_true_63
  276 d290 4c 97 d2                ; JMP @if_false_61  => $D297
; /mnt/data/vcsc_bankaudit/.tmp-callmatrix/f4sc-source1.c26:51 [bank bank1] | if (matrix_sp_after != matrix_sp_before) { matrix_failure := 0x47; }
  277 d293 a9 47                   ; LDA #71
  278 d295 85 80                   ; STA matrix_failure
; /mnt/data/vcsc_bankaudit/.tmp-callmatrix/f4sc-source1.c26:53 [bank bank1] | }
  279 d297 a5 81                   ; LDA matrix_count
  280 d299 c9 08                   ; CMP #8
  281 d29b d0 03                   ; BNE @u8_ne_true_66
  282 d29d 4c a4 d2                ; JMP @if_false_64  => $D2A4
; /mnt/data/vcsc_bankaudit/.tmp-callmatrix/f4sc-source1.c26:52 [bank bank1] | if (matrix_count != 8) { matrix_failure := 0x7E; }
  283 d2a0 a9 7e                   ; LDA #126
  284 d2a2 85 80                   ; STA matrix_failure
; <compiler-generated> [bank bank1]
  285 d2a4 60                      ; RTS
; wrk/vcsc-rt1-simple.s26:25 [bank bank0] | sei
  286 f100 78                      ; SEI
; wrk/vcsc-rt1-simple.s26:26 [bank bank0] | cld
  287 f101 d8                      ; CLD
; wrk/vcsc-rt1-simple.s26:27 [bank bank0] | ldx #$ff
  288 f102 a2 ff                   ; LDX #255
; wrk/vcsc-rt1-simple.s26:28 [bank bank0] | txs
  289 f104 9a                      ; TXS
; wrk/vcsc-rt1-simple.s26:30 [bank bank0] | lda #0
  290 f105 a9 00                   ; LDA #0
; wrk/vcsc-rt1-simple.s26:31 [bank bank0] | ldx #$7f
  291 f107 a2 7f                   ; LDX #127
; wrk/vcsc-rt1-simple.s26:33 [bank bank0] | sta $80,x
  292 f109 95 80                   ; STA 128,X
; wrk/vcsc-rt1-simple.s26:34 [bank bank0] | dex
  293 f10b ca                      ; DEX
; wrk/vcsc-rt1-simple.s26:35 [bank bank0] | bpl.same @clear_ram
  294 f10c 10 fb                   ; BPL.same @clear_ram
; wrk/vcsc-rt1-simple.s26:37 [bank bank0] | ldx #$2c
  295 f10e a2 2c                   ; LDX #44
; wrk/vcsc-rt1-simple.s26:39 [bank bank0] | sta $00,x
  296 f110 95 00                   ; STA 0,X
; wrk/vcsc-rt1-simple.s26:40 [bank bank0] | dex
  297 f112 ca                      ; DEX
; wrk/vcsc-rt1-simple.s26:41 [bank bank0] | bpl.same @clear_tia
  298 f113 10 fb                   ; BPL.same @clear_tia
; wrk/vcsc-rt1-simple.s26:43 [bank bank0] | ldx #$ff
  299 f115 a2 ff                   ; LDX #255
; wrk/vcsc-rt1-simple.s26:44 [bank bank0] | txs
  300 f117 9a                      ; TXS
; wrk/vcsc-rt1-simple.s26:45 [bank bank0] | jmp main
  301 f118 4c 30 f1                ; JMP main  => $F130
; wrk/vcsc-rt1-simple.s26:49 [bank bank0] | rti
  302 f11b 40                      ; RTI
; /mnt/data/vcsc_bankaudit/.tmp-callmatrix/f4sc-source1.c26:9 [bank bank0] | bank0 uint8_t matrix_probe0(void) { matrix_count := matrix_count + 1; return 0x80; }
  303 f11c a5 81                   ; LDA matrix_count
  304 f11e 18                      ; CLC
  305 f11f 69 01                   ; ADC #1
  306 f121 85 81                   ; STA matrix_count
  307 f123 a9 80                   ; LDA #128
  308 f125 85 87                   ; STA __vcsc_scratch_0
  309 f127 a5 87                   ; LDA __vcsc_scratch_0
  310 f129 85 86                   ; STA matrix_probe0$__return
; <compiler-generated> [bank bank0]
  311 f12b 60                      ; RTS
; /mnt/data/vcsc_bankaudit/.tmp-callmatrix/f4sc-source1.c26:55 [bank bank0] | bank0 void matrix_done(void) { while (1) { } }
  312 f12c 4c 2c f1                ; JMP @while_start_67  => $F12C
; <compiler-generated> [bank bank0]
  313 f12f 60                      ; RTS
; /mnt/data/vcsc_bankaudit/.tmp-callmatrix/f4sc-source1.c26:58 [bank bank0] | matrix_failure := 0;
  314 f130 a9 00                   ; LDA #0
  315 f132 85 80                   ; STA matrix_failure
; /mnt/data/vcsc_bankaudit/.tmp-callmatrix/f4sc-source1.c26:59 [bank bank0] | matrix_source();
  316 f134 20 69 ff                ; JSR matrix_source  => $FF69
; /mnt/data/vcsc_bankaudit/.tmp-callmatrix/f4sc-source1.c26:60 [bank bank0] | asm jmp matrix_done;
  317 f137 4c 2c f1                ; JMP matrix_done  => $F12C
; <compiler-generated> [bank bank0]
  318 f13a 6c fc ff                ; JMP (65532)  => $FFFC
------- Unattributed/linker-generated linked bytes
  319 1f00 20 07 ff 8d fa 1f 60 8d ; <linker-generated/unattributed>
  320 1f08 fb 1f 6c 0d ff 1c f1 20 ; <linker-generated/unattributed>
  321 1f10 16 ff 8d fa 1f 60 8d f9 ; <linker-generated/unattributed>
  322 1f18 1f 6c 1c ff 00 b1 20 25 ; <linker-generated/unattributed>
  323 1f20 ff 8d fa 1f 60 8d f8 1f ; <linker-generated/unattributed>
  324 1f28 6c 2b ff 00 91 20 34 ff ; <linker-generated/unattributed>
  325 1f30 8d fa 1f 60 8d f7 1f 6c ; <linker-generated/unattributed>
  326 1f38 3a ff 00 71 20 43 ff 8d ; <linker-generated/unattributed>
  327 1f40 fa 1f 60 8d f6 1f 6c 49 ; <linker-generated/unattributed>
  328 1f48 ff 00 51 20 52 ff 8d fa ; <linker-generated/unattributed>
  329 1f50 1f 60 8d f5 1f 6c 58 ff ; <linker-generated/unattributed>
  330 1f58 00 31 20 61 ff 8d fa 1f ; <linker-generated/unattributed>
  331 1f60 60 8d f4 1f 6c 67 ff 00 ; <linker-generated/unattributed>
  332 1f68 11 20 70 ff 8d fb 1f 60 ; <linker-generated/unattributed>
  333 1f70 8d fa 1f 6c 76 ff 13 d1 ; <linker-generated/unattributed>
  334 1fe0 2c fb 1f 4c 1b f1 2c fb ; <linker-generated/unattributed>
  335 1fe8 1f 4c 00 f1 2c fb 1f 4c ; <linker-generated/unattributed>
  336 1ff0 1b f1                   ; <linker-generated/unattributed>
  337 1ffa e0 ff e6 ff ec ff       ; <linker-generated/unattributed>
  338 3f00 20 07 ff 8d fa 1f 60 8d ; <linker-generated/unattributed>
  339 3f08 fb 1f 6c 0d ff 1c f1 20 ; <linker-generated/unattributed>
  340 3f10 16 ff 8d fa 1f 60 8d f9 ; <linker-generated/unattributed>
  341 3f18 1f 6c 1c ff 00 b1 20 25 ; <linker-generated/unattributed>
  342 3f20 ff 8d fa 1f 60 8d f8 1f ; <linker-generated/unattributed>
  343 3f28 6c 2b ff 00 91 20 34 ff ; <linker-generated/unattributed>
  344 3f30 8d fa 1f 60 8d f7 1f 6c ; <linker-generated/unattributed>
  345 3f38 3a ff 00 71 20 43 ff 8d ; <linker-generated/unattributed>
  346 3f40 fa 1f 60 8d f6 1f 6c 49 ; <linker-generated/unattributed>
  347 3f48 ff 00 51 20 52 ff 8d fa ; <linker-generated/unattributed>
  348 3f50 1f 60 8d f5 1f 6c 58 ff ; <linker-generated/unattributed>
  349 3f58 00 31 20 61 ff 8d fa 1f ; <linker-generated/unattributed>
  350 3f60 60 8d f4 1f 6c 67 ff 00 ; <linker-generated/unattributed>
  351 3f68 11 20 70 ff 8d fb 1f 60 ; <linker-generated/unattributed>
  352 3f70 8d fa 1f 6c 76 ff 13 d1 ; <linker-generated/unattributed>
  353 3fe0 2c fb 1f 4c 1b f1 2c fb ; <linker-generated/unattributed>
  354 3fe8 1f 4c 00 f1 2c fb 1f 4c ; <linker-generated/unattributed>
  355 3ff0 1b f1                   ; <linker-generated/unattributed>
  356 3ffa e0 ff e6 ff ec ff       ; <linker-generated/unattributed>
  357 5f00 20 07 ff 8d fa 1f 60 8d ; <linker-generated/unattributed>
  358 5f08 fb 1f 6c 0d ff 1c f1 20 ; <linker-generated/unattributed>
  359 5f10 16 ff 8d fa 1f 60 8d f9 ; <linker-generated/unattributed>
  360 5f18 1f 6c 1c ff 00 b1 20 25 ; <linker-generated/unattributed>
  361 5f20 ff 8d fa 1f 60 8d f8 1f ; <linker-generated/unattributed>
  362 5f28 6c 2b ff 00 91 20 34 ff ; <linker-generated/unattributed>
  363 5f30 8d fa 1f 60 8d f7 1f 6c ; <linker-generated/unattributed>
  364 5f38 3a ff 00 71 20 43 ff 8d ; <linker-generated/unattributed>
  365 5f40 fa 1f 60 8d f6 1f 6c 49 ; <linker-generated/unattributed>
  366 5f48 ff 00 51 20 52 ff 8d fa ; <linker-generated/unattributed>
  367 5f50 1f 60 8d f5 1f 6c 58 ff ; <linker-generated/unattributed>
  368 5f58 00 31 20 61 ff 8d fa 1f ; <linker-generated/unattributed>
  369 5f60 60 8d f4 1f 6c 67 ff 00 ; <linker-generated/unattributed>
  370 5f68 11 20 70 ff 8d fb 1f 60 ; <linker-generated/unattributed>
  371 5f70 8d fa 1f 6c 76 ff 13 d1 ; <linker-generated/unattributed>
  372 5fe0 2c fb 1f 4c 1b f1 2c fb ; <linker-generated/unattributed>
  373 5fe8 1f 4c 00 f1 2c fb 1f 4c ; <linker-generated/unattributed>
  374 5ff0 1b f1                   ; <linker-generated/unattributed>
  375 5ffa e0 ff e6 ff ec ff       ; <linker-generated/unattributed>
  376 7f00 20 07 ff 8d fa 1f 60 8d ; <linker-generated/unattributed>
  377 7f08 fb 1f 6c 0d ff 1c f1 20 ; <linker-generated/unattributed>
  378 7f10 16 ff 8d fa 1f 60 8d f9 ; <linker-generated/unattributed>
  379 7f18 1f 6c 1c ff 00 b1 20 25 ; <linker-generated/unattributed>
  380 7f20 ff 8d fa 1f 60 8d f8 1f ; <linker-generated/unattributed>
  381 7f28 6c 2b ff 00 91 20 34 ff ; <linker-generated/unattributed>
  382 7f30 8d fa 1f 60 8d f7 1f 6c ; <linker-generated/unattributed>
  383 7f38 3a ff 00 71 20 43 ff 8d ; <linker-generated/unattributed>
  384 7f40 fa 1f 60 8d f6 1f 6c 49 ; <linker-generated/unattributed>
  385 7f48 ff 00 51 20 52 ff 8d fa ; <linker-generated/unattributed>
  386 7f50 1f 60 8d f5 1f 6c 58 ff ; <linker-generated/unattributed>
  387 7f58 00 31 20 61 ff 8d fa 1f ; <linker-generated/unattributed>
  388 7f60 60 8d f4 1f 6c 67 ff 00 ; <linker-generated/unattributed>
  389 7f68 11 20 70 ff 8d fb 1f 60 ; <linker-generated/unattributed>
  390 7f70 8d fa 1f 6c 76 ff 13 d1 ; <linker-generated/unattributed>
  391 7fe0 2c fb 1f 4c 1b f1 2c fb ; <linker-generated/unattributed>
  392 7fe8 1f 4c 00 f1 2c fb 1f 4c ; <linker-generated/unattributed>
  393 7ff0 1b f1                   ; <linker-generated/unattributed>
  394 7ffa e0 ff e6 ff ec ff       ; <linker-generated/unattributed>
  395 9f00 20 07 ff 8d fa 1f 60 8d ; <linker-generated/unattributed>
  396 9f08 fb 1f 6c 0d ff 1c f1 20 ; <linker-generated/unattributed>
  397 9f10 16 ff 8d fa 1f 60 8d f9 ; <linker-generated/unattributed>
  398 9f18 1f 6c 1c ff 00 b1 20 25 ; <linker-generated/unattributed>
  399 9f20 ff 8d fa 1f 60 8d f8 1f ; <linker-generated/unattributed>
  400 9f28 6c 2b ff 00 91 20 34 ff ; <linker-generated/unattributed>
  401 9f30 8d fa 1f 60 8d f7 1f 6c ; <linker-generated/unattributed>
  402 9f38 3a ff 00 71 20 43 ff 8d ; <linker-generated/unattributed>
  403 9f40 fa 1f 60 8d f6 1f 6c 49 ; <linker-generated/unattributed>
  404 9f48 ff 00 51 20 52 ff 8d fa ; <linker-generated/unattributed>
  405 9f50 1f 60 8d f5 1f 6c 58 ff ; <linker-generated/unattributed>
  406 9f58 00 31 20 61 ff 8d fa 1f ; <linker-generated/unattributed>
  407 9f60 60 8d f4 1f 6c 67 ff 00 ; <linker-generated/unattributed>
  408 9f68 11 20 70 ff 8d fb 1f 60 ; <linker-generated/unattributed>
  409 9f70 8d fa 1f 6c 76 ff 13 d1 ; <linker-generated/unattributed>
  410 9fe0 2c fb 1f 4c 1b f1 2c fb ; <linker-generated/unattributed>
  411 9fe8 1f 4c 00 f1 2c fb 1f 4c ; <linker-generated/unattributed>
  412 9ff0 1b f1                   ; <linker-generated/unattributed>
  413 9ffa e0 ff e6 ff ec ff       ; <linker-generated/unattributed>
  414 bf00 20 07 ff 8d fa 1f 60 8d ; <linker-generated/unattributed>
  415 bf08 fb 1f 6c 0d ff 1c f1 20 ; <linker-generated/unattributed>
  416 bf10 16 ff 8d fa 1f 60 8d f9 ; <linker-generated/unattributed>
  417 bf18 1f 6c 1c ff 00 b1 20 25 ; <linker-generated/unattributed>
  418 bf20 ff 8d fa 1f 60 8d f8 1f ; <linker-generated/unattributed>
  419 bf28 6c 2b ff 00 91 20 34 ff ; <linker-generated/unattributed>
  420 bf30 8d fa 1f 60 8d f7 1f 6c ; <linker-generated/unattributed>
  421 bf38 3a ff 00 71 20 43 ff 8d ; <linker-generated/unattributed>
  422 bf40 fa 1f 60 8d f6 1f 6c 49 ; <linker-generated/unattributed>
  423 bf48 ff 00 51 20 52 ff 8d fa ; <linker-generated/unattributed>
  424 bf50 1f 60 8d f5 1f 6c 58 ff ; <linker-generated/unattributed>
  425 bf58 00 31 20 61 ff 8d fa 1f ; <linker-generated/unattributed>
  426 bf60 60 8d f4 1f 6c 67 ff 00 ; <linker-generated/unattributed>
  427 bf68 11 20 70 ff 8d fb 1f 60 ; <linker-generated/unattributed>
  428 bf70 8d fa 1f 6c 76 ff 13 d1 ; <linker-generated/unattributed>
  429 bfe0 2c fb 1f 4c 1b f1 2c fb ; <linker-generated/unattributed>
  430 bfe8 1f 4c 00 f1 2c fb 1f 4c ; <linker-generated/unattributed>
  431 bff0 1b f1                   ; <linker-generated/unattributed>
  432 bffa e0 ff e6 ff ec ff       ; <linker-generated/unattributed>
  433 df00 20 07 ff 8d fa 1f 60 8d ; <linker-generated/unattributed>
  434 df08 fb 1f 6c 0d ff 1c f1 20 ; <linker-generated/unattributed>
  435 df10 16 ff 8d fa 1f 60 8d f9 ; <linker-generated/unattributed>
  436 df18 1f 6c 1c ff 00 b1 20 25 ; <linker-generated/unattributed>
  437 df20 ff 8d fa 1f 60 8d f8 1f ; <linker-generated/unattributed>
  438 df28 6c 2b ff 00 91 20 34 ff ; <linker-generated/unattributed>
  439 df30 8d fa 1f 60 8d f7 1f 6c ; <linker-generated/unattributed>
  440 df38 3a ff 00 71 20 43 ff 8d ; <linker-generated/unattributed>
  441 df40 fa 1f 60 8d f6 1f 6c 49 ; <linker-generated/unattributed>
  442 df48 ff 00 51 20 52 ff 8d fa ; <linker-generated/unattributed>
  443 df50 1f 60 8d f5 1f 6c 58 ff ; <linker-generated/unattributed>
  444 df58 00 31 20 61 ff 8d fa 1f ; <linker-generated/unattributed>
  445 df60 60 8d f4 1f 6c 67 ff 00 ; <linker-generated/unattributed>
  446 df68 11 20 70 ff 8d fb 1f 60 ; <linker-generated/unattributed>
  447 df70 8d fa 1f 6c 76 ff 13 d1 ; <linker-generated/unattributed>
  448 dfe0 2c fb 1f 4c 1b f1 2c fb ; <linker-generated/unattributed>
  449 dfe8 1f 4c 00 f1 2c fb 1f 4c ; <linker-generated/unattributed>
  450 dff0 1b f1                   ; <linker-generated/unattributed>
  451 dffa e0 ff e6 ff ec ff       ; <linker-generated/unattributed>
  452 ff00 20 07 ff 8d fa 1f 60 8d ; <linker-generated/unattributed>
  453 ff08 fb 1f 6c 0d ff 1c f1 20 ; <linker-generated/unattributed>
  454 ff10 16 ff 8d fa 1f 60 8d f9 ; <linker-generated/unattributed>
  455 ff18 1f 6c 1c ff 00 b1 20 25 ; <linker-generated/unattributed>
  456 ff20 ff 8d fa 1f 60 8d f8 1f ; <linker-generated/unattributed>
  457 ff28 6c 2b ff 00 91 20 34 ff ; <linker-generated/unattributed>
  458 ff30 8d fa 1f 60 8d f7 1f 6c ; <linker-generated/unattributed>
  459 ff38 3a ff 00 71 20 43 ff 8d ; <linker-generated/unattributed>
  460 ff40 fa 1f 60 8d f6 1f 6c 49 ; <linker-generated/unattributed>
  461 ff48 ff 00 51 20 52 ff 8d fa ; <linker-generated/unattributed>
  462 ff50 1f 60 8d f5 1f 6c 58 ff ; <linker-generated/unattributed>
  463 ff58 00 31 20 61 ff 8d fa 1f ; <linker-generated/unattributed>
  464 ff60 60 8d f4 1f 6c 67 ff 00 ; <linker-generated/unattributed>
  465 ff68 11 20 70 ff 8d fb 1f 60 ; <linker-generated/unattributed>
  466 ff70 8d fa 1f 6c 76 ff 13 d1 ; <linker-generated/unattributed>
  467 ffe0 2c fb 1f 4c 1b f1 2c fb ; <linker-generated/unattributed>
  468 ffe8 1f 4c 00 f1 2c fb 1f 4c ; <linker-generated/unattributed>
  469 fff0 1b f1                   ; <linker-generated/unattributed>
  470 fffa e0 ff e6 ff ec ff       ; <linker-generated/unattributed>
