------- VCSC linked image listing
------- Human source listing; addresses and bytes are final after relocation.
------- RAM symbols retain DASM constant rows for Stella compatibility.
    1 0086          00 86 matrix_probe7$__return =
    2 0086          00 86 matrix_probe6$__return =
    3 0086          00 86 matrix_probe5$__return =
    4 0086          00 86 matrix_probe4$__return =
    5 0086          00 86 matrix_probe3$__return =
    6 0086          00 86 matrix_probe2$__return =
    7 0086          00 86 matrix_probe1$__return =
    8 0086          00 86 matrix_probe0$__return =
    9 0083          00 83 matrix_sp_after =
   10 0082          00 82 matrix_sp_before =
   11 0081          00 81 matrix_count =
   12 0080          00 80 matrix_failure =
   13 0088          00 88 __stack_start =
   14 00f7          00 f7 __stack_top =
   15 0002          00 02 __call_stack_depth =
   16 0004          00 04 __call_stack_weighted_depth =
   17 0002          00 02 __call_stack_bank_extra_slots =
   18 0000          00 00 __call_stack_extra =
   19 0008          00 08 __call_stack_size =
   20 00f8          00 f8 __call_stack_start =
   21 00ff          00 ff __call_stack_top =
------- Source-correlated linked statements
; /mnt/data/vcsc_bankaudit/.tmp-callmatrix/f4sc-source4.c26:16 [bank bank7] | bank7 uint8_t matrix_probe7(void) { matrix_count := matrix_count + 1; return 0x87; }
   22 1100 a5 81                   ; LDA matrix_count
   23 1102 18                      ; CLC
   24 1103 69 01                   ; ADC #1
   25 1105 85 81                   ; STA matrix_count
   26 1107 a9 87                   ; LDA #135
   27 1109 85 87                   ; STA __vcsc_scratch_7
   28 110b a5 87                   ; LDA __vcsc_scratch_7
   29 110d 85 86                   ; STA matrix_probe7$__return
; <compiler-generated> [bank bank7]
   30 110f 60                      ; RTS
; /mnt/data/vcsc_bankaudit/.tmp-callmatrix/f4sc-source4.c26:15 [bank bank6] | bank6 uint8_t matrix_probe6(void) { matrix_count := matrix_count + 1; return 0x86; }
   31 3100 a5 81                   ; LDA matrix_count
   32 3102 18                      ; CLC
   33 3103 69 01                   ; ADC #1
   34 3105 85 81                   ; STA matrix_count
   35 3107 a9 86                   ; LDA #134
   36 3109 85 87                   ; STA __vcsc_scratch_6
   37 310b a5 87                   ; LDA __vcsc_scratch_6
   38 310d 85 86                   ; STA matrix_probe6$__return
; <compiler-generated> [bank bank6]
   39 310f 60                      ; RTS
; /mnt/data/vcsc_bankaudit/.tmp-callmatrix/f4sc-source4.c26:14 [bank bank5] | bank5 uint8_t matrix_probe5(void) { matrix_count := matrix_count + 1; return 0x85; }
   40 5100 a5 81                   ; LDA matrix_count
   41 5102 18                      ; CLC
   42 5103 69 01                   ; ADC #1
   43 5105 85 81                   ; STA matrix_count
   44 5107 a9 85                   ; LDA #133
   45 5109 85 87                   ; STA __vcsc_scratch_5
   46 510b a5 87                   ; LDA __vcsc_scratch_5
   47 510d 85 86                   ; STA matrix_probe5$__return
; <compiler-generated> [bank bank5]
   48 510f 60                      ; RTS
; /mnt/data/vcsc_bankaudit/.tmp-callmatrix/f4sc-source4.c26:13 [bank bank4] | bank4 uint8_t matrix_probe4(void) { matrix_count := matrix_count + 1; return 0x84; }
   49 7100 a5 81                   ; LDA matrix_count
   50 7102 18                      ; CLC
   51 7103 69 01                   ; ADC #1
   52 7105 85 81                   ; STA matrix_count
   53 7107 a9 84                   ; LDA #132
   54 7109 85 87                   ; STA __vcsc_scratch_4
   55 710b a5 87                   ; LDA __vcsc_scratch_4
   56 710d 85 86                   ; STA matrix_probe4$__return
; <compiler-generated> [bank bank4]
   57 710f 60                      ; RTS
; /mnt/data/vcsc_bankaudit/.tmp-callmatrix/f4sc-source4.c26:19 [bank bank4] | matrix_count := 0;
   58 7113 a9 00                   ; LDA #0
   59 7115 85 81                   ; STA matrix_count
; /mnt/data/vcsc_bankaudit/.tmp-callmatrix/f4sc-source4.c26:20 [bank bank4] | asm tsx; asm stx matrix_sp_before;
   60 7117 ba                      ; TSX
   61 7118 86 82                   ; STX matrix_sp_before
; /mnt/data/vcsc_bankaudit/.tmp-callmatrix/f4sc-source4.c26:22 [bank bank4] | asm tsx; asm stx matrix_sp_after;
   62 711a 20 00 7f                ; JSR matrix_probe0  => $7F00
   63 711d a5 86                   ; LDA matrix_probe0$__return
   64 711f 85 84                   ; STA __vcsc_scratch_8
   65 7121 a9 80                   ; LDA #128
   66 7123 85 85                   ; STA (__vcsc_scratch_8 + 1)
   67 7125 a5 84                   ; LDA __vcsc_scratch_8
   68 7127 c5 85                   ; CMP (__vcsc_scratch_8 + 1)
   69 7129 d0 04                   ; BNE @cmp_false_3
   70 712b a9 01                   ; LDA #1
   71 712d d0 02                   ; BNE @cmp_done_4
   72 712f a9 00                   ; LDA #0
   73 7131 d0 04                   ; BNE @if_false_0
; /mnt/data/vcsc_bankaudit/.tmp-callmatrix/f4sc-source4.c26:21 [bank bank4] | if (matrix_probe0() != 0x80) { matrix_failure := 0x01; }
   74 7133 a9 01                   ; LDA #1
   75 7135 85 80                   ; STA matrix_failure
; /mnt/data/vcsc_bankaudit/.tmp-callmatrix/f4sc-source4.c26:22 [bank bank4] | asm tsx; asm stx matrix_sp_after;
   76 7137 ba                      ; TSX
   77 7138 86 83                   ; STX matrix_sp_after
; /mnt/data/vcsc_bankaudit/.tmp-callmatrix/f4sc-source4.c26:24 [bank bank4] | asm tsx; asm stx matrix_sp_before;
   78 713a a5 83                   ; LDA matrix_sp_after
   79 713c c5 82                   ; CMP matrix_sp_before
   80 713e d0 03                   ; BNE @u8_ne_true_7
   81 7140 4c 47 71                ; JMP @if_false_5  => $7147
; /mnt/data/vcsc_bankaudit/.tmp-callmatrix/f4sc-source4.c26:23 [bank bank4] | if (matrix_sp_after != matrix_sp_before) { matrix_failure := 0x40; }
   82 7143 a9 40                   ; LDA #64
   83 7145 85 80                   ; STA matrix_failure
; /mnt/data/vcsc_bankaudit/.tmp-callmatrix/f4sc-source4.c26:24 [bank bank4] | asm tsx; asm stx matrix_sp_before;
   84 7147 ba                      ; TSX
   85 7148 86 82                   ; STX matrix_sp_before
; /mnt/data/vcsc_bankaudit/.tmp-callmatrix/f4sc-source4.c26:26 [bank bank4] | asm tsx; asm stx matrix_sp_after;
   86 714a 20 0f 7f                ; JSR matrix_probe1  => $7F0F
   87 714d a5 86                   ; LDA matrix_probe1$__return
   88 714f 85 84                   ; STA __vcsc_scratch_8
   89 7151 a9 81                   ; LDA #129
   90 7153 85 85                   ; STA (__vcsc_scratch_8 + 1)
   91 7155 a5 84                   ; LDA __vcsc_scratch_8
   92 7157 c5 85                   ; CMP (__vcsc_scratch_8 + 1)
   93 7159 d0 04                   ; BNE @cmp_false_11
   94 715b a9 01                   ; LDA #1
   95 715d d0 02                   ; BNE @cmp_done_12
   96 715f a9 00                   ; LDA #0
   97 7161 d0 04                   ; BNE @if_false_8
; /mnt/data/vcsc_bankaudit/.tmp-callmatrix/f4sc-source4.c26:25 [bank bank4] | if (matrix_probe1() != 0x81) { matrix_failure := 0x02; }
   98 7163 a9 02                   ; LDA #2
   99 7165 85 80                   ; STA matrix_failure
; /mnt/data/vcsc_bankaudit/.tmp-callmatrix/f4sc-source4.c26:26 [bank bank4] | asm tsx; asm stx matrix_sp_after;
  100 7167 ba                      ; TSX
  101 7168 86 83                   ; STX matrix_sp_after
; /mnt/data/vcsc_bankaudit/.tmp-callmatrix/f4sc-source4.c26:28 [bank bank4] | asm tsx; asm stx matrix_sp_before;
  102 716a a5 83                   ; LDA matrix_sp_after
  103 716c c5 82                   ; CMP matrix_sp_before
  104 716e d0 03                   ; BNE @u8_ne_true_15
  105 7170 4c 77 71                ; JMP @if_false_13  => $7177
; /mnt/data/vcsc_bankaudit/.tmp-callmatrix/f4sc-source4.c26:27 [bank bank4] | if (matrix_sp_after != matrix_sp_before) { matrix_failure := 0x41; }
  106 7173 a9 41                   ; LDA #65
  107 7175 85 80                   ; STA matrix_failure
; /mnt/data/vcsc_bankaudit/.tmp-callmatrix/f4sc-source4.c26:28 [bank bank4] | asm tsx; asm stx matrix_sp_before;
  108 7177 ba                      ; TSX
  109 7178 86 82                   ; STX matrix_sp_before
; /mnt/data/vcsc_bankaudit/.tmp-callmatrix/f4sc-source4.c26:30 [bank bank4] | asm tsx; asm stx matrix_sp_after;
  110 717a 20 1e 7f                ; JSR matrix_probe2  => $7F1E
  111 717d a5 86                   ; LDA matrix_probe2$__return
  112 717f 85 84                   ; STA __vcsc_scratch_8
  113 7181 a9 82                   ; LDA #130
  114 7183 85 85                   ; STA (__vcsc_scratch_8 + 1)
  115 7185 a5 84                   ; LDA __vcsc_scratch_8
  116 7187 c5 85                   ; CMP (__vcsc_scratch_8 + 1)
  117 7189 d0 04                   ; BNE @cmp_false_19
  118 718b a9 01                   ; LDA #1
  119 718d d0 02                   ; BNE @cmp_done_20
  120 718f a9 00                   ; LDA #0
  121 7191 d0 04                   ; BNE @if_false_16
; /mnt/data/vcsc_bankaudit/.tmp-callmatrix/f4sc-source4.c26:29 [bank bank4] | if (matrix_probe2() != 0x82) { matrix_failure := 0x03; }
  122 7193 a9 03                   ; LDA #3
  123 7195 85 80                   ; STA matrix_failure
; /mnt/data/vcsc_bankaudit/.tmp-callmatrix/f4sc-source4.c26:30 [bank bank4] | asm tsx; asm stx matrix_sp_after;
  124 7197 ba                      ; TSX
  125 7198 86 83                   ; STX matrix_sp_after
; /mnt/data/vcsc_bankaudit/.tmp-callmatrix/f4sc-source4.c26:32 [bank bank4] | asm tsx; asm stx matrix_sp_before;
  126 719a a5 83                   ; LDA matrix_sp_after
  127 719c c5 82                   ; CMP matrix_sp_before
  128 719e d0 03                   ; BNE @u8_ne_true_23
  129 71a0 4c a7 71                ; JMP @if_false_21  => $71A7
; /mnt/data/vcsc_bankaudit/.tmp-callmatrix/f4sc-source4.c26:31 [bank bank4] | if (matrix_sp_after != matrix_sp_before) { matrix_failure := 0x42; }
  130 71a3 a9 42                   ; LDA #66
  131 71a5 85 80                   ; STA matrix_failure
; /mnt/data/vcsc_bankaudit/.tmp-callmatrix/f4sc-source4.c26:32 [bank bank4] | asm tsx; asm stx matrix_sp_before;
  132 71a7 ba                      ; TSX
  133 71a8 86 82                   ; STX matrix_sp_before
; /mnt/data/vcsc_bankaudit/.tmp-callmatrix/f4sc-source4.c26:34 [bank bank4] | asm tsx; asm stx matrix_sp_after;
  134 71aa 20 2d 7f                ; JSR matrix_probe3  => $7F2D
  135 71ad a5 86                   ; LDA matrix_probe3$__return
  136 71af 85 84                   ; STA __vcsc_scratch_8
  137 71b1 a9 83                   ; LDA #131
  138 71b3 85 85                   ; STA (__vcsc_scratch_8 + 1)
  139 71b5 a5 84                   ; LDA __vcsc_scratch_8
  140 71b7 c5 85                   ; CMP (__vcsc_scratch_8 + 1)
  141 71b9 d0 04                   ; BNE @cmp_false_27
  142 71bb a9 01                   ; LDA #1
  143 71bd d0 02                   ; BNE @cmp_done_28
  144 71bf a9 00                   ; LDA #0
  145 71c1 d0 04                   ; BNE @if_false_24
; /mnt/data/vcsc_bankaudit/.tmp-callmatrix/f4sc-source4.c26:33 [bank bank4] | if (matrix_probe3() != 0x83) { matrix_failure := 0x04; }
  146 71c3 a9 04                   ; LDA #4
  147 71c5 85 80                   ; STA matrix_failure
; /mnt/data/vcsc_bankaudit/.tmp-callmatrix/f4sc-source4.c26:34 [bank bank4] | asm tsx; asm stx matrix_sp_after;
  148 71c7 ba                      ; TSX
  149 71c8 86 83                   ; STX matrix_sp_after
; /mnt/data/vcsc_bankaudit/.tmp-callmatrix/f4sc-source4.c26:36 [bank bank4] | asm tsx; asm stx matrix_sp_before;
  150 71ca a5 83                   ; LDA matrix_sp_after
  151 71cc c5 82                   ; CMP matrix_sp_before
  152 71ce d0 03                   ; BNE @u8_ne_true_31
  153 71d0 4c d7 71                ; JMP @if_false_29  => $71D7
; /mnt/data/vcsc_bankaudit/.tmp-callmatrix/f4sc-source4.c26:35 [bank bank4] | if (matrix_sp_after != matrix_sp_before) { matrix_failure := 0x43; }
  154 71d3 a9 43                   ; LDA #67
  155 71d5 85 80                   ; STA matrix_failure
; /mnt/data/vcsc_bankaudit/.tmp-callmatrix/f4sc-source4.c26:36 [bank bank4] | asm tsx; asm stx matrix_sp_before;
  156 71d7 ba                      ; TSX
  157 71d8 86 82                   ; STX matrix_sp_before
; /mnt/data/vcsc_bankaudit/.tmp-callmatrix/f4sc-source4.c26:38 [bank bank4] | asm tsx; asm stx matrix_sp_after;
  158 71da 20 00 71                ; JSR matrix_probe4  => $7100
  159 71dd a5 86                   ; LDA matrix_probe4$__return
  160 71df 85 84                   ; STA __vcsc_scratch_8
  161 71e1 a9 84                   ; LDA #132
  162 71e3 85 85                   ; STA (__vcsc_scratch_8 + 1)
  163 71e5 a5 84                   ; LDA __vcsc_scratch_8
  164 71e7 c5 85                   ; CMP (__vcsc_scratch_8 + 1)
  165 71e9 d0 04                   ; BNE @cmp_false_35
  166 71eb a9 01                   ; LDA #1
  167 71ed d0 02                   ; BNE @cmp_done_36
  168 71ef a9 00                   ; LDA #0
  169 71f1 d0 04                   ; BNE @if_false_32
; /mnt/data/vcsc_bankaudit/.tmp-callmatrix/f4sc-source4.c26:37 [bank bank4] | if (matrix_probe4() != 0x84) { matrix_failure := 0x05; }
  170 71f3 a9 05                   ; LDA #5
  171 71f5 85 80                   ; STA matrix_failure
; /mnt/data/vcsc_bankaudit/.tmp-callmatrix/f4sc-source4.c26:38 [bank bank4] | asm tsx; asm stx matrix_sp_after;
  172 71f7 ba                      ; TSX
  173 71f8 86 83                   ; STX matrix_sp_after
; /mnt/data/vcsc_bankaudit/.tmp-callmatrix/f4sc-source4.c26:40 [bank bank4] | asm tsx; asm stx matrix_sp_before;
  174 71fa a5 83                   ; LDA matrix_sp_after
  175 71fc c5 82                   ; CMP matrix_sp_before
  176 71fe d0 03                   ; BNE @u8_ne_true_39
  177 7200 4c 07 72                ; JMP @if_false_37  => $7207
; /mnt/data/vcsc_bankaudit/.tmp-callmatrix/f4sc-source4.c26:39 [bank bank4] | if (matrix_sp_after != matrix_sp_before) { matrix_failure := 0x44; }
  178 7203 a9 44                   ; LDA #68
  179 7205 85 80                   ; STA matrix_failure
; /mnt/data/vcsc_bankaudit/.tmp-callmatrix/f4sc-source4.c26:40 [bank bank4] | asm tsx; asm stx matrix_sp_before;
  180 7207 ba                      ; TSX
  181 7208 86 82                   ; STX matrix_sp_before
; /mnt/data/vcsc_bankaudit/.tmp-callmatrix/f4sc-source4.c26:42 [bank bank4] | asm tsx; asm stx matrix_sp_after;
  182 720a 20 3c 7f                ; JSR matrix_probe5  => $7F3C
  183 720d a5 86                   ; LDA matrix_probe5$__return
  184 720f 85 84                   ; STA __vcsc_scratch_8
  185 7211 a9 85                   ; LDA #133
  186 7213 85 85                   ; STA (__vcsc_scratch_8 + 1)
  187 7215 a5 84                   ; LDA __vcsc_scratch_8
  188 7217 c5 85                   ; CMP (__vcsc_scratch_8 + 1)
  189 7219 d0 04                   ; BNE @cmp_false_43
  190 721b a9 01                   ; LDA #1
  191 721d d0 02                   ; BNE @cmp_done_44
  192 721f a9 00                   ; LDA #0
  193 7221 d0 04                   ; BNE @if_false_40
; /mnt/data/vcsc_bankaudit/.tmp-callmatrix/f4sc-source4.c26:41 [bank bank4] | if (matrix_probe5() != 0x85) { matrix_failure := 0x06; }
  194 7223 a9 06                   ; LDA #6
  195 7225 85 80                   ; STA matrix_failure
; /mnt/data/vcsc_bankaudit/.tmp-callmatrix/f4sc-source4.c26:42 [bank bank4] | asm tsx; asm stx matrix_sp_after;
  196 7227 ba                      ; TSX
  197 7228 86 83                   ; STX matrix_sp_after
; /mnt/data/vcsc_bankaudit/.tmp-callmatrix/f4sc-source4.c26:44 [bank bank4] | asm tsx; asm stx matrix_sp_before;
  198 722a a5 83                   ; LDA matrix_sp_after
  199 722c c5 82                   ; CMP matrix_sp_before
  200 722e d0 03                   ; BNE @u8_ne_true_47
  201 7230 4c 37 72                ; JMP @if_false_45  => $7237
; /mnt/data/vcsc_bankaudit/.tmp-callmatrix/f4sc-source4.c26:43 [bank bank4] | if (matrix_sp_after != matrix_sp_before) { matrix_failure := 0x45; }
  202 7233 a9 45                   ; LDA #69
  203 7235 85 80                   ; STA matrix_failure
; /mnt/data/vcsc_bankaudit/.tmp-callmatrix/f4sc-source4.c26:44 [bank bank4] | asm tsx; asm stx matrix_sp_before;
  204 7237 ba                      ; TSX
  205 7238 86 82                   ; STX matrix_sp_before
; /mnt/data/vcsc_bankaudit/.tmp-callmatrix/f4sc-source4.c26:46 [bank bank4] | asm tsx; asm stx matrix_sp_after;
  206 723a 20 4b 7f                ; JSR matrix_probe6  => $7F4B
  207 723d a5 86                   ; LDA matrix_probe6$__return
  208 723f 85 84                   ; STA __vcsc_scratch_8
  209 7241 a9 86                   ; LDA #134
  210 7243 85 85                   ; STA (__vcsc_scratch_8 + 1)
  211 7245 a5 84                   ; LDA __vcsc_scratch_8
  212 7247 c5 85                   ; CMP (__vcsc_scratch_8 + 1)
  213 7249 d0 04                   ; BNE @cmp_false_51
  214 724b a9 01                   ; LDA #1
  215 724d d0 02                   ; BNE @cmp_done_52
  216 724f a9 00                   ; LDA #0
  217 7251 d0 04                   ; BNE @if_false_48
; /mnt/data/vcsc_bankaudit/.tmp-callmatrix/f4sc-source4.c26:45 [bank bank4] | if (matrix_probe6() != 0x86) { matrix_failure := 0x07; }
  218 7253 a9 07                   ; LDA #7
  219 7255 85 80                   ; STA matrix_failure
; /mnt/data/vcsc_bankaudit/.tmp-callmatrix/f4sc-source4.c26:46 [bank bank4] | asm tsx; asm stx matrix_sp_after;
  220 7257 ba                      ; TSX
  221 7258 86 83                   ; STX matrix_sp_after
; /mnt/data/vcsc_bankaudit/.tmp-callmatrix/f4sc-source4.c26:48 [bank bank4] | asm tsx; asm stx matrix_sp_before;
  222 725a a5 83                   ; LDA matrix_sp_after
  223 725c c5 82                   ; CMP matrix_sp_before
  224 725e d0 03                   ; BNE @u8_ne_true_55
  225 7260 4c 67 72                ; JMP @if_false_53  => $7267
; /mnt/data/vcsc_bankaudit/.tmp-callmatrix/f4sc-source4.c26:47 [bank bank4] | if (matrix_sp_after != matrix_sp_before) { matrix_failure := 0x46; }
  226 7263 a9 46                   ; LDA #70
  227 7265 85 80                   ; STA matrix_failure
; /mnt/data/vcsc_bankaudit/.tmp-callmatrix/f4sc-source4.c26:48 [bank bank4] | asm tsx; asm stx matrix_sp_before;
  228 7267 ba                      ; TSX
  229 7268 86 82                   ; STX matrix_sp_before
; /mnt/data/vcsc_bankaudit/.tmp-callmatrix/f4sc-source4.c26:50 [bank bank4] | asm tsx; asm stx matrix_sp_after;
  230 726a 20 5a 7f                ; JSR matrix_probe7  => $7F5A
  231 726d a5 86                   ; LDA matrix_probe7$__return
  232 726f 85 84                   ; STA __vcsc_scratch_8
  233 7271 a9 87                   ; LDA #135
  234 7273 85 85                   ; STA (__vcsc_scratch_8 + 1)
  235 7275 a5 84                   ; LDA __vcsc_scratch_8
  236 7277 c5 85                   ; CMP (__vcsc_scratch_8 + 1)
  237 7279 d0 04                   ; BNE @cmp_false_59
  238 727b a9 01                   ; LDA #1
  239 727d d0 02                   ; BNE @cmp_done_60
  240 727f a9 00                   ; LDA #0
  241 7281 d0 04                   ; BNE @if_false_56
; /mnt/data/vcsc_bankaudit/.tmp-callmatrix/f4sc-source4.c26:49 [bank bank4] | if (matrix_probe7() != 0x87) { matrix_failure := 0x08; }
  242 7283 a9 08                   ; LDA #8
  243 7285 85 80                   ; STA matrix_failure
; /mnt/data/vcsc_bankaudit/.tmp-callmatrix/f4sc-source4.c26:50 [bank bank4] | asm tsx; asm stx matrix_sp_after;
  244 7287 ba                      ; TSX
  245 7288 86 83                   ; STX matrix_sp_after
; /mnt/data/vcsc_bankaudit/.tmp-callmatrix/f4sc-source4.c26:52 [bank bank4] | if (matrix_count != 8) { matrix_failure := 0x7E; }
  246 728a a5 83                   ; LDA matrix_sp_after
  247 728c c5 82                   ; CMP matrix_sp_before
  248 728e d0 03                   ; BNE @u8_ne_true_63
  249 7290 4c 97 72                ; JMP @if_false_61  => $7297
; /mnt/data/vcsc_bankaudit/.tmp-callmatrix/f4sc-source4.c26:51 [bank bank4] | if (matrix_sp_after != matrix_sp_before) { matrix_failure := 0x47; }
  250 7293 a9 47                   ; LDA #71
  251 7295 85 80                   ; STA matrix_failure
; /mnt/data/vcsc_bankaudit/.tmp-callmatrix/f4sc-source4.c26:53 [bank bank4] | }
  252 7297 a5 81                   ; LDA matrix_count
  253 7299 c9 08                   ; CMP #8
  254 729b d0 03                   ; BNE @u8_ne_true_66
  255 729d 4c a4 72                ; JMP @if_false_64  => $72A4
; /mnt/data/vcsc_bankaudit/.tmp-callmatrix/f4sc-source4.c26:52 [bank bank4] | if (matrix_count != 8) { matrix_failure := 0x7E; }
  256 72a0 a9 7e                   ; LDA #126
  257 72a2 85 80                   ; STA matrix_failure
; <compiler-generated> [bank bank4]
  258 72a4 60                      ; RTS
; /mnt/data/vcsc_bankaudit/.tmp-callmatrix/f4sc-source4.c26:12 [bank bank3] | bank3 uint8_t matrix_probe3(void) { matrix_count := matrix_count + 1; return 0x83; }
  259 9100 a5 81                   ; LDA matrix_count
  260 9102 18                      ; CLC
  261 9103 69 01                   ; ADC #1
  262 9105 85 81                   ; STA matrix_count
  263 9107 a9 83                   ; LDA #131
  264 9109 85 87                   ; STA __vcsc_scratch_3
  265 910b a5 87                   ; LDA __vcsc_scratch_3
  266 910d 85 86                   ; STA matrix_probe3$__return
; <compiler-generated> [bank bank3]
  267 910f 60                      ; RTS
; /mnt/data/vcsc_bankaudit/.tmp-callmatrix/f4sc-source4.c26:11 [bank bank2] | bank2 uint8_t matrix_probe2(void) { matrix_count := matrix_count + 1; return 0x82; }
  268 b100 a5 81                   ; LDA matrix_count
  269 b102 18                      ; CLC
  270 b103 69 01                   ; ADC #1
  271 b105 85 81                   ; STA matrix_count
  272 b107 a9 82                   ; LDA #130
  273 b109 85 87                   ; STA __vcsc_scratch_2
  274 b10b a5 87                   ; LDA __vcsc_scratch_2
  275 b10d 85 86                   ; STA matrix_probe2$__return
; <compiler-generated> [bank bank2]
  276 b10f 60                      ; RTS
; /mnt/data/vcsc_bankaudit/.tmp-callmatrix/f4sc-source4.c26:10 [bank bank1] | bank1 uint8_t matrix_probe1(void) { matrix_count := matrix_count + 1; return 0x81; }
  277 d100 a5 81                   ; LDA matrix_count
  278 d102 18                      ; CLC
  279 d103 69 01                   ; ADC #1
  280 d105 85 81                   ; STA matrix_count
  281 d107 a9 81                   ; LDA #129
  282 d109 85 87                   ; STA __vcsc_scratch_1
  283 d10b a5 87                   ; LDA __vcsc_scratch_1
  284 d10d 85 86                   ; STA matrix_probe1$__return
; <compiler-generated> [bank bank1]
  285 d10f 60                      ; RTS
; wrk/vcsc-rt1-simple.s26:25 [bank bank0] | sei
  286 f100 78                      ; SEI
; wrk/vcsc-rt1-simple.s26:26 [bank bank0] | cld
  287 f101 d8                      ; CLD
; wrk/vcsc-rt1-simple.s26:27 [bank bank0] | ldx #$ff
  288 f102 a2 ff                   ; LDX #255
; wrk/vcsc-rt1-simple.s26:28 [bank bank0] | txs
  289 f104 9a                      ; TXS
; wrk/vcsc-rt1-simple.s26:30 [bank bank0] | lda #0
  290 f105 a9 00                   ; LDA #0
; wrk/vcsc-rt1-simple.s26:31 [bank bank0] | ldx #$7f
  291 f107 a2 7f                   ; LDX #127
; wrk/vcsc-rt1-simple.s26:33 [bank bank0] | sta $80,x
  292 f109 95 80                   ; STA 128,X
; wrk/vcsc-rt1-simple.s26:34 [bank bank0] | dex
  293 f10b ca                      ; DEX
; wrk/vcsc-rt1-simple.s26:35 [bank bank0] | bpl.same @clear_ram
  294 f10c 10 fb                   ; BPL.same @clear_ram
; wrk/vcsc-rt1-simple.s26:37 [bank bank0] | ldx #$2c
  295 f10e a2 2c                   ; LDX #44
; wrk/vcsc-rt1-simple.s26:39 [bank bank0] | sta $00,x
  296 f110 95 00                   ; STA 0,X
; wrk/vcsc-rt1-simple.s26:40 [bank bank0] | dex
  297 f112 ca                      ; DEX
; wrk/vcsc-rt1-simple.s26:41 [bank bank0] | bpl.same @clear_tia
  298 f113 10 fb                   ; BPL.same @clear_tia
; wrk/vcsc-rt1-simple.s26:43 [bank bank0] | ldx #$ff
  299 f115 a2 ff                   ; LDX #255
; wrk/vcsc-rt1-simple.s26:44 [bank bank0] | txs
  300 f117 9a                      ; TXS
; wrk/vcsc-rt1-simple.s26:45 [bank bank0] | jmp main
  301 f118 4c 30 f1                ; JMP main  => $F130
; wrk/vcsc-rt1-simple.s26:49 [bank bank0] | rti
  302 f11b 40                      ; RTI
; /mnt/data/vcsc_bankaudit/.tmp-callmatrix/f4sc-source4.c26:9 [bank bank0] | bank0 uint8_t matrix_probe0(void) { matrix_count := matrix_count + 1; return 0x80; }
  303 f11c a5 81                   ; LDA matrix_count
  304 f11e 18                      ; CLC
  305 f11f 69 01                   ; ADC #1
  306 f121 85 81                   ; STA matrix_count
  307 f123 a9 80                   ; LDA #128
  308 f125 85 87                   ; STA __vcsc_scratch_0
  309 f127 a5 87                   ; LDA __vcsc_scratch_0
  310 f129 85 86                   ; STA matrix_probe0$__return
; <compiler-generated> [bank bank0]
  311 f12b 60                      ; RTS
; /mnt/data/vcsc_bankaudit/.tmp-callmatrix/f4sc-source4.c26:55 [bank bank0] | bank0 void matrix_done(void) { while (1) { } }
  312 f12c 4c 2c f1                ; JMP @while_start_67  => $F12C
; <compiler-generated> [bank bank0]
  313 f12f 60                      ; RTS
; /mnt/data/vcsc_bankaudit/.tmp-callmatrix/f4sc-source4.c26:58 [bank bank0] | matrix_failure := 0;
  314 f130 a9 00                   ; LDA #0
  315 f132 85 80                   ; STA matrix_failure
; /mnt/data/vcsc_bankaudit/.tmp-callmatrix/f4sc-source4.c26:59 [bank bank0] | matrix_source();
  316 f134 20 69 ff                ; JSR matrix_source  => $FF69
; /mnt/data/vcsc_bankaudit/.tmp-callmatrix/f4sc-source4.c26:60 [bank bank0] | asm jmp matrix_done;
  317 f137 4c 2c f1                ; JMP matrix_done  => $F12C
; <compiler-generated> [bank bank0]
  318 f13a 6c fc ff                ; JMP (65532)  => $FFFC
------- Unattributed/linker-generated linked bytes
  319 1f00 20 07 ff 8d f7 1f 60 8d ; <linker-generated/unattributed>
  320 1f08 fb 1f 6c 0d ff 1c f1 20 ; <linker-generated/unattributed>
  321 1f10 16 ff 8d f7 1f 60 8d fa ; <linker-generated/unattributed>
  322 1f18 1f 6c 1c ff 00 d1 20 25 ; <linker-generated/unattributed>
  323 1f20 ff 8d f7 1f 60 8d f9 1f ; <linker-generated/unattributed>
  324 1f28 6c 2b ff 00 b1 20 34 ff ; <linker-generated/unattributed>
  325 1f30 8d f7 1f 60 8d f8 1f 6c ; <linker-generated/unattributed>
  326 1f38 3a ff 00 91 20 43 ff 8d ; <linker-generated/unattributed>
  327 1f40 f7 1f 60 8d f6 1f 6c 49 ; <linker-generated/unattributed>
  328 1f48 ff 00 51 20 52 ff 8d f7 ; <linker-generated/unattributed>
  329 1f50 1f 60 8d f5 1f 6c 58 ff ; <linker-generated/unattributed>
  330 1f58 00 31 20 61 ff 8d f7 1f ; <linker-generated/unattributed>
  331 1f60 60 8d f4 1f 6c 67 ff 00 ; <linker-generated/unattributed>
  332 1f68 11 20 70 ff 8d fb 1f 60 ; <linker-generated/unattributed>
  333 1f70 8d f7 1f 6c 76 ff 13 71 ; <linker-generated/unattributed>
  334 1fe0 2c fb 1f 4c 1b f1 2c fb ; <linker-generated/unattributed>
  335 1fe8 1f 4c 00 f1 2c fb 1f 4c ; <linker-generated/unattributed>
  336 1ff0 1b f1                   ; <linker-generated/unattributed>
  337 1ffa e0 ff e6 ff ec ff       ; <linker-generated/unattributed>
  338 3f00 20 07 ff 8d f7 1f 60 8d ; <linker-generated/unattributed>
  339 3f08 fb 1f 6c 0d ff 1c f1 20 ; <linker-generated/unattributed>
  340 3f10 16 ff 8d f7 1f 60 8d fa ; <linker-generated/unattributed>
  341 3f18 1f 6c 1c ff 00 d1 20 25 ; <linker-generated/unattributed>
  342 3f20 ff 8d f7 1f 60 8d f9 1f ; <linker-generated/unattributed>
  343 3f28 6c 2b ff 00 b1 20 34 ff ; <linker-generated/unattributed>
  344 3f30 8d f7 1f 60 8d f8 1f 6c ; <linker-generated/unattributed>
  345 3f38 3a ff 00 91 20 43 ff 8d ; <linker-generated/unattributed>
  346 3f40 f7 1f 60 8d f6 1f 6c 49 ; <linker-generated/unattributed>
  347 3f48 ff 00 51 20 52 ff 8d f7 ; <linker-generated/unattributed>
  348 3f50 1f 60 8d f5 1f 6c 58 ff ; <linker-generated/unattributed>
  349 3f58 00 31 20 61 ff 8d f7 1f ; <linker-generated/unattributed>
  350 3f60 60 8d f4 1f 6c 67 ff 00 ; <linker-generated/unattributed>
  351 3f68 11 20 70 ff 8d fb 1f 60 ; <linker-generated/unattributed>
  352 3f70 8d f7 1f 6c 76 ff 13 71 ; <linker-generated/unattributed>
  353 3fe0 2c fb 1f 4c 1b f1 2c fb ; <linker-generated/unattributed>
  354 3fe8 1f 4c 00 f1 2c fb 1f 4c ; <linker-generated/unattributed>
  355 3ff0 1b f1                   ; <linker-generated/unattributed>
  356 3ffa e0 ff e6 ff ec ff       ; <linker-generated/unattributed>
  357 5f00 20 07 ff 8d f7 1f 60 8d ; <linker-generated/unattributed>
  358 5f08 fb 1f 6c 0d ff 1c f1 20 ; <linker-generated/unattributed>
  359 5f10 16 ff 8d f7 1f 60 8d fa ; <linker-generated/unattributed>
  360 5f18 1f 6c 1c ff 00 d1 20 25 ; <linker-generated/unattributed>
  361 5f20 ff 8d f7 1f 60 8d f9 1f ; <linker-generated/unattributed>
  362 5f28 6c 2b ff 00 b1 20 34 ff ; <linker-generated/unattributed>
  363 5f30 8d f7 1f 60 8d f8 1f 6c ; <linker-generated/unattributed>
  364 5f38 3a ff 00 91 20 43 ff 8d ; <linker-generated/unattributed>
  365 5f40 f7 1f 60 8d f6 1f 6c 49 ; <linker-generated/unattributed>
  366 5f48 ff 00 51 20 52 ff 8d f7 ; <linker-generated/unattributed>
  367 5f50 1f 60 8d f5 1f 6c 58 ff ; <linker-generated/unattributed>
  368 5f58 00 31 20 61 ff 8d f7 1f ; <linker-generated/unattributed>
  369 5f60 60 8d f4 1f 6c 67 ff 00 ; <linker-generated/unattributed>
  370 5f68 11 20 70 ff 8d fb 1f 60 ; <linker-generated/unattributed>
  371 5f70 8d f7 1f 6c 76 ff 13 71 ; <linker-generated/unattributed>
  372 5fe0 2c fb 1f 4c 1b f1 2c fb ; <linker-generated/unattributed>
  373 5fe8 1f 4c 00 f1 2c fb 1f 4c ; <linker-generated/unattributed>
  374 5ff0 1b f1                   ; <linker-generated/unattributed>
  375 5ffa e0 ff e6 ff ec ff       ; <linker-generated/unattributed>
  376 7f00 20 07 ff 8d f7 1f 60 8d ; <linker-generated/unattributed>
  377 7f08 fb 1f 6c 0d ff 1c f1 20 ; <linker-generated/unattributed>
  378 7f10 16 ff 8d f7 1f 60 8d fa ; <linker-generated/unattributed>
  379 7f18 1f 6c 1c ff 00 d1 20 25 ; <linker-generated/unattributed>
  380 7f20 ff 8d f7 1f 60 8d f9 1f ; <linker-generated/unattributed>
  381 7f28 6c 2b ff 00 b1 20 34 ff ; <linker-generated/unattributed>
  382 7f30 8d f7 1f 60 8d f8 1f 6c ; <linker-generated/unattributed>
  383 7f38 3a ff 00 91 20 43 ff 8d ; <linker-generated/unattributed>
  384 7f40 f7 1f 60 8d f6 1f 6c 49 ; <linker-generated/unattributed>
  385 7f48 ff 00 51 20 52 ff 8d f7 ; <linker-generated/unattributed>
  386 7f50 1f 60 8d f5 1f 6c 58 ff ; <linker-generated/unattributed>
  387 7f58 00 31 20 61 ff 8d f7 1f ; <linker-generated/unattributed>
  388 7f60 60 8d f4 1f 6c 67 ff 00 ; <linker-generated/unattributed>
  389 7f68 11 20 70 ff 8d fb 1f 60 ; <linker-generated/unattributed>
  390 7f70 8d f7 1f 6c 76 ff 13 71 ; <linker-generated/unattributed>
  391 7fe0 2c fb 1f 4c 1b f1 2c fb ; <linker-generated/unattributed>
  392 7fe8 1f 4c 00 f1 2c fb 1f 4c ; <linker-generated/unattributed>
  393 7ff0 1b f1                   ; <linker-generated/unattributed>
  394 7ffa e0 ff e6 ff ec ff       ; <linker-generated/unattributed>
  395 9f00 20 07 ff 8d f7 1f 60 8d ; <linker-generated/unattributed>
  396 9f08 fb 1f 6c 0d ff 1c f1 20 ; <linker-generated/unattributed>
  397 9f10 16 ff 8d f7 1f 60 8d fa ; <linker-generated/unattributed>
  398 9f18 1f 6c 1c ff 00 d1 20 25 ; <linker-generated/unattributed>
  399 9f20 ff 8d f7 1f 60 8d f9 1f ; <linker-generated/unattributed>
  400 9f28 6c 2b ff 00 b1 20 34 ff ; <linker-generated/unattributed>
  401 9f30 8d f7 1f 60 8d f8 1f 6c ; <linker-generated/unattributed>
  402 9f38 3a ff 00 91 20 43 ff 8d ; <linker-generated/unattributed>
  403 9f40 f7 1f 60 8d f6 1f 6c 49 ; <linker-generated/unattributed>
  404 9f48 ff 00 51 20 52 ff 8d f7 ; <linker-generated/unattributed>
  405 9f50 1f 60 8d f5 1f 6c 58 ff ; <linker-generated/unattributed>
  406 9f58 00 31 20 61 ff 8d f7 1f ; <linker-generated/unattributed>
  407 9f60 60 8d f4 1f 6c 67 ff 00 ; <linker-generated/unattributed>
  408 9f68 11 20 70 ff 8d fb 1f 60 ; <linker-generated/unattributed>
  409 9f70 8d f7 1f 6c 76 ff 13 71 ; <linker-generated/unattributed>
  410 9fe0 2c fb 1f 4c 1b f1 2c fb ; <linker-generated/unattributed>
  411 9fe8 1f 4c 00 f1 2c fb 1f 4c ; <linker-generated/unattributed>
  412 9ff0 1b f1                   ; <linker-generated/unattributed>
  413 9ffa e0 ff e6 ff ec ff       ; <linker-generated/unattributed>
  414 bf00 20 07 ff 8d f7 1f 60 8d ; <linker-generated/unattributed>
  415 bf08 fb 1f 6c 0d ff 1c f1 20 ; <linker-generated/unattributed>
  416 bf10 16 ff 8d f7 1f 60 8d fa ; <linker-generated/unattributed>
  417 bf18 1f 6c 1c ff 00 d1 20 25 ; <linker-generated/unattributed>
  418 bf20 ff 8d f7 1f 60 8d f9 1f ; <linker-generated/unattributed>
  419 bf28 6c 2b ff 00 b1 20 34 ff ; <linker-generated/unattributed>
  420 bf30 8d f7 1f 60 8d f8 1f 6c ; <linker-generated/unattributed>
  421 bf38 3a ff 00 91 20 43 ff 8d ; <linker-generated/unattributed>
  422 bf40 f7 1f 60 8d f6 1f 6c 49 ; <linker-generated/unattributed>
  423 bf48 ff 00 51 20 52 ff 8d f7 ; <linker-generated/unattributed>
  424 bf50 1f 60 8d f5 1f 6c 58 ff ; <linker-generated/unattributed>
  425 bf58 00 31 20 61 ff 8d f7 1f ; <linker-generated/unattributed>
  426 bf60 60 8d f4 1f 6c 67 ff 00 ; <linker-generated/unattributed>
  427 bf68 11 20 70 ff 8d fb 1f 60 ; <linker-generated/unattributed>
  428 bf70 8d f7 1f 6c 76 ff 13 71 ; <linker-generated/unattributed>
  429 bfe0 2c fb 1f 4c 1b f1 2c fb ; <linker-generated/unattributed>
  430 bfe8 1f 4c 00 f1 2c fb 1f 4c ; <linker-generated/unattributed>
  431 bff0 1b f1                   ; <linker-generated/unattributed>
  432 bffa e0 ff e6 ff ec ff       ; <linker-generated/unattributed>
  433 df00 20 07 ff 8d f7 1f 60 8d ; <linker-generated/unattributed>
  434 df08 fb 1f 6c 0d ff 1c f1 20 ; <linker-generated/unattributed>
  435 df10 16 ff 8d f7 1f 60 8d fa ; <linker-generated/unattributed>
  436 df18 1f 6c 1c ff 00 d1 20 25 ; <linker-generated/unattributed>
  437 df20 ff 8d f7 1f 60 8d f9 1f ; <linker-generated/unattributed>
  438 df28 6c 2b ff 00 b1 20 34 ff ; <linker-generated/unattributed>
  439 df30 8d f7 1f 60 8d f8 1f 6c ; <linker-generated/unattributed>
  440 df38 3a ff 00 91 20 43 ff 8d ; <linker-generated/unattributed>
  441 df40 f7 1f 60 8d f6 1f 6c 49 ; <linker-generated/unattributed>
  442 df48 ff 00 51 20 52 ff 8d f7 ; <linker-generated/unattributed>
  443 df50 1f 60 8d f5 1f 6c 58 ff ; <linker-generated/unattributed>
  444 df58 00 31 20 61 ff 8d f7 1f ; <linker-generated/unattributed>
  445 df60 60 8d f4 1f 6c 67 ff 00 ; <linker-generated/unattributed>
  446 df68 11 20 70 ff 8d fb 1f 60 ; <linker-generated/unattributed>
  447 df70 8d f7 1f 6c 76 ff 13 71 ; <linker-generated/unattributed>
  448 dfe0 2c fb 1f 4c 1b f1 2c fb ; <linker-generated/unattributed>
  449 dfe8 1f 4c 00 f1 2c fb 1f 4c ; <linker-generated/unattributed>
  450 dff0 1b f1                   ; <linker-generated/unattributed>
  451 dffa e0 ff e6 ff ec ff       ; <linker-generated/unattributed>
  452 ff00 20 07 ff 8d f7 1f 60 8d ; <linker-generated/unattributed>
  453 ff08 fb 1f 6c 0d ff 1c f1 20 ; <linker-generated/unattributed>
  454 ff10 16 ff 8d f7 1f 60 8d fa ; <linker-generated/unattributed>
  455 ff18 1f 6c 1c ff 00 d1 20 25 ; <linker-generated/unattributed>
  456 ff20 ff 8d f7 1f 60 8d f9 1f ; <linker-generated/unattributed>
  457 ff28 6c 2b ff 00 b1 20 34 ff ; <linker-generated/unattributed>
  458 ff30 8d f7 1f 60 8d f8 1f 6c ; <linker-generated/unattributed>
  459 ff38 3a ff 00 91 20 43 ff 8d ; <linker-generated/unattributed>
  460 ff40 f7 1f 60 8d f6 1f 6c 49 ; <linker-generated/unattributed>
  461 ff48 ff 00 51 20 52 ff 8d f7 ; <linker-generated/unattributed>
  462 ff50 1f 60 8d f5 1f 6c 58 ff ; <linker-generated/unattributed>
  463 ff58 00 31 20 61 ff 8d f7 1f ; <linker-generated/unattributed>
  464 ff60 60 8d f4 1f 6c 67 ff 00 ; <linker-generated/unattributed>
  465 ff68 11 20 70 ff 8d fb 1f 60 ; <linker-generated/unattributed>
  466 ff70 8d f7 1f 6c 76 ff 13 71 ; <linker-generated/unattributed>
  467 ffe0 2c fb 1f 4c 1b f1 2c fb ; <linker-generated/unattributed>
  468 ffe8 1f 4c 00 f1 2c fb 1f 4c ; <linker-generated/unattributed>
  469 fff0 1b f1                   ; <linker-generated/unattributed>
  470 fffa e0 ff e6 ff ec ff       ; <linker-generated/unattributed>
