------- VCSC linked image listing
------- Human source listing; addresses and bytes are final after relocation.
------- RAM symbols retain DASM constant rows for Stella compatibility.
    1 0086          00 86 matrix_probe3$__return =
    2 0086          00 86 matrix_probe2$__return =
    3 0086          00 86 matrix_probe1$__return =
    4 0086          00 86 matrix_probe0$__return =
    5 0083          00 83 matrix_sp_after =
    6 0082          00 82 matrix_sp_before =
    7 0081          00 81 matrix_count =
    8 0080          00 80 matrix_failure =
    9 0088          00 88 __stack_start =
   10 00f7          00 f7 __stack_top =
   11 0002          00 02 __call_stack_depth =
   12 0004          00 04 __call_stack_weighted_depth =
   13 0002          00 02 __call_stack_bank_extra_slots =
   14 0000          00 00 __call_stack_extra =
   15 0008          00 08 __call_stack_size =
   16 00f8          00 f8 __call_stack_start =
   17 00ff          00 ff __call_stack_top =
------- Source-correlated linked statements
; /mnt/data/vcsc_bankaudit/.tmp-callmatrix/f6-source2.c26:12 [bank bank3] | bank3 uint8_t matrix_probe3(void) { matrix_count := matrix_count + 1; return 0x83; }
   18 9000 a5 81                   ; LDA matrix_count
   19 9002 18                      ; CLC
   20 9003 69 01                   ; ADC #1
   21 9005 85 81                   ; STA matrix_count
   22 9007 a9 83                   ; LDA #131
   23 9009 85 87                   ; STA __vcsc_scratch_3
   24 900b a5 87                   ; LDA __vcsc_scratch_3
   25 900d 85 86                   ; STA matrix_probe3$__return
; <compiler-generated> [bank bank3]
   26 900f 60                      ; RTS
; /mnt/data/vcsc_bankaudit/.tmp-callmatrix/f6-source2.c26:11 [bank bank2] | bank2 uint8_t matrix_probe2(void) { matrix_count := matrix_count + 1; return 0x82; }
   27 b000 a5 81                   ; LDA matrix_count
   28 b002 18                      ; CLC
   29 b003 69 01                   ; ADC #1
   30 b005 85 81                   ; STA matrix_count
   31 b007 a9 82                   ; LDA #130
   32 b009 85 87                   ; STA __vcsc_scratch_2
   33 b00b a5 87                   ; LDA __vcsc_scratch_2
   34 b00d 85 86                   ; STA matrix_probe2$__return
; <compiler-generated> [bank bank2]
   35 b00f 60                      ; RTS
; /mnt/data/vcsc_bankaudit/.tmp-callmatrix/f6-source2.c26:15 [bank bank2] | matrix_count := 0;
   36 b010 a9 00                   ; LDA #0
   37 b012 85 81                   ; STA matrix_count
; /mnt/data/vcsc_bankaudit/.tmp-callmatrix/f6-source2.c26:16 [bank bank2] | asm tsx; asm stx matrix_sp_before;
   38 b014 ba                      ; TSX
   39 b015 86 82                   ; STX matrix_sp_before
; /mnt/data/vcsc_bankaudit/.tmp-callmatrix/f6-source2.c26:18 [bank bank2] | asm tsx; asm stx matrix_sp_after;
   40 b017 20 00 bf                ; JSR matrix_probe0  => $BF00
   41 b01a a5 86                   ; LDA matrix_probe0$__return
   42 b01c 85 84                   ; STA __vcsc_scratch_4
   43 b01e a9 80                   ; LDA #128
   44 b020 85 85                   ; STA (__vcsc_scratch_4 + 1)
   45 b022 a5 84                   ; LDA __vcsc_scratch_4
   46 b024 c5 85                   ; CMP (__vcsc_scratch_4 + 1)
   47 b026 d0 04                   ; BNE @cmp_false_3
   48 b028 a9 01                   ; LDA #1
   49 b02a d0 02                   ; BNE @cmp_done_4
   50 b02c a9 00                   ; LDA #0
   51 b02e d0 04                   ; BNE @if_false_0
; /mnt/data/vcsc_bankaudit/.tmp-callmatrix/f6-source2.c26:17 [bank bank2] | if (matrix_probe0() != 0x80) { matrix_failure := 0x01; }
   52 b030 a9 01                   ; LDA #1
   53 b032 85 80                   ; STA matrix_failure
; /mnt/data/vcsc_bankaudit/.tmp-callmatrix/f6-source2.c26:18 [bank bank2] | asm tsx; asm stx matrix_sp_after;
   54 b034 ba                      ; TSX
   55 b035 86 83                   ; STX matrix_sp_after
; /mnt/data/vcsc_bankaudit/.tmp-callmatrix/f6-source2.c26:20 [bank bank2] | asm tsx; asm stx matrix_sp_before;
   56 b037 a5 83                   ; LDA matrix_sp_after
   57 b039 c5 82                   ; CMP matrix_sp_before
   58 b03b d0 03                   ; BNE @u8_ne_true_7
   59 b03d 4c 44 b0                ; JMP @if_false_5  => $B044
; /mnt/data/vcsc_bankaudit/.tmp-callmatrix/f6-source2.c26:19 [bank bank2] | if (matrix_sp_after != matrix_sp_before) { matrix_failure := 0x40; }
   60 b040 a9 40                   ; LDA #64
   61 b042 85 80                   ; STA matrix_failure
; /mnt/data/vcsc_bankaudit/.tmp-callmatrix/f6-source2.c26:20 [bank bank2] | asm tsx; asm stx matrix_sp_before;
   62 b044 ba                      ; TSX
   63 b045 86 82                   ; STX matrix_sp_before
; /mnt/data/vcsc_bankaudit/.tmp-callmatrix/f6-source2.c26:22 [bank bank2] | asm tsx; asm stx matrix_sp_after;
   64 b047 20 0f bf                ; JSR matrix_probe1  => $BF0F
   65 b04a a5 86                   ; LDA matrix_probe1$__return
   66 b04c 85 84                   ; STA __vcsc_scratch_4
   67 b04e a9 81                   ; LDA #129
   68 b050 85 85                   ; STA (__vcsc_scratch_4 + 1)
   69 b052 a5 84                   ; LDA __vcsc_scratch_4
   70 b054 c5 85                   ; CMP (__vcsc_scratch_4 + 1)
   71 b056 d0 04                   ; BNE @cmp_false_11
   72 b058 a9 01                   ; LDA #1
   73 b05a d0 02                   ; BNE @cmp_done_12
   74 b05c a9 00                   ; LDA #0
   75 b05e d0 04                   ; BNE @if_false_8
; /mnt/data/vcsc_bankaudit/.tmp-callmatrix/f6-source2.c26:21 [bank bank2] | if (matrix_probe1() != 0x81) { matrix_failure := 0x02; }
   76 b060 a9 02                   ; LDA #2
   77 b062 85 80                   ; STA matrix_failure
; /mnt/data/vcsc_bankaudit/.tmp-callmatrix/f6-source2.c26:22 [bank bank2] | asm tsx; asm stx matrix_sp_after;
   78 b064 ba                      ; TSX
   79 b065 86 83                   ; STX matrix_sp_after
; /mnt/data/vcsc_bankaudit/.tmp-callmatrix/f6-source2.c26:24 [bank bank2] | asm tsx; asm stx matrix_sp_before;
   80 b067 a5 83                   ; LDA matrix_sp_after
   81 b069 c5 82                   ; CMP matrix_sp_before
   82 b06b d0 03                   ; BNE @u8_ne_true_15
   83 b06d 4c 74 b0                ; JMP @if_false_13  => $B074
; /mnt/data/vcsc_bankaudit/.tmp-callmatrix/f6-source2.c26:23 [bank bank2] | if (matrix_sp_after != matrix_sp_before) { matrix_failure := 0x41; }
   84 b070 a9 41                   ; LDA #65
   85 b072 85 80                   ; STA matrix_failure
; /mnt/data/vcsc_bankaudit/.tmp-callmatrix/f6-source2.c26:24 [bank bank2] | asm tsx; asm stx matrix_sp_before;
   86 b074 ba                      ; TSX
   87 b075 86 82                   ; STX matrix_sp_before
; /mnt/data/vcsc_bankaudit/.tmp-callmatrix/f6-source2.c26:26 [bank bank2] | asm tsx; asm stx matrix_sp_after;
   88 b077 20 00 b0                ; JSR matrix_probe2  => $B000
   89 b07a a5 86                   ; LDA matrix_probe2$__return
   90 b07c 85 84                   ; STA __vcsc_scratch_4
   91 b07e a9 82                   ; LDA #130
   92 b080 85 85                   ; STA (__vcsc_scratch_4 + 1)
   93 b082 a5 84                   ; LDA __vcsc_scratch_4
   94 b084 c5 85                   ; CMP (__vcsc_scratch_4 + 1)
   95 b086 d0 04                   ; BNE @cmp_false_19
   96 b088 a9 01                   ; LDA #1
   97 b08a d0 02                   ; BNE @cmp_done_20
   98 b08c a9 00                   ; LDA #0
   99 b08e d0 04                   ; BNE @if_false_16
; /mnt/data/vcsc_bankaudit/.tmp-callmatrix/f6-source2.c26:25 [bank bank2] | if (matrix_probe2() != 0x82) { matrix_failure := 0x03; }
  100 b090 a9 03                   ; LDA #3
  101 b092 85 80                   ; STA matrix_failure
; /mnt/data/vcsc_bankaudit/.tmp-callmatrix/f6-source2.c26:26 [bank bank2] | asm tsx; asm stx matrix_sp_after;
  102 b094 ba                      ; TSX
  103 b095 86 83                   ; STX matrix_sp_after
; /mnt/data/vcsc_bankaudit/.tmp-callmatrix/f6-source2.c26:28 [bank bank2] | asm tsx; asm stx matrix_sp_before;
  104 b097 a5 83                   ; LDA matrix_sp_after
  105 b099 c5 82                   ; CMP matrix_sp_before
  106 b09b d0 03                   ; BNE @u8_ne_true_23
  107 b09d 4c a4 b0                ; JMP @if_false_21  => $B0A4
; /mnt/data/vcsc_bankaudit/.tmp-callmatrix/f6-source2.c26:27 [bank bank2] | if (matrix_sp_after != matrix_sp_before) { matrix_failure := 0x42; }
  108 b0a0 a9 42                   ; LDA #66
  109 b0a2 85 80                   ; STA matrix_failure
; /mnt/data/vcsc_bankaudit/.tmp-callmatrix/f6-source2.c26:28 [bank bank2] | asm tsx; asm stx matrix_sp_before;
  110 b0a4 ba                      ; TSX
  111 b0a5 86 82                   ; STX matrix_sp_before
; /mnt/data/vcsc_bankaudit/.tmp-callmatrix/f6-source2.c26:30 [bank bank2] | asm tsx; asm stx matrix_sp_after;
  112 b0a7 20 1e bf                ; JSR matrix_probe3  => $BF1E
  113 b0aa a5 86                   ; LDA matrix_probe3$__return
  114 b0ac 85 84                   ; STA __vcsc_scratch_4
  115 b0ae a9 83                   ; LDA #131
  116 b0b0 85 85                   ; STA (__vcsc_scratch_4 + 1)
  117 b0b2 a5 84                   ; LDA __vcsc_scratch_4
  118 b0b4 c5 85                   ; CMP (__vcsc_scratch_4 + 1)
  119 b0b6 d0 04                   ; BNE @cmp_false_27
  120 b0b8 a9 01                   ; LDA #1
  121 b0ba d0 02                   ; BNE @cmp_done_28
  122 b0bc a9 00                   ; LDA #0
  123 b0be d0 04                   ; BNE @if_false_24
; /mnt/data/vcsc_bankaudit/.tmp-callmatrix/f6-source2.c26:29 [bank bank2] | if (matrix_probe3() != 0x83) { matrix_failure := 0x04; }
  124 b0c0 a9 04                   ; LDA #4
  125 b0c2 85 80                   ; STA matrix_failure
; /mnt/data/vcsc_bankaudit/.tmp-callmatrix/f6-source2.c26:30 [bank bank2] | asm tsx; asm stx matrix_sp_after;
  126 b0c4 ba                      ; TSX
  127 b0c5 86 83                   ; STX matrix_sp_after
; /mnt/data/vcsc_bankaudit/.tmp-callmatrix/f6-source2.c26:32 [bank bank2] | if (matrix_count != 4) { matrix_failure := 0x7E; }
  128 b0c7 a5 83                   ; LDA matrix_sp_after
  129 b0c9 c5 82                   ; CMP matrix_sp_before
  130 b0cb d0 03                   ; BNE @u8_ne_true_31
  131 b0cd 4c d4 b0                ; JMP @if_false_29  => $B0D4
; /mnt/data/vcsc_bankaudit/.tmp-callmatrix/f6-source2.c26:31 [bank bank2] | if (matrix_sp_after != matrix_sp_before) { matrix_failure := 0x43; }
  132 b0d0 a9 43                   ; LDA #67
  133 b0d2 85 80                   ; STA matrix_failure
; /mnt/data/vcsc_bankaudit/.tmp-callmatrix/f6-source2.c26:33 [bank bank2] | }
  134 b0d4 a5 81                   ; LDA matrix_count
  135 b0d6 c9 04                   ; CMP #4
  136 b0d8 d0 03                   ; BNE @u8_ne_true_34
  137 b0da 4c e1 b0                ; JMP @if_false_32  => $B0E1
; /mnt/data/vcsc_bankaudit/.tmp-callmatrix/f6-source2.c26:32 [bank bank2] | if (matrix_count != 4) { matrix_failure := 0x7E; }
  138 b0dd a9 7e                   ; LDA #126
  139 b0df 85 80                   ; STA matrix_failure
; <compiler-generated> [bank bank2]
  140 b0e1 60                      ; RTS
; /mnt/data/vcsc_bankaudit/.tmp-callmatrix/f6-source2.c26:10 [bank bank1] | bank1 uint8_t matrix_probe1(void) { matrix_count := matrix_count + 1; return 0x81; }
  141 d000 a5 81                   ; LDA matrix_count
  142 d002 18                      ; CLC
  143 d003 69 01                   ; ADC #1
  144 d005 85 81                   ; STA matrix_count
  145 d007 a9 81                   ; LDA #129
  146 d009 85 87                   ; STA __vcsc_scratch_1
  147 d00b a5 87                   ; LDA __vcsc_scratch_1
  148 d00d 85 86                   ; STA matrix_probe1$__return
; <compiler-generated> [bank bank1]
  149 d00f 60                      ; RTS
; wrk/vcsc-rt1-simple.s26:25 [bank bank0] | sei
  150 f000 78                      ; SEI
; wrk/vcsc-rt1-simple.s26:26 [bank bank0] | cld
  151 f001 d8                      ; CLD
; wrk/vcsc-rt1-simple.s26:27 [bank bank0] | ldx #$ff
  152 f002 a2 ff                   ; LDX #255
; wrk/vcsc-rt1-simple.s26:28 [bank bank0] | txs
  153 f004 9a                      ; TXS
; wrk/vcsc-rt1-simple.s26:30 [bank bank0] | lda #0
  154 f005 a9 00                   ; LDA #0
; wrk/vcsc-rt1-simple.s26:31 [bank bank0] | ldx #$7f
  155 f007 a2 7f                   ; LDX #127
; wrk/vcsc-rt1-simple.s26:33 [bank bank0] | sta $80,x
  156 f009 95 80                   ; STA 128,X
; wrk/vcsc-rt1-simple.s26:34 [bank bank0] | dex
  157 f00b ca                      ; DEX
; wrk/vcsc-rt1-simple.s26:35 [bank bank0] | bpl.same @clear_ram
  158 f00c 10 fb                   ; BPL.same @clear_ram
; wrk/vcsc-rt1-simple.s26:37 [bank bank0] | ldx #$2c
  159 f00e a2 2c                   ; LDX #44
; wrk/vcsc-rt1-simple.s26:39 [bank bank0] | sta $00,x
  160 f010 95 00                   ; STA 0,X
; wrk/vcsc-rt1-simple.s26:40 [bank bank0] | dex
  161 f012 ca                      ; DEX
; wrk/vcsc-rt1-simple.s26:41 [bank bank0] | bpl.same @clear_tia
  162 f013 10 fb                   ; BPL.same @clear_tia
; wrk/vcsc-rt1-simple.s26:43 [bank bank0] | ldx #$ff
  163 f015 a2 ff                   ; LDX #255
; wrk/vcsc-rt1-simple.s26:44 [bank bank0] | txs
  164 f017 9a                      ; TXS
; wrk/vcsc-rt1-simple.s26:45 [bank bank0] | jmp main
  165 f018 4c 30 f0                ; JMP main  => $F030
; wrk/vcsc-rt1-simple.s26:49 [bank bank0] | rti
  166 f01b 40                      ; RTI
; /mnt/data/vcsc_bankaudit/.tmp-callmatrix/f6-source2.c26:9 [bank bank0] | bank0 uint8_t matrix_probe0(void) { matrix_count := matrix_count + 1; return 0x80; }
  167 f01c a5 81                   ; LDA matrix_count
  168 f01e 18                      ; CLC
  169 f01f 69 01                   ; ADC #1
  170 f021 85 81                   ; STA matrix_count
  171 f023 a9 80                   ; LDA #128
  172 f025 85 87                   ; STA __vcsc_scratch_0
  173 f027 a5 87                   ; LDA __vcsc_scratch_0
  174 f029 85 86                   ; STA matrix_probe0$__return
; <compiler-generated> [bank bank0]
  175 f02b 60                      ; RTS
; /mnt/data/vcsc_bankaudit/.tmp-callmatrix/f6-source2.c26:35 [bank bank0] | bank0 void matrix_done(void) { while (1) { } }
  176 f02c 4c 2c f0                ; JMP @while_start_35  => $F02C
; <compiler-generated> [bank bank0]
  177 f02f 60                      ; RTS
; /mnt/data/vcsc_bankaudit/.tmp-callmatrix/f6-source2.c26:38 [bank bank0] | matrix_failure := 0;
  178 f030 a9 00                   ; LDA #0
  179 f032 85 80                   ; STA matrix_failure
; /mnt/data/vcsc_bankaudit/.tmp-callmatrix/f6-source2.c26:39 [bank bank0] | matrix_source();
  180 f034 20 2d ff                ; JSR matrix_source  => $FF2D
; /mnt/data/vcsc_bankaudit/.tmp-callmatrix/f6-source2.c26:40 [bank bank0] | asm jmp matrix_done;
  181 f037 4c 2c f0                ; JMP matrix_done  => $F02C
; <compiler-generated> [bank bank0]
  182 f03a 6c fc ff                ; JMP (65532)  => $FFFC
------- Unattributed/linker-generated linked bytes
  183 9f00 20 07 ff 8d f7 1f 60 8d ; <linker-generated/unattributed>
  184 9f08 f9 1f 6c 0d ff 1c f0 20 ; <linker-generated/unattributed>
  185 9f10 16 ff 8d f7 1f 60 8d f8 ; <linker-generated/unattributed>
  186 9f18 1f 6c 1c ff 00 d0 20 25 ; <linker-generated/unattributed>
  187 9f20 ff 8d f7 1f 60 8d f6 1f ; <linker-generated/unattributed>
  188 9f28 6c 2b ff 00 90 20 34 ff ; <linker-generated/unattributed>
  189 9f30 8d f9 1f 60 8d f7 1f 6c ; <linker-generated/unattributed>
  190 9f38 3a ff 10 b0             ; <linker-generated/unattributed>
  191 9fe0 2c f9 1f 4c 1b f0 2c f9 ; <linker-generated/unattributed>
  192 9fe8 1f 4c 00 f0 2c f9 1f 4c ; <linker-generated/unattributed>
  193 9ff0 1b f0                   ; <linker-generated/unattributed>
  194 9ffa e0 ff e6 ff ec ff       ; <linker-generated/unattributed>
  195 bf00 20 07 ff 8d f7 1f 60 8d ; <linker-generated/unattributed>
  196 bf08 f9 1f 6c 0d ff 1c f0 20 ; <linker-generated/unattributed>
  197 bf10 16 ff 8d f7 1f 60 8d f8 ; <linker-generated/unattributed>
  198 bf18 1f 6c 1c ff 00 d0 20 25 ; <linker-generated/unattributed>
  199 bf20 ff 8d f7 1f 60 8d f6 1f ; <linker-generated/unattributed>
  200 bf28 6c 2b ff 00 90 20 34 ff ; <linker-generated/unattributed>
  201 bf30 8d f9 1f 60 8d f7 1f 6c ; <linker-generated/unattributed>
  202 bf38 3a ff 10 b0             ; <linker-generated/unattributed>
  203 bfe0 2c f9 1f 4c 1b f0 2c f9 ; <linker-generated/unattributed>
  204 bfe8 1f 4c 00 f0 2c f9 1f 4c ; <linker-generated/unattributed>
  205 bff0 1b f0                   ; <linker-generated/unattributed>
  206 bffa e0 ff e6 ff ec ff       ; <linker-generated/unattributed>
  207 df00 20 07 ff 8d f7 1f 60 8d ; <linker-generated/unattributed>
  208 df08 f9 1f 6c 0d ff 1c f0 20 ; <linker-generated/unattributed>
  209 df10 16 ff 8d f7 1f 60 8d f8 ; <linker-generated/unattributed>
  210 df18 1f 6c 1c ff 00 d0 20 25 ; <linker-generated/unattributed>
  211 df20 ff 8d f7 1f 60 8d f6 1f ; <linker-generated/unattributed>
  212 df28 6c 2b ff 00 90 20 34 ff ; <linker-generated/unattributed>
  213 df30 8d f9 1f 60 8d f7 1f 6c ; <linker-generated/unattributed>
  214 df38 3a ff 10 b0             ; <linker-generated/unattributed>
  215 dfe0 2c f9 1f 4c 1b f0 2c f9 ; <linker-generated/unattributed>
  216 dfe8 1f 4c 00 f0 2c f9 1f 4c ; <linker-generated/unattributed>
  217 dff0 1b f0                   ; <linker-generated/unattributed>
  218 dffa e0 ff e6 ff ec ff       ; <linker-generated/unattributed>
  219 ff00 20 07 ff 8d f7 1f 60 8d ; <linker-generated/unattributed>
  220 ff08 f9 1f 6c 0d ff 1c f0 20 ; <linker-generated/unattributed>
  221 ff10 16 ff 8d f7 1f 60 8d f8 ; <linker-generated/unattributed>
  222 ff18 1f 6c 1c ff 00 d0 20 25 ; <linker-generated/unattributed>
  223 ff20 ff 8d f7 1f 60 8d f6 1f ; <linker-generated/unattributed>
  224 ff28 6c 2b ff 00 90 20 34 ff ; <linker-generated/unattributed>
  225 ff30 8d f9 1f 60 8d f7 1f 6c ; <linker-generated/unattributed>
  226 ff38 3a ff 10 b0             ; <linker-generated/unattributed>
  227 ffe0 2c f9 1f 4c 1b f0 2c f9 ; <linker-generated/unattributed>
  228 ffe8 1f 4c 00 f0 2c f9 1f 4c ; <linker-generated/unattributed>
  229 fff0 1b f0                   ; <linker-generated/unattributed>
  230 fffa e0 ff e6 ff ec ff       ; <linker-generated/unattributed>
