------- VCSC linked image listing
------- Human source listing; addresses and bytes are final after relocation.
------- RAM symbols retain DASM constant rows for Stella compatibility.
    1 0086          00 86 matrix_probe3$__return =
    2 0086          00 86 matrix_probe2$__return =
    3 0086          00 86 matrix_probe1$__return =
    4 0086          00 86 matrix_probe0$__return =
    5 0083          00 83 matrix_sp_after =
    6 0082          00 82 matrix_sp_before =
    7 0081          00 81 matrix_count =
    8 0080          00 80 matrix_failure =
    9 0088          00 88 __stack_start =
   10 00f7          00 f7 __stack_top =
   11 0002          00 02 __call_stack_depth =
   12 0004          00 04 __call_stack_weighted_depth =
   13 0002          00 02 __call_stack_bank_extra_slots =
   14 0000          00 00 __call_stack_extra =
   15 0008          00 08 __call_stack_size =
   16 00f8          00 f8 __call_stack_start =
   17 00ff          00 ff __call_stack_top =
------- Source-correlated linked statements
; /mnt/data/vcsc_bankaudit/.tmp-callmatrix/f6sc-source1.c26:12 [bank bank3] | bank3 uint8_t matrix_probe3(void) { matrix_count := matrix_count + 1; return 0x83; }
   18 9100 a5 81                   ; LDA matrix_count
   19 9102 18                      ; CLC
   20 9103 69 01                   ; ADC #1
   21 9105 85 81                   ; STA matrix_count
   22 9107 a9 83                   ; LDA #131
   23 9109 85 87                   ; STA __vcsc_scratch_3
   24 910b a5 87                   ; LDA __vcsc_scratch_3
   25 910d 85 86                   ; STA matrix_probe3$__return
; <compiler-generated> [bank bank3]
   26 910f 60                      ; RTS
; /mnt/data/vcsc_bankaudit/.tmp-callmatrix/f6sc-source1.c26:11 [bank bank2] | bank2 uint8_t matrix_probe2(void) { matrix_count := matrix_count + 1; return 0x82; }
   27 b100 a5 81                   ; LDA matrix_count
   28 b102 18                      ; CLC
   29 b103 69 01                   ; ADC #1
   30 b105 85 81                   ; STA matrix_count
   31 b107 a9 82                   ; LDA #130
   32 b109 85 87                   ; STA __vcsc_scratch_2
   33 b10b a5 87                   ; LDA __vcsc_scratch_2
   34 b10d 85 86                   ; STA matrix_probe2$__return
; <compiler-generated> [bank bank2]
   35 b10f 60                      ; RTS
; /mnt/data/vcsc_bankaudit/.tmp-callmatrix/f6sc-source1.c26:10 [bank bank1] | bank1 uint8_t matrix_probe1(void) { matrix_count := matrix_count + 1; return 0x81; }
   36 d100 a5 81                   ; LDA matrix_count
   37 d102 18                      ; CLC
   38 d103 69 01                   ; ADC #1
   39 d105 85 81                   ; STA matrix_count
   40 d107 a9 81                   ; LDA #129
   41 d109 85 87                   ; STA __vcsc_scratch_1
   42 d10b a5 87                   ; LDA __vcsc_scratch_1
   43 d10d 85 86                   ; STA matrix_probe1$__return
; <compiler-generated> [bank bank1]
   44 d10f 60                      ; RTS
; /mnt/data/vcsc_bankaudit/.tmp-callmatrix/f6sc-source1.c26:15 [bank bank1] | matrix_count := 0;
   45 d110 a9 00                   ; LDA #0
   46 d112 85 81                   ; STA matrix_count
; /mnt/data/vcsc_bankaudit/.tmp-callmatrix/f6sc-source1.c26:16 [bank bank1] | asm tsx; asm stx matrix_sp_before;
   47 d114 ba                      ; TSX
   48 d115 86 82                   ; STX matrix_sp_before
; /mnt/data/vcsc_bankaudit/.tmp-callmatrix/f6sc-source1.c26:18 [bank bank1] | asm tsx; asm stx matrix_sp_after;
   49 d117 20 00 df                ; JSR matrix_probe0  => $DF00
   50 d11a a5 86                   ; LDA matrix_probe0$__return
   51 d11c 85 84                   ; STA __vcsc_scratch_4
   52 d11e a9 80                   ; LDA #128
   53 d120 85 85                   ; STA (__vcsc_scratch_4 + 1)
   54 d122 a5 84                   ; LDA __vcsc_scratch_4
   55 d124 c5 85                   ; CMP (__vcsc_scratch_4 + 1)
   56 d126 d0 04                   ; BNE @cmp_false_3
   57 d128 a9 01                   ; LDA #1
   58 d12a d0 02                   ; BNE @cmp_done_4
   59 d12c a9 00                   ; LDA #0
   60 d12e d0 04                   ; BNE @if_false_0
; /mnt/data/vcsc_bankaudit/.tmp-callmatrix/f6sc-source1.c26:17 [bank bank1] | if (matrix_probe0() != 0x80) { matrix_failure := 0x01; }
   61 d130 a9 01                   ; LDA #1
   62 d132 85 80                   ; STA matrix_failure
; /mnt/data/vcsc_bankaudit/.tmp-callmatrix/f6sc-source1.c26:18 [bank bank1] | asm tsx; asm stx matrix_sp_after;
   63 d134 ba                      ; TSX
   64 d135 86 83                   ; STX matrix_sp_after
; /mnt/data/vcsc_bankaudit/.tmp-callmatrix/f6sc-source1.c26:20 [bank bank1] | asm tsx; asm stx matrix_sp_before;
   65 d137 a5 83                   ; LDA matrix_sp_after
   66 d139 c5 82                   ; CMP matrix_sp_before
   67 d13b d0 03                   ; BNE @u8_ne_true_7
   68 d13d 4c 44 d1                ; JMP @if_false_5  => $D144
; /mnt/data/vcsc_bankaudit/.tmp-callmatrix/f6sc-source1.c26:19 [bank bank1] | if (matrix_sp_after != matrix_sp_before) { matrix_failure := 0x40; }
   69 d140 a9 40                   ; LDA #64
   70 d142 85 80                   ; STA matrix_failure
; /mnt/data/vcsc_bankaudit/.tmp-callmatrix/f6sc-source1.c26:20 [bank bank1] | asm tsx; asm stx matrix_sp_before;
   71 d144 ba                      ; TSX
   72 d145 86 82                   ; STX matrix_sp_before
; /mnt/data/vcsc_bankaudit/.tmp-callmatrix/f6sc-source1.c26:22 [bank bank1] | asm tsx; asm stx matrix_sp_after;
   73 d147 20 00 d1                ; JSR matrix_probe1  => $D100
   74 d14a a5 86                   ; LDA matrix_probe1$__return
   75 d14c 85 84                   ; STA __vcsc_scratch_4
   76 d14e a9 81                   ; LDA #129
   77 d150 85 85                   ; STA (__vcsc_scratch_4 + 1)
   78 d152 a5 84                   ; LDA __vcsc_scratch_4
   79 d154 c5 85                   ; CMP (__vcsc_scratch_4 + 1)
   80 d156 d0 04                   ; BNE @cmp_false_11
   81 d158 a9 01                   ; LDA #1
   82 d15a d0 02                   ; BNE @cmp_done_12
   83 d15c a9 00                   ; LDA #0
   84 d15e d0 04                   ; BNE @if_false_8
; /mnt/data/vcsc_bankaudit/.tmp-callmatrix/f6sc-source1.c26:21 [bank bank1] | if (matrix_probe1() != 0x81) { matrix_failure := 0x02; }
   85 d160 a9 02                   ; LDA #2
   86 d162 85 80                   ; STA matrix_failure
; /mnt/data/vcsc_bankaudit/.tmp-callmatrix/f6sc-source1.c26:22 [bank bank1] | asm tsx; asm stx matrix_sp_after;
   87 d164 ba                      ; TSX
   88 d165 86 83                   ; STX matrix_sp_after
; /mnt/data/vcsc_bankaudit/.tmp-callmatrix/f6sc-source1.c26:24 [bank bank1] | asm tsx; asm stx matrix_sp_before;
   89 d167 a5 83                   ; LDA matrix_sp_after
   90 d169 c5 82                   ; CMP matrix_sp_before
   91 d16b d0 03                   ; BNE @u8_ne_true_15
   92 d16d 4c 74 d1                ; JMP @if_false_13  => $D174
; /mnt/data/vcsc_bankaudit/.tmp-callmatrix/f6sc-source1.c26:23 [bank bank1] | if (matrix_sp_after != matrix_sp_before) { matrix_failure := 0x41; }
   93 d170 a9 41                   ; LDA #65
   94 d172 85 80                   ; STA matrix_failure
; /mnt/data/vcsc_bankaudit/.tmp-callmatrix/f6sc-source1.c26:24 [bank bank1] | asm tsx; asm stx matrix_sp_before;
   95 d174 ba                      ; TSX
   96 d175 86 82                   ; STX matrix_sp_before
; /mnt/data/vcsc_bankaudit/.tmp-callmatrix/f6sc-source1.c26:26 [bank bank1] | asm tsx; asm stx matrix_sp_after;
   97 d177 20 0f df                ; JSR matrix_probe2  => $DF0F
   98 d17a a5 86                   ; LDA matrix_probe2$__return
   99 d17c 85 84                   ; STA __vcsc_scratch_4
  100 d17e a9 82                   ; LDA #130
  101 d180 85 85                   ; STA (__vcsc_scratch_4 + 1)
  102 d182 a5 84                   ; LDA __vcsc_scratch_4
  103 d184 c5 85                   ; CMP (__vcsc_scratch_4 + 1)
  104 d186 d0 04                   ; BNE @cmp_false_19
  105 d188 a9 01                   ; LDA #1
  106 d18a d0 02                   ; BNE @cmp_done_20
  107 d18c a9 00                   ; LDA #0
  108 d18e d0 04                   ; BNE @if_false_16
; /mnt/data/vcsc_bankaudit/.tmp-callmatrix/f6sc-source1.c26:25 [bank bank1] | if (matrix_probe2() != 0x82) { matrix_failure := 0x03; }
  109 d190 a9 03                   ; LDA #3
  110 d192 85 80                   ; STA matrix_failure
; /mnt/data/vcsc_bankaudit/.tmp-callmatrix/f6sc-source1.c26:26 [bank bank1] | asm tsx; asm stx matrix_sp_after;
  111 d194 ba                      ; TSX
  112 d195 86 83                   ; STX matrix_sp_after
; /mnt/data/vcsc_bankaudit/.tmp-callmatrix/f6sc-source1.c26:28 [bank bank1] | asm tsx; asm stx matrix_sp_before;
  113 d197 a5 83                   ; LDA matrix_sp_after
  114 d199 c5 82                   ; CMP matrix_sp_before
  115 d19b d0 03                   ; BNE @u8_ne_true_23
  116 d19d 4c a4 d1                ; JMP @if_false_21  => $D1A4
; /mnt/data/vcsc_bankaudit/.tmp-callmatrix/f6sc-source1.c26:27 [bank bank1] | if (matrix_sp_after != matrix_sp_before) { matrix_failure := 0x42; }
  117 d1a0 a9 42                   ; LDA #66
  118 d1a2 85 80                   ; STA matrix_failure
; /mnt/data/vcsc_bankaudit/.tmp-callmatrix/f6sc-source1.c26:28 [bank bank1] | asm tsx; asm stx matrix_sp_before;
  119 d1a4 ba                      ; TSX
  120 d1a5 86 82                   ; STX matrix_sp_before
; /mnt/data/vcsc_bankaudit/.tmp-callmatrix/f6sc-source1.c26:30 [bank bank1] | asm tsx; asm stx matrix_sp_after;
  121 d1a7 20 1e df                ; JSR matrix_probe3  => $DF1E
  122 d1aa a5 86                   ; LDA matrix_probe3$__return
  123 d1ac 85 84                   ; STA __vcsc_scratch_4
  124 d1ae a9 83                   ; LDA #131
  125 d1b0 85 85                   ; STA (__vcsc_scratch_4 + 1)
  126 d1b2 a5 84                   ; LDA __vcsc_scratch_4
  127 d1b4 c5 85                   ; CMP (__vcsc_scratch_4 + 1)
  128 d1b6 d0 04                   ; BNE @cmp_false_27
  129 d1b8 a9 01                   ; LDA #1
  130 d1ba d0 02                   ; BNE @cmp_done_28
  131 d1bc a9 00                   ; LDA #0
  132 d1be d0 04                   ; BNE @if_false_24
; /mnt/data/vcsc_bankaudit/.tmp-callmatrix/f6sc-source1.c26:29 [bank bank1] | if (matrix_probe3() != 0x83) { matrix_failure := 0x04; }
  133 d1c0 a9 04                   ; LDA #4
  134 d1c2 85 80                   ; STA matrix_failure
; /mnt/data/vcsc_bankaudit/.tmp-callmatrix/f6sc-source1.c26:30 [bank bank1] | asm tsx; asm stx matrix_sp_after;
  135 d1c4 ba                      ; TSX
  136 d1c5 86 83                   ; STX matrix_sp_after
; /mnt/data/vcsc_bankaudit/.tmp-callmatrix/f6sc-source1.c26:32 [bank bank1] | if (matrix_count != 4) { matrix_failure := 0x7E; }
  137 d1c7 a5 83                   ; LDA matrix_sp_after
  138 d1c9 c5 82                   ; CMP matrix_sp_before
  139 d1cb d0 03                   ; BNE @u8_ne_true_31
  140 d1cd 4c d4 d1                ; JMP @if_false_29  => $D1D4
; /mnt/data/vcsc_bankaudit/.tmp-callmatrix/f6sc-source1.c26:31 [bank bank1] | if (matrix_sp_after != matrix_sp_before) { matrix_failure := 0x43; }
  141 d1d0 a9 43                   ; LDA #67
  142 d1d2 85 80                   ; STA matrix_failure
; /mnt/data/vcsc_bankaudit/.tmp-callmatrix/f6sc-source1.c26:33 [bank bank1] | }
  143 d1d4 a5 81                   ; LDA matrix_count
  144 d1d6 c9 04                   ; CMP #4
  145 d1d8 d0 03                   ; BNE @u8_ne_true_34
  146 d1da 4c e1 d1                ; JMP @if_false_32  => $D1E1
; /mnt/data/vcsc_bankaudit/.tmp-callmatrix/f6sc-source1.c26:32 [bank bank1] | if (matrix_count != 4) { matrix_failure := 0x7E; }
  147 d1dd a9 7e                   ; LDA #126
  148 d1df 85 80                   ; STA matrix_failure
; <compiler-generated> [bank bank1]
  149 d1e1 60                      ; RTS
; wrk/vcsc-rt1-simple.s26:25 [bank bank0] | sei
  150 f100 78                      ; SEI
; wrk/vcsc-rt1-simple.s26:26 [bank bank0] | cld
  151 f101 d8                      ; CLD
; wrk/vcsc-rt1-simple.s26:27 [bank bank0] | ldx #$ff
  152 f102 a2 ff                   ; LDX #255
; wrk/vcsc-rt1-simple.s26:28 [bank bank0] | txs
  153 f104 9a                      ; TXS
; wrk/vcsc-rt1-simple.s26:30 [bank bank0] | lda #0
  154 f105 a9 00                   ; LDA #0
; wrk/vcsc-rt1-simple.s26:31 [bank bank0] | ldx #$7f
  155 f107 a2 7f                   ; LDX #127
; wrk/vcsc-rt1-simple.s26:33 [bank bank0] | sta $80,x
  156 f109 95 80                   ; STA 128,X
; wrk/vcsc-rt1-simple.s26:34 [bank bank0] | dex
  157 f10b ca                      ; DEX
; wrk/vcsc-rt1-simple.s26:35 [bank bank0] | bpl.same @clear_ram
  158 f10c 10 fb                   ; BPL.same @clear_ram
; wrk/vcsc-rt1-simple.s26:37 [bank bank0] | ldx #$2c
  159 f10e a2 2c                   ; LDX #44
; wrk/vcsc-rt1-simple.s26:39 [bank bank0] | sta $00,x
  160 f110 95 00                   ; STA 0,X
; wrk/vcsc-rt1-simple.s26:40 [bank bank0] | dex
  161 f112 ca                      ; DEX
; wrk/vcsc-rt1-simple.s26:41 [bank bank0] | bpl.same @clear_tia
  162 f113 10 fb                   ; BPL.same @clear_tia
; wrk/vcsc-rt1-simple.s26:43 [bank bank0] | ldx #$ff
  163 f115 a2 ff                   ; LDX #255
; wrk/vcsc-rt1-simple.s26:44 [bank bank0] | txs
  164 f117 9a                      ; TXS
; wrk/vcsc-rt1-simple.s26:45 [bank bank0] | jmp main
  165 f118 4c 30 f1                ; JMP main  => $F130
; wrk/vcsc-rt1-simple.s26:49 [bank bank0] | rti
  166 f11b 40                      ; RTI
; /mnt/data/vcsc_bankaudit/.tmp-callmatrix/f6sc-source1.c26:9 [bank bank0] | bank0 uint8_t matrix_probe0(void) { matrix_count := matrix_count + 1; return 0x80; }
  167 f11c a5 81                   ; LDA matrix_count
  168 f11e 18                      ; CLC
  169 f11f 69 01                   ; ADC #1
  170 f121 85 81                   ; STA matrix_count
  171 f123 a9 80                   ; LDA #128
  172 f125 85 87                   ; STA __vcsc_scratch_0
  173 f127 a5 87                   ; LDA __vcsc_scratch_0
  174 f129 85 86                   ; STA matrix_probe0$__return
; <compiler-generated> [bank bank0]
  175 f12b 60                      ; RTS
; /mnt/data/vcsc_bankaudit/.tmp-callmatrix/f6sc-source1.c26:35 [bank bank0] | bank0 void matrix_done(void) { while (1) { } }
  176 f12c 4c 2c f1                ; JMP @while_start_35  => $F12C
; <compiler-generated> [bank bank0]
  177 f12f 60                      ; RTS
; /mnt/data/vcsc_bankaudit/.tmp-callmatrix/f6sc-source1.c26:38 [bank bank0] | matrix_failure := 0;
  178 f130 a9 00                   ; LDA #0
  179 f132 85 80                   ; STA matrix_failure
; /mnt/data/vcsc_bankaudit/.tmp-callmatrix/f6sc-source1.c26:39 [bank bank0] | matrix_source();
  180 f134 20 2d ff                ; JSR matrix_source  => $FF2D
; /mnt/data/vcsc_bankaudit/.tmp-callmatrix/f6sc-source1.c26:40 [bank bank0] | asm jmp matrix_done;
  181 f137 4c 2c f1                ; JMP matrix_done  => $F12C
; <compiler-generated> [bank bank0]
  182 f13a 6c fc ff                ; JMP (65532)  => $FFFC
------- Unattributed/linker-generated linked bytes
  183 9f00 20 07 ff 8d f8 1f 60 8d ; <linker-generated/unattributed>
  184 9f08 f9 1f 6c 0d ff 1c f1 20 ; <linker-generated/unattributed>
  185 9f10 16 ff 8d f8 1f 60 8d f7 ; <linker-generated/unattributed>
  186 9f18 1f 6c 1c ff 00 b1 20 25 ; <linker-generated/unattributed>
  187 9f20 ff 8d f8 1f 60 8d f6 1f ; <linker-generated/unattributed>
  188 9f28 6c 2b ff 00 91 20 34 ff ; <linker-generated/unattributed>
  189 9f30 8d f9 1f 60 8d f8 1f 6c ; <linker-generated/unattributed>
  190 9f38 3a ff 10 d1             ; <linker-generated/unattributed>
  191 9fe0 2c f9 1f 4c 1b f1 2c f9 ; <linker-generated/unattributed>
  192 9fe8 1f 4c 00 f1 2c f9 1f 4c ; <linker-generated/unattributed>
  193 9ff0 1b f1                   ; <linker-generated/unattributed>
  194 9ffa e0 ff e6 ff ec ff       ; <linker-generated/unattributed>
  195 bf00 20 07 ff 8d f8 1f 60 8d ; <linker-generated/unattributed>
  196 bf08 f9 1f 6c 0d ff 1c f1 20 ; <linker-generated/unattributed>
  197 bf10 16 ff 8d f8 1f 60 8d f7 ; <linker-generated/unattributed>
  198 bf18 1f 6c 1c ff 00 b1 20 25 ; <linker-generated/unattributed>
  199 bf20 ff 8d f8 1f 60 8d f6 1f ; <linker-generated/unattributed>
  200 bf28 6c 2b ff 00 91 20 34 ff ; <linker-generated/unattributed>
  201 bf30 8d f9 1f 60 8d f8 1f 6c ; <linker-generated/unattributed>
  202 bf38 3a ff 10 d1             ; <linker-generated/unattributed>
  203 bfe0 2c f9 1f 4c 1b f1 2c f9 ; <linker-generated/unattributed>
  204 bfe8 1f 4c 00 f1 2c f9 1f 4c ; <linker-generated/unattributed>
  205 bff0 1b f1                   ; <linker-generated/unattributed>
  206 bffa e0 ff e6 ff ec ff       ; <linker-generated/unattributed>
  207 df00 20 07 ff 8d f8 1f 60 8d ; <linker-generated/unattributed>
  208 df08 f9 1f 6c 0d ff 1c f1 20 ; <linker-generated/unattributed>
  209 df10 16 ff 8d f8 1f 60 8d f7 ; <linker-generated/unattributed>
  210 df18 1f 6c 1c ff 00 b1 20 25 ; <linker-generated/unattributed>
  211 df20 ff 8d f8 1f 60 8d f6 1f ; <linker-generated/unattributed>
  212 df28 6c 2b ff 00 91 20 34 ff ; <linker-generated/unattributed>
  213 df30 8d f9 1f 60 8d f8 1f 6c ; <linker-generated/unattributed>
  214 df38 3a ff 10 d1             ; <linker-generated/unattributed>
  215 dfe0 2c f9 1f 4c 1b f1 2c f9 ; <linker-generated/unattributed>
  216 dfe8 1f 4c 00 f1 2c f9 1f 4c ; <linker-generated/unattributed>
  217 dff0 1b f1                   ; <linker-generated/unattributed>
  218 dffa e0 ff e6 ff ec ff       ; <linker-generated/unattributed>
  219 ff00 20 07 ff 8d f8 1f 60 8d ; <linker-generated/unattributed>
  220 ff08 f9 1f 6c 0d ff 1c f1 20 ; <linker-generated/unattributed>
  221 ff10 16 ff 8d f8 1f 60 8d f7 ; <linker-generated/unattributed>
  222 ff18 1f 6c 1c ff 00 b1 20 25 ; <linker-generated/unattributed>
  223 ff20 ff 8d f8 1f 60 8d f6 1f ; <linker-generated/unattributed>
  224 ff28 6c 2b ff 00 91 20 34 ff ; <linker-generated/unattributed>
  225 ff30 8d f9 1f 60 8d f8 1f 6c ; <linker-generated/unattributed>
  226 ff38 3a ff 10 d1             ; <linker-generated/unattributed>
  227 ffe0 2c f9 1f 4c 1b f1 2c f9 ; <linker-generated/unattributed>
  228 ffe8 1f 4c 00 f1 2c f9 1f 4c ; <linker-generated/unattributed>
  229 fff0 1b f1                   ; <linker-generated/unattributed>
  230 fffa e0 ff e6 ff ec ff       ; <linker-generated/unattributed>
