------- VCSC linked image listing
------- Human source listing; addresses and bytes are final after relocation.
------- RAM symbols retain DASM constant rows for Stella compatibility.
    1 0086          00 86 matrix_probe3$__return =
    2 0086          00 86 matrix_probe2$__return =
    3 0086          00 86 matrix_probe1$__return =
    4 0086          00 86 matrix_probe0$__return =
    5 0083          00 83 matrix_sp_after =
    6 0082          00 82 matrix_sp_before =
    7 0081          00 81 matrix_count =
    8 0080          00 80 matrix_failure =
    9 0088          00 88 __stack_start =
   10 00f7          00 f7 __stack_top =
   11 0002          00 02 __call_stack_depth =
   12 0004          00 04 __call_stack_weighted_depth =
   13 0002          00 02 __call_stack_bank_extra_slots =
   14 0000          00 00 __call_stack_extra =
   15 0008          00 08 __call_stack_size =
   16 00f8          00 f8 __call_stack_start =
   17 00ff          00 ff __call_stack_top =
------- Source-correlated linked statements
; /mnt/data/vcsc_bankaudit/.tmp-callmatrix/f6sc-source3.c26:12 [bank bank3] | bank3 uint8_t matrix_probe3(void) { matrix_count := matrix_count + 1; return 0x83; }
   18 9100 a5 81                   ; LDA matrix_count
   19 9102 18                      ; CLC
   20 9103 69 01                   ; ADC #1
   21 9105 85 81                   ; STA matrix_count
   22 9107 a9 83                   ; LDA #131
   23 9109 85 87                   ; STA __vcsc_scratch_3
   24 910b a5 87                   ; LDA __vcsc_scratch_3
   25 910d 85 86                   ; STA matrix_probe3$__return
; <compiler-generated> [bank bank3]
   26 910f 60                      ; RTS
; /mnt/data/vcsc_bankaudit/.tmp-callmatrix/f6sc-source3.c26:15 [bank bank3] | matrix_count := 0;
   27 9110 a9 00                   ; LDA #0
   28 9112 85 81                   ; STA matrix_count
; /mnt/data/vcsc_bankaudit/.tmp-callmatrix/f6sc-source3.c26:16 [bank bank3] | asm tsx; asm stx matrix_sp_before;
   29 9114 ba                      ; TSX
   30 9115 86 82                   ; STX matrix_sp_before
; /mnt/data/vcsc_bankaudit/.tmp-callmatrix/f6sc-source3.c26:18 [bank bank3] | asm tsx; asm stx matrix_sp_after;
   31 9117 20 00 9f                ; JSR matrix_probe0  => $9F00
   32 911a a5 86                   ; LDA matrix_probe0$__return
   33 911c 85 84                   ; STA __vcsc_scratch_4
   34 911e a9 80                   ; LDA #128
   35 9120 85 85                   ; STA (__vcsc_scratch_4 + 1)
   36 9122 a5 84                   ; LDA __vcsc_scratch_4
   37 9124 c5 85                   ; CMP (__vcsc_scratch_4 + 1)
   38 9126 d0 04                   ; BNE @cmp_false_3
   39 9128 a9 01                   ; LDA #1
   40 912a d0 02                   ; BNE @cmp_done_4
   41 912c a9 00                   ; LDA #0
   42 912e d0 04                   ; BNE @if_false_0
; /mnt/data/vcsc_bankaudit/.tmp-callmatrix/f6sc-source3.c26:17 [bank bank3] | if (matrix_probe0() != 0x80) { matrix_failure := 0x01; }
   43 9130 a9 01                   ; LDA #1
   44 9132 85 80                   ; STA matrix_failure
; /mnt/data/vcsc_bankaudit/.tmp-callmatrix/f6sc-source3.c26:18 [bank bank3] | asm tsx; asm stx matrix_sp_after;
   45 9134 ba                      ; TSX
   46 9135 86 83                   ; STX matrix_sp_after
; /mnt/data/vcsc_bankaudit/.tmp-callmatrix/f6sc-source3.c26:20 [bank bank3] | asm tsx; asm stx matrix_sp_before;
   47 9137 a5 83                   ; LDA matrix_sp_after
   48 9139 c5 82                   ; CMP matrix_sp_before
   49 913b d0 03                   ; BNE @u8_ne_true_7
   50 913d 4c 44 91                ; JMP @if_false_5  => $9144
; /mnt/data/vcsc_bankaudit/.tmp-callmatrix/f6sc-source3.c26:19 [bank bank3] | if (matrix_sp_after != matrix_sp_before) { matrix_failure := 0x40; }
   51 9140 a9 40                   ; LDA #64
   52 9142 85 80                   ; STA matrix_failure
; /mnt/data/vcsc_bankaudit/.tmp-callmatrix/f6sc-source3.c26:20 [bank bank3] | asm tsx; asm stx matrix_sp_before;
   53 9144 ba                      ; TSX
   54 9145 86 82                   ; STX matrix_sp_before
; /mnt/data/vcsc_bankaudit/.tmp-callmatrix/f6sc-source3.c26:22 [bank bank3] | asm tsx; asm stx matrix_sp_after;
   55 9147 20 0f 9f                ; JSR matrix_probe1  => $9F0F
   56 914a a5 86                   ; LDA matrix_probe1$__return
   57 914c 85 84                   ; STA __vcsc_scratch_4
   58 914e a9 81                   ; LDA #129
   59 9150 85 85                   ; STA (__vcsc_scratch_4 + 1)
   60 9152 a5 84                   ; LDA __vcsc_scratch_4
   61 9154 c5 85                   ; CMP (__vcsc_scratch_4 + 1)
   62 9156 d0 04                   ; BNE @cmp_false_11
   63 9158 a9 01                   ; LDA #1
   64 915a d0 02                   ; BNE @cmp_done_12
   65 915c a9 00                   ; LDA #0
   66 915e d0 04                   ; BNE @if_false_8
; /mnt/data/vcsc_bankaudit/.tmp-callmatrix/f6sc-source3.c26:21 [bank bank3] | if (matrix_probe1() != 0x81) { matrix_failure := 0x02; }
   67 9160 a9 02                   ; LDA #2
   68 9162 85 80                   ; STA matrix_failure
; /mnt/data/vcsc_bankaudit/.tmp-callmatrix/f6sc-source3.c26:22 [bank bank3] | asm tsx; asm stx matrix_sp_after;
   69 9164 ba                      ; TSX
   70 9165 86 83                   ; STX matrix_sp_after
; /mnt/data/vcsc_bankaudit/.tmp-callmatrix/f6sc-source3.c26:24 [bank bank3] | asm tsx; asm stx matrix_sp_before;
   71 9167 a5 83                   ; LDA matrix_sp_after
   72 9169 c5 82                   ; CMP matrix_sp_before
   73 916b d0 03                   ; BNE @u8_ne_true_15
   74 916d 4c 74 91                ; JMP @if_false_13  => $9174
; /mnt/data/vcsc_bankaudit/.tmp-callmatrix/f6sc-source3.c26:23 [bank bank3] | if (matrix_sp_after != matrix_sp_before) { matrix_failure := 0x41; }
   75 9170 a9 41                   ; LDA #65
   76 9172 85 80                   ; STA matrix_failure
; /mnt/data/vcsc_bankaudit/.tmp-callmatrix/f6sc-source3.c26:24 [bank bank3] | asm tsx; asm stx matrix_sp_before;
   77 9174 ba                      ; TSX
   78 9175 86 82                   ; STX matrix_sp_before
; /mnt/data/vcsc_bankaudit/.tmp-callmatrix/f6sc-source3.c26:26 [bank bank3] | asm tsx; asm stx matrix_sp_after;
   79 9177 20 1e 9f                ; JSR matrix_probe2  => $9F1E
   80 917a a5 86                   ; LDA matrix_probe2$__return
   81 917c 85 84                   ; STA __vcsc_scratch_4
   82 917e a9 82                   ; LDA #130
   83 9180 85 85                   ; STA (__vcsc_scratch_4 + 1)
   84 9182 a5 84                   ; LDA __vcsc_scratch_4
   85 9184 c5 85                   ; CMP (__vcsc_scratch_4 + 1)
   86 9186 d0 04                   ; BNE @cmp_false_19
   87 9188 a9 01                   ; LDA #1
   88 918a d0 02                   ; BNE @cmp_done_20
   89 918c a9 00                   ; LDA #0
   90 918e d0 04                   ; BNE @if_false_16
; /mnt/data/vcsc_bankaudit/.tmp-callmatrix/f6sc-source3.c26:25 [bank bank3] | if (matrix_probe2() != 0x82) { matrix_failure := 0x03; }
   91 9190 a9 03                   ; LDA #3
   92 9192 85 80                   ; STA matrix_failure
; /mnt/data/vcsc_bankaudit/.tmp-callmatrix/f6sc-source3.c26:26 [bank bank3] | asm tsx; asm stx matrix_sp_after;
   93 9194 ba                      ; TSX
   94 9195 86 83                   ; STX matrix_sp_after
; /mnt/data/vcsc_bankaudit/.tmp-callmatrix/f6sc-source3.c26:28 [bank bank3] | asm tsx; asm stx matrix_sp_before;
   95 9197 a5 83                   ; LDA matrix_sp_after
   96 9199 c5 82                   ; CMP matrix_sp_before
   97 919b d0 03                   ; BNE @u8_ne_true_23
   98 919d 4c a4 91                ; JMP @if_false_21  => $91A4
; /mnt/data/vcsc_bankaudit/.tmp-callmatrix/f6sc-source3.c26:27 [bank bank3] | if (matrix_sp_after != matrix_sp_before) { matrix_failure := 0x42; }
   99 91a0 a9 42                   ; LDA #66
  100 91a2 85 80                   ; STA matrix_failure
; /mnt/data/vcsc_bankaudit/.tmp-callmatrix/f6sc-source3.c26:28 [bank bank3] | asm tsx; asm stx matrix_sp_before;
  101 91a4 ba                      ; TSX
  102 91a5 86 82                   ; STX matrix_sp_before
; /mnt/data/vcsc_bankaudit/.tmp-callmatrix/f6sc-source3.c26:30 [bank bank3] | asm tsx; asm stx matrix_sp_after;
  103 91a7 20 00 91                ; JSR matrix_probe3  => $9100
  104 91aa a5 86                   ; LDA matrix_probe3$__return
  105 91ac 85 84                   ; STA __vcsc_scratch_4
  106 91ae a9 83                   ; LDA #131
  107 91b0 85 85                   ; STA (__vcsc_scratch_4 + 1)
  108 91b2 a5 84                   ; LDA __vcsc_scratch_4
  109 91b4 c5 85                   ; CMP (__vcsc_scratch_4 + 1)
  110 91b6 d0 04                   ; BNE @cmp_false_27
  111 91b8 a9 01                   ; LDA #1
  112 91ba d0 02                   ; BNE @cmp_done_28
  113 91bc a9 00                   ; LDA #0
  114 91be d0 04                   ; BNE @if_false_24
; /mnt/data/vcsc_bankaudit/.tmp-callmatrix/f6sc-source3.c26:29 [bank bank3] | if (matrix_probe3() != 0x83) { matrix_failure := 0x04; }
  115 91c0 a9 04                   ; LDA #4
  116 91c2 85 80                   ; STA matrix_failure
; /mnt/data/vcsc_bankaudit/.tmp-callmatrix/f6sc-source3.c26:30 [bank bank3] | asm tsx; asm stx matrix_sp_after;
  117 91c4 ba                      ; TSX
  118 91c5 86 83                   ; STX matrix_sp_after
; /mnt/data/vcsc_bankaudit/.tmp-callmatrix/f6sc-source3.c26:32 [bank bank3] | if (matrix_count != 4) { matrix_failure := 0x7E; }
  119 91c7 a5 83                   ; LDA matrix_sp_after
  120 91c9 c5 82                   ; CMP matrix_sp_before
  121 91cb d0 03                   ; BNE @u8_ne_true_31
  122 91cd 4c d4 91                ; JMP @if_false_29  => $91D4
; /mnt/data/vcsc_bankaudit/.tmp-callmatrix/f6sc-source3.c26:31 [bank bank3] | if (matrix_sp_after != matrix_sp_before) { matrix_failure := 0x43; }
  123 91d0 a9 43                   ; LDA #67
  124 91d2 85 80                   ; STA matrix_failure
; /mnt/data/vcsc_bankaudit/.tmp-callmatrix/f6sc-source3.c26:33 [bank bank3] | }
  125 91d4 a5 81                   ; LDA matrix_count
  126 91d6 c9 04                   ; CMP #4
  127 91d8 d0 03                   ; BNE @u8_ne_true_34
  128 91da 4c e1 91                ; JMP @if_false_32  => $91E1
; /mnt/data/vcsc_bankaudit/.tmp-callmatrix/f6sc-source3.c26:32 [bank bank3] | if (matrix_count != 4) { matrix_failure := 0x7E; }
  129 91dd a9 7e                   ; LDA #126
  130 91df 85 80                   ; STA matrix_failure
; <compiler-generated> [bank bank3]
  131 91e1 60                      ; RTS
; /mnt/data/vcsc_bankaudit/.tmp-callmatrix/f6sc-source3.c26:11 [bank bank2] | bank2 uint8_t matrix_probe2(void) { matrix_count := matrix_count + 1; return 0x82; }
  132 b100 a5 81                   ; LDA matrix_count
  133 b102 18                      ; CLC
  134 b103 69 01                   ; ADC #1
  135 b105 85 81                   ; STA matrix_count
  136 b107 a9 82                   ; LDA #130
  137 b109 85 87                   ; STA __vcsc_scratch_2
  138 b10b a5 87                   ; LDA __vcsc_scratch_2
  139 b10d 85 86                   ; STA matrix_probe2$__return
; <compiler-generated> [bank bank2]
  140 b10f 60                      ; RTS
; /mnt/data/vcsc_bankaudit/.tmp-callmatrix/f6sc-source3.c26:10 [bank bank1] | bank1 uint8_t matrix_probe1(void) { matrix_count := matrix_count + 1; return 0x81; }
  141 d100 a5 81                   ; LDA matrix_count
  142 d102 18                      ; CLC
  143 d103 69 01                   ; ADC #1
  144 d105 85 81                   ; STA matrix_count
  145 d107 a9 81                   ; LDA #129
  146 d109 85 87                   ; STA __vcsc_scratch_1
  147 d10b a5 87                   ; LDA __vcsc_scratch_1
  148 d10d 85 86                   ; STA matrix_probe1$__return
; <compiler-generated> [bank bank1]
  149 d10f 60                      ; RTS
; wrk/vcsc-rt1-simple.s26:25 [bank bank0] | sei
  150 f100 78                      ; SEI
; wrk/vcsc-rt1-simple.s26:26 [bank bank0] | cld
  151 f101 d8                      ; CLD
; wrk/vcsc-rt1-simple.s26:27 [bank bank0] | ldx #$ff
  152 f102 a2 ff                   ; LDX #255
; wrk/vcsc-rt1-simple.s26:28 [bank bank0] | txs
  153 f104 9a                      ; TXS
; wrk/vcsc-rt1-simple.s26:30 [bank bank0] | lda #0
  154 f105 a9 00                   ; LDA #0
; wrk/vcsc-rt1-simple.s26:31 [bank bank0] | ldx #$7f
  155 f107 a2 7f                   ; LDX #127
; wrk/vcsc-rt1-simple.s26:33 [bank bank0] | sta $80,x
  156 f109 95 80                   ; STA 128,X
; wrk/vcsc-rt1-simple.s26:34 [bank bank0] | dex
  157 f10b ca                      ; DEX
; wrk/vcsc-rt1-simple.s26:35 [bank bank0] | bpl.same @clear_ram
  158 f10c 10 fb                   ; BPL.same @clear_ram
; wrk/vcsc-rt1-simple.s26:37 [bank bank0] | ldx #$2c
  159 f10e a2 2c                   ; LDX #44
; wrk/vcsc-rt1-simple.s26:39 [bank bank0] | sta $00,x
  160 f110 95 00                   ; STA 0,X
; wrk/vcsc-rt1-simple.s26:40 [bank bank0] | dex
  161 f112 ca                      ; DEX
; wrk/vcsc-rt1-simple.s26:41 [bank bank0] | bpl.same @clear_tia
  162 f113 10 fb                   ; BPL.same @clear_tia
; wrk/vcsc-rt1-simple.s26:43 [bank bank0] | ldx #$ff
  163 f115 a2 ff                   ; LDX #255
; wrk/vcsc-rt1-simple.s26:44 [bank bank0] | txs
  164 f117 9a                      ; TXS
; wrk/vcsc-rt1-simple.s26:45 [bank bank0] | jmp main
  165 f118 4c 30 f1                ; JMP main  => $F130
; wrk/vcsc-rt1-simple.s26:49 [bank bank0] | rti
  166 f11b 40                      ; RTI
; /mnt/data/vcsc_bankaudit/.tmp-callmatrix/f6sc-source3.c26:9 [bank bank0] | bank0 uint8_t matrix_probe0(void) { matrix_count := matrix_count + 1; return 0x80; }
  167 f11c a5 81                   ; LDA matrix_count
  168 f11e 18                      ; CLC
  169 f11f 69 01                   ; ADC #1
  170 f121 85 81                   ; STA matrix_count
  171 f123 a9 80                   ; LDA #128
  172 f125 85 87                   ; STA __vcsc_scratch_0
  173 f127 a5 87                   ; LDA __vcsc_scratch_0
  174 f129 85 86                   ; STA matrix_probe0$__return
; <compiler-generated> [bank bank0]
  175 f12b 60                      ; RTS
; /mnt/data/vcsc_bankaudit/.tmp-callmatrix/f6sc-source3.c26:35 [bank bank0] | bank0 void matrix_done(void) { while (1) { } }
  176 f12c 4c 2c f1                ; JMP @while_start_35  => $F12C
; <compiler-generated> [bank bank0]
  177 f12f 60                      ; RTS
; /mnt/data/vcsc_bankaudit/.tmp-callmatrix/f6sc-source3.c26:38 [bank bank0] | matrix_failure := 0;
  178 f130 a9 00                   ; LDA #0
  179 f132 85 80                   ; STA matrix_failure
; /mnt/data/vcsc_bankaudit/.tmp-callmatrix/f6sc-source3.c26:39 [bank bank0] | matrix_source();
  180 f134 20 2d ff                ; JSR matrix_source  => $FF2D
; /mnt/data/vcsc_bankaudit/.tmp-callmatrix/f6sc-source3.c26:40 [bank bank0] | asm jmp matrix_done;
  181 f137 4c 2c f1                ; JMP matrix_done  => $F12C
; <compiler-generated> [bank bank0]
  182 f13a 6c fc ff                ; JMP (65532)  => $FFFC
------- Unattributed/linker-generated linked bytes
  183 9f00 20 07 ff 8d f6 1f 60 8d ; <linker-generated/unattributed>
  184 9f08 f9 1f 6c 0d ff 1c f1 20 ; <linker-generated/unattributed>
  185 9f10 16 ff 8d f6 1f 60 8d f8 ; <linker-generated/unattributed>
  186 9f18 1f 6c 1c ff 00 d1 20 25 ; <linker-generated/unattributed>
  187 9f20 ff 8d f6 1f 60 8d f7 1f ; <linker-generated/unattributed>
  188 9f28 6c 2b ff 00 b1 20 34 ff ; <linker-generated/unattributed>
  189 9f30 8d f9 1f 60 8d f6 1f 6c ; <linker-generated/unattributed>
  190 9f38 3a ff 10 91             ; <linker-generated/unattributed>
  191 9fe0 2c f9 1f 4c 1b f1 2c f9 ; <linker-generated/unattributed>
  192 9fe8 1f 4c 00 f1 2c f9 1f 4c ; <linker-generated/unattributed>
  193 9ff0 1b f1                   ; <linker-generated/unattributed>
  194 9ffa e0 ff e6 ff ec ff       ; <linker-generated/unattributed>
  195 bf00 20 07 ff 8d f6 1f 60 8d ; <linker-generated/unattributed>
  196 bf08 f9 1f 6c 0d ff 1c f1 20 ; <linker-generated/unattributed>
  197 bf10 16 ff 8d f6 1f 60 8d f8 ; <linker-generated/unattributed>
  198 bf18 1f 6c 1c ff 00 d1 20 25 ; <linker-generated/unattributed>
  199 bf20 ff 8d f6 1f 60 8d f7 1f ; <linker-generated/unattributed>
  200 bf28 6c 2b ff 00 b1 20 34 ff ; <linker-generated/unattributed>
  201 bf30 8d f9 1f 60 8d f6 1f 6c ; <linker-generated/unattributed>
  202 bf38 3a ff 10 91             ; <linker-generated/unattributed>
  203 bfe0 2c f9 1f 4c 1b f1 2c f9 ; <linker-generated/unattributed>
  204 bfe8 1f 4c 00 f1 2c f9 1f 4c ; <linker-generated/unattributed>
  205 bff0 1b f1                   ; <linker-generated/unattributed>
  206 bffa e0 ff e6 ff ec ff       ; <linker-generated/unattributed>
  207 df00 20 07 ff 8d f6 1f 60 8d ; <linker-generated/unattributed>
  208 df08 f9 1f 6c 0d ff 1c f1 20 ; <linker-generated/unattributed>
  209 df10 16 ff 8d f6 1f 60 8d f8 ; <linker-generated/unattributed>
  210 df18 1f 6c 1c ff 00 d1 20 25 ; <linker-generated/unattributed>
  211 df20 ff 8d f6 1f 60 8d f7 1f ; <linker-generated/unattributed>
  212 df28 6c 2b ff 00 b1 20 34 ff ; <linker-generated/unattributed>
  213 df30 8d f9 1f 60 8d f6 1f 6c ; <linker-generated/unattributed>
  214 df38 3a ff 10 91             ; <linker-generated/unattributed>
  215 dfe0 2c f9 1f 4c 1b f1 2c f9 ; <linker-generated/unattributed>
  216 dfe8 1f 4c 00 f1 2c f9 1f 4c ; <linker-generated/unattributed>
  217 dff0 1b f1                   ; <linker-generated/unattributed>
  218 dffa e0 ff e6 ff ec ff       ; <linker-generated/unattributed>
  219 ff00 20 07 ff 8d f6 1f 60 8d ; <linker-generated/unattributed>
  220 ff08 f9 1f 6c 0d ff 1c f1 20 ; <linker-generated/unattributed>
  221 ff10 16 ff 8d f6 1f 60 8d f8 ; <linker-generated/unattributed>
  222 ff18 1f 6c 1c ff 00 d1 20 25 ; <linker-generated/unattributed>
  223 ff20 ff 8d f6 1f 60 8d f7 1f ; <linker-generated/unattributed>
  224 ff28 6c 2b ff 00 b1 20 34 ff ; <linker-generated/unattributed>
  225 ff30 8d f9 1f 60 8d f6 1f 6c ; <linker-generated/unattributed>
  226 ff38 3a ff 10 91             ; <linker-generated/unattributed>
  227 ffe0 2c f9 1f 4c 1b f1 2c f9 ; <linker-generated/unattributed>
  228 ffe8 1f 4c 00 f1 2c f9 1f 4c ; <linker-generated/unattributed>
  229 fff0 1b f1                   ; <linker-generated/unattributed>
  230 fffa e0 ff e6 ff ec ff       ; <linker-generated/unattributed>
