------- VCSC linked image listing
------- Human source listing; addresses and bytes are final after relocation.
------- RAM symbols retain DASM constant rows for Stella compatibility.
    1 0086          00 86 matrix_probe3$__return =
    2 0086          00 86 matrix_probe2$__return =
    3 0086          00 86 matrix_probe1$__return =
    4 0086          00 86 matrix_probe0$__return =
    5 0083          00 83 matrix_sp_after =
    6 0082          00 82 matrix_sp_before =
    7 0081          00 81 matrix_count =
    8 0080          00 80 matrix_failure =
    9 0088          00 88 __stack_start =
   10 00f9          00 f9 __stack_top =
   11 0002          00 02 __call_stack_depth =
   12 0003          00 03 __call_stack_weighted_depth =
   13 0001          00 01 __call_stack_bank_extra_slots =
   14 0000          00 00 __call_stack_extra =
   15 0006          00 06 __call_stack_size =
   16 00fa          00 fa __call_stack_start =
   17 00ff          00 ff __call_stack_top =
------- Source-correlated linked statements
; /mnt/data/vcsc_bankaudit/.tmp-callmatrix/f6sc-source0.c26:12 [bank bank3] | bank3 uint8_t matrix_probe3(void) { matrix_count := matrix_count + 1; return 0x83; }
   18 9100 a5 81                   ; LDA matrix_count
   19 9102 18                      ; CLC
   20 9103 69 01                   ; ADC #1
   21 9105 85 81                   ; STA matrix_count
   22 9107 a9 83                   ; LDA #131
   23 9109 85 87                   ; STA __vcsc_scratch_3
   24 910b a5 87                   ; LDA __vcsc_scratch_3
   25 910d 85 86                   ; STA matrix_probe3$__return
; <compiler-generated> [bank bank3]
   26 910f 60                      ; RTS
; /mnt/data/vcsc_bankaudit/.tmp-callmatrix/f6sc-source0.c26:11 [bank bank2] | bank2 uint8_t matrix_probe2(void) { matrix_count := matrix_count + 1; return 0x82; }
   27 b100 a5 81                   ; LDA matrix_count
   28 b102 18                      ; CLC
   29 b103 69 01                   ; ADC #1
   30 b105 85 81                   ; STA matrix_count
   31 b107 a9 82                   ; LDA #130
   32 b109 85 87                   ; STA __vcsc_scratch_2
   33 b10b a5 87                   ; LDA __vcsc_scratch_2
   34 b10d 85 86                   ; STA matrix_probe2$__return
; <compiler-generated> [bank bank2]
   35 b10f 60                      ; RTS
; /mnt/data/vcsc_bankaudit/.tmp-callmatrix/f6sc-source0.c26:10 [bank bank1] | bank1 uint8_t matrix_probe1(void) { matrix_count := matrix_count + 1; return 0x81; }
   36 d100 a5 81                   ; LDA matrix_count
   37 d102 18                      ; CLC
   38 d103 69 01                   ; ADC #1
   39 d105 85 81                   ; STA matrix_count
   40 d107 a9 81                   ; LDA #129
   41 d109 85 87                   ; STA __vcsc_scratch_1
   42 d10b a5 87                   ; LDA __vcsc_scratch_1
   43 d10d 85 86                   ; STA matrix_probe1$__return
; <compiler-generated> [bank bank1]
   44 d10f 60                      ; RTS
; wrk/vcsc-rt1-simple.s26:25 [bank bank0] | sei
   45 f100 78                      ; SEI
; wrk/vcsc-rt1-simple.s26:26 [bank bank0] | cld
   46 f101 d8                      ; CLD
; wrk/vcsc-rt1-simple.s26:27 [bank bank0] | ldx #$ff
   47 f102 a2 ff                   ; LDX #255
; wrk/vcsc-rt1-simple.s26:28 [bank bank0] | txs
   48 f104 9a                      ; TXS
; wrk/vcsc-rt1-simple.s26:30 [bank bank0] | lda #0
   49 f105 a9 00                   ; LDA #0
; wrk/vcsc-rt1-simple.s26:31 [bank bank0] | ldx #$7f
   50 f107 a2 7f                   ; LDX #127
; wrk/vcsc-rt1-simple.s26:33 [bank bank0] | sta $80,x
   51 f109 95 80                   ; STA 128,X
; wrk/vcsc-rt1-simple.s26:34 [bank bank0] | dex
   52 f10b ca                      ; DEX
; wrk/vcsc-rt1-simple.s26:35 [bank bank0] | bpl.same @clear_ram
   53 f10c 10 fb                   ; BPL.same @clear_ram
; wrk/vcsc-rt1-simple.s26:37 [bank bank0] | ldx #$2c
   54 f10e a2 2c                   ; LDX #44
; wrk/vcsc-rt1-simple.s26:39 [bank bank0] | sta $00,x
   55 f110 95 00                   ; STA 0,X
; wrk/vcsc-rt1-simple.s26:40 [bank bank0] | dex
   56 f112 ca                      ; DEX
; wrk/vcsc-rt1-simple.s26:41 [bank bank0] | bpl.same @clear_tia
   57 f113 10 fb                   ; BPL.same @clear_tia
; wrk/vcsc-rt1-simple.s26:43 [bank bank0] | ldx #$ff
   58 f115 a2 ff                   ; LDX #255
; wrk/vcsc-rt1-simple.s26:44 [bank bank0] | txs
   59 f117 9a                      ; TXS
; wrk/vcsc-rt1-simple.s26:45 [bank bank0] | jmp main
   60 f118 4c 02 f2                ; JMP main  => $F202
; wrk/vcsc-rt1-simple.s26:49 [bank bank0] | rti
   61 f11b 40                      ; RTI
; /mnt/data/vcsc_bankaudit/.tmp-callmatrix/f6sc-source0.c26:9 [bank bank0] | bank0 uint8_t matrix_probe0(void) { matrix_count := matrix_count + 1; return 0x80; }
   62 f11c a5 81                   ; LDA matrix_count
   63 f11e 18                      ; CLC
   64 f11f 69 01                   ; ADC #1
   65 f121 85 81                   ; STA matrix_count
   66 f123 a9 80                   ; LDA #128
   67 f125 85 87                   ; STA __vcsc_scratch_0
   68 f127 a5 87                   ; LDA __vcsc_scratch_0
   69 f129 85 86                   ; STA matrix_probe0$__return
; <compiler-generated> [bank bank0]
   70 f12b 60                      ; RTS
; /mnt/data/vcsc_bankaudit/.tmp-callmatrix/f6sc-source0.c26:15 [bank bank0] | matrix_count := 0;
   71 f12c a9 00                   ; LDA #0
   72 f12e 85 81                   ; STA matrix_count
; /mnt/data/vcsc_bankaudit/.tmp-callmatrix/f6sc-source0.c26:16 [bank bank0] | asm tsx; asm stx matrix_sp_before;
   73 f130 ba                      ; TSX
   74 f131 86 82                   ; STX matrix_sp_before
; /mnt/data/vcsc_bankaudit/.tmp-callmatrix/f6sc-source0.c26:18 [bank bank0] | asm tsx; asm stx matrix_sp_after;
   75 f133 20 1c f1                ; JSR matrix_probe0  => $F11C
   76 f136 a5 86                   ; LDA matrix_probe0$__return
   77 f138 85 84                   ; STA __vcsc_scratch_4
   78 f13a a9 80                   ; LDA #128
   79 f13c 85 85                   ; STA (__vcsc_scratch_4 + 1)
   80 f13e a5 84                   ; LDA __vcsc_scratch_4
   81 f140 c5 85                   ; CMP (__vcsc_scratch_4 + 1)
   82 f142 d0 04                   ; BNE @cmp_false_3
   83 f144 a9 01                   ; LDA #1
   84 f146 d0 02                   ; BNE @cmp_done_4
   85 f148 a9 00                   ; LDA #0
   86 f14a d0 04                   ; BNE @if_false_0
; /mnt/data/vcsc_bankaudit/.tmp-callmatrix/f6sc-source0.c26:17 [bank bank0] | if (matrix_probe0() != 0x80) { matrix_failure := 0x01; }
   87 f14c a9 01                   ; LDA #1
   88 f14e 85 80                   ; STA matrix_failure
; /mnt/data/vcsc_bankaudit/.tmp-callmatrix/f6sc-source0.c26:18 [bank bank0] | asm tsx; asm stx matrix_sp_after;
   89 f150 ba                      ; TSX
   90 f151 86 83                   ; STX matrix_sp_after
; /mnt/data/vcsc_bankaudit/.tmp-callmatrix/f6sc-source0.c26:20 [bank bank0] | asm tsx; asm stx matrix_sp_before;
   91 f153 a5 83                   ; LDA matrix_sp_after
   92 f155 c5 82                   ; CMP matrix_sp_before
   93 f157 d0 03                   ; BNE @u8_ne_true_7
   94 f159 4c 60 f1                ; JMP @if_false_5  => $F160
; /mnt/data/vcsc_bankaudit/.tmp-callmatrix/f6sc-source0.c26:19 [bank bank0] | if (matrix_sp_after != matrix_sp_before) { matrix_failure := 0x40; }
   95 f15c a9 40                   ; LDA #64
   96 f15e 85 80                   ; STA matrix_failure
; /mnt/data/vcsc_bankaudit/.tmp-callmatrix/f6sc-source0.c26:20 [bank bank0] | asm tsx; asm stx matrix_sp_before;
   97 f160 ba                      ; TSX
   98 f161 86 82                   ; STX matrix_sp_before
; /mnt/data/vcsc_bankaudit/.tmp-callmatrix/f6sc-source0.c26:22 [bank bank0] | asm tsx; asm stx matrix_sp_after;
   99 f163 20 00 ff                ; JSR matrix_probe1  => $FF00
  100 f166 a5 86                   ; LDA matrix_probe1$__return
  101 f168 85 84                   ; STA __vcsc_scratch_4
  102 f16a a9 81                   ; LDA #129
  103 f16c 85 85                   ; STA (__vcsc_scratch_4 + 1)
  104 f16e a5 84                   ; LDA __vcsc_scratch_4
  105 f170 c5 85                   ; CMP (__vcsc_scratch_4 + 1)
  106 f172 d0 04                   ; BNE @cmp_false_11
  107 f174 a9 01                   ; LDA #1
  108 f176 d0 02                   ; BNE @cmp_done_12
  109 f178 a9 00                   ; LDA #0
  110 f17a d0 04                   ; BNE @if_false_8
; /mnt/data/vcsc_bankaudit/.tmp-callmatrix/f6sc-source0.c26:21 [bank bank0] | if (matrix_probe1() != 0x81) { matrix_failure := 0x02; }
  111 f17c a9 02                   ; LDA #2
  112 f17e 85 80                   ; STA matrix_failure
; /mnt/data/vcsc_bankaudit/.tmp-callmatrix/f6sc-source0.c26:22 [bank bank0] | asm tsx; asm stx matrix_sp_after;
  113 f180 ba                      ; TSX
  114 f181 86 83                   ; STX matrix_sp_after
; /mnt/data/vcsc_bankaudit/.tmp-callmatrix/f6sc-source0.c26:24 [bank bank0] | asm tsx; asm stx matrix_sp_before;
  115 f183 a5 83                   ; LDA matrix_sp_after
  116 f185 c5 82                   ; CMP matrix_sp_before
  117 f187 d0 03                   ; BNE @u8_ne_true_15
  118 f189 4c 90 f1                ; JMP @if_false_13  => $F190
; /mnt/data/vcsc_bankaudit/.tmp-callmatrix/f6sc-source0.c26:23 [bank bank0] | if (matrix_sp_after != matrix_sp_before) { matrix_failure := 0x41; }
  119 f18c a9 41                   ; LDA #65
  120 f18e 85 80                   ; STA matrix_failure
; /mnt/data/vcsc_bankaudit/.tmp-callmatrix/f6sc-source0.c26:24 [bank bank0] | asm tsx; asm stx matrix_sp_before;
  121 f190 ba                      ; TSX
  122 f191 86 82                   ; STX matrix_sp_before
; /mnt/data/vcsc_bankaudit/.tmp-callmatrix/f6sc-source0.c26:26 [bank bank0] | asm tsx; asm stx matrix_sp_after;
  123 f193 20 0f ff                ; JSR matrix_probe2  => $FF0F
  124 f196 a5 86                   ; LDA matrix_probe2$__return
  125 f198 85 84                   ; STA __vcsc_scratch_4
  126 f19a a9 82                   ; LDA #130
  127 f19c 85 85                   ; STA (__vcsc_scratch_4 + 1)
  128 f19e a5 84                   ; LDA __vcsc_scratch_4
  129 f1a0 c5 85                   ; CMP (__vcsc_scratch_4 + 1)
  130 f1a2 d0 04                   ; BNE @cmp_false_19
  131 f1a4 a9 01                   ; LDA #1
  132 f1a6 d0 02                   ; BNE @cmp_done_20
  133 f1a8 a9 00                   ; LDA #0
  134 f1aa d0 04                   ; BNE @if_false_16
; /mnt/data/vcsc_bankaudit/.tmp-callmatrix/f6sc-source0.c26:25 [bank bank0] | if (matrix_probe2() != 0x82) { matrix_failure := 0x03; }
  135 f1ac a9 03                   ; LDA #3
  136 f1ae 85 80                   ; STA matrix_failure
; /mnt/data/vcsc_bankaudit/.tmp-callmatrix/f6sc-source0.c26:26 [bank bank0] | asm tsx; asm stx matrix_sp_after;
  137 f1b0 ba                      ; TSX
  138 f1b1 86 83                   ; STX matrix_sp_after
; /mnt/data/vcsc_bankaudit/.tmp-callmatrix/f6sc-source0.c26:28 [bank bank0] | asm tsx; asm stx matrix_sp_before;
  139 f1b3 a5 83                   ; LDA matrix_sp_after
  140 f1b5 c5 82                   ; CMP matrix_sp_before
  141 f1b7 d0 03                   ; BNE @u8_ne_true_23
  142 f1b9 4c c0 f1                ; JMP @if_false_21  => $F1C0
; /mnt/data/vcsc_bankaudit/.tmp-callmatrix/f6sc-source0.c26:27 [bank bank0] | if (matrix_sp_after != matrix_sp_before) { matrix_failure := 0x42; }
  143 f1bc a9 42                   ; LDA #66
  144 f1be 85 80                   ; STA matrix_failure
; /mnt/data/vcsc_bankaudit/.tmp-callmatrix/f6sc-source0.c26:28 [bank bank0] | asm tsx; asm stx matrix_sp_before;
  145 f1c0 ba                      ; TSX
  146 f1c1 86 82                   ; STX matrix_sp_before
; /mnt/data/vcsc_bankaudit/.tmp-callmatrix/f6sc-source0.c26:30 [bank bank0] | asm tsx; asm stx matrix_sp_after;
  147 f1c3 20 1e ff                ; JSR matrix_probe3  => $FF1E
  148 f1c6 a5 86                   ; LDA matrix_probe3$__return
  149 f1c8 85 84                   ; STA __vcsc_scratch_4
  150 f1ca a9 83                   ; LDA #131
  151 f1cc 85 85                   ; STA (__vcsc_scratch_4 + 1)
  152 f1ce a5 84                   ; LDA __vcsc_scratch_4
  153 f1d0 c5 85                   ; CMP (__vcsc_scratch_4 + 1)
  154 f1d2 d0 04                   ; BNE @cmp_false_27
  155 f1d4 a9 01                   ; LDA #1
  156 f1d6 d0 02                   ; BNE @cmp_done_28
  157 f1d8 a9 00                   ; LDA #0
  158 f1da d0 04                   ; BNE @if_false_24
; /mnt/data/vcsc_bankaudit/.tmp-callmatrix/f6sc-source0.c26:29 [bank bank0] | if (matrix_probe3() != 0x83) { matrix_failure := 0x04; }
  159 f1dc a9 04                   ; LDA #4
  160 f1de 85 80                   ; STA matrix_failure
; /mnt/data/vcsc_bankaudit/.tmp-callmatrix/f6sc-source0.c26:30 [bank bank0] | asm tsx; asm stx matrix_sp_after;
  161 f1e0 ba                      ; TSX
  162 f1e1 86 83                   ; STX matrix_sp_after
; /mnt/data/vcsc_bankaudit/.tmp-callmatrix/f6sc-source0.c26:32 [bank bank0] | if (matrix_count != 4) { matrix_failure := 0x7E; }
  163 f1e3 a5 83                   ; LDA matrix_sp_after
  164 f1e5 c5 82                   ; CMP matrix_sp_before
  165 f1e7 d0 03                   ; BNE @u8_ne_true_31
  166 f1e9 4c f0 f1                ; JMP @if_false_29  => $F1F0
; /mnt/data/vcsc_bankaudit/.tmp-callmatrix/f6sc-source0.c26:31 [bank bank0] | if (matrix_sp_after != matrix_sp_before) { matrix_failure := 0x43; }
  167 f1ec a9 43                   ; LDA #67
  168 f1ee 85 80                   ; STA matrix_failure
; /mnt/data/vcsc_bankaudit/.tmp-callmatrix/f6sc-source0.c26:33 [bank bank0] | }
  169 f1f0 a5 81                   ; LDA matrix_count
  170 f1f2 c9 04                   ; CMP #4
  171 f1f4 d0 03                   ; BNE @u8_ne_true_34
  172 f1f6 4c fd f1                ; JMP @if_false_32  => $F1FD
; /mnt/data/vcsc_bankaudit/.tmp-callmatrix/f6sc-source0.c26:32 [bank bank0] | if (matrix_count != 4) { matrix_failure := 0x7E; }
  173 f1f9 a9 7e                   ; LDA #126
  174 f1fb 85 80                   ; STA matrix_failure
; <compiler-generated> [bank bank0]
  175 f1fd 60                      ; RTS
; /mnt/data/vcsc_bankaudit/.tmp-callmatrix/f6sc-source0.c26:35 [bank bank0] | bank0 void matrix_done(void) { while (1) { } }
  176 f1fe 4c fe f1                ; JMP @while_start_35  => $F1FE
; <compiler-generated> [bank bank0]
  177 f201 60                      ; RTS
; /mnt/data/vcsc_bankaudit/.tmp-callmatrix/f6sc-source0.c26:38 [bank bank0] | matrix_failure := 0;
  178 f202 a9 00                   ; LDA #0
  179 f204 85 80                   ; STA matrix_failure
; /mnt/data/vcsc_bankaudit/.tmp-callmatrix/f6sc-source0.c26:39 [bank bank0] | matrix_source();
  180 f206 20 2c f1                ; JSR matrix_source  => $F12C
; /mnt/data/vcsc_bankaudit/.tmp-callmatrix/f6sc-source0.c26:40 [bank bank0] | asm jmp matrix_done;
  181 f209 4c fe f1                ; JMP matrix_done  => $F1FE
; <compiler-generated> [bank bank0]
  182 f20c 6c fc ff                ; JMP (65532)  => $FFFC
------- Unattributed/linker-generated linked bytes
  183 9f00 20 07 ff 8d f9 1f 60 8d ; <linker-generated/unattributed>
  184 9f08 f8 1f 6c 0d ff 00 d1 20 ; <linker-generated/unattributed>
  185 9f10 16 ff 8d f9 1f 60 8d f7 ; <linker-generated/unattributed>
  186 9f18 1f 6c 1c ff 00 b1 20 25 ; <linker-generated/unattributed>
  187 9f20 ff 8d f9 1f 60 8d f6 1f ; <linker-generated/unattributed>
  188 9f28 6c 2b ff 00 91          ; <linker-generated/unattributed>
  189 9fe0 2c f9 1f 4c 1b f1 2c f9 ; <linker-generated/unattributed>
  190 9fe8 1f 4c 00 f1 2c f9 1f 4c ; <linker-generated/unattributed>
  191 9ff0 1b f1                   ; <linker-generated/unattributed>
  192 9ffa e0 ff e6 ff ec ff       ; <linker-generated/unattributed>
  193 bf00 20 07 ff 8d f9 1f 60 8d ; <linker-generated/unattributed>
  194 bf08 f8 1f 6c 0d ff 00 d1 20 ; <linker-generated/unattributed>
  195 bf10 16 ff 8d f9 1f 60 8d f7 ; <linker-generated/unattributed>
  196 bf18 1f 6c 1c ff 00 b1 20 25 ; <linker-generated/unattributed>
  197 bf20 ff 8d f9 1f 60 8d f6 1f ; <linker-generated/unattributed>
  198 bf28 6c 2b ff 00 91          ; <linker-generated/unattributed>
  199 bfe0 2c f9 1f 4c 1b f1 2c f9 ; <linker-generated/unattributed>
  200 bfe8 1f 4c 00 f1 2c f9 1f 4c ; <linker-generated/unattributed>
  201 bff0 1b f1                   ; <linker-generated/unattributed>
  202 bffa e0 ff e6 ff ec ff       ; <linker-generated/unattributed>
  203 df00 20 07 ff 8d f9 1f 60 8d ; <linker-generated/unattributed>
  204 df08 f8 1f 6c 0d ff 00 d1 20 ; <linker-generated/unattributed>
  205 df10 16 ff 8d f9 1f 60 8d f7 ; <linker-generated/unattributed>
  206 df18 1f 6c 1c ff 00 b1 20 25 ; <linker-generated/unattributed>
  207 df20 ff 8d f9 1f 60 8d f6 1f ; <linker-generated/unattributed>
  208 df28 6c 2b ff 00 91          ; <linker-generated/unattributed>
  209 dfe0 2c f9 1f 4c 1b f1 2c f9 ; <linker-generated/unattributed>
  210 dfe8 1f 4c 00 f1 2c f9 1f 4c ; <linker-generated/unattributed>
  211 dff0 1b f1                   ; <linker-generated/unattributed>
  212 dffa e0 ff e6 ff ec ff       ; <linker-generated/unattributed>
  213 ff00 20 07 ff 8d f9 1f 60 8d ; <linker-generated/unattributed>
  214 ff08 f8 1f 6c 0d ff 00 d1 20 ; <linker-generated/unattributed>
  215 ff10 16 ff 8d f9 1f 60 8d f7 ; <linker-generated/unattributed>
  216 ff18 1f 6c 1c ff 00 b1 20 25 ; <linker-generated/unattributed>
  217 ff20 ff 8d f9 1f 60 8d f6 1f ; <linker-generated/unattributed>
  218 ff28 6c 2b ff 00 91          ; <linker-generated/unattributed>
  219 ffe0 2c f9 1f 4c 1b f1 2c f9 ; <linker-generated/unattributed>
  220 ffe8 1f 4c 00 f1 2c f9 1f 4c ; <linker-generated/unattributed>
  221 fff0 1b f1                   ; <linker-generated/unattributed>
  222 fffa e0 ff e6 ff ec ff       ; <linker-generated/unattributed>
