------- VCSC linked image listing
------- Human source listing; addresses and bytes are final after relocation.
------- RAM symbols retain DASM constant rows for Stella compatibility.
    1 0086          00 86 matrix_probe3$__return =
    2 0086          00 86 matrix_probe2$__return =
    3 0086          00 86 matrix_probe1$__return =
    4 0086          00 86 matrix_probe0$__return =
    5 0083          00 83 matrix_sp_after =
    6 0082          00 82 matrix_sp_before =
    7 0081          00 81 matrix_count =
    8 0080          00 80 matrix_failure =
    9 0088          00 88 __stack_start =
   10 00f7          00 f7 __stack_top =
   11 0002          00 02 __call_stack_depth =
   12 0004          00 04 __call_stack_weighted_depth =
   13 0002          00 02 __call_stack_bank_extra_slots =
   14 0000          00 00 __call_stack_extra =
   15 0008          00 08 __call_stack_size =
   16 00f8          00 f8 __call_stack_start =
   17 00ff          00 ff __call_stack_top =
------- Source-correlated linked statements
; /mnt/data/vcsc_bankaudit/.tmp-callmatrix/f6sc-source2.c26:12 [bank bank3] | bank3 uint8_t matrix_probe3(void) { matrix_count := matrix_count + 1; return 0x83; }
   18 9100 a5 81                   ; LDA matrix_count
   19 9102 18                      ; CLC
   20 9103 69 01                   ; ADC #1
   21 9105 85 81                   ; STA matrix_count
   22 9107 a9 83                   ; LDA #131
   23 9109 85 87                   ; STA __vcsc_scratch_3
   24 910b a5 87                   ; LDA __vcsc_scratch_3
   25 910d 85 86                   ; STA matrix_probe3$__return
; <compiler-generated> [bank bank3]
   26 910f 60                      ; RTS
; /mnt/data/vcsc_bankaudit/.tmp-callmatrix/f6sc-source2.c26:11 [bank bank2] | bank2 uint8_t matrix_probe2(void) { matrix_count := matrix_count + 1; return 0x82; }
   27 b100 a5 81                   ; LDA matrix_count
   28 b102 18                      ; CLC
   29 b103 69 01                   ; ADC #1
   30 b105 85 81                   ; STA matrix_count
   31 b107 a9 82                   ; LDA #130
   32 b109 85 87                   ; STA __vcsc_scratch_2
   33 b10b a5 87                   ; LDA __vcsc_scratch_2
   34 b10d 85 86                   ; STA matrix_probe2$__return
; <compiler-generated> [bank bank2]
   35 b10f 60                      ; RTS
; /mnt/data/vcsc_bankaudit/.tmp-callmatrix/f6sc-source2.c26:15 [bank bank2] | matrix_count := 0;
   36 b110 a9 00                   ; LDA #0
   37 b112 85 81                   ; STA matrix_count
; /mnt/data/vcsc_bankaudit/.tmp-callmatrix/f6sc-source2.c26:16 [bank bank2] | asm tsx; asm stx matrix_sp_before;
   38 b114 ba                      ; TSX
   39 b115 86 82                   ; STX matrix_sp_before
; /mnt/data/vcsc_bankaudit/.tmp-callmatrix/f6sc-source2.c26:18 [bank bank2] | asm tsx; asm stx matrix_sp_after;
   40 b117 20 00 bf                ; JSR matrix_probe0  => $BF00
   41 b11a a5 86                   ; LDA matrix_probe0$__return
   42 b11c 85 84                   ; STA __vcsc_scratch_4
   43 b11e a9 80                   ; LDA #128
   44 b120 85 85                   ; STA (__vcsc_scratch_4 + 1)
   45 b122 a5 84                   ; LDA __vcsc_scratch_4
   46 b124 c5 85                   ; CMP (__vcsc_scratch_4 + 1)
   47 b126 d0 04                   ; BNE @cmp_false_3
   48 b128 a9 01                   ; LDA #1
   49 b12a d0 02                   ; BNE @cmp_done_4
   50 b12c a9 00                   ; LDA #0
   51 b12e d0 04                   ; BNE @if_false_0
; /mnt/data/vcsc_bankaudit/.tmp-callmatrix/f6sc-source2.c26:17 [bank bank2] | if (matrix_probe0() != 0x80) { matrix_failure := 0x01; }
   52 b130 a9 01                   ; LDA #1
   53 b132 85 80                   ; STA matrix_failure
; /mnt/data/vcsc_bankaudit/.tmp-callmatrix/f6sc-source2.c26:18 [bank bank2] | asm tsx; asm stx matrix_sp_after;
   54 b134 ba                      ; TSX
   55 b135 86 83                   ; STX matrix_sp_after
; /mnt/data/vcsc_bankaudit/.tmp-callmatrix/f6sc-source2.c26:20 [bank bank2] | asm tsx; asm stx matrix_sp_before;
   56 b137 a5 83                   ; LDA matrix_sp_after
   57 b139 c5 82                   ; CMP matrix_sp_before
   58 b13b d0 03                   ; BNE @u8_ne_true_7
   59 b13d 4c 44 b1                ; JMP @if_false_5  => $B144
; /mnt/data/vcsc_bankaudit/.tmp-callmatrix/f6sc-source2.c26:19 [bank bank2] | if (matrix_sp_after != matrix_sp_before) { matrix_failure := 0x40; }
   60 b140 a9 40                   ; LDA #64
   61 b142 85 80                   ; STA matrix_failure
; /mnt/data/vcsc_bankaudit/.tmp-callmatrix/f6sc-source2.c26:20 [bank bank2] | asm tsx; asm stx matrix_sp_before;
   62 b144 ba                      ; TSX
   63 b145 86 82                   ; STX matrix_sp_before
; /mnt/data/vcsc_bankaudit/.tmp-callmatrix/f6sc-source2.c26:22 [bank bank2] | asm tsx; asm stx matrix_sp_after;
   64 b147 20 0f bf                ; JSR matrix_probe1  => $BF0F
   65 b14a a5 86                   ; LDA matrix_probe1$__return
   66 b14c 85 84                   ; STA __vcsc_scratch_4
   67 b14e a9 81                   ; LDA #129
   68 b150 85 85                   ; STA (__vcsc_scratch_4 + 1)
   69 b152 a5 84                   ; LDA __vcsc_scratch_4
   70 b154 c5 85                   ; CMP (__vcsc_scratch_4 + 1)
   71 b156 d0 04                   ; BNE @cmp_false_11
   72 b158 a9 01                   ; LDA #1
   73 b15a d0 02                   ; BNE @cmp_done_12
   74 b15c a9 00                   ; LDA #0
   75 b15e d0 04                   ; BNE @if_false_8
; /mnt/data/vcsc_bankaudit/.tmp-callmatrix/f6sc-source2.c26:21 [bank bank2] | if (matrix_probe1() != 0x81) { matrix_failure := 0x02; }
   76 b160 a9 02                   ; LDA #2
   77 b162 85 80                   ; STA matrix_failure
; /mnt/data/vcsc_bankaudit/.tmp-callmatrix/f6sc-source2.c26:22 [bank bank2] | asm tsx; asm stx matrix_sp_after;
   78 b164 ba                      ; TSX
   79 b165 86 83                   ; STX matrix_sp_after
; /mnt/data/vcsc_bankaudit/.tmp-callmatrix/f6sc-source2.c26:24 [bank bank2] | asm tsx; asm stx matrix_sp_before;
   80 b167 a5 83                   ; LDA matrix_sp_after
   81 b169 c5 82                   ; CMP matrix_sp_before
   82 b16b d0 03                   ; BNE @u8_ne_true_15
   83 b16d 4c 74 b1                ; JMP @if_false_13  => $B174
; /mnt/data/vcsc_bankaudit/.tmp-callmatrix/f6sc-source2.c26:23 [bank bank2] | if (matrix_sp_after != matrix_sp_before) { matrix_failure := 0x41; }
   84 b170 a9 41                   ; LDA #65
   85 b172 85 80                   ; STA matrix_failure
; /mnt/data/vcsc_bankaudit/.tmp-callmatrix/f6sc-source2.c26:24 [bank bank2] | asm tsx; asm stx matrix_sp_before;
   86 b174 ba                      ; TSX
   87 b175 86 82                   ; STX matrix_sp_before
; /mnt/data/vcsc_bankaudit/.tmp-callmatrix/f6sc-source2.c26:26 [bank bank2] | asm tsx; asm stx matrix_sp_after;
   88 b177 20 00 b1                ; JSR matrix_probe2  => $B100
   89 b17a a5 86                   ; LDA matrix_probe2$__return
   90 b17c 85 84                   ; STA __vcsc_scratch_4
   91 b17e a9 82                   ; LDA #130
   92 b180 85 85                   ; STA (__vcsc_scratch_4 + 1)
   93 b182 a5 84                   ; LDA __vcsc_scratch_4
   94 b184 c5 85                   ; CMP (__vcsc_scratch_4 + 1)
   95 b186 d0 04                   ; BNE @cmp_false_19
   96 b188 a9 01                   ; LDA #1
   97 b18a d0 02                   ; BNE @cmp_done_20
   98 b18c a9 00                   ; LDA #0
   99 b18e d0 04                   ; BNE @if_false_16
; /mnt/data/vcsc_bankaudit/.tmp-callmatrix/f6sc-source2.c26:25 [bank bank2] | if (matrix_probe2() != 0x82) { matrix_failure := 0x03; }
  100 b190 a9 03                   ; LDA #3
  101 b192 85 80                   ; STA matrix_failure
; /mnt/data/vcsc_bankaudit/.tmp-callmatrix/f6sc-source2.c26:26 [bank bank2] | asm tsx; asm stx matrix_sp_after;
  102 b194 ba                      ; TSX
  103 b195 86 83                   ; STX matrix_sp_after
; /mnt/data/vcsc_bankaudit/.tmp-callmatrix/f6sc-source2.c26:28 [bank bank2] | asm tsx; asm stx matrix_sp_before;
  104 b197 a5 83                   ; LDA matrix_sp_after
  105 b199 c5 82                   ; CMP matrix_sp_before
  106 b19b d0 03                   ; BNE @u8_ne_true_23
  107 b19d 4c a4 b1                ; JMP @if_false_21  => $B1A4
; /mnt/data/vcsc_bankaudit/.tmp-callmatrix/f6sc-source2.c26:27 [bank bank2] | if (matrix_sp_after != matrix_sp_before) { matrix_failure := 0x42; }
  108 b1a0 a9 42                   ; LDA #66
  109 b1a2 85 80                   ; STA matrix_failure
; /mnt/data/vcsc_bankaudit/.tmp-callmatrix/f6sc-source2.c26:28 [bank bank2] | asm tsx; asm stx matrix_sp_before;
  110 b1a4 ba                      ; TSX
  111 b1a5 86 82                   ; STX matrix_sp_before
; /mnt/data/vcsc_bankaudit/.tmp-callmatrix/f6sc-source2.c26:30 [bank bank2] | asm tsx; asm stx matrix_sp_after;
  112 b1a7 20 1e bf                ; JSR matrix_probe3  => $BF1E
  113 b1aa a5 86                   ; LDA matrix_probe3$__return
  114 b1ac 85 84                   ; STA __vcsc_scratch_4
  115 b1ae a9 83                   ; LDA #131
  116 b1b0 85 85                   ; STA (__vcsc_scratch_4 + 1)
  117 b1b2 a5 84                   ; LDA __vcsc_scratch_4
  118 b1b4 c5 85                   ; CMP (__vcsc_scratch_4 + 1)
  119 b1b6 d0 04                   ; BNE @cmp_false_27
  120 b1b8 a9 01                   ; LDA #1
  121 b1ba d0 02                   ; BNE @cmp_done_28
  122 b1bc a9 00                   ; LDA #0
  123 b1be d0 04                   ; BNE @if_false_24
; /mnt/data/vcsc_bankaudit/.tmp-callmatrix/f6sc-source2.c26:29 [bank bank2] | if (matrix_probe3() != 0x83) { matrix_failure := 0x04; }
  124 b1c0 a9 04                   ; LDA #4
  125 b1c2 85 80                   ; STA matrix_failure
; /mnt/data/vcsc_bankaudit/.tmp-callmatrix/f6sc-source2.c26:30 [bank bank2] | asm tsx; asm stx matrix_sp_after;
  126 b1c4 ba                      ; TSX
  127 b1c5 86 83                   ; STX matrix_sp_after
; /mnt/data/vcsc_bankaudit/.tmp-callmatrix/f6sc-source2.c26:32 [bank bank2] | if (matrix_count != 4) { matrix_failure := 0x7E; }
  128 b1c7 a5 83                   ; LDA matrix_sp_after
  129 b1c9 c5 82                   ; CMP matrix_sp_before
  130 b1cb d0 03                   ; BNE @u8_ne_true_31
  131 b1cd 4c d4 b1                ; JMP @if_false_29  => $B1D4
; /mnt/data/vcsc_bankaudit/.tmp-callmatrix/f6sc-source2.c26:31 [bank bank2] | if (matrix_sp_after != matrix_sp_before) { matrix_failure := 0x43; }
  132 b1d0 a9 43                   ; LDA #67
  133 b1d2 85 80                   ; STA matrix_failure
; /mnt/data/vcsc_bankaudit/.tmp-callmatrix/f6sc-source2.c26:33 [bank bank2] | }
  134 b1d4 a5 81                   ; LDA matrix_count
  135 b1d6 c9 04                   ; CMP #4
  136 b1d8 d0 03                   ; BNE @u8_ne_true_34
  137 b1da 4c e1 b1                ; JMP @if_false_32  => $B1E1
; /mnt/data/vcsc_bankaudit/.tmp-callmatrix/f6sc-source2.c26:32 [bank bank2] | if (matrix_count != 4) { matrix_failure := 0x7E; }
  138 b1dd a9 7e                   ; LDA #126
  139 b1df 85 80                   ; STA matrix_failure
; <compiler-generated> [bank bank2]
  140 b1e1 60                      ; RTS
; /mnt/data/vcsc_bankaudit/.tmp-callmatrix/f6sc-source2.c26:10 [bank bank1] | bank1 uint8_t matrix_probe1(void) { matrix_count := matrix_count + 1; return 0x81; }
  141 d100 a5 81                   ; LDA matrix_count
  142 d102 18                      ; CLC
  143 d103 69 01                   ; ADC #1
  144 d105 85 81                   ; STA matrix_count
  145 d107 a9 81                   ; LDA #129
  146 d109 85 87                   ; STA __vcsc_scratch_1
  147 d10b a5 87                   ; LDA __vcsc_scratch_1
  148 d10d 85 86                   ; STA matrix_probe1$__return
; <compiler-generated> [bank bank1]
  149 d10f 60                      ; RTS
; wrk/vcsc-rt1-simple.s26:25 [bank bank0] | sei
  150 f100 78                      ; SEI
; wrk/vcsc-rt1-simple.s26:26 [bank bank0] | cld
  151 f101 d8                      ; CLD
; wrk/vcsc-rt1-simple.s26:27 [bank bank0] | ldx #$ff
  152 f102 a2 ff                   ; LDX #255
; wrk/vcsc-rt1-simple.s26:28 [bank bank0] | txs
  153 f104 9a                      ; TXS
; wrk/vcsc-rt1-simple.s26:30 [bank bank0] | lda #0
  154 f105 a9 00                   ; LDA #0
; wrk/vcsc-rt1-simple.s26:31 [bank bank0] | ldx #$7f
  155 f107 a2 7f                   ; LDX #127
; wrk/vcsc-rt1-simple.s26:33 [bank bank0] | sta $80,x
  156 f109 95 80                   ; STA 128,X
; wrk/vcsc-rt1-simple.s26:34 [bank bank0] | dex
  157 f10b ca                      ; DEX
; wrk/vcsc-rt1-simple.s26:35 [bank bank0] | bpl.same @clear_ram
  158 f10c 10 fb                   ; BPL.same @clear_ram
; wrk/vcsc-rt1-simple.s26:37 [bank bank0] | ldx #$2c
  159 f10e a2 2c                   ; LDX #44
; wrk/vcsc-rt1-simple.s26:39 [bank bank0] | sta $00,x
  160 f110 95 00                   ; STA 0,X
; wrk/vcsc-rt1-simple.s26:40 [bank bank0] | dex
  161 f112 ca                      ; DEX
; wrk/vcsc-rt1-simple.s26:41 [bank bank0] | bpl.same @clear_tia
  162 f113 10 fb                   ; BPL.same @clear_tia
; wrk/vcsc-rt1-simple.s26:43 [bank bank0] | ldx #$ff
  163 f115 a2 ff                   ; LDX #255
; wrk/vcsc-rt1-simple.s26:44 [bank bank0] | txs
  164 f117 9a                      ; TXS
; wrk/vcsc-rt1-simple.s26:45 [bank bank0] | jmp main
  165 f118 4c 30 f1                ; JMP main  => $F130
; wrk/vcsc-rt1-simple.s26:49 [bank bank0] | rti
  166 f11b 40                      ; RTI
; /mnt/data/vcsc_bankaudit/.tmp-callmatrix/f6sc-source2.c26:9 [bank bank0] | bank0 uint8_t matrix_probe0(void) { matrix_count := matrix_count + 1; return 0x80; }
  167 f11c a5 81                   ; LDA matrix_count
  168 f11e 18                      ; CLC
  169 f11f 69 01                   ; ADC #1
  170 f121 85 81                   ; STA matrix_count
  171 f123 a9 80                   ; LDA #128
  172 f125 85 87                   ; STA __vcsc_scratch_0
  173 f127 a5 87                   ; LDA __vcsc_scratch_0
  174 f129 85 86                   ; STA matrix_probe0$__return
; <compiler-generated> [bank bank0]
  175 f12b 60                      ; RTS
; /mnt/data/vcsc_bankaudit/.tmp-callmatrix/f6sc-source2.c26:35 [bank bank0] | bank0 void matrix_done(void) { while (1) { } }
  176 f12c 4c 2c f1                ; JMP @while_start_35  => $F12C
; <compiler-generated> [bank bank0]
  177 f12f 60                      ; RTS
; /mnt/data/vcsc_bankaudit/.tmp-callmatrix/f6sc-source2.c26:38 [bank bank0] | matrix_failure := 0;
  178 f130 a9 00                   ; LDA #0
  179 f132 85 80                   ; STA matrix_failure
; /mnt/data/vcsc_bankaudit/.tmp-callmatrix/f6sc-source2.c26:39 [bank bank0] | matrix_source();
  180 f134 20 2d ff                ; JSR matrix_source  => $FF2D
; /mnt/data/vcsc_bankaudit/.tmp-callmatrix/f6sc-source2.c26:40 [bank bank0] | asm jmp matrix_done;
  181 f137 4c 2c f1                ; JMP matrix_done  => $F12C
; <compiler-generated> [bank bank0]
  182 f13a 6c fc ff                ; JMP (65532)  => $FFFC
------- Unattributed/linker-generated linked bytes
  183 9f00 20 07 ff 8d f7 1f 60 8d ; <linker-generated/unattributed>
  184 9f08 f9 1f 6c 0d ff 1c f1 20 ; <linker-generated/unattributed>
  185 9f10 16 ff 8d f7 1f 60 8d f8 ; <linker-generated/unattributed>
  186 9f18 1f 6c 1c ff 00 d1 20 25 ; <linker-generated/unattributed>
  187 9f20 ff 8d f7 1f 60 8d f6 1f ; <linker-generated/unattributed>
  188 9f28 6c 2b ff 00 91 20 34 ff ; <linker-generated/unattributed>
  189 9f30 8d f9 1f 60 8d f7 1f 6c ; <linker-generated/unattributed>
  190 9f38 3a ff 10 b1             ; <linker-generated/unattributed>
  191 9fe0 2c f9 1f 4c 1b f1 2c f9 ; <linker-generated/unattributed>
  192 9fe8 1f 4c 00 f1 2c f9 1f 4c ; <linker-generated/unattributed>
  193 9ff0 1b f1                   ; <linker-generated/unattributed>
  194 9ffa e0 ff e6 ff ec ff       ; <linker-generated/unattributed>
  195 bf00 20 07 ff 8d f7 1f 60 8d ; <linker-generated/unattributed>
  196 bf08 f9 1f 6c 0d ff 1c f1 20 ; <linker-generated/unattributed>
  197 bf10 16 ff 8d f7 1f 60 8d f8 ; <linker-generated/unattributed>
  198 bf18 1f 6c 1c ff 00 d1 20 25 ; <linker-generated/unattributed>
  199 bf20 ff 8d f7 1f 60 8d f6 1f ; <linker-generated/unattributed>
  200 bf28 6c 2b ff 00 91 20 34 ff ; <linker-generated/unattributed>
  201 bf30 8d f9 1f 60 8d f7 1f 6c ; <linker-generated/unattributed>
  202 bf38 3a ff 10 b1             ; <linker-generated/unattributed>
  203 bfe0 2c f9 1f 4c 1b f1 2c f9 ; <linker-generated/unattributed>
  204 bfe8 1f 4c 00 f1 2c f9 1f 4c ; <linker-generated/unattributed>
  205 bff0 1b f1                   ; <linker-generated/unattributed>
  206 bffa e0 ff e6 ff ec ff       ; <linker-generated/unattributed>
  207 df00 20 07 ff 8d f7 1f 60 8d ; <linker-generated/unattributed>
  208 df08 f9 1f 6c 0d ff 1c f1 20 ; <linker-generated/unattributed>
  209 df10 16 ff 8d f7 1f 60 8d f8 ; <linker-generated/unattributed>
  210 df18 1f 6c 1c ff 00 d1 20 25 ; <linker-generated/unattributed>
  211 df20 ff 8d f7 1f 60 8d f6 1f ; <linker-generated/unattributed>
  212 df28 6c 2b ff 00 91 20 34 ff ; <linker-generated/unattributed>
  213 df30 8d f9 1f 60 8d f7 1f 6c ; <linker-generated/unattributed>
  214 df38 3a ff 10 b1             ; <linker-generated/unattributed>
  215 dfe0 2c f9 1f 4c 1b f1 2c f9 ; <linker-generated/unattributed>
  216 dfe8 1f 4c 00 f1 2c f9 1f 4c ; <linker-generated/unattributed>
  217 dff0 1b f1                   ; <linker-generated/unattributed>
  218 dffa e0 ff e6 ff ec ff       ; <linker-generated/unattributed>
  219 ff00 20 07 ff 8d f7 1f 60 8d ; <linker-generated/unattributed>
  220 ff08 f9 1f 6c 0d ff 1c f1 20 ; <linker-generated/unattributed>
  221 ff10 16 ff 8d f7 1f 60 8d f8 ; <linker-generated/unattributed>
  222 ff18 1f 6c 1c ff 00 d1 20 25 ; <linker-generated/unattributed>
  223 ff20 ff 8d f7 1f 60 8d f6 1f ; <linker-generated/unattributed>
  224 ff28 6c 2b ff 00 91 20 34 ff ; <linker-generated/unattributed>
  225 ff30 8d f9 1f 60 8d f7 1f 6c ; <linker-generated/unattributed>
  226 ff38 3a ff 10 b1             ; <linker-generated/unattributed>
  227 ffe0 2c f9 1f 4c 1b f1 2c f9 ; <linker-generated/unattributed>
  228 ffe8 1f 4c 00 f1 2c f9 1f 4c ; <linker-generated/unattributed>
  229 fff0 1b f1                   ; <linker-generated/unattributed>
  230 fffa e0 ff e6 ff ec ff       ; <linker-generated/unattributed>
