------- VCSC linked image listing
------- Human source listing; addresses and bytes are final after relocation.
------- RAM symbols retain DASM constant rows for Stella compatibility.
    1 0086          00 86 matrix_probe1$__return =
    2 0086          00 86 matrix_probe0$__return =
    3 0083          00 83 matrix_sp_after =
    4 0082          00 82 matrix_sp_before =
    5 0081          00 81 matrix_count =
    6 0080          00 80 matrix_failure =
    7 0088          00 88 __stack_start =
    8 00f7          00 f7 __stack_top =
    9 0002          00 02 __call_stack_depth =
   10 0004          00 04 __call_stack_weighted_depth =
   11 0002          00 02 __call_stack_bank_extra_slots =
   12 0000          00 00 __call_stack_extra =
   13 0008          00 08 __call_stack_size =
   14 00f8          00 f8 __call_stack_start =
   15 00ff          00 ff __call_stack_top =
------- Source-correlated linked statements
; /mnt/data/vcsc_bankaudit/.tmp-callmatrix/f8sc-source1.c26:10 [bank bank1] | bank1 uint8_t matrix_probe1(void) { matrix_count := matrix_count + 1; return 0x81; }
   16 d100 a5 81                   ; LDA matrix_count
   17 d102 18                      ; CLC
   18 d103 69 01                   ; ADC #1
   19 d105 85 81                   ; STA matrix_count
   20 d107 a9 81                   ; LDA #129
   21 d109 85 87                   ; STA __vcsc_scratch_1
   22 d10b a5 87                   ; LDA __vcsc_scratch_1
   23 d10d 85 86                   ; STA matrix_probe1$__return
; <compiler-generated> [bank bank1]
   24 d10f 60                      ; RTS
; /mnt/data/vcsc_bankaudit/.tmp-callmatrix/f8sc-source1.c26:13 [bank bank1] | matrix_count := 0;
   25 d110 a9 00                   ; LDA #0
   26 d112 85 81                   ; STA matrix_count
; /mnt/data/vcsc_bankaudit/.tmp-callmatrix/f8sc-source1.c26:14 [bank bank1] | asm tsx; asm stx matrix_sp_before;
   27 d114 ba                      ; TSX
   28 d115 86 82                   ; STX matrix_sp_before
; /mnt/data/vcsc_bankaudit/.tmp-callmatrix/f8sc-source1.c26:16 [bank bank1] | asm tsx; asm stx matrix_sp_after;
   29 d117 20 00 df                ; JSR matrix_probe0  => $DF00
   30 d11a a5 86                   ; LDA matrix_probe0$__return
   31 d11c 85 84                   ; STA __vcsc_scratch_2
   32 d11e a9 80                   ; LDA #128
   33 d120 85 85                   ; STA (__vcsc_scratch_2 + 1)
   34 d122 a5 84                   ; LDA __vcsc_scratch_2
   35 d124 c5 85                   ; CMP (__vcsc_scratch_2 + 1)
   36 d126 d0 04                   ; BNE @cmp_false_3
   37 d128 a9 01                   ; LDA #1
   38 d12a d0 02                   ; BNE @cmp_done_4
   39 d12c a9 00                   ; LDA #0
   40 d12e d0 04                   ; BNE @if_false_0
; /mnt/data/vcsc_bankaudit/.tmp-callmatrix/f8sc-source1.c26:15 [bank bank1] | if (matrix_probe0() != 0x80) { matrix_failure := 0x01; }
   41 d130 a9 01                   ; LDA #1
   42 d132 85 80                   ; STA matrix_failure
; /mnt/data/vcsc_bankaudit/.tmp-callmatrix/f8sc-source1.c26:16 [bank bank1] | asm tsx; asm stx matrix_sp_after;
   43 d134 ba                      ; TSX
   44 d135 86 83                   ; STX matrix_sp_after
; /mnt/data/vcsc_bankaudit/.tmp-callmatrix/f8sc-source1.c26:18 [bank bank1] | asm tsx; asm stx matrix_sp_before;
   45 d137 a5 83                   ; LDA matrix_sp_after
   46 d139 c5 82                   ; CMP matrix_sp_before
   47 d13b d0 03                   ; BNE @u8_ne_true_7
   48 d13d 4c 44 d1                ; JMP @if_false_5  => $D144
; /mnt/data/vcsc_bankaudit/.tmp-callmatrix/f8sc-source1.c26:17 [bank bank1] | if (matrix_sp_after != matrix_sp_before) { matrix_failure := 0x40; }
   49 d140 a9 40                   ; LDA #64
   50 d142 85 80                   ; STA matrix_failure
; /mnt/data/vcsc_bankaudit/.tmp-callmatrix/f8sc-source1.c26:18 [bank bank1] | asm tsx; asm stx matrix_sp_before;
   51 d144 ba                      ; TSX
   52 d145 86 82                   ; STX matrix_sp_before
; /mnt/data/vcsc_bankaudit/.tmp-callmatrix/f8sc-source1.c26:20 [bank bank1] | asm tsx; asm stx matrix_sp_after;
   53 d147 20 00 d1                ; JSR matrix_probe1  => $D100
   54 d14a a5 86                   ; LDA matrix_probe1$__return
   55 d14c 85 84                   ; STA __vcsc_scratch_2
   56 d14e a9 81                   ; LDA #129
   57 d150 85 85                   ; STA (__vcsc_scratch_2 + 1)
   58 d152 a5 84                   ; LDA __vcsc_scratch_2
   59 d154 c5 85                   ; CMP (__vcsc_scratch_2 + 1)
   60 d156 d0 04                   ; BNE @cmp_false_11
   61 d158 a9 01                   ; LDA #1
   62 d15a d0 02                   ; BNE @cmp_done_12
   63 d15c a9 00                   ; LDA #0
   64 d15e d0 04                   ; BNE @if_false_8
; /mnt/data/vcsc_bankaudit/.tmp-callmatrix/f8sc-source1.c26:19 [bank bank1] | if (matrix_probe1() != 0x81) { matrix_failure := 0x02; }
   65 d160 a9 02                   ; LDA #2
   66 d162 85 80                   ; STA matrix_failure
; /mnt/data/vcsc_bankaudit/.tmp-callmatrix/f8sc-source1.c26:20 [bank bank1] | asm tsx; asm stx matrix_sp_after;
   67 d164 ba                      ; TSX
   68 d165 86 83                   ; STX matrix_sp_after
; /mnt/data/vcsc_bankaudit/.tmp-callmatrix/f8sc-source1.c26:22 [bank bank1] | if (matrix_count != 2) { matrix_failure := 0x7E; }
   69 d167 a5 83                   ; LDA matrix_sp_after
   70 d169 c5 82                   ; CMP matrix_sp_before
   71 d16b d0 03                   ; BNE @u8_ne_true_15
   72 d16d 4c 74 d1                ; JMP @if_false_13  => $D174
; /mnt/data/vcsc_bankaudit/.tmp-callmatrix/f8sc-source1.c26:21 [bank bank1] | if (matrix_sp_after != matrix_sp_before) { matrix_failure := 0x41; }
   73 d170 a9 41                   ; LDA #65
   74 d172 85 80                   ; STA matrix_failure
; /mnt/data/vcsc_bankaudit/.tmp-callmatrix/f8sc-source1.c26:23 [bank bank1] | }
   75 d174 a5 81                   ; LDA matrix_count
   76 d176 c9 02                   ; CMP #2
   77 d178 d0 03                   ; BNE @u8_ne_true_18
   78 d17a 4c 81 d1                ; JMP @if_false_16  => $D181
; /mnt/data/vcsc_bankaudit/.tmp-callmatrix/f8sc-source1.c26:22 [bank bank1] | if (matrix_count != 2) { matrix_failure := 0x7E; }
   79 d17d a9 7e                   ; LDA #126
   80 d17f 85 80                   ; STA matrix_failure
; <compiler-generated> [bank bank1]
   81 d181 60                      ; RTS
; wrk/vcsc-rt1-simple.s26:25 [bank bank0] | sei
   82 f100 78                      ; SEI
; wrk/vcsc-rt1-simple.s26:26 [bank bank0] | cld
   83 f101 d8                      ; CLD
; wrk/vcsc-rt1-simple.s26:27 [bank bank0] | ldx #$ff
   84 f102 a2 ff                   ; LDX #255
; wrk/vcsc-rt1-simple.s26:28 [bank bank0] | txs
   85 f104 9a                      ; TXS
; wrk/vcsc-rt1-simple.s26:30 [bank bank0] | lda #0
   86 f105 a9 00                   ; LDA #0
; wrk/vcsc-rt1-simple.s26:31 [bank bank0] | ldx #$7f
   87 f107 a2 7f                   ; LDX #127
; wrk/vcsc-rt1-simple.s26:33 [bank bank0] | sta $80,x
   88 f109 95 80                   ; STA 128,X
; wrk/vcsc-rt1-simple.s26:34 [bank bank0] | dex
   89 f10b ca                      ; DEX
; wrk/vcsc-rt1-simple.s26:35 [bank bank0] | bpl.same @clear_ram
   90 f10c 10 fb                   ; BPL.same @clear_ram
; wrk/vcsc-rt1-simple.s26:37 [bank bank0] | ldx #$2c
   91 f10e a2 2c                   ; LDX #44
; wrk/vcsc-rt1-simple.s26:39 [bank bank0] | sta $00,x
   92 f110 95 00                   ; STA 0,X
; wrk/vcsc-rt1-simple.s26:40 [bank bank0] | dex
   93 f112 ca                      ; DEX
; wrk/vcsc-rt1-simple.s26:41 [bank bank0] | bpl.same @clear_tia
   94 f113 10 fb                   ; BPL.same @clear_tia
; wrk/vcsc-rt1-simple.s26:43 [bank bank0] | ldx #$ff
   95 f115 a2 ff                   ; LDX #255
; wrk/vcsc-rt1-simple.s26:44 [bank bank0] | txs
   96 f117 9a                      ; TXS
; wrk/vcsc-rt1-simple.s26:45 [bank bank0] | jmp main
   97 f118 4c 30 f1                ; JMP main  => $F130
; wrk/vcsc-rt1-simple.s26:49 [bank bank0] | rti
   98 f11b 40                      ; RTI
; /mnt/data/vcsc_bankaudit/.tmp-callmatrix/f8sc-source1.c26:9 [bank bank0] | bank0 uint8_t matrix_probe0(void) { matrix_count := matrix_count + 1; return 0x80; }
   99 f11c a5 81                   ; LDA matrix_count
  100 f11e 18                      ; CLC
  101 f11f 69 01                   ; ADC #1
  102 f121 85 81                   ; STA matrix_count
  103 f123 a9 80                   ; LDA #128
  104 f125 85 87                   ; STA __vcsc_scratch_0
  105 f127 a5 87                   ; LDA __vcsc_scratch_0
  106 f129 85 86                   ; STA matrix_probe0$__return
; <compiler-generated> [bank bank0]
  107 f12b 60                      ; RTS
; /mnt/data/vcsc_bankaudit/.tmp-callmatrix/f8sc-source1.c26:25 [bank bank0] | bank0 void matrix_done(void) { while (1) { } }
  108 f12c 4c 2c f1                ; JMP @while_start_19  => $F12C
; <compiler-generated> [bank bank0]
  109 f12f 60                      ; RTS
; /mnt/data/vcsc_bankaudit/.tmp-callmatrix/f8sc-source1.c26:28 [bank bank0] | matrix_failure := 0;
  110 f130 a9 00                   ; LDA #0
  111 f132 85 80                   ; STA matrix_failure
; /mnt/data/vcsc_bankaudit/.tmp-callmatrix/f8sc-source1.c26:29 [bank bank0] | matrix_source();
  112 f134 20 0f ff                ; JSR matrix_source  => $FF0F
; /mnt/data/vcsc_bankaudit/.tmp-callmatrix/f8sc-source1.c26:30 [bank bank0] | asm jmp matrix_done;
  113 f137 4c 2c f1                ; JMP matrix_done  => $F12C
; <compiler-generated> [bank bank0]
  114 f13a 6c fc ff                ; JMP (65532)  => $FFFC
------- Unattributed/linker-generated linked bytes
  115 df00 20 07 ff 8d f8 1f 60 8d ; <linker-generated/unattributed>
  116 df08 f9 1f 6c 0d ff 1c f1 20 ; <linker-generated/unattributed>
  117 df10 16 ff 8d f9 1f 60 8d f8 ; <linker-generated/unattributed>
  118 df18 1f 6c 1c ff 10 d1       ; <linker-generated/unattributed>
  119 dfe0 2c f9 1f 4c 1b f1 2c f9 ; <linker-generated/unattributed>
  120 dfe8 1f 4c 00 f1 2c f9 1f 4c ; <linker-generated/unattributed>
  121 dff0 1b f1                   ; <linker-generated/unattributed>
  122 dffa e0 ff e6 ff ec ff       ; <linker-generated/unattributed>
  123 ff00 20 07 ff 8d f8 1f 60 8d ; <linker-generated/unattributed>
  124 ff08 f9 1f 6c 0d ff 1c f1 20 ; <linker-generated/unattributed>
  125 ff10 16 ff 8d f9 1f 60 8d f8 ; <linker-generated/unattributed>
  126 ff18 1f 6c 1c ff 10 d1       ; <linker-generated/unattributed>
  127 ffe0 2c f9 1f 4c 1b f1 2c f9 ; <linker-generated/unattributed>
  128 ffe8 1f 4c 00 f1 2c f9 1f 4c ; <linker-generated/unattributed>
  129 fff0 1b f1                   ; <linker-generated/unattributed>
  130 fffa e0 ff e6 ff ec ff       ; <linker-generated/unattributed>
