------- VCSC linked image listing
------- Human source listing; addresses and bytes are final after relocation.
------- RAM symbols retain DASM constant rows for Stella compatibility.
    1 0086          00 86 matrix_probe1$__return =
    2 0086          00 86 matrix_probe0$__return =
    3 0083          00 83 matrix_sp_after =
    4 0082          00 82 matrix_sp_before =
    5 0081          00 81 matrix_count =
    6 0080          00 80 matrix_failure =
    7 0088          00 88 __stack_start =
    8 00f9          00 f9 __stack_top =
    9 0002          00 02 __call_stack_depth =
   10 0003          00 03 __call_stack_weighted_depth =
   11 0001          00 01 __call_stack_bank_extra_slots =
   12 0000          00 00 __call_stack_extra =
   13 0006          00 06 __call_stack_size =
   14 00fa          00 fa __call_stack_start =
   15 00ff          00 ff __call_stack_top =
------- Source-correlated linked statements
; /mnt/data/vcsc_bankaudit/.tmp-callmatrix/f8sc-source0.c26:10 [bank bank1] | bank1 uint8_t matrix_probe1(void) { matrix_count := matrix_count + 1; return 0x81; }
   16 d100 a5 81                   ; LDA matrix_count
   17 d102 18                      ; CLC
   18 d103 69 01                   ; ADC #1
   19 d105 85 81                   ; STA matrix_count
   20 d107 a9 81                   ; LDA #129
   21 d109 85 87                   ; STA __vcsc_scratch_1
   22 d10b a5 87                   ; LDA __vcsc_scratch_1
   23 d10d 85 86                   ; STA matrix_probe1$__return
; <compiler-generated> [bank bank1]
   24 d10f 60                      ; RTS
; wrk/vcsc-rt1-simple.s26:25 [bank bank0] | sei
   25 f100 78                      ; SEI
; wrk/vcsc-rt1-simple.s26:26 [bank bank0] | cld
   26 f101 d8                      ; CLD
; wrk/vcsc-rt1-simple.s26:27 [bank bank0] | ldx #$ff
   27 f102 a2 ff                   ; LDX #255
; wrk/vcsc-rt1-simple.s26:28 [bank bank0] | txs
   28 f104 9a                      ; TXS
; wrk/vcsc-rt1-simple.s26:30 [bank bank0] | lda #0
   29 f105 a9 00                   ; LDA #0
; wrk/vcsc-rt1-simple.s26:31 [bank bank0] | ldx #$7f
   30 f107 a2 7f                   ; LDX #127
; wrk/vcsc-rt1-simple.s26:33 [bank bank0] | sta $80,x
   31 f109 95 80                   ; STA 128,X
; wrk/vcsc-rt1-simple.s26:34 [bank bank0] | dex
   32 f10b ca                      ; DEX
; wrk/vcsc-rt1-simple.s26:35 [bank bank0] | bpl.same @clear_ram
   33 f10c 10 fb                   ; BPL.same @clear_ram
; wrk/vcsc-rt1-simple.s26:37 [bank bank0] | ldx #$2c
   34 f10e a2 2c                   ; LDX #44
; wrk/vcsc-rt1-simple.s26:39 [bank bank0] | sta $00,x
   35 f110 95 00                   ; STA 0,X
; wrk/vcsc-rt1-simple.s26:40 [bank bank0] | dex
   36 f112 ca                      ; DEX
; wrk/vcsc-rt1-simple.s26:41 [bank bank0] | bpl.same @clear_tia
   37 f113 10 fb                   ; BPL.same @clear_tia
; wrk/vcsc-rt1-simple.s26:43 [bank bank0] | ldx #$ff
   38 f115 a2 ff                   ; LDX #255
; wrk/vcsc-rt1-simple.s26:44 [bank bank0] | txs
   39 f117 9a                      ; TXS
; wrk/vcsc-rt1-simple.s26:45 [bank bank0] | jmp main
   40 f118 4c a2 f1                ; JMP main  => $F1A2
; wrk/vcsc-rt1-simple.s26:49 [bank bank0] | rti
   41 f11b 40                      ; RTI
; /mnt/data/vcsc_bankaudit/.tmp-callmatrix/f8sc-source0.c26:9 [bank bank0] | bank0 uint8_t matrix_probe0(void) { matrix_count := matrix_count + 1; return 0x80; }
   42 f11c a5 81                   ; LDA matrix_count
   43 f11e 18                      ; CLC
   44 f11f 69 01                   ; ADC #1
   45 f121 85 81                   ; STA matrix_count
   46 f123 a9 80                   ; LDA #128
   47 f125 85 87                   ; STA __vcsc_scratch_0
   48 f127 a5 87                   ; LDA __vcsc_scratch_0
   49 f129 85 86                   ; STA matrix_probe0$__return
; <compiler-generated> [bank bank0]
   50 f12b 60                      ; RTS
; /mnt/data/vcsc_bankaudit/.tmp-callmatrix/f8sc-source0.c26:13 [bank bank0] | matrix_count := 0;
   51 f12c a9 00                   ; LDA #0
   52 f12e 85 81                   ; STA matrix_count
; /mnt/data/vcsc_bankaudit/.tmp-callmatrix/f8sc-source0.c26:14 [bank bank0] | asm tsx; asm stx matrix_sp_before;
   53 f130 ba                      ; TSX
   54 f131 86 82                   ; STX matrix_sp_before
; /mnt/data/vcsc_bankaudit/.tmp-callmatrix/f8sc-source0.c26:16 [bank bank0] | asm tsx; asm stx matrix_sp_after;
   55 f133 20 1c f1                ; JSR matrix_probe0  => $F11C
   56 f136 a5 86                   ; LDA matrix_probe0$__return
   57 f138 85 84                   ; STA __vcsc_scratch_2
   58 f13a a9 80                   ; LDA #128
   59 f13c 85 85                   ; STA (__vcsc_scratch_2 + 1)
   60 f13e a5 84                   ; LDA __vcsc_scratch_2
   61 f140 c5 85                   ; CMP (__vcsc_scratch_2 + 1)
   62 f142 d0 04                   ; BNE @cmp_false_3
   63 f144 a9 01                   ; LDA #1
   64 f146 d0 02                   ; BNE @cmp_done_4
   65 f148 a9 00                   ; LDA #0
   66 f14a d0 04                   ; BNE @if_false_0
; /mnt/data/vcsc_bankaudit/.tmp-callmatrix/f8sc-source0.c26:15 [bank bank0] | if (matrix_probe0() != 0x80) { matrix_failure := 0x01; }
   67 f14c a9 01                   ; LDA #1
   68 f14e 85 80                   ; STA matrix_failure
; /mnt/data/vcsc_bankaudit/.tmp-callmatrix/f8sc-source0.c26:16 [bank bank0] | asm tsx; asm stx matrix_sp_after;
   69 f150 ba                      ; TSX
   70 f151 86 83                   ; STX matrix_sp_after
; /mnt/data/vcsc_bankaudit/.tmp-callmatrix/f8sc-source0.c26:18 [bank bank0] | asm tsx; asm stx matrix_sp_before;
   71 f153 a5 83                   ; LDA matrix_sp_after
   72 f155 c5 82                   ; CMP matrix_sp_before
   73 f157 d0 03                   ; BNE @u8_ne_true_7
   74 f159 4c 60 f1                ; JMP @if_false_5  => $F160
; /mnt/data/vcsc_bankaudit/.tmp-callmatrix/f8sc-source0.c26:17 [bank bank0] | if (matrix_sp_after != matrix_sp_before) { matrix_failure := 0x40; }
   75 f15c a9 40                   ; LDA #64
   76 f15e 85 80                   ; STA matrix_failure
; /mnt/data/vcsc_bankaudit/.tmp-callmatrix/f8sc-source0.c26:18 [bank bank0] | asm tsx; asm stx matrix_sp_before;
   77 f160 ba                      ; TSX
   78 f161 86 82                   ; STX matrix_sp_before
; /mnt/data/vcsc_bankaudit/.tmp-callmatrix/f8sc-source0.c26:20 [bank bank0] | asm tsx; asm stx matrix_sp_after;
   79 f163 20 00 ff                ; JSR matrix_probe1  => $FF00
   80 f166 a5 86                   ; LDA matrix_probe1$__return
   81 f168 85 84                   ; STA __vcsc_scratch_2
   82 f16a a9 81                   ; LDA #129
   83 f16c 85 85                   ; STA (__vcsc_scratch_2 + 1)
   84 f16e a5 84                   ; LDA __vcsc_scratch_2
   85 f170 c5 85                   ; CMP (__vcsc_scratch_2 + 1)
   86 f172 d0 04                   ; BNE @cmp_false_11
   87 f174 a9 01                   ; LDA #1
   88 f176 d0 02                   ; BNE @cmp_done_12
   89 f178 a9 00                   ; LDA #0
   90 f17a d0 04                   ; BNE @if_false_8
; /mnt/data/vcsc_bankaudit/.tmp-callmatrix/f8sc-source0.c26:19 [bank bank0] | if (matrix_probe1() != 0x81) { matrix_failure := 0x02; }
   91 f17c a9 02                   ; LDA #2
   92 f17e 85 80                   ; STA matrix_failure
; /mnt/data/vcsc_bankaudit/.tmp-callmatrix/f8sc-source0.c26:20 [bank bank0] | asm tsx; asm stx matrix_sp_after;
   93 f180 ba                      ; TSX
   94 f181 86 83                   ; STX matrix_sp_after
; /mnt/data/vcsc_bankaudit/.tmp-callmatrix/f8sc-source0.c26:22 [bank bank0] | if (matrix_count != 2) { matrix_failure := 0x7E; }
   95 f183 a5 83                   ; LDA matrix_sp_after
   96 f185 c5 82                   ; CMP matrix_sp_before
   97 f187 d0 03                   ; BNE @u8_ne_true_15
   98 f189 4c 90 f1                ; JMP @if_false_13  => $F190
; /mnt/data/vcsc_bankaudit/.tmp-callmatrix/f8sc-source0.c26:21 [bank bank0] | if (matrix_sp_after != matrix_sp_before) { matrix_failure := 0x41; }
   99 f18c a9 41                   ; LDA #65
  100 f18e 85 80                   ; STA matrix_failure
; /mnt/data/vcsc_bankaudit/.tmp-callmatrix/f8sc-source0.c26:23 [bank bank0] | }
  101 f190 a5 81                   ; LDA matrix_count
  102 f192 c9 02                   ; CMP #2
  103 f194 d0 03                   ; BNE @u8_ne_true_18
  104 f196 4c 9d f1                ; JMP @if_false_16  => $F19D
; /mnt/data/vcsc_bankaudit/.tmp-callmatrix/f8sc-source0.c26:22 [bank bank0] | if (matrix_count != 2) { matrix_failure := 0x7E; }
  105 f199 a9 7e                   ; LDA #126
  106 f19b 85 80                   ; STA matrix_failure
; <compiler-generated> [bank bank0]
  107 f19d 60                      ; RTS
; /mnt/data/vcsc_bankaudit/.tmp-callmatrix/f8sc-source0.c26:25 [bank bank0] | bank0 void matrix_done(void) { while (1) { } }
  108 f19e 4c 9e f1                ; JMP @while_start_19  => $F19E
; <compiler-generated> [bank bank0]
  109 f1a1 60                      ; RTS
; /mnt/data/vcsc_bankaudit/.tmp-callmatrix/f8sc-source0.c26:28 [bank bank0] | matrix_failure := 0;
  110 f1a2 a9 00                   ; LDA #0
  111 f1a4 85 80                   ; STA matrix_failure
; /mnt/data/vcsc_bankaudit/.tmp-callmatrix/f8sc-source0.c26:29 [bank bank0] | matrix_source();
  112 f1a6 20 2c f1                ; JSR matrix_source  => $F12C
; /mnt/data/vcsc_bankaudit/.tmp-callmatrix/f8sc-source0.c26:30 [bank bank0] | asm jmp matrix_done;
  113 f1a9 4c 9e f1                ; JMP matrix_done  => $F19E
; <compiler-generated> [bank bank0]
  114 f1ac 6c fc ff                ; JMP (65532)  => $FFFC
------- Unattributed/linker-generated linked bytes
  115 df00 20 07 ff 8d f9 1f 60 8d ; <linker-generated/unattributed>
  116 df08 f8 1f 6c 0d ff 00 d1    ; <linker-generated/unattributed>
  117 dfe0 2c f9 1f 4c 1b f1 2c f9 ; <linker-generated/unattributed>
  118 dfe8 1f 4c 00 f1 2c f9 1f 4c ; <linker-generated/unattributed>
  119 dff0 1b f1                   ; <linker-generated/unattributed>
  120 dffa e0 ff e6 ff ec ff       ; <linker-generated/unattributed>
  121 ff00 20 07 ff 8d f9 1f 60 8d ; <linker-generated/unattributed>
  122 ff08 f8 1f 6c 0d ff 00 d1    ; <linker-generated/unattributed>
  123 ffe0 2c f9 1f 4c 1b f1 2c f9 ; <linker-generated/unattributed>
  124 ffe8 1f 4c 00 f1 2c f9 1f 4c ; <linker-generated/unattributed>
  125 fff0 1b f1                   ; <linker-generated/unattributed>
  126 fffa e0 ff e6 ff ec ff       ; <linker-generated/unattributed>
