------- VCSC linked image listing
------- Human source listing; addresses and bytes are final after relocation.
------- RAM symbols retain DASM constant rows for Stella compatibility.
    1 0086          00 86 matrix_probe2$__return =
    2 0086          00 86 matrix_probe1$__return =
    3 0086          00 86 matrix_probe0$__return =
    4 0083          00 83 matrix_sp_after =
    5 0082          00 82 matrix_sp_before =
    6 0081          00 81 matrix_count =
    7 0080          00 80 matrix_failure =
    8 0088          00 88 __stack_start =
    9 00f9          00 f9 __stack_top =
   10 0002          00 02 __call_stack_depth =
   11 0003          00 03 __call_stack_weighted_depth =
   12 0001          00 01 __call_stack_bank_extra_slots =
   13 0000          00 00 __call_stack_extra =
   14 0006          00 06 __call_stack_size =
   15 00fa          00 fa __call_stack_start =
   16 00ff          00 ff __call_stack_top =
------- Source-correlated linked statements
; /mnt/data/vcsc_bankaudit/.tmp-callmatrix/fa-source0.c26:11 [bank bank2] | bank2 uint8_t matrix_probe2(void) { matrix_count := matrix_count + 1; return 0x82; }
   17 b200 a5 81                   ; LDA matrix_count
   18 b202 18                      ; CLC
   19 b203 69 01                   ; ADC #1
   20 b205 85 81                   ; STA matrix_count
   21 b207 a9 82                   ; LDA #130
   22 b209 85 87                   ; STA __vcsc_scratch_2
   23 b20b a5 87                   ; LDA __vcsc_scratch_2
   24 b20d 85 86                   ; STA matrix_probe2$__return
; <compiler-generated> [bank bank2]
   25 b20f 60                      ; RTS
; /mnt/data/vcsc_bankaudit/.tmp-callmatrix/fa-source0.c26:10 [bank bank1] | bank1 uint8_t matrix_probe1(void) { matrix_count := matrix_count + 1; return 0x81; }
   26 d200 a5 81                   ; LDA matrix_count
   27 d202 18                      ; CLC
   28 d203 69 01                   ; ADC #1
   29 d205 85 81                   ; STA matrix_count
   30 d207 a9 81                   ; LDA #129
   31 d209 85 87                   ; STA __vcsc_scratch_1
   32 d20b a5 87                   ; LDA __vcsc_scratch_1
   33 d20d 85 86                   ; STA matrix_probe1$__return
; <compiler-generated> [bank bank1]
   34 d20f 60                      ; RTS
; wrk/vcsc-rt1-simple.s26:25 [bank bank0] | sei
   35 f200 78                      ; SEI
; wrk/vcsc-rt1-simple.s26:26 [bank bank0] | cld
   36 f201 d8                      ; CLD
; wrk/vcsc-rt1-simple.s26:27 [bank bank0] | ldx #$ff
   37 f202 a2 ff                   ; LDX #255
; wrk/vcsc-rt1-simple.s26:28 [bank bank0] | txs
   38 f204 9a                      ; TXS
; wrk/vcsc-rt1-simple.s26:30 [bank bank0] | lda #0
   39 f205 a9 00                   ; LDA #0
; wrk/vcsc-rt1-simple.s26:31 [bank bank0] | ldx #$7f
   40 f207 a2 7f                   ; LDX #127
; wrk/vcsc-rt1-simple.s26:33 [bank bank0] | sta $80,x
   41 f209 95 80                   ; STA 128,X
; wrk/vcsc-rt1-simple.s26:34 [bank bank0] | dex
   42 f20b ca                      ; DEX
; wrk/vcsc-rt1-simple.s26:35 [bank bank0] | bpl.same @clear_ram
   43 f20c 10 fb                   ; BPL.same @clear_ram
; wrk/vcsc-rt1-simple.s26:37 [bank bank0] | ldx #$2c
   44 f20e a2 2c                   ; LDX #44
; wrk/vcsc-rt1-simple.s26:39 [bank bank0] | sta $00,x
   45 f210 95 00                   ; STA 0,X
; wrk/vcsc-rt1-simple.s26:40 [bank bank0] | dex
   46 f212 ca                      ; DEX
; wrk/vcsc-rt1-simple.s26:41 [bank bank0] | bpl.same @clear_tia
   47 f213 10 fb                   ; BPL.same @clear_tia
; wrk/vcsc-rt1-simple.s26:43 [bank bank0] | ldx #$ff
   48 f215 a2 ff                   ; LDX #255
; wrk/vcsc-rt1-simple.s26:44 [bank bank0] | txs
   49 f217 9a                      ; TXS
; wrk/vcsc-rt1-simple.s26:45 [bank bank0] | jmp main
   50 f218 4c d2 f2                ; JMP main  => $F2D2
; wrk/vcsc-rt1-simple.s26:49 [bank bank0] | rti
   51 f21b 40                      ; RTI
; /mnt/data/vcsc_bankaudit/.tmp-callmatrix/fa-source0.c26:9 [bank bank0] | bank0 uint8_t matrix_probe0(void) { matrix_count := matrix_count + 1; return 0x80; }
   52 f21c a5 81                   ; LDA matrix_count
   53 f21e 18                      ; CLC
   54 f21f 69 01                   ; ADC #1
   55 f221 85 81                   ; STA matrix_count
   56 f223 a9 80                   ; LDA #128
   57 f225 85 87                   ; STA __vcsc_scratch_0
   58 f227 a5 87                   ; LDA __vcsc_scratch_0
   59 f229 85 86                   ; STA matrix_probe0$__return
; <compiler-generated> [bank bank0]
   60 f22b 60                      ; RTS
; /mnt/data/vcsc_bankaudit/.tmp-callmatrix/fa-source0.c26:14 [bank bank0] | matrix_count := 0;
   61 f22c a9 00                   ; LDA #0
   62 f22e 85 81                   ; STA matrix_count
; /mnt/data/vcsc_bankaudit/.tmp-callmatrix/fa-source0.c26:15 [bank bank0] | asm tsx; asm stx matrix_sp_before;
   63 f230 ba                      ; TSX
   64 f231 86 82                   ; STX matrix_sp_before
; /mnt/data/vcsc_bankaudit/.tmp-callmatrix/fa-source0.c26:17 [bank bank0] | asm tsx; asm stx matrix_sp_after;
   65 f233 20 1c f2                ; JSR matrix_probe0  => $F21C
   66 f236 a5 86                   ; LDA matrix_probe0$__return
   67 f238 85 84                   ; STA __vcsc_scratch_3
   68 f23a a9 80                   ; LDA #128
   69 f23c 85 85                   ; STA (__vcsc_scratch_3 + 1)
   70 f23e a5 84                   ; LDA __vcsc_scratch_3
   71 f240 c5 85                   ; CMP (__vcsc_scratch_3 + 1)
   72 f242 d0 04                   ; BNE @cmp_false_3
   73 f244 a9 01                   ; LDA #1
   74 f246 d0 02                   ; BNE @cmp_done_4
   75 f248 a9 00                   ; LDA #0
   76 f24a d0 04                   ; BNE @if_false_0
; /mnt/data/vcsc_bankaudit/.tmp-callmatrix/fa-source0.c26:16 [bank bank0] | if (matrix_probe0() != 0x80) { matrix_failure := 0x01; }
   77 f24c a9 01                   ; LDA #1
   78 f24e 85 80                   ; STA matrix_failure
; /mnt/data/vcsc_bankaudit/.tmp-callmatrix/fa-source0.c26:17 [bank bank0] | asm tsx; asm stx matrix_sp_after;
   79 f250 ba                      ; TSX
   80 f251 86 83                   ; STX matrix_sp_after
; /mnt/data/vcsc_bankaudit/.tmp-callmatrix/fa-source0.c26:19 [bank bank0] | asm tsx; asm stx matrix_sp_before;
   81 f253 a5 83                   ; LDA matrix_sp_after
   82 f255 c5 82                   ; CMP matrix_sp_before
   83 f257 d0 03                   ; BNE @u8_ne_true_7
   84 f259 4c 60 f2                ; JMP @if_false_5  => $F260
; /mnt/data/vcsc_bankaudit/.tmp-callmatrix/fa-source0.c26:18 [bank bank0] | if (matrix_sp_after != matrix_sp_before) { matrix_failure := 0x40; }
   85 f25c a9 40                   ; LDA #64
   86 f25e 85 80                   ; STA matrix_failure
; /mnt/data/vcsc_bankaudit/.tmp-callmatrix/fa-source0.c26:19 [bank bank0] | asm tsx; asm stx matrix_sp_before;
   87 f260 ba                      ; TSX
   88 f261 86 82                   ; STX matrix_sp_before
; /mnt/data/vcsc_bankaudit/.tmp-callmatrix/fa-source0.c26:21 [bank bank0] | asm tsx; asm stx matrix_sp_after;
   89 f263 20 00 ff                ; JSR matrix_probe1  => $FF00
   90 f266 a5 86                   ; LDA matrix_probe1$__return
   91 f268 85 84                   ; STA __vcsc_scratch_3
   92 f26a a9 81                   ; LDA #129
   93 f26c 85 85                   ; STA (__vcsc_scratch_3 + 1)
   94 f26e a5 84                   ; LDA __vcsc_scratch_3
   95 f270 c5 85                   ; CMP (__vcsc_scratch_3 + 1)
   96 f272 d0 04                   ; BNE @cmp_false_11
   97 f274 a9 01                   ; LDA #1
   98 f276 d0 02                   ; BNE @cmp_done_12
   99 f278 a9 00                   ; LDA #0
  100 f27a d0 04                   ; BNE @if_false_8
; /mnt/data/vcsc_bankaudit/.tmp-callmatrix/fa-source0.c26:20 [bank bank0] | if (matrix_probe1() != 0x81) { matrix_failure := 0x02; }
  101 f27c a9 02                   ; LDA #2
  102 f27e 85 80                   ; STA matrix_failure
; /mnt/data/vcsc_bankaudit/.tmp-callmatrix/fa-source0.c26:21 [bank bank0] | asm tsx; asm stx matrix_sp_after;
  103 f280 ba                      ; TSX
  104 f281 86 83                   ; STX matrix_sp_after
; /mnt/data/vcsc_bankaudit/.tmp-callmatrix/fa-source0.c26:23 [bank bank0] | asm tsx; asm stx matrix_sp_before;
  105 f283 a5 83                   ; LDA matrix_sp_after
  106 f285 c5 82                   ; CMP matrix_sp_before
  107 f287 d0 03                   ; BNE @u8_ne_true_15
  108 f289 4c 90 f2                ; JMP @if_false_13  => $F290
; /mnt/data/vcsc_bankaudit/.tmp-callmatrix/fa-source0.c26:22 [bank bank0] | if (matrix_sp_after != matrix_sp_before) { matrix_failure := 0x41; }
  109 f28c a9 41                   ; LDA #65
  110 f28e 85 80                   ; STA matrix_failure
; /mnt/data/vcsc_bankaudit/.tmp-callmatrix/fa-source0.c26:23 [bank bank0] | asm tsx; asm stx matrix_sp_before;
  111 f290 ba                      ; TSX
  112 f291 86 82                   ; STX matrix_sp_before
; /mnt/data/vcsc_bankaudit/.tmp-callmatrix/fa-source0.c26:25 [bank bank0] | asm tsx; asm stx matrix_sp_after;
  113 f293 20 0f ff                ; JSR matrix_probe2  => $FF0F
  114 f296 a5 86                   ; LDA matrix_probe2$__return
  115 f298 85 84                   ; STA __vcsc_scratch_3
  116 f29a a9 82                   ; LDA #130
  117 f29c 85 85                   ; STA (__vcsc_scratch_3 + 1)
  118 f29e a5 84                   ; LDA __vcsc_scratch_3
  119 f2a0 c5 85                   ; CMP (__vcsc_scratch_3 + 1)
  120 f2a2 d0 04                   ; BNE @cmp_false_19
  121 f2a4 a9 01                   ; LDA #1
  122 f2a6 d0 02                   ; BNE @cmp_done_20
  123 f2a8 a9 00                   ; LDA #0
  124 f2aa d0 04                   ; BNE @if_false_16
; /mnt/data/vcsc_bankaudit/.tmp-callmatrix/fa-source0.c26:24 [bank bank0] | if (matrix_probe2() != 0x82) { matrix_failure := 0x03; }
  125 f2ac a9 03                   ; LDA #3
  126 f2ae 85 80                   ; STA matrix_failure
; /mnt/data/vcsc_bankaudit/.tmp-callmatrix/fa-source0.c26:25 [bank bank0] | asm tsx; asm stx matrix_sp_after;
  127 f2b0 ba                      ; TSX
  128 f2b1 86 83                   ; STX matrix_sp_after
; /mnt/data/vcsc_bankaudit/.tmp-callmatrix/fa-source0.c26:27 [bank bank0] | if (matrix_count != 3) { matrix_failure := 0x7E; }
  129 f2b3 a5 83                   ; LDA matrix_sp_after
  130 f2b5 c5 82                   ; CMP matrix_sp_before
  131 f2b7 d0 03                   ; BNE @u8_ne_true_23
  132 f2b9 4c c0 f2                ; JMP @if_false_21  => $F2C0
; /mnt/data/vcsc_bankaudit/.tmp-callmatrix/fa-source0.c26:26 [bank bank0] | if (matrix_sp_after != matrix_sp_before) { matrix_failure := 0x42; }
  133 f2bc a9 42                   ; LDA #66
  134 f2be 85 80                   ; STA matrix_failure
; /mnt/data/vcsc_bankaudit/.tmp-callmatrix/fa-source0.c26:28 [bank bank0] | }
  135 f2c0 a5 81                   ; LDA matrix_count
  136 f2c2 c9 03                   ; CMP #3
  137 f2c4 d0 03                   ; BNE @u8_ne_true_26
  138 f2c6 4c cd f2                ; JMP @if_false_24  => $F2CD
; /mnt/data/vcsc_bankaudit/.tmp-callmatrix/fa-source0.c26:27 [bank bank0] | if (matrix_count != 3) { matrix_failure := 0x7E; }
  139 f2c9 a9 7e                   ; LDA #126
  140 f2cb 85 80                   ; STA matrix_failure
; <compiler-generated> [bank bank0]
  141 f2cd 60                      ; RTS
; /mnt/data/vcsc_bankaudit/.tmp-callmatrix/fa-source0.c26:30 [bank bank0] | bank0 void matrix_done(void) { while (1) { } }
  142 f2ce 4c ce f2                ; JMP @while_start_27  => $F2CE
; <compiler-generated> [bank bank0]
  143 f2d1 60                      ; RTS
; /mnt/data/vcsc_bankaudit/.tmp-callmatrix/fa-source0.c26:33 [bank bank0] | matrix_failure := 0;
  144 f2d2 a9 00                   ; LDA #0
  145 f2d4 85 80                   ; STA matrix_failure
; /mnt/data/vcsc_bankaudit/.tmp-callmatrix/fa-source0.c26:34 [bank bank0] | matrix_source();
  146 f2d6 20 2c f2                ; JSR matrix_source  => $F22C
; /mnt/data/vcsc_bankaudit/.tmp-callmatrix/fa-source0.c26:35 [bank bank0] | asm jmp matrix_done;
  147 f2d9 4c ce f2                ; JMP matrix_done  => $F2CE
; <compiler-generated> [bank bank0]
  148 f2dc 6c fc ff                ; JMP (65532)  => $FFFC
------- Unattributed/linker-generated linked bytes
  149 bf00 20 07 ff 8d fa 1f 60 8d ; <linker-generated/unattributed>
  150 bf08 f9 1f 6c 0d ff 00 d2 20 ; <linker-generated/unattributed>
  151 bf10 16 ff 8d fa 1f 60 8d f8 ; <linker-generated/unattributed>
  152 bf18 1f 6c 1c ff 00 b2       ; <linker-generated/unattributed>
  153 bfe0 2c fa 1f 4c 1b f2 2c fa ; <linker-generated/unattributed>
  154 bfe8 1f 4c 00 f2 2c fa 1f 4c ; <linker-generated/unattributed>
  155 bff0 1b f2                   ; <linker-generated/unattributed>
  156 bffa e0 ff e6 ff ec ff       ; <linker-generated/unattributed>
  157 df00 20 07 ff 8d fa 1f 60 8d ; <linker-generated/unattributed>
  158 df08 f9 1f 6c 0d ff 00 d2 20 ; <linker-generated/unattributed>
  159 df10 16 ff 8d fa 1f 60 8d f8 ; <linker-generated/unattributed>
  160 df18 1f 6c 1c ff 00 b2       ; <linker-generated/unattributed>
  161 dfe0 2c fa 1f 4c 1b f2 2c fa ; <linker-generated/unattributed>
  162 dfe8 1f 4c 00 f2 2c fa 1f 4c ; <linker-generated/unattributed>
  163 dff0 1b f2                   ; <linker-generated/unattributed>
  164 dffa e0 ff e6 ff ec ff       ; <linker-generated/unattributed>
  165 ff00 20 07 ff 8d fa 1f 60 8d ; <linker-generated/unattributed>
  166 ff08 f9 1f 6c 0d ff 00 d2 20 ; <linker-generated/unattributed>
  167 ff10 16 ff 8d fa 1f 60 8d f8 ; <linker-generated/unattributed>
  168 ff18 1f 6c 1c ff 00 b2       ; <linker-generated/unattributed>
  169 ffe0 2c fa 1f 4c 1b f2 2c fa ; <linker-generated/unattributed>
  170 ffe8 1f 4c 00 f2 2c fa 1f 4c ; <linker-generated/unattributed>
  171 fff0 1b f2                   ; <linker-generated/unattributed>
  172 fffa e0 ff e6 ff ec ff       ; <linker-generated/unattributed>
