------- VCSC linked image listing
------- Human source listing; addresses and bytes are final after relocation.
------- RAM symbols retain DASM constant rows for Stella compatibility.
    1 0086          00 86 matrix_probe2$__return =
    2 0086          00 86 matrix_probe1$__return =
    3 0086          00 86 matrix_probe0$__return =
    4 0083          00 83 matrix_sp_after =
    5 0082          00 82 matrix_sp_before =
    6 0081          00 81 matrix_count =
    7 0080          00 80 matrix_failure =
    8 0088          00 88 __stack_start =
    9 00f7          00 f7 __stack_top =
   10 0002          00 02 __call_stack_depth =
   11 0004          00 04 __call_stack_weighted_depth =
   12 0002          00 02 __call_stack_bank_extra_slots =
   13 0000          00 00 __call_stack_extra =
   14 0008          00 08 __call_stack_size =
   15 00f8          00 f8 __call_stack_start =
   16 00ff          00 ff __call_stack_top =
------- Source-correlated linked statements
; /mnt/data/vcsc_bankaudit/.tmp-callmatrix/fa-source1.c26:11 [bank bank2] | bank2 uint8_t matrix_probe2(void) { matrix_count := matrix_count + 1; return 0x82; }
   17 b200 a5 81                   ; LDA matrix_count
   18 b202 18                      ; CLC
   19 b203 69 01                   ; ADC #1
   20 b205 85 81                   ; STA matrix_count
   21 b207 a9 82                   ; LDA #130
   22 b209 85 87                   ; STA __vcsc_scratch_2
   23 b20b a5 87                   ; LDA __vcsc_scratch_2
   24 b20d 85 86                   ; STA matrix_probe2$__return
; <compiler-generated> [bank bank2]
   25 b20f 60                      ; RTS
; /mnt/data/vcsc_bankaudit/.tmp-callmatrix/fa-source1.c26:10 [bank bank1] | bank1 uint8_t matrix_probe1(void) { matrix_count := matrix_count + 1; return 0x81; }
   26 d200 a5 81                   ; LDA matrix_count
   27 d202 18                      ; CLC
   28 d203 69 01                   ; ADC #1
   29 d205 85 81                   ; STA matrix_count
   30 d207 a9 81                   ; LDA #129
   31 d209 85 87                   ; STA __vcsc_scratch_1
   32 d20b a5 87                   ; LDA __vcsc_scratch_1
   33 d20d 85 86                   ; STA matrix_probe1$__return
; <compiler-generated> [bank bank1]
   34 d20f 60                      ; RTS
; /mnt/data/vcsc_bankaudit/.tmp-callmatrix/fa-source1.c26:14 [bank bank1] | matrix_count := 0;
   35 d210 a9 00                   ; LDA #0
   36 d212 85 81                   ; STA matrix_count
; /mnt/data/vcsc_bankaudit/.tmp-callmatrix/fa-source1.c26:15 [bank bank1] | asm tsx; asm stx matrix_sp_before;
   37 d214 ba                      ; TSX
   38 d215 86 82                   ; STX matrix_sp_before
; /mnt/data/vcsc_bankaudit/.tmp-callmatrix/fa-source1.c26:17 [bank bank1] | asm tsx; asm stx matrix_sp_after;
   39 d217 20 00 df                ; JSR matrix_probe0  => $DF00
   40 d21a a5 86                   ; LDA matrix_probe0$__return
   41 d21c 85 84                   ; STA __vcsc_scratch_3
   42 d21e a9 80                   ; LDA #128
   43 d220 85 85                   ; STA (__vcsc_scratch_3 + 1)
   44 d222 a5 84                   ; LDA __vcsc_scratch_3
   45 d224 c5 85                   ; CMP (__vcsc_scratch_3 + 1)
   46 d226 d0 04                   ; BNE @cmp_false_3
   47 d228 a9 01                   ; LDA #1
   48 d22a d0 02                   ; BNE @cmp_done_4
   49 d22c a9 00                   ; LDA #0
   50 d22e d0 04                   ; BNE @if_false_0
; /mnt/data/vcsc_bankaudit/.tmp-callmatrix/fa-source1.c26:16 [bank bank1] | if (matrix_probe0() != 0x80) { matrix_failure := 0x01; }
   51 d230 a9 01                   ; LDA #1
   52 d232 85 80                   ; STA matrix_failure
; /mnt/data/vcsc_bankaudit/.tmp-callmatrix/fa-source1.c26:17 [bank bank1] | asm tsx; asm stx matrix_sp_after;
   53 d234 ba                      ; TSX
   54 d235 86 83                   ; STX matrix_sp_after
; /mnt/data/vcsc_bankaudit/.tmp-callmatrix/fa-source1.c26:19 [bank bank1] | asm tsx; asm stx matrix_sp_before;
   55 d237 a5 83                   ; LDA matrix_sp_after
   56 d239 c5 82                   ; CMP matrix_sp_before
   57 d23b d0 03                   ; BNE @u8_ne_true_7
   58 d23d 4c 44 d2                ; JMP @if_false_5  => $D244
; /mnt/data/vcsc_bankaudit/.tmp-callmatrix/fa-source1.c26:18 [bank bank1] | if (matrix_sp_after != matrix_sp_before) { matrix_failure := 0x40; }
   59 d240 a9 40                   ; LDA #64
   60 d242 85 80                   ; STA matrix_failure
; /mnt/data/vcsc_bankaudit/.tmp-callmatrix/fa-source1.c26:19 [bank bank1] | asm tsx; asm stx matrix_sp_before;
   61 d244 ba                      ; TSX
   62 d245 86 82                   ; STX matrix_sp_before
; /mnt/data/vcsc_bankaudit/.tmp-callmatrix/fa-source1.c26:21 [bank bank1] | asm tsx; asm stx matrix_sp_after;
   63 d247 20 00 d2                ; JSR matrix_probe1  => $D200
   64 d24a a5 86                   ; LDA matrix_probe1$__return
   65 d24c 85 84                   ; STA __vcsc_scratch_3
   66 d24e a9 81                   ; LDA #129
   67 d250 85 85                   ; STA (__vcsc_scratch_3 + 1)
   68 d252 a5 84                   ; LDA __vcsc_scratch_3
   69 d254 c5 85                   ; CMP (__vcsc_scratch_3 + 1)
   70 d256 d0 04                   ; BNE @cmp_false_11
   71 d258 a9 01                   ; LDA #1
   72 d25a d0 02                   ; BNE @cmp_done_12
   73 d25c a9 00                   ; LDA #0
   74 d25e d0 04                   ; BNE @if_false_8
; /mnt/data/vcsc_bankaudit/.tmp-callmatrix/fa-source1.c26:20 [bank bank1] | if (matrix_probe1() != 0x81) { matrix_failure := 0x02; }
   75 d260 a9 02                   ; LDA #2
   76 d262 85 80                   ; STA matrix_failure
; /mnt/data/vcsc_bankaudit/.tmp-callmatrix/fa-source1.c26:21 [bank bank1] | asm tsx; asm stx matrix_sp_after;
   77 d264 ba                      ; TSX
   78 d265 86 83                   ; STX matrix_sp_after
; /mnt/data/vcsc_bankaudit/.tmp-callmatrix/fa-source1.c26:23 [bank bank1] | asm tsx; asm stx matrix_sp_before;
   79 d267 a5 83                   ; LDA matrix_sp_after
   80 d269 c5 82                   ; CMP matrix_sp_before
   81 d26b d0 03                   ; BNE @u8_ne_true_15
   82 d26d 4c 74 d2                ; JMP @if_false_13  => $D274
; /mnt/data/vcsc_bankaudit/.tmp-callmatrix/fa-source1.c26:22 [bank bank1] | if (matrix_sp_after != matrix_sp_before) { matrix_failure := 0x41; }
   83 d270 a9 41                   ; LDA #65
   84 d272 85 80                   ; STA matrix_failure
; /mnt/data/vcsc_bankaudit/.tmp-callmatrix/fa-source1.c26:23 [bank bank1] | asm tsx; asm stx matrix_sp_before;
   85 d274 ba                      ; TSX
   86 d275 86 82                   ; STX matrix_sp_before
; /mnt/data/vcsc_bankaudit/.tmp-callmatrix/fa-source1.c26:25 [bank bank1] | asm tsx; asm stx matrix_sp_after;
   87 d277 20 0f df                ; JSR matrix_probe2  => $DF0F
   88 d27a a5 86                   ; LDA matrix_probe2$__return
   89 d27c 85 84                   ; STA __vcsc_scratch_3
   90 d27e a9 82                   ; LDA #130
   91 d280 85 85                   ; STA (__vcsc_scratch_3 + 1)
   92 d282 a5 84                   ; LDA __vcsc_scratch_3
   93 d284 c5 85                   ; CMP (__vcsc_scratch_3 + 1)
   94 d286 d0 04                   ; BNE @cmp_false_19
   95 d288 a9 01                   ; LDA #1
   96 d28a d0 02                   ; BNE @cmp_done_20
   97 d28c a9 00                   ; LDA #0
   98 d28e d0 04                   ; BNE @if_false_16
; /mnt/data/vcsc_bankaudit/.tmp-callmatrix/fa-source1.c26:24 [bank bank1] | if (matrix_probe2() != 0x82) { matrix_failure := 0x03; }
   99 d290 a9 03                   ; LDA #3
  100 d292 85 80                   ; STA matrix_failure
; /mnt/data/vcsc_bankaudit/.tmp-callmatrix/fa-source1.c26:25 [bank bank1] | asm tsx; asm stx matrix_sp_after;
  101 d294 ba                      ; TSX
  102 d295 86 83                   ; STX matrix_sp_after
; /mnt/data/vcsc_bankaudit/.tmp-callmatrix/fa-source1.c26:27 [bank bank1] | if (matrix_count != 3) { matrix_failure := 0x7E; }
  103 d297 a5 83                   ; LDA matrix_sp_after
  104 d299 c5 82                   ; CMP matrix_sp_before
  105 d29b d0 03                   ; BNE @u8_ne_true_23
  106 d29d 4c a4 d2                ; JMP @if_false_21  => $D2A4
; /mnt/data/vcsc_bankaudit/.tmp-callmatrix/fa-source1.c26:26 [bank bank1] | if (matrix_sp_after != matrix_sp_before) { matrix_failure := 0x42; }
  107 d2a0 a9 42                   ; LDA #66
  108 d2a2 85 80                   ; STA matrix_failure
; /mnt/data/vcsc_bankaudit/.tmp-callmatrix/fa-source1.c26:28 [bank bank1] | }
  109 d2a4 a5 81                   ; LDA matrix_count
  110 d2a6 c9 03                   ; CMP #3
  111 d2a8 d0 03                   ; BNE @u8_ne_true_26
  112 d2aa 4c b1 d2                ; JMP @if_false_24  => $D2B1
; /mnt/data/vcsc_bankaudit/.tmp-callmatrix/fa-source1.c26:27 [bank bank1] | if (matrix_count != 3) { matrix_failure := 0x7E; }
  113 d2ad a9 7e                   ; LDA #126
  114 d2af 85 80                   ; STA matrix_failure
; <compiler-generated> [bank bank1]
  115 d2b1 60                      ; RTS
; wrk/vcsc-rt1-simple.s26:25 [bank bank0] | sei
  116 f200 78                      ; SEI
; wrk/vcsc-rt1-simple.s26:26 [bank bank0] | cld
  117 f201 d8                      ; CLD
; wrk/vcsc-rt1-simple.s26:27 [bank bank0] | ldx #$ff
  118 f202 a2 ff                   ; LDX #255
; wrk/vcsc-rt1-simple.s26:28 [bank bank0] | txs
  119 f204 9a                      ; TXS
; wrk/vcsc-rt1-simple.s26:30 [bank bank0] | lda #0
  120 f205 a9 00                   ; LDA #0
; wrk/vcsc-rt1-simple.s26:31 [bank bank0] | ldx #$7f
  121 f207 a2 7f                   ; LDX #127
; wrk/vcsc-rt1-simple.s26:33 [bank bank0] | sta $80,x
  122 f209 95 80                   ; STA 128,X
; wrk/vcsc-rt1-simple.s26:34 [bank bank0] | dex
  123 f20b ca                      ; DEX
; wrk/vcsc-rt1-simple.s26:35 [bank bank0] | bpl.same @clear_ram
  124 f20c 10 fb                   ; BPL.same @clear_ram
; wrk/vcsc-rt1-simple.s26:37 [bank bank0] | ldx #$2c
  125 f20e a2 2c                   ; LDX #44
; wrk/vcsc-rt1-simple.s26:39 [bank bank0] | sta $00,x
  126 f210 95 00                   ; STA 0,X
; wrk/vcsc-rt1-simple.s26:40 [bank bank0] | dex
  127 f212 ca                      ; DEX
; wrk/vcsc-rt1-simple.s26:41 [bank bank0] | bpl.same @clear_tia
  128 f213 10 fb                   ; BPL.same @clear_tia
; wrk/vcsc-rt1-simple.s26:43 [bank bank0] | ldx #$ff
  129 f215 a2 ff                   ; LDX #255
; wrk/vcsc-rt1-simple.s26:44 [bank bank0] | txs
  130 f217 9a                      ; TXS
; wrk/vcsc-rt1-simple.s26:45 [bank bank0] | jmp main
  131 f218 4c 30 f2                ; JMP main  => $F230
; wrk/vcsc-rt1-simple.s26:49 [bank bank0] | rti
  132 f21b 40                      ; RTI
; /mnt/data/vcsc_bankaudit/.tmp-callmatrix/fa-source1.c26:9 [bank bank0] | bank0 uint8_t matrix_probe0(void) { matrix_count := matrix_count + 1; return 0x80; }
  133 f21c a5 81                   ; LDA matrix_count
  134 f21e 18                      ; CLC
  135 f21f 69 01                   ; ADC #1
  136 f221 85 81                   ; STA matrix_count
  137 f223 a9 80                   ; LDA #128
  138 f225 85 87                   ; STA __vcsc_scratch_0
  139 f227 a5 87                   ; LDA __vcsc_scratch_0
  140 f229 85 86                   ; STA matrix_probe0$__return
; <compiler-generated> [bank bank0]
  141 f22b 60                      ; RTS
; /mnt/data/vcsc_bankaudit/.tmp-callmatrix/fa-source1.c26:30 [bank bank0] | bank0 void matrix_done(void) { while (1) { } }
  142 f22c 4c 2c f2                ; JMP @while_start_27  => $F22C
; <compiler-generated> [bank bank0]
  143 f22f 60                      ; RTS
; /mnt/data/vcsc_bankaudit/.tmp-callmatrix/fa-source1.c26:33 [bank bank0] | matrix_failure := 0;
  144 f230 a9 00                   ; LDA #0
  145 f232 85 80                   ; STA matrix_failure
; /mnt/data/vcsc_bankaudit/.tmp-callmatrix/fa-source1.c26:34 [bank bank0] | matrix_source();
  146 f234 20 1e ff                ; JSR matrix_source  => $FF1E
; /mnt/data/vcsc_bankaudit/.tmp-callmatrix/fa-source1.c26:35 [bank bank0] | asm jmp matrix_done;
  147 f237 4c 2c f2                ; JMP matrix_done  => $F22C
; <compiler-generated> [bank bank0]
  148 f23a 6c fc ff                ; JMP (65532)  => $FFFC
------- Unattributed/linker-generated linked bytes
  149 bf00 20 07 ff 8d f9 1f 60 8d ; <linker-generated/unattributed>
  150 bf08 fa 1f 6c 0d ff 1c f2 20 ; <linker-generated/unattributed>
  151 bf10 16 ff 8d f9 1f 60 8d f8 ; <linker-generated/unattributed>
  152 bf18 1f 6c 1c ff 00 b2 20 25 ; <linker-generated/unattributed>
  153 bf20 ff 8d fa 1f 60 8d f9 1f ; <linker-generated/unattributed>
  154 bf28 6c 2b ff 10 d2          ; <linker-generated/unattributed>
  155 bfe0 2c fa 1f 4c 1b f2 2c fa ; <linker-generated/unattributed>
  156 bfe8 1f 4c 00 f2 2c fa 1f 4c ; <linker-generated/unattributed>
  157 bff0 1b f2                   ; <linker-generated/unattributed>
  158 bffa e0 ff e6 ff ec ff       ; <linker-generated/unattributed>
  159 df00 20 07 ff 8d f9 1f 60 8d ; <linker-generated/unattributed>
  160 df08 fa 1f 6c 0d ff 1c f2 20 ; <linker-generated/unattributed>
  161 df10 16 ff 8d f9 1f 60 8d f8 ; <linker-generated/unattributed>
  162 df18 1f 6c 1c ff 00 b2 20 25 ; <linker-generated/unattributed>
  163 df20 ff 8d fa 1f 60 8d f9 1f ; <linker-generated/unattributed>
  164 df28 6c 2b ff 10 d2          ; <linker-generated/unattributed>
  165 dfe0 2c fa 1f 4c 1b f2 2c fa ; <linker-generated/unattributed>
  166 dfe8 1f 4c 00 f2 2c fa 1f 4c ; <linker-generated/unattributed>
  167 dff0 1b f2                   ; <linker-generated/unattributed>
  168 dffa e0 ff e6 ff ec ff       ; <linker-generated/unattributed>
  169 ff00 20 07 ff 8d f9 1f 60 8d ; <linker-generated/unattributed>
  170 ff08 fa 1f 6c 0d ff 1c f2 20 ; <linker-generated/unattributed>
  171 ff10 16 ff 8d f9 1f 60 8d f8 ; <linker-generated/unattributed>
  172 ff18 1f 6c 1c ff 00 b2 20 25 ; <linker-generated/unattributed>
  173 ff20 ff 8d fa 1f 60 8d f9 1f ; <linker-generated/unattributed>
  174 ff28 6c 2b ff 10 d2          ; <linker-generated/unattributed>
  175 ffe0 2c fa 1f 4c 1b f2 2c fa ; <linker-generated/unattributed>
  176 ffe8 1f 4c 00 f2 2c fa 1f 4c ; <linker-generated/unattributed>
  177 fff0 1b f2                   ; <linker-generated/unattributed>
  178 fffa e0 ff e6 ff ec ff       ; <linker-generated/unattributed>
