------- VCSC linked image listing
------- Human source listing; addresses and bytes are final after relocation.
------- RAM symbols retain DASM constant rows for Stella compatibility.
    1 0086          00 86 matrix_probe6$__return =
    2 0086          00 86 matrix_probe5$__return =
    3 0086          00 86 matrix_probe4$__return =
    4 0086          00 86 matrix_probe3$__return =
    5 0086          00 86 matrix_probe2$__return =
    6 0086          00 86 matrix_probe1$__return =
    7 0086          00 86 matrix_probe0$__return =
    8 0083          00 83 matrix_sp_after =
    9 0082          00 82 matrix_sp_before =
   10 0081          00 81 matrix_count =
   11 0080          00 80 matrix_failure =
   12 0088          00 88 __stack_start =
   13 00f7          00 f7 __stack_top =
   14 0002          00 02 __call_stack_depth =
   15 0004          00 04 __call_stack_weighted_depth =
   16 0002          00 02 __call_stack_bank_extra_slots =
   17 0000          00 00 __call_stack_extra =
   18 0008          00 08 __call_stack_size =
   19 00f8          00 f8 __call_stack_start =
   20 00ff          00 ff __call_stack_top =
------- Source-correlated linked statements
; /mnt/data/vcsc_bankaudit/.tmp-callmatrix/fa2-28-source1.c26:15 [bank bank6] | bank6 uint8_t matrix_probe6(void) { matrix_count := matrix_count + 1; return 0x86; }
   21 3200 a5 81                   ; LDA matrix_count
   22 3202 18                      ; CLC
   23 3203 69 01                   ; ADC #1
   24 3205 85 81                   ; STA matrix_count
   25 3207 a9 86                   ; LDA #134
   26 3209 85 87                   ; STA __vcsc_scratch_6
   27 320b a5 87                   ; LDA __vcsc_scratch_6
   28 320d 85 86                   ; STA matrix_probe6$__return
; <compiler-generated> [bank bank6]
   29 320f 60                      ; RTS
; /mnt/data/vcsc_bankaudit/.tmp-callmatrix/fa2-28-source1.c26:14 [bank bank5] | bank5 uint8_t matrix_probe5(void) { matrix_count := matrix_count + 1; return 0x85; }
   30 5200 a5 81                   ; LDA matrix_count
   31 5202 18                      ; CLC
   32 5203 69 01                   ; ADC #1
   33 5205 85 81                   ; STA matrix_count
   34 5207 a9 85                   ; LDA #133
   35 5209 85 87                   ; STA __vcsc_scratch_5
   36 520b a5 87                   ; LDA __vcsc_scratch_5
   37 520d 85 86                   ; STA matrix_probe5$__return
; <compiler-generated> [bank bank5]
   38 520f 60                      ; RTS
; /mnt/data/vcsc_bankaudit/.tmp-callmatrix/fa2-28-source1.c26:13 [bank bank4] | bank4 uint8_t matrix_probe4(void) { matrix_count := matrix_count + 1; return 0x84; }
   39 7200 a5 81                   ; LDA matrix_count
   40 7202 18                      ; CLC
   41 7203 69 01                   ; ADC #1
   42 7205 85 81                   ; STA matrix_count
   43 7207 a9 84                   ; LDA #132
   44 7209 85 87                   ; STA __vcsc_scratch_4
   45 720b a5 87                   ; LDA __vcsc_scratch_4
   46 720d 85 86                   ; STA matrix_probe4$__return
; <compiler-generated> [bank bank4]
   47 720f 60                      ; RTS
; /mnt/data/vcsc_bankaudit/.tmp-callmatrix/fa2-28-source1.c26:12 [bank bank3] | bank3 uint8_t matrix_probe3(void) { matrix_count := matrix_count + 1; return 0x83; }
   48 9200 a5 81                   ; LDA matrix_count
   49 9202 18                      ; CLC
   50 9203 69 01                   ; ADC #1
   51 9205 85 81                   ; STA matrix_count
   52 9207 a9 83                   ; LDA #131
   53 9209 85 87                   ; STA __vcsc_scratch_3
   54 920b a5 87                   ; LDA __vcsc_scratch_3
   55 920d 85 86                   ; STA matrix_probe3$__return
; <compiler-generated> [bank bank3]
   56 920f 60                      ; RTS
; /mnt/data/vcsc_bankaudit/.tmp-callmatrix/fa2-28-source1.c26:11 [bank bank2] | bank2 uint8_t matrix_probe2(void) { matrix_count := matrix_count + 1; return 0x82; }
   57 b200 a5 81                   ; LDA matrix_count
   58 b202 18                      ; CLC
   59 b203 69 01                   ; ADC #1
   60 b205 85 81                   ; STA matrix_count
   61 b207 a9 82                   ; LDA #130
   62 b209 85 87                   ; STA __vcsc_scratch_2
   63 b20b a5 87                   ; LDA __vcsc_scratch_2
   64 b20d 85 86                   ; STA matrix_probe2$__return
; <compiler-generated> [bank bank2]
   65 b20f 60                      ; RTS
; /mnt/data/vcsc_bankaudit/.tmp-callmatrix/fa2-28-source1.c26:10 [bank bank1] | bank1 uint8_t matrix_probe1(void) { matrix_count := matrix_count + 1; return 0x81; }
   66 d200 a5 81                   ; LDA matrix_count
   67 d202 18                      ; CLC
   68 d203 69 01                   ; ADC #1
   69 d205 85 81                   ; STA matrix_count
   70 d207 a9 81                   ; LDA #129
   71 d209 85 87                   ; STA __vcsc_scratch_1
   72 d20b a5 87                   ; LDA __vcsc_scratch_1
   73 d20d 85 86                   ; STA matrix_probe1$__return
; <compiler-generated> [bank bank1]
   74 d20f 60                      ; RTS
; /mnt/data/vcsc_bankaudit/.tmp-callmatrix/fa2-28-source1.c26:18 [bank bank1] | matrix_count := 0;
   75 d213 a9 00                   ; LDA #0
   76 d215 85 81                   ; STA matrix_count
; /mnt/data/vcsc_bankaudit/.tmp-callmatrix/fa2-28-source1.c26:19 [bank bank1] | asm tsx; asm stx matrix_sp_before;
   77 d217 ba                      ; TSX
   78 d218 86 82                   ; STX matrix_sp_before
; /mnt/data/vcsc_bankaudit/.tmp-callmatrix/fa2-28-source1.c26:21 [bank bank1] | asm tsx; asm stx matrix_sp_after;
   79 d21a 20 00 df                ; JSR matrix_probe0  => $DF00
   80 d21d a5 86                   ; LDA matrix_probe0$__return
   81 d21f 85 84                   ; STA __vcsc_scratch_7
   82 d221 a9 80                   ; LDA #128
   83 d223 85 85                   ; STA (__vcsc_scratch_7 + 1)
   84 d225 a5 84                   ; LDA __vcsc_scratch_7
   85 d227 c5 85                   ; CMP (__vcsc_scratch_7 + 1)
   86 d229 d0 04                   ; BNE @cmp_false_3
   87 d22b a9 01                   ; LDA #1
   88 d22d d0 02                   ; BNE @cmp_done_4
   89 d22f a9 00                   ; LDA #0
   90 d231 d0 04                   ; BNE @if_false_0
; /mnt/data/vcsc_bankaudit/.tmp-callmatrix/fa2-28-source1.c26:20 [bank bank1] | if (matrix_probe0() != 0x80) { matrix_failure := 0x01; }
   91 d233 a9 01                   ; LDA #1
   92 d235 85 80                   ; STA matrix_failure
; /mnt/data/vcsc_bankaudit/.tmp-callmatrix/fa2-28-source1.c26:21 [bank bank1] | asm tsx; asm stx matrix_sp_after;
   93 d237 ba                      ; TSX
   94 d238 86 83                   ; STX matrix_sp_after
; /mnt/data/vcsc_bankaudit/.tmp-callmatrix/fa2-28-source1.c26:23 [bank bank1] | asm tsx; asm stx matrix_sp_before;
   95 d23a a5 83                   ; LDA matrix_sp_after
   96 d23c c5 82                   ; CMP matrix_sp_before
   97 d23e d0 03                   ; BNE @u8_ne_true_7
   98 d240 4c 47 d2                ; JMP @if_false_5  => $D247
; /mnt/data/vcsc_bankaudit/.tmp-callmatrix/fa2-28-source1.c26:22 [bank bank1] | if (matrix_sp_after != matrix_sp_before) { matrix_failure := 0x40; }
   99 d243 a9 40                   ; LDA #64
  100 d245 85 80                   ; STA matrix_failure
; /mnt/data/vcsc_bankaudit/.tmp-callmatrix/fa2-28-source1.c26:23 [bank bank1] | asm tsx; asm stx matrix_sp_before;
  101 d247 ba                      ; TSX
  102 d248 86 82                   ; STX matrix_sp_before
; /mnt/data/vcsc_bankaudit/.tmp-callmatrix/fa2-28-source1.c26:25 [bank bank1] | asm tsx; asm stx matrix_sp_after;
  103 d24a 20 00 d2                ; JSR matrix_probe1  => $D200
  104 d24d a5 86                   ; LDA matrix_probe1$__return
  105 d24f 85 84                   ; STA __vcsc_scratch_7
  106 d251 a9 81                   ; LDA #129
  107 d253 85 85                   ; STA (__vcsc_scratch_7 + 1)
  108 d255 a5 84                   ; LDA __vcsc_scratch_7
  109 d257 c5 85                   ; CMP (__vcsc_scratch_7 + 1)
  110 d259 d0 04                   ; BNE @cmp_false_11
  111 d25b a9 01                   ; LDA #1
  112 d25d d0 02                   ; BNE @cmp_done_12
  113 d25f a9 00                   ; LDA #0
  114 d261 d0 04                   ; BNE @if_false_8
; /mnt/data/vcsc_bankaudit/.tmp-callmatrix/fa2-28-source1.c26:24 [bank bank1] | if (matrix_probe1() != 0x81) { matrix_failure := 0x02; }
  115 d263 a9 02                   ; LDA #2
  116 d265 85 80                   ; STA matrix_failure
; /mnt/data/vcsc_bankaudit/.tmp-callmatrix/fa2-28-source1.c26:25 [bank bank1] | asm tsx; asm stx matrix_sp_after;
  117 d267 ba                      ; TSX
  118 d268 86 83                   ; STX matrix_sp_after
; /mnt/data/vcsc_bankaudit/.tmp-callmatrix/fa2-28-source1.c26:27 [bank bank1] | asm tsx; asm stx matrix_sp_before;
  119 d26a a5 83                   ; LDA matrix_sp_after
  120 d26c c5 82                   ; CMP matrix_sp_before
  121 d26e d0 03                   ; BNE @u8_ne_true_15
  122 d270 4c 77 d2                ; JMP @if_false_13  => $D277
; /mnt/data/vcsc_bankaudit/.tmp-callmatrix/fa2-28-source1.c26:26 [bank bank1] | if (matrix_sp_after != matrix_sp_before) { matrix_failure := 0x41; }
  123 d273 a9 41                   ; LDA #65
  124 d275 85 80                   ; STA matrix_failure
; /mnt/data/vcsc_bankaudit/.tmp-callmatrix/fa2-28-source1.c26:27 [bank bank1] | asm tsx; asm stx matrix_sp_before;
  125 d277 ba                      ; TSX
  126 d278 86 82                   ; STX matrix_sp_before
; /mnt/data/vcsc_bankaudit/.tmp-callmatrix/fa2-28-source1.c26:29 [bank bank1] | asm tsx; asm stx matrix_sp_after;
  127 d27a 20 0f df                ; JSR matrix_probe2  => $DF0F
  128 d27d a5 86                   ; LDA matrix_probe2$__return
  129 d27f 85 84                   ; STA __vcsc_scratch_7
  130 d281 a9 82                   ; LDA #130
  131 d283 85 85                   ; STA (__vcsc_scratch_7 + 1)
  132 d285 a5 84                   ; LDA __vcsc_scratch_7
  133 d287 c5 85                   ; CMP (__vcsc_scratch_7 + 1)
  134 d289 d0 04                   ; BNE @cmp_false_19
  135 d28b a9 01                   ; LDA #1
  136 d28d d0 02                   ; BNE @cmp_done_20
  137 d28f a9 00                   ; LDA #0
  138 d291 d0 04                   ; BNE @if_false_16
; /mnt/data/vcsc_bankaudit/.tmp-callmatrix/fa2-28-source1.c26:28 [bank bank1] | if (matrix_probe2() != 0x82) { matrix_failure := 0x03; }
  139 d293 a9 03                   ; LDA #3
  140 d295 85 80                   ; STA matrix_failure
; /mnt/data/vcsc_bankaudit/.tmp-callmatrix/fa2-28-source1.c26:29 [bank bank1] | asm tsx; asm stx matrix_sp_after;
  141 d297 ba                      ; TSX
  142 d298 86 83                   ; STX matrix_sp_after
; /mnt/data/vcsc_bankaudit/.tmp-callmatrix/fa2-28-source1.c26:31 [bank bank1] | asm tsx; asm stx matrix_sp_before;
  143 d29a a5 83                   ; LDA matrix_sp_after
  144 d29c c5 82                   ; CMP matrix_sp_before
  145 d29e d0 03                   ; BNE @u8_ne_true_23
  146 d2a0 4c a7 d2                ; JMP @if_false_21  => $D2A7
; /mnt/data/vcsc_bankaudit/.tmp-callmatrix/fa2-28-source1.c26:30 [bank bank1] | if (matrix_sp_after != matrix_sp_before) { matrix_failure := 0x42; }
  147 d2a3 a9 42                   ; LDA #66
  148 d2a5 85 80                   ; STA matrix_failure
; /mnt/data/vcsc_bankaudit/.tmp-callmatrix/fa2-28-source1.c26:31 [bank bank1] | asm tsx; asm stx matrix_sp_before;
  149 d2a7 ba                      ; TSX
  150 d2a8 86 82                   ; STX matrix_sp_before
; /mnt/data/vcsc_bankaudit/.tmp-callmatrix/fa2-28-source1.c26:33 [bank bank1] | asm tsx; asm stx matrix_sp_after;
  151 d2aa 20 1e df                ; JSR matrix_probe3  => $DF1E
  152 d2ad a5 86                   ; LDA matrix_probe3$__return
  153 d2af 85 84                   ; STA __vcsc_scratch_7
  154 d2b1 a9 83                   ; LDA #131
  155 d2b3 85 85                   ; STA (__vcsc_scratch_7 + 1)
  156 d2b5 a5 84                   ; LDA __vcsc_scratch_7
  157 d2b7 c5 85                   ; CMP (__vcsc_scratch_7 + 1)
  158 d2b9 d0 04                   ; BNE @cmp_false_27
  159 d2bb a9 01                   ; LDA #1
  160 d2bd d0 02                   ; BNE @cmp_done_28
  161 d2bf a9 00                   ; LDA #0
  162 d2c1 d0 04                   ; BNE @if_false_24
; /mnt/data/vcsc_bankaudit/.tmp-callmatrix/fa2-28-source1.c26:32 [bank bank1] | if (matrix_probe3() != 0x83) { matrix_failure := 0x04; }
  163 d2c3 a9 04                   ; LDA #4
  164 d2c5 85 80                   ; STA matrix_failure
; /mnt/data/vcsc_bankaudit/.tmp-callmatrix/fa2-28-source1.c26:33 [bank bank1] | asm tsx; asm stx matrix_sp_after;
  165 d2c7 ba                      ; TSX
  166 d2c8 86 83                   ; STX matrix_sp_after
; /mnt/data/vcsc_bankaudit/.tmp-callmatrix/fa2-28-source1.c26:35 [bank bank1] | asm tsx; asm stx matrix_sp_before;
  167 d2ca a5 83                   ; LDA matrix_sp_after
  168 d2cc c5 82                   ; CMP matrix_sp_before
  169 d2ce d0 03                   ; BNE @u8_ne_true_31
  170 d2d0 4c d7 d2                ; JMP @if_false_29  => $D2D7
; /mnt/data/vcsc_bankaudit/.tmp-callmatrix/fa2-28-source1.c26:34 [bank bank1] | if (matrix_sp_after != matrix_sp_before) { matrix_failure := 0x43; }
  171 d2d3 a9 43                   ; LDA #67
  172 d2d5 85 80                   ; STA matrix_failure
; /mnt/data/vcsc_bankaudit/.tmp-callmatrix/fa2-28-source1.c26:35 [bank bank1] | asm tsx; asm stx matrix_sp_before;
  173 d2d7 ba                      ; TSX
  174 d2d8 86 82                   ; STX matrix_sp_before
; /mnt/data/vcsc_bankaudit/.tmp-callmatrix/fa2-28-source1.c26:37 [bank bank1] | asm tsx; asm stx matrix_sp_after;
  175 d2da 20 2d df                ; JSR matrix_probe4  => $DF2D
  176 d2dd a5 86                   ; LDA matrix_probe4$__return
  177 d2df 85 84                   ; STA __vcsc_scratch_7
  178 d2e1 a9 84                   ; LDA #132
  179 d2e3 85 85                   ; STA (__vcsc_scratch_7 + 1)
  180 d2e5 a5 84                   ; LDA __vcsc_scratch_7
  181 d2e7 c5 85                   ; CMP (__vcsc_scratch_7 + 1)
  182 d2e9 d0 04                   ; BNE @cmp_false_35
  183 d2eb a9 01                   ; LDA #1
  184 d2ed d0 02                   ; BNE @cmp_done_36
  185 d2ef a9 00                   ; LDA #0
  186 d2f1 d0 04                   ; BNE @if_false_32
; /mnt/data/vcsc_bankaudit/.tmp-callmatrix/fa2-28-source1.c26:36 [bank bank1] | if (matrix_probe4() != 0x84) { matrix_failure := 0x05; }
  187 d2f3 a9 05                   ; LDA #5
  188 d2f5 85 80                   ; STA matrix_failure
; /mnt/data/vcsc_bankaudit/.tmp-callmatrix/fa2-28-source1.c26:37 [bank bank1] | asm tsx; asm stx matrix_sp_after;
  189 d2f7 ba                      ; TSX
  190 d2f8 86 83                   ; STX matrix_sp_after
; /mnt/data/vcsc_bankaudit/.tmp-callmatrix/fa2-28-source1.c26:39 [bank bank1] | asm tsx; asm stx matrix_sp_before;
  191 d2fa a5 83                   ; LDA matrix_sp_after
  192 d2fc c5 82                   ; CMP matrix_sp_before
  193 d2fe d0 03                   ; BNE @u8_ne_true_39
  194 d300 4c 07 d3                ; JMP @if_false_37  => $D307
; /mnt/data/vcsc_bankaudit/.tmp-callmatrix/fa2-28-source1.c26:38 [bank bank1] | if (matrix_sp_after != matrix_sp_before) { matrix_failure := 0x44; }
  195 d303 a9 44                   ; LDA #68
  196 d305 85 80                   ; STA matrix_failure
; /mnt/data/vcsc_bankaudit/.tmp-callmatrix/fa2-28-source1.c26:39 [bank bank1] | asm tsx; asm stx matrix_sp_before;
  197 d307 ba                      ; TSX
  198 d308 86 82                   ; STX matrix_sp_before
; /mnt/data/vcsc_bankaudit/.tmp-callmatrix/fa2-28-source1.c26:41 [bank bank1] | asm tsx; asm stx matrix_sp_after;
  199 d30a 20 3c df                ; JSR matrix_probe5  => $DF3C
  200 d30d a5 86                   ; LDA matrix_probe5$__return
  201 d30f 85 84                   ; STA __vcsc_scratch_7
  202 d311 a9 85                   ; LDA #133
  203 d313 85 85                   ; STA (__vcsc_scratch_7 + 1)
  204 d315 a5 84                   ; LDA __vcsc_scratch_7
  205 d317 c5 85                   ; CMP (__vcsc_scratch_7 + 1)
  206 d319 d0 04                   ; BNE @cmp_false_43
  207 d31b a9 01                   ; LDA #1
  208 d31d d0 02                   ; BNE @cmp_done_44
  209 d31f a9 00                   ; LDA #0
  210 d321 d0 04                   ; BNE @if_false_40
; /mnt/data/vcsc_bankaudit/.tmp-callmatrix/fa2-28-source1.c26:40 [bank bank1] | if (matrix_probe5() != 0x85) { matrix_failure := 0x06; }
  211 d323 a9 06                   ; LDA #6
  212 d325 85 80                   ; STA matrix_failure
; /mnt/data/vcsc_bankaudit/.tmp-callmatrix/fa2-28-source1.c26:41 [bank bank1] | asm tsx; asm stx matrix_sp_after;
  213 d327 ba                      ; TSX
  214 d328 86 83                   ; STX matrix_sp_after
; /mnt/data/vcsc_bankaudit/.tmp-callmatrix/fa2-28-source1.c26:43 [bank bank1] | asm tsx; asm stx matrix_sp_before;
  215 d32a a5 83                   ; LDA matrix_sp_after
  216 d32c c5 82                   ; CMP matrix_sp_before
  217 d32e d0 03                   ; BNE @u8_ne_true_47
  218 d330 4c 37 d3                ; JMP @if_false_45  => $D337
; /mnt/data/vcsc_bankaudit/.tmp-callmatrix/fa2-28-source1.c26:42 [bank bank1] | if (matrix_sp_after != matrix_sp_before) { matrix_failure := 0x45; }
  219 d333 a9 45                   ; LDA #69
  220 d335 85 80                   ; STA matrix_failure
; /mnt/data/vcsc_bankaudit/.tmp-callmatrix/fa2-28-source1.c26:43 [bank bank1] | asm tsx; asm stx matrix_sp_before;
  221 d337 ba                      ; TSX
  222 d338 86 82                   ; STX matrix_sp_before
; /mnt/data/vcsc_bankaudit/.tmp-callmatrix/fa2-28-source1.c26:45 [bank bank1] | asm tsx; asm stx matrix_sp_after;
  223 d33a 20 4b df                ; JSR matrix_probe6  => $DF4B
  224 d33d a5 86                   ; LDA matrix_probe6$__return
  225 d33f 85 84                   ; STA __vcsc_scratch_7
  226 d341 a9 86                   ; LDA #134
  227 d343 85 85                   ; STA (__vcsc_scratch_7 + 1)
  228 d345 a5 84                   ; LDA __vcsc_scratch_7
  229 d347 c5 85                   ; CMP (__vcsc_scratch_7 + 1)
  230 d349 d0 04                   ; BNE @cmp_false_51
  231 d34b a9 01                   ; LDA #1
  232 d34d d0 02                   ; BNE @cmp_done_52
  233 d34f a9 00                   ; LDA #0
  234 d351 d0 04                   ; BNE @if_false_48
; /mnt/data/vcsc_bankaudit/.tmp-callmatrix/fa2-28-source1.c26:44 [bank bank1] | if (matrix_probe6() != 0x86) { matrix_failure := 0x07; }
  235 d353 a9 07                   ; LDA #7
  236 d355 85 80                   ; STA matrix_failure
; /mnt/data/vcsc_bankaudit/.tmp-callmatrix/fa2-28-source1.c26:45 [bank bank1] | asm tsx; asm stx matrix_sp_after;
  237 d357 ba                      ; TSX
  238 d358 86 83                   ; STX matrix_sp_after
; /mnt/data/vcsc_bankaudit/.tmp-callmatrix/fa2-28-source1.c26:47 [bank bank1] | if (matrix_count != 7) { matrix_failure := 0x7E; }
  239 d35a a5 83                   ; LDA matrix_sp_after
  240 d35c c5 82                   ; CMP matrix_sp_before
  241 d35e d0 03                   ; BNE @u8_ne_true_55
  242 d360 4c 67 d3                ; JMP @if_false_53  => $D367
; /mnt/data/vcsc_bankaudit/.tmp-callmatrix/fa2-28-source1.c26:46 [bank bank1] | if (matrix_sp_after != matrix_sp_before) { matrix_failure := 0x46; }
  243 d363 a9 46                   ; LDA #70
  244 d365 85 80                   ; STA matrix_failure
; /mnt/data/vcsc_bankaudit/.tmp-callmatrix/fa2-28-source1.c26:48 [bank bank1] | }
  245 d367 a5 81                   ; LDA matrix_count
  246 d369 c9 07                   ; CMP #7
  247 d36b d0 03                   ; BNE @u8_ne_true_58
  248 d36d 4c 74 d3                ; JMP @if_false_56  => $D374
; /mnt/data/vcsc_bankaudit/.tmp-callmatrix/fa2-28-source1.c26:47 [bank bank1] | if (matrix_count != 7) { matrix_failure := 0x7E; }
  249 d370 a9 7e                   ; LDA #126
  250 d372 85 80                   ; STA matrix_failure
; <compiler-generated> [bank bank1]
  251 d374 60                      ; RTS
; wrk/vcsc-rt1-simple.s26:25 [bank bank0] | sei
  252 f200 78                      ; SEI
; wrk/vcsc-rt1-simple.s26:26 [bank bank0] | cld
  253 f201 d8                      ; CLD
; wrk/vcsc-rt1-simple.s26:27 [bank bank0] | ldx #$ff
  254 f202 a2 ff                   ; LDX #255
; wrk/vcsc-rt1-simple.s26:28 [bank bank0] | txs
  255 f204 9a                      ; TXS
; wrk/vcsc-rt1-simple.s26:30 [bank bank0] | lda #0
  256 f205 a9 00                   ; LDA #0
; wrk/vcsc-rt1-simple.s26:31 [bank bank0] | ldx #$7f
  257 f207 a2 7f                   ; LDX #127
; wrk/vcsc-rt1-simple.s26:33 [bank bank0] | sta $80,x
  258 f209 95 80                   ; STA 128,X
; wrk/vcsc-rt1-simple.s26:34 [bank bank0] | dex
  259 f20b ca                      ; DEX
; wrk/vcsc-rt1-simple.s26:35 [bank bank0] | bpl.same @clear_ram
  260 f20c 10 fb                   ; BPL.same @clear_ram
; wrk/vcsc-rt1-simple.s26:37 [bank bank0] | ldx #$2c
  261 f20e a2 2c                   ; LDX #44
; wrk/vcsc-rt1-simple.s26:39 [bank bank0] | sta $00,x
  262 f210 95 00                   ; STA 0,X
; wrk/vcsc-rt1-simple.s26:40 [bank bank0] | dex
  263 f212 ca                      ; DEX
; wrk/vcsc-rt1-simple.s26:41 [bank bank0] | bpl.same @clear_tia
  264 f213 10 fb                   ; BPL.same @clear_tia
; wrk/vcsc-rt1-simple.s26:43 [bank bank0] | ldx #$ff
  265 f215 a2 ff                   ; LDX #255
; wrk/vcsc-rt1-simple.s26:44 [bank bank0] | txs
  266 f217 9a                      ; TXS
; wrk/vcsc-rt1-simple.s26:45 [bank bank0] | jmp main
  267 f218 4c 30 f2                ; JMP main  => $F230
; wrk/vcsc-rt1-simple.s26:49 [bank bank0] | rti
  268 f21b 40                      ; RTI
; /mnt/data/vcsc_bankaudit/.tmp-callmatrix/fa2-28-source1.c26:9 [bank bank0] | bank0 uint8_t matrix_probe0(void) { matrix_count := matrix_count + 1; return 0x80; }
  269 f21c a5 81                   ; LDA matrix_count
  270 f21e 18                      ; CLC
  271 f21f 69 01                   ; ADC #1
  272 f221 85 81                   ; STA matrix_count
  273 f223 a9 80                   ; LDA #128
  274 f225 85 87                   ; STA __vcsc_scratch_0
  275 f227 a5 87                   ; LDA __vcsc_scratch_0
  276 f229 85 86                   ; STA matrix_probe0$__return
; <compiler-generated> [bank bank0]
  277 f22b 60                      ; RTS
; /mnt/data/vcsc_bankaudit/.tmp-callmatrix/fa2-28-source1.c26:50 [bank bank0] | bank0 void matrix_done(void) { while (1) { } }
  278 f22c 4c 2c f2                ; JMP @while_start_59  => $F22C
; <compiler-generated> [bank bank0]
  279 f22f 60                      ; RTS
; /mnt/data/vcsc_bankaudit/.tmp-callmatrix/fa2-28-source1.c26:53 [bank bank0] | matrix_failure := 0;
  280 f230 a9 00                   ; LDA #0
  281 f232 85 80                   ; STA matrix_failure
; /mnt/data/vcsc_bankaudit/.tmp-callmatrix/fa2-28-source1.c26:54 [bank bank0] | matrix_source();
  282 f234 20 5a ff                ; JSR matrix_source  => $FF5A
; /mnt/data/vcsc_bankaudit/.tmp-callmatrix/fa2-28-source1.c26:55 [bank bank0] | asm jmp matrix_done;
  283 f237 4c 2c f2                ; JMP matrix_done  => $F22C
; <compiler-generated> [bank bank0]
  284 f23a 6c fc ff                ; JMP (65532)  => $FFFC
------- Unattributed/linker-generated linked bytes
  285 3f00 20 07 ff 8d f6 1f 60 8d ; <linker-generated/unattributed>
  286 3f08 f5 1f 6c 0d ff 1c f2 20 ; <linker-generated/unattributed>
  287 3f10 16 ff 8d f6 1f 60 8d f7 ; <linker-generated/unattributed>
  288 3f18 1f 6c 1c ff 00 b2 20 25 ; <linker-generated/unattributed>
  289 3f20 ff 8d f6 1f 60 8d f8 1f ; <linker-generated/unattributed>
  290 3f28 6c 2b ff 00 92 20 34 ff ; <linker-generated/unattributed>
  291 3f30 8d f6 1f 60 8d f9 1f 6c ; <linker-generated/unattributed>
  292 3f38 3a ff 00 72 20 43 ff 8d ; <linker-generated/unattributed>
  293 3f40 f6 1f 60 8d fa 1f 6c 49 ; <linker-generated/unattributed>
  294 3f48 ff 00 52 20 52 ff 8d f6 ; <linker-generated/unattributed>
  295 3f50 1f 60 8d fb 1f 6c 58 ff ; <linker-generated/unattributed>
  296 3f58 00 32 20 61 ff 8d f5 1f ; <linker-generated/unattributed>
  297 3f60 60 8d f6 1f 6c 67 ff 13 ; <linker-generated/unattributed>
  298 3f68 d2                      ; <linker-generated/unattributed>
  299 3fe0 2c f5 1f 4c 1b f2 2c f5 ; <linker-generated/unattributed>
  300 3fe8 1f 4c 00 f2 2c f5 1f 4c ; <linker-generated/unattributed>
  301 3ff0 1b f2                   ; <linker-generated/unattributed>
  302 3ffa e0 ff e6 ff ec ff       ; <linker-generated/unattributed>
  303 5f00 20 07 ff 8d f6 1f 60 8d ; <linker-generated/unattributed>
  304 5f08 f5 1f 6c 0d ff 1c f2 20 ; <linker-generated/unattributed>
  305 5f10 16 ff 8d f6 1f 60 8d f7 ; <linker-generated/unattributed>
  306 5f18 1f 6c 1c ff 00 b2 20 25 ; <linker-generated/unattributed>
  307 5f20 ff 8d f6 1f 60 8d f8 1f ; <linker-generated/unattributed>
  308 5f28 6c 2b ff 00 92 20 34 ff ; <linker-generated/unattributed>
  309 5f30 8d f6 1f 60 8d f9 1f 6c ; <linker-generated/unattributed>
  310 5f38 3a ff 00 72 20 43 ff 8d ; <linker-generated/unattributed>
  311 5f40 f6 1f 60 8d fa 1f 6c 49 ; <linker-generated/unattributed>
  312 5f48 ff 00 52 20 52 ff 8d f6 ; <linker-generated/unattributed>
  313 5f50 1f 60 8d fb 1f 6c 58 ff ; <linker-generated/unattributed>
  314 5f58 00 32 20 61 ff 8d f5 1f ; <linker-generated/unattributed>
  315 5f60 60 8d f6 1f 6c 67 ff 13 ; <linker-generated/unattributed>
  316 5f68 d2                      ; <linker-generated/unattributed>
  317 5fe0 2c f5 1f 4c 1b f2 2c f5 ; <linker-generated/unattributed>
  318 5fe8 1f 4c 00 f2 2c f5 1f 4c ; <linker-generated/unattributed>
  319 5ff0 1b f2                   ; <linker-generated/unattributed>
  320 5ffa e0 ff e6 ff ec ff       ; <linker-generated/unattributed>
  321 7f00 20 07 ff 8d f6 1f 60 8d ; <linker-generated/unattributed>
  322 7f08 f5 1f 6c 0d ff 1c f2 20 ; <linker-generated/unattributed>
  323 7f10 16 ff 8d f6 1f 60 8d f7 ; <linker-generated/unattributed>
  324 7f18 1f 6c 1c ff 00 b2 20 25 ; <linker-generated/unattributed>
  325 7f20 ff 8d f6 1f 60 8d f8 1f ; <linker-generated/unattributed>
  326 7f28 6c 2b ff 00 92 20 34 ff ; <linker-generated/unattributed>
  327 7f30 8d f6 1f 60 8d f9 1f 6c ; <linker-generated/unattributed>
  328 7f38 3a ff 00 72 20 43 ff 8d ; <linker-generated/unattributed>
  329 7f40 f6 1f 60 8d fa 1f 6c 49 ; <linker-generated/unattributed>
  330 7f48 ff 00 52 20 52 ff 8d f6 ; <linker-generated/unattributed>
  331 7f50 1f 60 8d fb 1f 6c 58 ff ; <linker-generated/unattributed>
  332 7f58 00 32 20 61 ff 8d f5 1f ; <linker-generated/unattributed>
  333 7f60 60 8d f6 1f 6c 67 ff 13 ; <linker-generated/unattributed>
  334 7f68 d2                      ; <linker-generated/unattributed>
  335 7fe0 2c f5 1f 4c 1b f2 2c f5 ; <linker-generated/unattributed>
  336 7fe8 1f 4c 00 f2 2c f5 1f 4c ; <linker-generated/unattributed>
  337 7ff0 1b f2                   ; <linker-generated/unattributed>
  338 7ffa e0 ff e6 ff ec ff       ; <linker-generated/unattributed>
  339 9f00 20 07 ff 8d f6 1f 60 8d ; <linker-generated/unattributed>
  340 9f08 f5 1f 6c 0d ff 1c f2 20 ; <linker-generated/unattributed>
  341 9f10 16 ff 8d f6 1f 60 8d f7 ; <linker-generated/unattributed>
  342 9f18 1f 6c 1c ff 00 b2 20 25 ; <linker-generated/unattributed>
  343 9f20 ff 8d f6 1f 60 8d f8 1f ; <linker-generated/unattributed>
  344 9f28 6c 2b ff 00 92 20 34 ff ; <linker-generated/unattributed>
  345 9f30 8d f6 1f 60 8d f9 1f 6c ; <linker-generated/unattributed>
  346 9f38 3a ff 00 72 20 43 ff 8d ; <linker-generated/unattributed>
  347 9f40 f6 1f 60 8d fa 1f 6c 49 ; <linker-generated/unattributed>
  348 9f48 ff 00 52 20 52 ff 8d f6 ; <linker-generated/unattributed>
  349 9f50 1f 60 8d fb 1f 6c 58 ff ; <linker-generated/unattributed>
  350 9f58 00 32 20 61 ff 8d f5 1f ; <linker-generated/unattributed>
  351 9f60 60 8d f6 1f 6c 67 ff 13 ; <linker-generated/unattributed>
  352 9f68 d2                      ; <linker-generated/unattributed>
  353 9fe0 2c f5 1f 4c 1b f2 2c f5 ; <linker-generated/unattributed>
  354 9fe8 1f 4c 00 f2 2c f5 1f 4c ; <linker-generated/unattributed>
  355 9ff0 1b f2                   ; <linker-generated/unattributed>
  356 9ffa e0 ff e6 ff ec ff       ; <linker-generated/unattributed>
  357 bf00 20 07 ff 8d f6 1f 60 8d ; <linker-generated/unattributed>
  358 bf08 f5 1f 6c 0d ff 1c f2 20 ; <linker-generated/unattributed>
  359 bf10 16 ff 8d f6 1f 60 8d f7 ; <linker-generated/unattributed>
  360 bf18 1f 6c 1c ff 00 b2 20 25 ; <linker-generated/unattributed>
  361 bf20 ff 8d f6 1f 60 8d f8 1f ; <linker-generated/unattributed>
  362 bf28 6c 2b ff 00 92 20 34 ff ; <linker-generated/unattributed>
  363 bf30 8d f6 1f 60 8d f9 1f 6c ; <linker-generated/unattributed>
  364 bf38 3a ff 00 72 20 43 ff 8d ; <linker-generated/unattributed>
  365 bf40 f6 1f 60 8d fa 1f 6c 49 ; <linker-generated/unattributed>
  366 bf48 ff 00 52 20 52 ff 8d f6 ; <linker-generated/unattributed>
  367 bf50 1f 60 8d fb 1f 6c 58 ff ; <linker-generated/unattributed>
  368 bf58 00 32 20 61 ff 8d f5 1f ; <linker-generated/unattributed>
  369 bf60 60 8d f6 1f 6c 67 ff 13 ; <linker-generated/unattributed>
  370 bf68 d2                      ; <linker-generated/unattributed>
  371 bfe0 2c f5 1f 4c 1b f2 2c f5 ; <linker-generated/unattributed>
  372 bfe8 1f 4c 00 f2 2c f5 1f 4c ; <linker-generated/unattributed>
  373 bff0 1b f2                   ; <linker-generated/unattributed>
  374 bffa e0 ff e6 ff ec ff       ; <linker-generated/unattributed>
  375 df00 20 07 ff 8d f6 1f 60 8d ; <linker-generated/unattributed>
  376 df08 f5 1f 6c 0d ff 1c f2 20 ; <linker-generated/unattributed>
  377 df10 16 ff 8d f6 1f 60 8d f7 ; <linker-generated/unattributed>
  378 df18 1f 6c 1c ff 00 b2 20 25 ; <linker-generated/unattributed>
  379 df20 ff 8d f6 1f 60 8d f8 1f ; <linker-generated/unattributed>
  380 df28 6c 2b ff 00 92 20 34 ff ; <linker-generated/unattributed>
  381 df30 8d f6 1f 60 8d f9 1f 6c ; <linker-generated/unattributed>
  382 df38 3a ff 00 72 20 43 ff 8d ; <linker-generated/unattributed>
  383 df40 f6 1f 60 8d fa 1f 6c 49 ; <linker-generated/unattributed>
  384 df48 ff 00 52 20 52 ff 8d f6 ; <linker-generated/unattributed>
  385 df50 1f 60 8d fb 1f 6c 58 ff ; <linker-generated/unattributed>
  386 df58 00 32 20 61 ff 8d f5 1f ; <linker-generated/unattributed>
  387 df60 60 8d f6 1f 6c 67 ff 13 ; <linker-generated/unattributed>
  388 df68 d2                      ; <linker-generated/unattributed>
  389 dfe0 2c f5 1f 4c 1b f2 2c f5 ; <linker-generated/unattributed>
  390 dfe8 1f 4c 00 f2 2c f5 1f 4c ; <linker-generated/unattributed>
  391 dff0 1b f2                   ; <linker-generated/unattributed>
  392 dffa e0 ff e6 ff ec ff       ; <linker-generated/unattributed>
  393 ff00 20 07 ff 8d f6 1f 60 8d ; <linker-generated/unattributed>
  394 ff08 f5 1f 6c 0d ff 1c f2 20 ; <linker-generated/unattributed>
  395 ff10 16 ff 8d f6 1f 60 8d f7 ; <linker-generated/unattributed>
  396 ff18 1f 6c 1c ff 00 b2 20 25 ; <linker-generated/unattributed>
  397 ff20 ff 8d f6 1f 60 8d f8 1f ; <linker-generated/unattributed>
  398 ff28 6c 2b ff 00 92 20 34 ff ; <linker-generated/unattributed>
  399 ff30 8d f6 1f 60 8d f9 1f 6c ; <linker-generated/unattributed>
  400 ff38 3a ff 00 72 20 43 ff 8d ; <linker-generated/unattributed>
  401 ff40 f6 1f 60 8d fa 1f 6c 49 ; <linker-generated/unattributed>
  402 ff48 ff 00 52 20 52 ff 8d f6 ; <linker-generated/unattributed>
  403 ff50 1f 60 8d fb 1f 6c 58 ff ; <linker-generated/unattributed>
  404 ff58 00 32 20 61 ff 8d f5 1f ; <linker-generated/unattributed>
  405 ff60 60 8d f6 1f 6c 67 ff 13 ; <linker-generated/unattributed>
  406 ff68 d2                      ; <linker-generated/unattributed>
  407 ffe0 2c f5 1f 4c 1b f2 2c f5 ; <linker-generated/unattributed>
  408 ffe8 1f 4c 00 f2 2c f5 1f 4c ; <linker-generated/unattributed>
  409 fff0 1b f2                   ; <linker-generated/unattributed>
  410 fffa e0 ff e6 ff ec ff       ; <linker-generated/unattributed>
