------- VCSC linked image listing
------- Human source listing; addresses and bytes are final after relocation.
------- RAM symbols retain DASM constant rows for Stella compatibility.
    1 0086          00 86 matrix_probe5$__return =
    2 0086          00 86 matrix_probe4$__return =
    3 0086          00 86 matrix_probe3$__return =
    4 0086          00 86 matrix_probe2$__return =
    5 0086          00 86 matrix_probe1$__return =
    6 0086          00 86 matrix_probe0$__return =
    7 0083          00 83 matrix_sp_after =
    8 0082          00 82 matrix_sp_before =
    9 0081          00 81 matrix_count =
   10 0080          00 80 matrix_failure =
   11 0088          00 88 __stack_start =
   12 00f7          00 f7 __stack_top =
   13 0002          00 02 __call_stack_depth =
   14 0004          00 04 __call_stack_weighted_depth =
   15 0002          00 02 __call_stack_bank_extra_slots =
   16 0000          00 00 __call_stack_extra =
   17 0008          00 08 __call_stack_size =
   18 00f8          00 f8 __call_stack_start =
   19 00ff          00 ff __call_stack_top =
------- Source-correlated linked statements
; /mnt/data/vcsc_bankaudit/.tmp-callmatrix/fa2-24-source4.c26:14 [bank bank5] | bank5 uint8_t matrix_probe5(void) { matrix_count := matrix_count + 1; return 0x85; }
   20 5200 a5 81                   ; LDA matrix_count
   21 5202 18                      ; CLC
   22 5203 69 01                   ; ADC #1
   23 5205 85 81                   ; STA matrix_count
   24 5207 a9 85                   ; LDA #133
   25 5209 85 87                   ; STA __vcsc_scratch_5
   26 520b a5 87                   ; LDA __vcsc_scratch_5
   27 520d 85 86                   ; STA matrix_probe5$__return
; <compiler-generated> [bank bank5]
   28 520f 60                      ; RTS
; /mnt/data/vcsc_bankaudit/.tmp-callmatrix/fa2-24-source4.c26:13 [bank bank4] | bank4 uint8_t matrix_probe4(void) { matrix_count := matrix_count + 1; return 0x84; }
   29 7200 a5 81                   ; LDA matrix_count
   30 7202 18                      ; CLC
   31 7203 69 01                   ; ADC #1
   32 7205 85 81                   ; STA matrix_count
   33 7207 a9 84                   ; LDA #132
   34 7209 85 87                   ; STA __vcsc_scratch_4
   35 720b a5 87                   ; LDA __vcsc_scratch_4
   36 720d 85 86                   ; STA matrix_probe4$__return
; <compiler-generated> [bank bank4]
   37 720f 60                      ; RTS
; /mnt/data/vcsc_bankaudit/.tmp-callmatrix/fa2-24-source4.c26:17 [bank bank4] | matrix_count := 0;
   38 7213 a9 00                   ; LDA #0
   39 7215 85 81                   ; STA matrix_count
; /mnt/data/vcsc_bankaudit/.tmp-callmatrix/fa2-24-source4.c26:18 [bank bank4] | asm tsx; asm stx matrix_sp_before;
   40 7217 ba                      ; TSX
   41 7218 86 82                   ; STX matrix_sp_before
; /mnt/data/vcsc_bankaudit/.tmp-callmatrix/fa2-24-source4.c26:20 [bank bank4] | asm tsx; asm stx matrix_sp_after;
   42 721a 20 00 7f                ; JSR matrix_probe0  => $7F00
   43 721d a5 86                   ; LDA matrix_probe0$__return
   44 721f 85 84                   ; STA __vcsc_scratch_6
   45 7221 a9 80                   ; LDA #128
   46 7223 85 85                   ; STA (__vcsc_scratch_6 + 1)
   47 7225 a5 84                   ; LDA __vcsc_scratch_6
   48 7227 c5 85                   ; CMP (__vcsc_scratch_6 + 1)
   49 7229 d0 04                   ; BNE @cmp_false_3
   50 722b a9 01                   ; LDA #1
   51 722d d0 02                   ; BNE @cmp_done_4
   52 722f a9 00                   ; LDA #0
   53 7231 d0 04                   ; BNE @if_false_0
; /mnt/data/vcsc_bankaudit/.tmp-callmatrix/fa2-24-source4.c26:19 [bank bank4] | if (matrix_probe0() != 0x80) { matrix_failure := 0x01; }
   54 7233 a9 01                   ; LDA #1
   55 7235 85 80                   ; STA matrix_failure
; /mnt/data/vcsc_bankaudit/.tmp-callmatrix/fa2-24-source4.c26:20 [bank bank4] | asm tsx; asm stx matrix_sp_after;
   56 7237 ba                      ; TSX
   57 7238 86 83                   ; STX matrix_sp_after
; /mnt/data/vcsc_bankaudit/.tmp-callmatrix/fa2-24-source4.c26:22 [bank bank4] | asm tsx; asm stx matrix_sp_before;
   58 723a a5 83                   ; LDA matrix_sp_after
   59 723c c5 82                   ; CMP matrix_sp_before
   60 723e d0 03                   ; BNE @u8_ne_true_7
   61 7240 4c 47 72                ; JMP @if_false_5  => $7247
; /mnt/data/vcsc_bankaudit/.tmp-callmatrix/fa2-24-source4.c26:21 [bank bank4] | if (matrix_sp_after != matrix_sp_before) { matrix_failure := 0x40; }
   62 7243 a9 40                   ; LDA #64
   63 7245 85 80                   ; STA matrix_failure
; /mnt/data/vcsc_bankaudit/.tmp-callmatrix/fa2-24-source4.c26:22 [bank bank4] | asm tsx; asm stx matrix_sp_before;
   64 7247 ba                      ; TSX
   65 7248 86 82                   ; STX matrix_sp_before
; /mnt/data/vcsc_bankaudit/.tmp-callmatrix/fa2-24-source4.c26:24 [bank bank4] | asm tsx; asm stx matrix_sp_after;
   66 724a 20 0f 7f                ; JSR matrix_probe1  => $7F0F
   67 724d a5 86                   ; LDA matrix_probe1$__return
   68 724f 85 84                   ; STA __vcsc_scratch_6
   69 7251 a9 81                   ; LDA #129
   70 7253 85 85                   ; STA (__vcsc_scratch_6 + 1)
   71 7255 a5 84                   ; LDA __vcsc_scratch_6
   72 7257 c5 85                   ; CMP (__vcsc_scratch_6 + 1)
   73 7259 d0 04                   ; BNE @cmp_false_11
   74 725b a9 01                   ; LDA #1
   75 725d d0 02                   ; BNE @cmp_done_12
   76 725f a9 00                   ; LDA #0
   77 7261 d0 04                   ; BNE @if_false_8
; /mnt/data/vcsc_bankaudit/.tmp-callmatrix/fa2-24-source4.c26:23 [bank bank4] | if (matrix_probe1() != 0x81) { matrix_failure := 0x02; }
   78 7263 a9 02                   ; LDA #2
   79 7265 85 80                   ; STA matrix_failure
; /mnt/data/vcsc_bankaudit/.tmp-callmatrix/fa2-24-source4.c26:24 [bank bank4] | asm tsx; asm stx matrix_sp_after;
   80 7267 ba                      ; TSX
   81 7268 86 83                   ; STX matrix_sp_after
; /mnt/data/vcsc_bankaudit/.tmp-callmatrix/fa2-24-source4.c26:26 [bank bank4] | asm tsx; asm stx matrix_sp_before;
   82 726a a5 83                   ; LDA matrix_sp_after
   83 726c c5 82                   ; CMP matrix_sp_before
   84 726e d0 03                   ; BNE @u8_ne_true_15
   85 7270 4c 77 72                ; JMP @if_false_13  => $7277
; /mnt/data/vcsc_bankaudit/.tmp-callmatrix/fa2-24-source4.c26:25 [bank bank4] | if (matrix_sp_after != matrix_sp_before) { matrix_failure := 0x41; }
   86 7273 a9 41                   ; LDA #65
   87 7275 85 80                   ; STA matrix_failure
; /mnt/data/vcsc_bankaudit/.tmp-callmatrix/fa2-24-source4.c26:26 [bank bank4] | asm tsx; asm stx matrix_sp_before;
   88 7277 ba                      ; TSX
   89 7278 86 82                   ; STX matrix_sp_before
; /mnt/data/vcsc_bankaudit/.tmp-callmatrix/fa2-24-source4.c26:28 [bank bank4] | asm tsx; asm stx matrix_sp_after;
   90 727a 20 1e 7f                ; JSR matrix_probe2  => $7F1E
   91 727d a5 86                   ; LDA matrix_probe2$__return
   92 727f 85 84                   ; STA __vcsc_scratch_6
   93 7281 a9 82                   ; LDA #130
   94 7283 85 85                   ; STA (__vcsc_scratch_6 + 1)
   95 7285 a5 84                   ; LDA __vcsc_scratch_6
   96 7287 c5 85                   ; CMP (__vcsc_scratch_6 + 1)
   97 7289 d0 04                   ; BNE @cmp_false_19
   98 728b a9 01                   ; LDA #1
   99 728d d0 02                   ; BNE @cmp_done_20
  100 728f a9 00                   ; LDA #0
  101 7291 d0 04                   ; BNE @if_false_16
; /mnt/data/vcsc_bankaudit/.tmp-callmatrix/fa2-24-source4.c26:27 [bank bank4] | if (matrix_probe2() != 0x82) { matrix_failure := 0x03; }
  102 7293 a9 03                   ; LDA #3
  103 7295 85 80                   ; STA matrix_failure
; /mnt/data/vcsc_bankaudit/.tmp-callmatrix/fa2-24-source4.c26:28 [bank bank4] | asm tsx; asm stx matrix_sp_after;
  104 7297 ba                      ; TSX
  105 7298 86 83                   ; STX matrix_sp_after
; /mnt/data/vcsc_bankaudit/.tmp-callmatrix/fa2-24-source4.c26:30 [bank bank4] | asm tsx; asm stx matrix_sp_before;
  106 729a a5 83                   ; LDA matrix_sp_after
  107 729c c5 82                   ; CMP matrix_sp_before
  108 729e d0 03                   ; BNE @u8_ne_true_23
  109 72a0 4c a7 72                ; JMP @if_false_21  => $72A7
; /mnt/data/vcsc_bankaudit/.tmp-callmatrix/fa2-24-source4.c26:29 [bank bank4] | if (matrix_sp_after != matrix_sp_before) { matrix_failure := 0x42; }
  110 72a3 a9 42                   ; LDA #66
  111 72a5 85 80                   ; STA matrix_failure
; /mnt/data/vcsc_bankaudit/.tmp-callmatrix/fa2-24-source4.c26:30 [bank bank4] | asm tsx; asm stx matrix_sp_before;
  112 72a7 ba                      ; TSX
  113 72a8 86 82                   ; STX matrix_sp_before
; /mnt/data/vcsc_bankaudit/.tmp-callmatrix/fa2-24-source4.c26:32 [bank bank4] | asm tsx; asm stx matrix_sp_after;
  114 72aa 20 2d 7f                ; JSR matrix_probe3  => $7F2D
  115 72ad a5 86                   ; LDA matrix_probe3$__return
  116 72af 85 84                   ; STA __vcsc_scratch_6
  117 72b1 a9 83                   ; LDA #131
  118 72b3 85 85                   ; STA (__vcsc_scratch_6 + 1)
  119 72b5 a5 84                   ; LDA __vcsc_scratch_6
  120 72b7 c5 85                   ; CMP (__vcsc_scratch_6 + 1)
  121 72b9 d0 04                   ; BNE @cmp_false_27
  122 72bb a9 01                   ; LDA #1
  123 72bd d0 02                   ; BNE @cmp_done_28
  124 72bf a9 00                   ; LDA #0
  125 72c1 d0 04                   ; BNE @if_false_24
; /mnt/data/vcsc_bankaudit/.tmp-callmatrix/fa2-24-source4.c26:31 [bank bank4] | if (matrix_probe3() != 0x83) { matrix_failure := 0x04; }
  126 72c3 a9 04                   ; LDA #4
  127 72c5 85 80                   ; STA matrix_failure
; /mnt/data/vcsc_bankaudit/.tmp-callmatrix/fa2-24-source4.c26:32 [bank bank4] | asm tsx; asm stx matrix_sp_after;
  128 72c7 ba                      ; TSX
  129 72c8 86 83                   ; STX matrix_sp_after
; /mnt/data/vcsc_bankaudit/.tmp-callmatrix/fa2-24-source4.c26:34 [bank bank4] | asm tsx; asm stx matrix_sp_before;
  130 72ca a5 83                   ; LDA matrix_sp_after
  131 72cc c5 82                   ; CMP matrix_sp_before
  132 72ce d0 03                   ; BNE @u8_ne_true_31
  133 72d0 4c d7 72                ; JMP @if_false_29  => $72D7
; /mnt/data/vcsc_bankaudit/.tmp-callmatrix/fa2-24-source4.c26:33 [bank bank4] | if (matrix_sp_after != matrix_sp_before) { matrix_failure := 0x43; }
  134 72d3 a9 43                   ; LDA #67
  135 72d5 85 80                   ; STA matrix_failure
; /mnt/data/vcsc_bankaudit/.tmp-callmatrix/fa2-24-source4.c26:34 [bank bank4] | asm tsx; asm stx matrix_sp_before;
  136 72d7 ba                      ; TSX
  137 72d8 86 82                   ; STX matrix_sp_before
; /mnt/data/vcsc_bankaudit/.tmp-callmatrix/fa2-24-source4.c26:36 [bank bank4] | asm tsx; asm stx matrix_sp_after;
  138 72da 20 00 72                ; JSR matrix_probe4  => $7200
  139 72dd a5 86                   ; LDA matrix_probe4$__return
  140 72df 85 84                   ; STA __vcsc_scratch_6
  141 72e1 a9 84                   ; LDA #132
  142 72e3 85 85                   ; STA (__vcsc_scratch_6 + 1)
  143 72e5 a5 84                   ; LDA __vcsc_scratch_6
  144 72e7 c5 85                   ; CMP (__vcsc_scratch_6 + 1)
  145 72e9 d0 04                   ; BNE @cmp_false_35
  146 72eb a9 01                   ; LDA #1
  147 72ed d0 02                   ; BNE @cmp_done_36
  148 72ef a9 00                   ; LDA #0
  149 72f1 d0 04                   ; BNE @if_false_32
; /mnt/data/vcsc_bankaudit/.tmp-callmatrix/fa2-24-source4.c26:35 [bank bank4] | if (matrix_probe4() != 0x84) { matrix_failure := 0x05; }
  150 72f3 a9 05                   ; LDA #5
  151 72f5 85 80                   ; STA matrix_failure
; /mnt/data/vcsc_bankaudit/.tmp-callmatrix/fa2-24-source4.c26:36 [bank bank4] | asm tsx; asm stx matrix_sp_after;
  152 72f7 ba                      ; TSX
  153 72f8 86 83                   ; STX matrix_sp_after
; /mnt/data/vcsc_bankaudit/.tmp-callmatrix/fa2-24-source4.c26:38 [bank bank4] | asm tsx; asm stx matrix_sp_before;
  154 72fa a5 83                   ; LDA matrix_sp_after
  155 72fc c5 82                   ; CMP matrix_sp_before
  156 72fe d0 03                   ; BNE @u8_ne_true_39
  157 7300 4c 07 73                ; JMP @if_false_37  => $7307
; /mnt/data/vcsc_bankaudit/.tmp-callmatrix/fa2-24-source4.c26:37 [bank bank4] | if (matrix_sp_after != matrix_sp_before) { matrix_failure := 0x44; }
  158 7303 a9 44                   ; LDA #68
  159 7305 85 80                   ; STA matrix_failure
; /mnt/data/vcsc_bankaudit/.tmp-callmatrix/fa2-24-source4.c26:38 [bank bank4] | asm tsx; asm stx matrix_sp_before;
  160 7307 ba                      ; TSX
  161 7308 86 82                   ; STX matrix_sp_before
; /mnt/data/vcsc_bankaudit/.tmp-callmatrix/fa2-24-source4.c26:40 [bank bank4] | asm tsx; asm stx matrix_sp_after;
  162 730a 20 3c 7f                ; JSR matrix_probe5  => $7F3C
  163 730d a5 86                   ; LDA matrix_probe5$__return
  164 730f 85 84                   ; STA __vcsc_scratch_6
  165 7311 a9 85                   ; LDA #133
  166 7313 85 85                   ; STA (__vcsc_scratch_6 + 1)
  167 7315 a5 84                   ; LDA __vcsc_scratch_6
  168 7317 c5 85                   ; CMP (__vcsc_scratch_6 + 1)
  169 7319 d0 04                   ; BNE @cmp_false_43
  170 731b a9 01                   ; LDA #1
  171 731d d0 02                   ; BNE @cmp_done_44
  172 731f a9 00                   ; LDA #0
  173 7321 d0 04                   ; BNE @if_false_40
; /mnt/data/vcsc_bankaudit/.tmp-callmatrix/fa2-24-source4.c26:39 [bank bank4] | if (matrix_probe5() != 0x85) { matrix_failure := 0x06; }
  174 7323 a9 06                   ; LDA #6
  175 7325 85 80                   ; STA matrix_failure
; /mnt/data/vcsc_bankaudit/.tmp-callmatrix/fa2-24-source4.c26:40 [bank bank4] | asm tsx; asm stx matrix_sp_after;
  176 7327 ba                      ; TSX
  177 7328 86 83                   ; STX matrix_sp_after
; /mnt/data/vcsc_bankaudit/.tmp-callmatrix/fa2-24-source4.c26:42 [bank bank4] | if (matrix_count != 6) { matrix_failure := 0x7E; }
  178 732a a5 83                   ; LDA matrix_sp_after
  179 732c c5 82                   ; CMP matrix_sp_before
  180 732e d0 03                   ; BNE @u8_ne_true_47
  181 7330 4c 37 73                ; JMP @if_false_45  => $7337
; /mnt/data/vcsc_bankaudit/.tmp-callmatrix/fa2-24-source4.c26:41 [bank bank4] | if (matrix_sp_after != matrix_sp_before) { matrix_failure := 0x45; }
  182 7333 a9 45                   ; LDA #69
  183 7335 85 80                   ; STA matrix_failure
; /mnt/data/vcsc_bankaudit/.tmp-callmatrix/fa2-24-source4.c26:43 [bank bank4] | }
  184 7337 a5 81                   ; LDA matrix_count
  185 7339 c9 06                   ; CMP #6
  186 733b d0 03                   ; BNE @u8_ne_true_50
  187 733d 4c 44 73                ; JMP @if_false_48  => $7344
; /mnt/data/vcsc_bankaudit/.tmp-callmatrix/fa2-24-source4.c26:42 [bank bank4] | if (matrix_count != 6) { matrix_failure := 0x7E; }
  188 7340 a9 7e                   ; LDA #126
  189 7342 85 80                   ; STA matrix_failure
; <compiler-generated> [bank bank4]
  190 7344 60                      ; RTS
; /mnt/data/vcsc_bankaudit/.tmp-callmatrix/fa2-24-source4.c26:12 [bank bank3] | bank3 uint8_t matrix_probe3(void) { matrix_count := matrix_count + 1; return 0x83; }
  191 9200 a5 81                   ; LDA matrix_count
  192 9202 18                      ; CLC
  193 9203 69 01                   ; ADC #1
  194 9205 85 81                   ; STA matrix_count
  195 9207 a9 83                   ; LDA #131
  196 9209 85 87                   ; STA __vcsc_scratch_3
  197 920b a5 87                   ; LDA __vcsc_scratch_3
  198 920d 85 86                   ; STA matrix_probe3$__return
; <compiler-generated> [bank bank3]
  199 920f 60                      ; RTS
; /mnt/data/vcsc_bankaudit/.tmp-callmatrix/fa2-24-source4.c26:11 [bank bank2] | bank2 uint8_t matrix_probe2(void) { matrix_count := matrix_count + 1; return 0x82; }
  200 b200 a5 81                   ; LDA matrix_count
  201 b202 18                      ; CLC
  202 b203 69 01                   ; ADC #1
  203 b205 85 81                   ; STA matrix_count
  204 b207 a9 82                   ; LDA #130
  205 b209 85 87                   ; STA __vcsc_scratch_2
  206 b20b a5 87                   ; LDA __vcsc_scratch_2
  207 b20d 85 86                   ; STA matrix_probe2$__return
; <compiler-generated> [bank bank2]
  208 b20f 60                      ; RTS
; /mnt/data/vcsc_bankaudit/.tmp-callmatrix/fa2-24-source4.c26:10 [bank bank1] | bank1 uint8_t matrix_probe1(void) { matrix_count := matrix_count + 1; return 0x81; }
  209 d200 a5 81                   ; LDA matrix_count
  210 d202 18                      ; CLC
  211 d203 69 01                   ; ADC #1
  212 d205 85 81                   ; STA matrix_count
  213 d207 a9 81                   ; LDA #129
  214 d209 85 87                   ; STA __vcsc_scratch_1
  215 d20b a5 87                   ; LDA __vcsc_scratch_1
  216 d20d 85 86                   ; STA matrix_probe1$__return
; <compiler-generated> [bank bank1]
  217 d20f 60                      ; RTS
; wrk/vcsc-rt1-simple.s26:25 [bank bank0] | sei
  218 f200 78                      ; SEI
; wrk/vcsc-rt1-simple.s26:26 [bank bank0] | cld
  219 f201 d8                      ; CLD
; wrk/vcsc-rt1-simple.s26:27 [bank bank0] | ldx #$ff
  220 f202 a2 ff                   ; LDX #255
; wrk/vcsc-rt1-simple.s26:28 [bank bank0] | txs
  221 f204 9a                      ; TXS
; wrk/vcsc-rt1-simple.s26:30 [bank bank0] | lda #0
  222 f205 a9 00                   ; LDA #0
; wrk/vcsc-rt1-simple.s26:31 [bank bank0] | ldx #$7f
  223 f207 a2 7f                   ; LDX #127
; wrk/vcsc-rt1-simple.s26:33 [bank bank0] | sta $80,x
  224 f209 95 80                   ; STA 128,X
; wrk/vcsc-rt1-simple.s26:34 [bank bank0] | dex
  225 f20b ca                      ; DEX
; wrk/vcsc-rt1-simple.s26:35 [bank bank0] | bpl.same @clear_ram
  226 f20c 10 fb                   ; BPL.same @clear_ram
; wrk/vcsc-rt1-simple.s26:37 [bank bank0] | ldx #$2c
  227 f20e a2 2c                   ; LDX #44
; wrk/vcsc-rt1-simple.s26:39 [bank bank0] | sta $00,x
  228 f210 95 00                   ; STA 0,X
; wrk/vcsc-rt1-simple.s26:40 [bank bank0] | dex
  229 f212 ca                      ; DEX
; wrk/vcsc-rt1-simple.s26:41 [bank bank0] | bpl.same @clear_tia
  230 f213 10 fb                   ; BPL.same @clear_tia
; wrk/vcsc-rt1-simple.s26:43 [bank bank0] | ldx #$ff
  231 f215 a2 ff                   ; LDX #255
; wrk/vcsc-rt1-simple.s26:44 [bank bank0] | txs
  232 f217 9a                      ; TXS
; wrk/vcsc-rt1-simple.s26:45 [bank bank0] | jmp main
  233 f218 4c 30 f2                ; JMP main  => $F230
; wrk/vcsc-rt1-simple.s26:49 [bank bank0] | rti
  234 f21b 40                      ; RTI
; /mnt/data/vcsc_bankaudit/.tmp-callmatrix/fa2-24-source4.c26:9 [bank bank0] | bank0 uint8_t matrix_probe0(void) { matrix_count := matrix_count + 1; return 0x80; }
  235 f21c a5 81                   ; LDA matrix_count
  236 f21e 18                      ; CLC
  237 f21f 69 01                   ; ADC #1
  238 f221 85 81                   ; STA matrix_count
  239 f223 a9 80                   ; LDA #128
  240 f225 85 87                   ; STA __vcsc_scratch_0
  241 f227 a5 87                   ; LDA __vcsc_scratch_0
  242 f229 85 86                   ; STA matrix_probe0$__return
; <compiler-generated> [bank bank0]
  243 f22b 60                      ; RTS
; /mnt/data/vcsc_bankaudit/.tmp-callmatrix/fa2-24-source4.c26:45 [bank bank0] | bank0 void matrix_done(void) { while (1) { } }
  244 f22c 4c 2c f2                ; JMP @while_start_51  => $F22C
; <compiler-generated> [bank bank0]
  245 f22f 60                      ; RTS
; /mnt/data/vcsc_bankaudit/.tmp-callmatrix/fa2-24-source4.c26:48 [bank bank0] | matrix_failure := 0;
  246 f230 a9 00                   ; LDA #0
  247 f232 85 80                   ; STA matrix_failure
; /mnt/data/vcsc_bankaudit/.tmp-callmatrix/fa2-24-source4.c26:49 [bank bank0] | matrix_source();
  248 f234 20 4b ff                ; JSR matrix_source  => $FF4B
; /mnt/data/vcsc_bankaudit/.tmp-callmatrix/fa2-24-source4.c26:50 [bank bank0] | asm jmp matrix_done;
  249 f237 4c 2c f2                ; JMP matrix_done  => $F22C
; <compiler-generated> [bank bank0]
  250 f23a 6c fc ff                ; JMP (65532)  => $FFFC
------- Unattributed/linker-generated linked bytes
  251 5f00 20 07 ff 8d f9 1f 60 8d ; <linker-generated/unattributed>
  252 5f08 f5 1f 6c 0d ff 1c f2 20 ; <linker-generated/unattributed>
  253 5f10 16 ff 8d f9 1f 60 8d f6 ; <linker-generated/unattributed>
  254 5f18 1f 6c 1c ff 00 d2 20 25 ; <linker-generated/unattributed>
  255 5f20 ff 8d f9 1f 60 8d f7 1f ; <linker-generated/unattributed>
  256 5f28 6c 2b ff 00 b2 20 34 ff ; <linker-generated/unattributed>
  257 5f30 8d f9 1f 60 8d f8 1f 6c ; <linker-generated/unattributed>
  258 5f38 3a ff 00 92 20 43 ff 8d ; <linker-generated/unattributed>
  259 5f40 f9 1f 60 8d fa 1f 6c 49 ; <linker-generated/unattributed>
  260 5f48 ff 00 52 20 52 ff 8d f5 ; <linker-generated/unattributed>
  261 5f50 1f 60 8d f9 1f 6c 58 ff ; <linker-generated/unattributed>
  262 5f58 13 72                   ; <linker-generated/unattributed>
  263 5fe0 2c f5 1f 4c 1b f2 2c f5 ; <linker-generated/unattributed>
  264 5fe8 1f 4c 00 f2 2c f5 1f 4c ; <linker-generated/unattributed>
  265 5ff0 1b f2                   ; <linker-generated/unattributed>
  266 5ffa e0 ff e6 ff ec ff       ; <linker-generated/unattributed>
  267 7f00 20 07 ff 8d f9 1f 60 8d ; <linker-generated/unattributed>
  268 7f08 f5 1f 6c 0d ff 1c f2 20 ; <linker-generated/unattributed>
  269 7f10 16 ff 8d f9 1f 60 8d f6 ; <linker-generated/unattributed>
  270 7f18 1f 6c 1c ff 00 d2 20 25 ; <linker-generated/unattributed>
  271 7f20 ff 8d f9 1f 60 8d f7 1f ; <linker-generated/unattributed>
  272 7f28 6c 2b ff 00 b2 20 34 ff ; <linker-generated/unattributed>
  273 7f30 8d f9 1f 60 8d f8 1f 6c ; <linker-generated/unattributed>
  274 7f38 3a ff 00 92 20 43 ff 8d ; <linker-generated/unattributed>
  275 7f40 f9 1f 60 8d fa 1f 6c 49 ; <linker-generated/unattributed>
  276 7f48 ff 00 52 20 52 ff 8d f5 ; <linker-generated/unattributed>
  277 7f50 1f 60 8d f9 1f 6c 58 ff ; <linker-generated/unattributed>
  278 7f58 13 72                   ; <linker-generated/unattributed>
  279 7fe0 2c f5 1f 4c 1b f2 2c f5 ; <linker-generated/unattributed>
  280 7fe8 1f 4c 00 f2 2c f5 1f 4c ; <linker-generated/unattributed>
  281 7ff0 1b f2                   ; <linker-generated/unattributed>
  282 7ffa e0 ff e6 ff ec ff       ; <linker-generated/unattributed>
  283 9f00 20 07 ff 8d f9 1f 60 8d ; <linker-generated/unattributed>
  284 9f08 f5 1f 6c 0d ff 1c f2 20 ; <linker-generated/unattributed>
  285 9f10 16 ff 8d f9 1f 60 8d f6 ; <linker-generated/unattributed>
  286 9f18 1f 6c 1c ff 00 d2 20 25 ; <linker-generated/unattributed>
  287 9f20 ff 8d f9 1f 60 8d f7 1f ; <linker-generated/unattributed>
  288 9f28 6c 2b ff 00 b2 20 34 ff ; <linker-generated/unattributed>
  289 9f30 8d f9 1f 60 8d f8 1f 6c ; <linker-generated/unattributed>
  290 9f38 3a ff 00 92 20 43 ff 8d ; <linker-generated/unattributed>
  291 9f40 f9 1f 60 8d fa 1f 6c 49 ; <linker-generated/unattributed>
  292 9f48 ff 00 52 20 52 ff 8d f5 ; <linker-generated/unattributed>
  293 9f50 1f 60 8d f9 1f 6c 58 ff ; <linker-generated/unattributed>
  294 9f58 13 72                   ; <linker-generated/unattributed>
  295 9fe0 2c f5 1f 4c 1b f2 2c f5 ; <linker-generated/unattributed>
  296 9fe8 1f 4c 00 f2 2c f5 1f 4c ; <linker-generated/unattributed>
  297 9ff0 1b f2                   ; <linker-generated/unattributed>
  298 9ffa e0 ff e6 ff ec ff       ; <linker-generated/unattributed>
  299 bf00 20 07 ff 8d f9 1f 60 8d ; <linker-generated/unattributed>
  300 bf08 f5 1f 6c 0d ff 1c f2 20 ; <linker-generated/unattributed>
  301 bf10 16 ff 8d f9 1f 60 8d f6 ; <linker-generated/unattributed>
  302 bf18 1f 6c 1c ff 00 d2 20 25 ; <linker-generated/unattributed>
  303 bf20 ff 8d f9 1f 60 8d f7 1f ; <linker-generated/unattributed>
  304 bf28 6c 2b ff 00 b2 20 34 ff ; <linker-generated/unattributed>
  305 bf30 8d f9 1f 60 8d f8 1f 6c ; <linker-generated/unattributed>
  306 bf38 3a ff 00 92 20 43 ff 8d ; <linker-generated/unattributed>
  307 bf40 f9 1f 60 8d fa 1f 6c 49 ; <linker-generated/unattributed>
  308 bf48 ff 00 52 20 52 ff 8d f5 ; <linker-generated/unattributed>
  309 bf50 1f 60 8d f9 1f 6c 58 ff ; <linker-generated/unattributed>
  310 bf58 13 72                   ; <linker-generated/unattributed>
  311 bfe0 2c f5 1f 4c 1b f2 2c f5 ; <linker-generated/unattributed>
  312 bfe8 1f 4c 00 f2 2c f5 1f 4c ; <linker-generated/unattributed>
  313 bff0 1b f2                   ; <linker-generated/unattributed>
  314 bffa e0 ff e6 ff ec ff       ; <linker-generated/unattributed>
  315 df00 20 07 ff 8d f9 1f 60 8d ; <linker-generated/unattributed>
  316 df08 f5 1f 6c 0d ff 1c f2 20 ; <linker-generated/unattributed>
  317 df10 16 ff 8d f9 1f 60 8d f6 ; <linker-generated/unattributed>
  318 df18 1f 6c 1c ff 00 d2 20 25 ; <linker-generated/unattributed>
  319 df20 ff 8d f9 1f 60 8d f7 1f ; <linker-generated/unattributed>
  320 df28 6c 2b ff 00 b2 20 34 ff ; <linker-generated/unattributed>
  321 df30 8d f9 1f 60 8d f8 1f 6c ; <linker-generated/unattributed>
  322 df38 3a ff 00 92 20 43 ff 8d ; <linker-generated/unattributed>
  323 df40 f9 1f 60 8d fa 1f 6c 49 ; <linker-generated/unattributed>
  324 df48 ff 00 52 20 52 ff 8d f5 ; <linker-generated/unattributed>
  325 df50 1f 60 8d f9 1f 6c 58 ff ; <linker-generated/unattributed>
  326 df58 13 72                   ; <linker-generated/unattributed>
  327 dfe0 2c f5 1f 4c 1b f2 2c f5 ; <linker-generated/unattributed>
  328 dfe8 1f 4c 00 f2 2c f5 1f 4c ; <linker-generated/unattributed>
  329 dff0 1b f2                   ; <linker-generated/unattributed>
  330 dffa e0 ff e6 ff ec ff       ; <linker-generated/unattributed>
  331 ff00 20 07 ff 8d f9 1f 60 8d ; <linker-generated/unattributed>
  332 ff08 f5 1f 6c 0d ff 1c f2 20 ; <linker-generated/unattributed>
  333 ff10 16 ff 8d f9 1f 60 8d f6 ; <linker-generated/unattributed>
  334 ff18 1f 6c 1c ff 00 d2 20 25 ; <linker-generated/unattributed>
  335 ff20 ff 8d f9 1f 60 8d f7 1f ; <linker-generated/unattributed>
  336 ff28 6c 2b ff 00 b2 20 34 ff ; <linker-generated/unattributed>
  337 ff30 8d f9 1f 60 8d f8 1f 6c ; <linker-generated/unattributed>
  338 ff38 3a ff 00 92 20 43 ff 8d ; <linker-generated/unattributed>
  339 ff40 f9 1f 60 8d fa 1f 6c 49 ; <linker-generated/unattributed>
  340 ff48 ff 00 52 20 52 ff 8d f5 ; <linker-generated/unattributed>
  341 ff50 1f 60 8d f9 1f 6c 58 ff ; <linker-generated/unattributed>
  342 ff58 13 72                   ; <linker-generated/unattributed>
  343 ffe0 2c f5 1f 4c 1b f2 2c f5 ; <linker-generated/unattributed>
  344 ffe8 1f 4c 00 f2 2c f5 1f 4c ; <linker-generated/unattributed>
  345 fff0 1b f2                   ; <linker-generated/unattributed>
  346 fffa e0 ff e6 ff ec ff       ; <linker-generated/unattributed>
