------- VCSC linked image listing
------- Human source listing; addresses and bytes are final after relocation.
------- RAM symbols retain DASM constant rows for Stella compatibility.
    1 0086          00 86 matrix_probe5$__return =
    2 0086          00 86 matrix_probe4$__return =
    3 0086          00 86 matrix_probe3$__return =
    4 0086          00 86 matrix_probe2$__return =
    5 0086          00 86 matrix_probe1$__return =
    6 0086          00 86 matrix_probe0$__return =
    7 0083          00 83 matrix_sp_after =
    8 0082          00 82 matrix_sp_before =
    9 0081          00 81 matrix_count =
   10 0080          00 80 matrix_failure =
   11 0088          00 88 __stack_start =
   12 00f7          00 f7 __stack_top =
   13 0002          00 02 __call_stack_depth =
   14 0004          00 04 __call_stack_weighted_depth =
   15 0002          00 02 __call_stack_bank_extra_slots =
   16 0000          00 00 __call_stack_extra =
   17 0008          00 08 __call_stack_size =
   18 00f8          00 f8 __call_stack_start =
   19 00ff          00 ff __call_stack_top =
------- Source-correlated linked statements
; /mnt/data/vcsc_bankaudit/.tmp-callmatrix/fa2-24-source2.c26:14 [bank bank5] | bank5 uint8_t matrix_probe5(void) { matrix_count := matrix_count + 1; return 0x85; }
   20 5200 a5 81                   ; LDA matrix_count
   21 5202 18                      ; CLC
   22 5203 69 01                   ; ADC #1
   23 5205 85 81                   ; STA matrix_count
   24 5207 a9 85                   ; LDA #133
   25 5209 85 87                   ; STA __vcsc_scratch_5
   26 520b a5 87                   ; LDA __vcsc_scratch_5
   27 520d 85 86                   ; STA matrix_probe5$__return
; <compiler-generated> [bank bank5]
   28 520f 60                      ; RTS
; /mnt/data/vcsc_bankaudit/.tmp-callmatrix/fa2-24-source2.c26:13 [bank bank4] | bank4 uint8_t matrix_probe4(void) { matrix_count := matrix_count + 1; return 0x84; }
   29 7200 a5 81                   ; LDA matrix_count
   30 7202 18                      ; CLC
   31 7203 69 01                   ; ADC #1
   32 7205 85 81                   ; STA matrix_count
   33 7207 a9 84                   ; LDA #132
   34 7209 85 87                   ; STA __vcsc_scratch_4
   35 720b a5 87                   ; LDA __vcsc_scratch_4
   36 720d 85 86                   ; STA matrix_probe4$__return
; <compiler-generated> [bank bank4]
   37 720f 60                      ; RTS
; /mnt/data/vcsc_bankaudit/.tmp-callmatrix/fa2-24-source2.c26:12 [bank bank3] | bank3 uint8_t matrix_probe3(void) { matrix_count := matrix_count + 1; return 0x83; }
   38 9200 a5 81                   ; LDA matrix_count
   39 9202 18                      ; CLC
   40 9203 69 01                   ; ADC #1
   41 9205 85 81                   ; STA matrix_count
   42 9207 a9 83                   ; LDA #131
   43 9209 85 87                   ; STA __vcsc_scratch_3
   44 920b a5 87                   ; LDA __vcsc_scratch_3
   45 920d 85 86                   ; STA matrix_probe3$__return
; <compiler-generated> [bank bank3]
   46 920f 60                      ; RTS
; /mnt/data/vcsc_bankaudit/.tmp-callmatrix/fa2-24-source2.c26:11 [bank bank2] | bank2 uint8_t matrix_probe2(void) { matrix_count := matrix_count + 1; return 0x82; }
   47 b200 a5 81                   ; LDA matrix_count
   48 b202 18                      ; CLC
   49 b203 69 01                   ; ADC #1
   50 b205 85 81                   ; STA matrix_count
   51 b207 a9 82                   ; LDA #130
   52 b209 85 87                   ; STA __vcsc_scratch_2
   53 b20b a5 87                   ; LDA __vcsc_scratch_2
   54 b20d 85 86                   ; STA matrix_probe2$__return
; <compiler-generated> [bank bank2]
   55 b20f 60                      ; RTS
; /mnt/data/vcsc_bankaudit/.tmp-callmatrix/fa2-24-source2.c26:17 [bank bank2] | matrix_count := 0;
   56 b213 a9 00                   ; LDA #0
   57 b215 85 81                   ; STA matrix_count
; /mnt/data/vcsc_bankaudit/.tmp-callmatrix/fa2-24-source2.c26:18 [bank bank2] | asm tsx; asm stx matrix_sp_before;
   58 b217 ba                      ; TSX
   59 b218 86 82                   ; STX matrix_sp_before
; /mnt/data/vcsc_bankaudit/.tmp-callmatrix/fa2-24-source2.c26:20 [bank bank2] | asm tsx; asm stx matrix_sp_after;
   60 b21a 20 00 bf                ; JSR matrix_probe0  => $BF00
   61 b21d a5 86                   ; LDA matrix_probe0$__return
   62 b21f 85 84                   ; STA __vcsc_scratch_6
   63 b221 a9 80                   ; LDA #128
   64 b223 85 85                   ; STA (__vcsc_scratch_6 + 1)
   65 b225 a5 84                   ; LDA __vcsc_scratch_6
   66 b227 c5 85                   ; CMP (__vcsc_scratch_6 + 1)
   67 b229 d0 04                   ; BNE @cmp_false_3
   68 b22b a9 01                   ; LDA #1
   69 b22d d0 02                   ; BNE @cmp_done_4
   70 b22f a9 00                   ; LDA #0
   71 b231 d0 04                   ; BNE @if_false_0
; /mnt/data/vcsc_bankaudit/.tmp-callmatrix/fa2-24-source2.c26:19 [bank bank2] | if (matrix_probe0() != 0x80) { matrix_failure := 0x01; }
   72 b233 a9 01                   ; LDA #1
   73 b235 85 80                   ; STA matrix_failure
; /mnt/data/vcsc_bankaudit/.tmp-callmatrix/fa2-24-source2.c26:20 [bank bank2] | asm tsx; asm stx matrix_sp_after;
   74 b237 ba                      ; TSX
   75 b238 86 83                   ; STX matrix_sp_after
; /mnt/data/vcsc_bankaudit/.tmp-callmatrix/fa2-24-source2.c26:22 [bank bank2] | asm tsx; asm stx matrix_sp_before;
   76 b23a a5 83                   ; LDA matrix_sp_after
   77 b23c c5 82                   ; CMP matrix_sp_before
   78 b23e d0 03                   ; BNE @u8_ne_true_7
   79 b240 4c 47 b2                ; JMP @if_false_5  => $B247
; /mnt/data/vcsc_bankaudit/.tmp-callmatrix/fa2-24-source2.c26:21 [bank bank2] | if (matrix_sp_after != matrix_sp_before) { matrix_failure := 0x40; }
   80 b243 a9 40                   ; LDA #64
   81 b245 85 80                   ; STA matrix_failure
; /mnt/data/vcsc_bankaudit/.tmp-callmatrix/fa2-24-source2.c26:22 [bank bank2] | asm tsx; asm stx matrix_sp_before;
   82 b247 ba                      ; TSX
   83 b248 86 82                   ; STX matrix_sp_before
; /mnt/data/vcsc_bankaudit/.tmp-callmatrix/fa2-24-source2.c26:24 [bank bank2] | asm tsx; asm stx matrix_sp_after;
   84 b24a 20 0f bf                ; JSR matrix_probe1  => $BF0F
   85 b24d a5 86                   ; LDA matrix_probe1$__return
   86 b24f 85 84                   ; STA __vcsc_scratch_6
   87 b251 a9 81                   ; LDA #129
   88 b253 85 85                   ; STA (__vcsc_scratch_6 + 1)
   89 b255 a5 84                   ; LDA __vcsc_scratch_6
   90 b257 c5 85                   ; CMP (__vcsc_scratch_6 + 1)
   91 b259 d0 04                   ; BNE @cmp_false_11
   92 b25b a9 01                   ; LDA #1
   93 b25d d0 02                   ; BNE @cmp_done_12
   94 b25f a9 00                   ; LDA #0
   95 b261 d0 04                   ; BNE @if_false_8
; /mnt/data/vcsc_bankaudit/.tmp-callmatrix/fa2-24-source2.c26:23 [bank bank2] | if (matrix_probe1() != 0x81) { matrix_failure := 0x02; }
   96 b263 a9 02                   ; LDA #2
   97 b265 85 80                   ; STA matrix_failure
; /mnt/data/vcsc_bankaudit/.tmp-callmatrix/fa2-24-source2.c26:24 [bank bank2] | asm tsx; asm stx matrix_sp_after;
   98 b267 ba                      ; TSX
   99 b268 86 83                   ; STX matrix_sp_after
; /mnt/data/vcsc_bankaudit/.tmp-callmatrix/fa2-24-source2.c26:26 [bank bank2] | asm tsx; asm stx matrix_sp_before;
  100 b26a a5 83                   ; LDA matrix_sp_after
  101 b26c c5 82                   ; CMP matrix_sp_before
  102 b26e d0 03                   ; BNE @u8_ne_true_15
  103 b270 4c 77 b2                ; JMP @if_false_13  => $B277
; /mnt/data/vcsc_bankaudit/.tmp-callmatrix/fa2-24-source2.c26:25 [bank bank2] | if (matrix_sp_after != matrix_sp_before) { matrix_failure := 0x41; }
  104 b273 a9 41                   ; LDA #65
  105 b275 85 80                   ; STA matrix_failure
; /mnt/data/vcsc_bankaudit/.tmp-callmatrix/fa2-24-source2.c26:26 [bank bank2] | asm tsx; asm stx matrix_sp_before;
  106 b277 ba                      ; TSX
  107 b278 86 82                   ; STX matrix_sp_before
; /mnt/data/vcsc_bankaudit/.tmp-callmatrix/fa2-24-source2.c26:28 [bank bank2] | asm tsx; asm stx matrix_sp_after;
  108 b27a 20 00 b2                ; JSR matrix_probe2  => $B200
  109 b27d a5 86                   ; LDA matrix_probe2$__return
  110 b27f 85 84                   ; STA __vcsc_scratch_6
  111 b281 a9 82                   ; LDA #130
  112 b283 85 85                   ; STA (__vcsc_scratch_6 + 1)
  113 b285 a5 84                   ; LDA __vcsc_scratch_6
  114 b287 c5 85                   ; CMP (__vcsc_scratch_6 + 1)
  115 b289 d0 04                   ; BNE @cmp_false_19
  116 b28b a9 01                   ; LDA #1
  117 b28d d0 02                   ; BNE @cmp_done_20
  118 b28f a9 00                   ; LDA #0
  119 b291 d0 04                   ; BNE @if_false_16
; /mnt/data/vcsc_bankaudit/.tmp-callmatrix/fa2-24-source2.c26:27 [bank bank2] | if (matrix_probe2() != 0x82) { matrix_failure := 0x03; }
  120 b293 a9 03                   ; LDA #3
  121 b295 85 80                   ; STA matrix_failure
; /mnt/data/vcsc_bankaudit/.tmp-callmatrix/fa2-24-source2.c26:28 [bank bank2] | asm tsx; asm stx matrix_sp_after;
  122 b297 ba                      ; TSX
  123 b298 86 83                   ; STX matrix_sp_after
; /mnt/data/vcsc_bankaudit/.tmp-callmatrix/fa2-24-source2.c26:30 [bank bank2] | asm tsx; asm stx matrix_sp_before;
  124 b29a a5 83                   ; LDA matrix_sp_after
  125 b29c c5 82                   ; CMP matrix_sp_before
  126 b29e d0 03                   ; BNE @u8_ne_true_23
  127 b2a0 4c a7 b2                ; JMP @if_false_21  => $B2A7
; /mnt/data/vcsc_bankaudit/.tmp-callmatrix/fa2-24-source2.c26:29 [bank bank2] | if (matrix_sp_after != matrix_sp_before) { matrix_failure := 0x42; }
  128 b2a3 a9 42                   ; LDA #66
  129 b2a5 85 80                   ; STA matrix_failure
; /mnt/data/vcsc_bankaudit/.tmp-callmatrix/fa2-24-source2.c26:30 [bank bank2] | asm tsx; asm stx matrix_sp_before;
  130 b2a7 ba                      ; TSX
  131 b2a8 86 82                   ; STX matrix_sp_before
; /mnt/data/vcsc_bankaudit/.tmp-callmatrix/fa2-24-source2.c26:32 [bank bank2] | asm tsx; asm stx matrix_sp_after;
  132 b2aa 20 1e bf                ; JSR matrix_probe3  => $BF1E
  133 b2ad a5 86                   ; LDA matrix_probe3$__return
  134 b2af 85 84                   ; STA __vcsc_scratch_6
  135 b2b1 a9 83                   ; LDA #131
  136 b2b3 85 85                   ; STA (__vcsc_scratch_6 + 1)
  137 b2b5 a5 84                   ; LDA __vcsc_scratch_6
  138 b2b7 c5 85                   ; CMP (__vcsc_scratch_6 + 1)
  139 b2b9 d0 04                   ; BNE @cmp_false_27
  140 b2bb a9 01                   ; LDA #1
  141 b2bd d0 02                   ; BNE @cmp_done_28
  142 b2bf a9 00                   ; LDA #0
  143 b2c1 d0 04                   ; BNE @if_false_24
; /mnt/data/vcsc_bankaudit/.tmp-callmatrix/fa2-24-source2.c26:31 [bank bank2] | if (matrix_probe3() != 0x83) { matrix_failure := 0x04; }
  144 b2c3 a9 04                   ; LDA #4
  145 b2c5 85 80                   ; STA matrix_failure
; /mnt/data/vcsc_bankaudit/.tmp-callmatrix/fa2-24-source2.c26:32 [bank bank2] | asm tsx; asm stx matrix_sp_after;
  146 b2c7 ba                      ; TSX
  147 b2c8 86 83                   ; STX matrix_sp_after
; /mnt/data/vcsc_bankaudit/.tmp-callmatrix/fa2-24-source2.c26:34 [bank bank2] | asm tsx; asm stx matrix_sp_before;
  148 b2ca a5 83                   ; LDA matrix_sp_after
  149 b2cc c5 82                   ; CMP matrix_sp_before
  150 b2ce d0 03                   ; BNE @u8_ne_true_31
  151 b2d0 4c d7 b2                ; JMP @if_false_29  => $B2D7
; /mnt/data/vcsc_bankaudit/.tmp-callmatrix/fa2-24-source2.c26:33 [bank bank2] | if (matrix_sp_after != matrix_sp_before) { matrix_failure := 0x43; }
  152 b2d3 a9 43                   ; LDA #67
  153 b2d5 85 80                   ; STA matrix_failure
; /mnt/data/vcsc_bankaudit/.tmp-callmatrix/fa2-24-source2.c26:34 [bank bank2] | asm tsx; asm stx matrix_sp_before;
  154 b2d7 ba                      ; TSX
  155 b2d8 86 82                   ; STX matrix_sp_before
; /mnt/data/vcsc_bankaudit/.tmp-callmatrix/fa2-24-source2.c26:36 [bank bank2] | asm tsx; asm stx matrix_sp_after;
  156 b2da 20 2d bf                ; JSR matrix_probe4  => $BF2D
  157 b2dd a5 86                   ; LDA matrix_probe4$__return
  158 b2df 85 84                   ; STA __vcsc_scratch_6
  159 b2e1 a9 84                   ; LDA #132
  160 b2e3 85 85                   ; STA (__vcsc_scratch_6 + 1)
  161 b2e5 a5 84                   ; LDA __vcsc_scratch_6
  162 b2e7 c5 85                   ; CMP (__vcsc_scratch_6 + 1)
  163 b2e9 d0 04                   ; BNE @cmp_false_35
  164 b2eb a9 01                   ; LDA #1
  165 b2ed d0 02                   ; BNE @cmp_done_36
  166 b2ef a9 00                   ; LDA #0
  167 b2f1 d0 04                   ; BNE @if_false_32
; /mnt/data/vcsc_bankaudit/.tmp-callmatrix/fa2-24-source2.c26:35 [bank bank2] | if (matrix_probe4() != 0x84) { matrix_failure := 0x05; }
  168 b2f3 a9 05                   ; LDA #5
  169 b2f5 85 80                   ; STA matrix_failure
; /mnt/data/vcsc_bankaudit/.tmp-callmatrix/fa2-24-source2.c26:36 [bank bank2] | asm tsx; asm stx matrix_sp_after;
  170 b2f7 ba                      ; TSX
  171 b2f8 86 83                   ; STX matrix_sp_after
; /mnt/data/vcsc_bankaudit/.tmp-callmatrix/fa2-24-source2.c26:38 [bank bank2] | asm tsx; asm stx matrix_sp_before;
  172 b2fa a5 83                   ; LDA matrix_sp_after
  173 b2fc c5 82                   ; CMP matrix_sp_before
  174 b2fe d0 03                   ; BNE @u8_ne_true_39
  175 b300 4c 07 b3                ; JMP @if_false_37  => $B307
; /mnt/data/vcsc_bankaudit/.tmp-callmatrix/fa2-24-source2.c26:37 [bank bank2] | if (matrix_sp_after != matrix_sp_before) { matrix_failure := 0x44; }
  176 b303 a9 44                   ; LDA #68
  177 b305 85 80                   ; STA matrix_failure
; /mnt/data/vcsc_bankaudit/.tmp-callmatrix/fa2-24-source2.c26:38 [bank bank2] | asm tsx; asm stx matrix_sp_before;
  178 b307 ba                      ; TSX
  179 b308 86 82                   ; STX matrix_sp_before
; /mnt/data/vcsc_bankaudit/.tmp-callmatrix/fa2-24-source2.c26:40 [bank bank2] | asm tsx; asm stx matrix_sp_after;
  180 b30a 20 3c bf                ; JSR matrix_probe5  => $BF3C
  181 b30d a5 86                   ; LDA matrix_probe5$__return
  182 b30f 85 84                   ; STA __vcsc_scratch_6
  183 b311 a9 85                   ; LDA #133
  184 b313 85 85                   ; STA (__vcsc_scratch_6 + 1)
  185 b315 a5 84                   ; LDA __vcsc_scratch_6
  186 b317 c5 85                   ; CMP (__vcsc_scratch_6 + 1)
  187 b319 d0 04                   ; BNE @cmp_false_43
  188 b31b a9 01                   ; LDA #1
  189 b31d d0 02                   ; BNE @cmp_done_44
  190 b31f a9 00                   ; LDA #0
  191 b321 d0 04                   ; BNE @if_false_40
; /mnt/data/vcsc_bankaudit/.tmp-callmatrix/fa2-24-source2.c26:39 [bank bank2] | if (matrix_probe5() != 0x85) { matrix_failure := 0x06; }
  192 b323 a9 06                   ; LDA #6
  193 b325 85 80                   ; STA matrix_failure
; /mnt/data/vcsc_bankaudit/.tmp-callmatrix/fa2-24-source2.c26:40 [bank bank2] | asm tsx; asm stx matrix_sp_after;
  194 b327 ba                      ; TSX
  195 b328 86 83                   ; STX matrix_sp_after
; /mnt/data/vcsc_bankaudit/.tmp-callmatrix/fa2-24-source2.c26:42 [bank bank2] | if (matrix_count != 6) { matrix_failure := 0x7E; }
  196 b32a a5 83                   ; LDA matrix_sp_after
  197 b32c c5 82                   ; CMP matrix_sp_before
  198 b32e d0 03                   ; BNE @u8_ne_true_47
  199 b330 4c 37 b3                ; JMP @if_false_45  => $B337
; /mnt/data/vcsc_bankaudit/.tmp-callmatrix/fa2-24-source2.c26:41 [bank bank2] | if (matrix_sp_after != matrix_sp_before) { matrix_failure := 0x45; }
  200 b333 a9 45                   ; LDA #69
  201 b335 85 80                   ; STA matrix_failure
; /mnt/data/vcsc_bankaudit/.tmp-callmatrix/fa2-24-source2.c26:43 [bank bank2] | }
  202 b337 a5 81                   ; LDA matrix_count
  203 b339 c9 06                   ; CMP #6
  204 b33b d0 03                   ; BNE @u8_ne_true_50
  205 b33d 4c 44 b3                ; JMP @if_false_48  => $B344
; /mnt/data/vcsc_bankaudit/.tmp-callmatrix/fa2-24-source2.c26:42 [bank bank2] | if (matrix_count != 6) { matrix_failure := 0x7E; }
  206 b340 a9 7e                   ; LDA #126
  207 b342 85 80                   ; STA matrix_failure
; <compiler-generated> [bank bank2]
  208 b344 60                      ; RTS
; /mnt/data/vcsc_bankaudit/.tmp-callmatrix/fa2-24-source2.c26:10 [bank bank1] | bank1 uint8_t matrix_probe1(void) { matrix_count := matrix_count + 1; return 0x81; }
  209 d200 a5 81                   ; LDA matrix_count
  210 d202 18                      ; CLC
  211 d203 69 01                   ; ADC #1
  212 d205 85 81                   ; STA matrix_count
  213 d207 a9 81                   ; LDA #129
  214 d209 85 87                   ; STA __vcsc_scratch_1
  215 d20b a5 87                   ; LDA __vcsc_scratch_1
  216 d20d 85 86                   ; STA matrix_probe1$__return
; <compiler-generated> [bank bank1]
  217 d20f 60                      ; RTS
; wrk/vcsc-rt1-simple.s26:25 [bank bank0] | sei
  218 f200 78                      ; SEI
; wrk/vcsc-rt1-simple.s26:26 [bank bank0] | cld
  219 f201 d8                      ; CLD
; wrk/vcsc-rt1-simple.s26:27 [bank bank0] | ldx #$ff
  220 f202 a2 ff                   ; LDX #255
; wrk/vcsc-rt1-simple.s26:28 [bank bank0] | txs
  221 f204 9a                      ; TXS
; wrk/vcsc-rt1-simple.s26:30 [bank bank0] | lda #0
  222 f205 a9 00                   ; LDA #0
; wrk/vcsc-rt1-simple.s26:31 [bank bank0] | ldx #$7f
  223 f207 a2 7f                   ; LDX #127
; wrk/vcsc-rt1-simple.s26:33 [bank bank0] | sta $80,x
  224 f209 95 80                   ; STA 128,X
; wrk/vcsc-rt1-simple.s26:34 [bank bank0] | dex
  225 f20b ca                      ; DEX
; wrk/vcsc-rt1-simple.s26:35 [bank bank0] | bpl.same @clear_ram
  226 f20c 10 fb                   ; BPL.same @clear_ram
; wrk/vcsc-rt1-simple.s26:37 [bank bank0] | ldx #$2c
  227 f20e a2 2c                   ; LDX #44
; wrk/vcsc-rt1-simple.s26:39 [bank bank0] | sta $00,x
  228 f210 95 00                   ; STA 0,X
; wrk/vcsc-rt1-simple.s26:40 [bank bank0] | dex
  229 f212 ca                      ; DEX
; wrk/vcsc-rt1-simple.s26:41 [bank bank0] | bpl.same @clear_tia
  230 f213 10 fb                   ; BPL.same @clear_tia
; wrk/vcsc-rt1-simple.s26:43 [bank bank0] | ldx #$ff
  231 f215 a2 ff                   ; LDX #255
; wrk/vcsc-rt1-simple.s26:44 [bank bank0] | txs
  232 f217 9a                      ; TXS
; wrk/vcsc-rt1-simple.s26:45 [bank bank0] | jmp main
  233 f218 4c 30 f2                ; JMP main  => $F230
; wrk/vcsc-rt1-simple.s26:49 [bank bank0] | rti
  234 f21b 40                      ; RTI
; /mnt/data/vcsc_bankaudit/.tmp-callmatrix/fa2-24-source2.c26:9 [bank bank0] | bank0 uint8_t matrix_probe0(void) { matrix_count := matrix_count + 1; return 0x80; }
  235 f21c a5 81                   ; LDA matrix_count
  236 f21e 18                      ; CLC
  237 f21f 69 01                   ; ADC #1
  238 f221 85 81                   ; STA matrix_count
  239 f223 a9 80                   ; LDA #128
  240 f225 85 87                   ; STA __vcsc_scratch_0
  241 f227 a5 87                   ; LDA __vcsc_scratch_0
  242 f229 85 86                   ; STA matrix_probe0$__return
; <compiler-generated> [bank bank0]
  243 f22b 60                      ; RTS
; /mnt/data/vcsc_bankaudit/.tmp-callmatrix/fa2-24-source2.c26:45 [bank bank0] | bank0 void matrix_done(void) { while (1) { } }
  244 f22c 4c 2c f2                ; JMP @while_start_51  => $F22C
; <compiler-generated> [bank bank0]
  245 f22f 60                      ; RTS
; /mnt/data/vcsc_bankaudit/.tmp-callmatrix/fa2-24-source2.c26:48 [bank bank0] | matrix_failure := 0;
  246 f230 a9 00                   ; LDA #0
  247 f232 85 80                   ; STA matrix_failure
; /mnt/data/vcsc_bankaudit/.tmp-callmatrix/fa2-24-source2.c26:49 [bank bank0] | matrix_source();
  248 f234 20 4b ff                ; JSR matrix_source  => $FF4B
; /mnt/data/vcsc_bankaudit/.tmp-callmatrix/fa2-24-source2.c26:50 [bank bank0] | asm jmp matrix_done;
  249 f237 4c 2c f2                ; JMP matrix_done  => $F22C
; <compiler-generated> [bank bank0]
  250 f23a 6c fc ff                ; JMP (65532)  => $FFFC
------- Unattributed/linker-generated linked bytes
  251 5f00 20 07 ff 8d f7 1f 60 8d ; <linker-generated/unattributed>
  252 5f08 f5 1f 6c 0d ff 1c f2 20 ; <linker-generated/unattributed>
  253 5f10 16 ff 8d f7 1f 60 8d f6 ; <linker-generated/unattributed>
  254 5f18 1f 6c 1c ff 00 d2 20 25 ; <linker-generated/unattributed>
  255 5f20 ff 8d f7 1f 60 8d f8 1f ; <linker-generated/unattributed>
  256 5f28 6c 2b ff 00 92 20 34 ff ; <linker-generated/unattributed>
  257 5f30 8d f7 1f 60 8d f9 1f 6c ; <linker-generated/unattributed>
  258 5f38 3a ff 00 72 20 43 ff 8d ; <linker-generated/unattributed>
  259 5f40 f7 1f 60 8d fa 1f 6c 49 ; <linker-generated/unattributed>
  260 5f48 ff 00 52 20 52 ff 8d f5 ; <linker-generated/unattributed>
  261 5f50 1f 60 8d f7 1f 6c 58 ff ; <linker-generated/unattributed>
  262 5f58 13 b2                   ; <linker-generated/unattributed>
  263 5fe0 2c f5 1f 4c 1b f2 2c f5 ; <linker-generated/unattributed>
  264 5fe8 1f 4c 00 f2 2c f5 1f 4c ; <linker-generated/unattributed>
  265 5ff0 1b f2                   ; <linker-generated/unattributed>
  266 5ffa e0 ff e6 ff ec ff       ; <linker-generated/unattributed>
  267 7f00 20 07 ff 8d f7 1f 60 8d ; <linker-generated/unattributed>
  268 7f08 f5 1f 6c 0d ff 1c f2 20 ; <linker-generated/unattributed>
  269 7f10 16 ff 8d f7 1f 60 8d f6 ; <linker-generated/unattributed>
  270 7f18 1f 6c 1c ff 00 d2 20 25 ; <linker-generated/unattributed>
  271 7f20 ff 8d f7 1f 60 8d f8 1f ; <linker-generated/unattributed>
  272 7f28 6c 2b ff 00 92 20 34 ff ; <linker-generated/unattributed>
  273 7f30 8d f7 1f 60 8d f9 1f 6c ; <linker-generated/unattributed>
  274 7f38 3a ff 00 72 20 43 ff 8d ; <linker-generated/unattributed>
  275 7f40 f7 1f 60 8d fa 1f 6c 49 ; <linker-generated/unattributed>
  276 7f48 ff 00 52 20 52 ff 8d f5 ; <linker-generated/unattributed>
  277 7f50 1f 60 8d f7 1f 6c 58 ff ; <linker-generated/unattributed>
  278 7f58 13 b2                   ; <linker-generated/unattributed>
  279 7fe0 2c f5 1f 4c 1b f2 2c f5 ; <linker-generated/unattributed>
  280 7fe8 1f 4c 00 f2 2c f5 1f 4c ; <linker-generated/unattributed>
  281 7ff0 1b f2                   ; <linker-generated/unattributed>
  282 7ffa e0 ff e6 ff ec ff       ; <linker-generated/unattributed>
  283 9f00 20 07 ff 8d f7 1f 60 8d ; <linker-generated/unattributed>
  284 9f08 f5 1f 6c 0d ff 1c f2 20 ; <linker-generated/unattributed>
  285 9f10 16 ff 8d f7 1f 60 8d f6 ; <linker-generated/unattributed>
  286 9f18 1f 6c 1c ff 00 d2 20 25 ; <linker-generated/unattributed>
  287 9f20 ff 8d f7 1f 60 8d f8 1f ; <linker-generated/unattributed>
  288 9f28 6c 2b ff 00 92 20 34 ff ; <linker-generated/unattributed>
  289 9f30 8d f7 1f 60 8d f9 1f 6c ; <linker-generated/unattributed>
  290 9f38 3a ff 00 72 20 43 ff 8d ; <linker-generated/unattributed>
  291 9f40 f7 1f 60 8d fa 1f 6c 49 ; <linker-generated/unattributed>
  292 9f48 ff 00 52 20 52 ff 8d f5 ; <linker-generated/unattributed>
  293 9f50 1f 60 8d f7 1f 6c 58 ff ; <linker-generated/unattributed>
  294 9f58 13 b2                   ; <linker-generated/unattributed>
  295 9fe0 2c f5 1f 4c 1b f2 2c f5 ; <linker-generated/unattributed>
  296 9fe8 1f 4c 00 f2 2c f5 1f 4c ; <linker-generated/unattributed>
  297 9ff0 1b f2                   ; <linker-generated/unattributed>
  298 9ffa e0 ff e6 ff ec ff       ; <linker-generated/unattributed>
  299 bf00 20 07 ff 8d f7 1f 60 8d ; <linker-generated/unattributed>
  300 bf08 f5 1f 6c 0d ff 1c f2 20 ; <linker-generated/unattributed>
  301 bf10 16 ff 8d f7 1f 60 8d f6 ; <linker-generated/unattributed>
  302 bf18 1f 6c 1c ff 00 d2 20 25 ; <linker-generated/unattributed>
  303 bf20 ff 8d f7 1f 60 8d f8 1f ; <linker-generated/unattributed>
  304 bf28 6c 2b ff 00 92 20 34 ff ; <linker-generated/unattributed>
  305 bf30 8d f7 1f 60 8d f9 1f 6c ; <linker-generated/unattributed>
  306 bf38 3a ff 00 72 20 43 ff 8d ; <linker-generated/unattributed>
  307 bf40 f7 1f 60 8d fa 1f 6c 49 ; <linker-generated/unattributed>
  308 bf48 ff 00 52 20 52 ff 8d f5 ; <linker-generated/unattributed>
  309 bf50 1f 60 8d f7 1f 6c 58 ff ; <linker-generated/unattributed>
  310 bf58 13 b2                   ; <linker-generated/unattributed>
  311 bfe0 2c f5 1f 4c 1b f2 2c f5 ; <linker-generated/unattributed>
  312 bfe8 1f 4c 00 f2 2c f5 1f 4c ; <linker-generated/unattributed>
  313 bff0 1b f2                   ; <linker-generated/unattributed>
  314 bffa e0 ff e6 ff ec ff       ; <linker-generated/unattributed>
  315 df00 20 07 ff 8d f7 1f 60 8d ; <linker-generated/unattributed>
  316 df08 f5 1f 6c 0d ff 1c f2 20 ; <linker-generated/unattributed>
  317 df10 16 ff 8d f7 1f 60 8d f6 ; <linker-generated/unattributed>
  318 df18 1f 6c 1c ff 00 d2 20 25 ; <linker-generated/unattributed>
  319 df20 ff 8d f7 1f 60 8d f8 1f ; <linker-generated/unattributed>
  320 df28 6c 2b ff 00 92 20 34 ff ; <linker-generated/unattributed>
  321 df30 8d f7 1f 60 8d f9 1f 6c ; <linker-generated/unattributed>
  322 df38 3a ff 00 72 20 43 ff 8d ; <linker-generated/unattributed>
  323 df40 f7 1f 60 8d fa 1f 6c 49 ; <linker-generated/unattributed>
  324 df48 ff 00 52 20 52 ff 8d f5 ; <linker-generated/unattributed>
  325 df50 1f 60 8d f7 1f 6c 58 ff ; <linker-generated/unattributed>
  326 df58 13 b2                   ; <linker-generated/unattributed>
  327 dfe0 2c f5 1f 4c 1b f2 2c f5 ; <linker-generated/unattributed>
  328 dfe8 1f 4c 00 f2 2c f5 1f 4c ; <linker-generated/unattributed>
  329 dff0 1b f2                   ; <linker-generated/unattributed>
  330 dffa e0 ff e6 ff ec ff       ; <linker-generated/unattributed>
  331 ff00 20 07 ff 8d f7 1f 60 8d ; <linker-generated/unattributed>
  332 ff08 f5 1f 6c 0d ff 1c f2 20 ; <linker-generated/unattributed>
  333 ff10 16 ff 8d f7 1f 60 8d f6 ; <linker-generated/unattributed>
  334 ff18 1f 6c 1c ff 00 d2 20 25 ; <linker-generated/unattributed>
  335 ff20 ff 8d f7 1f 60 8d f8 1f ; <linker-generated/unattributed>
  336 ff28 6c 2b ff 00 92 20 34 ff ; <linker-generated/unattributed>
  337 ff30 8d f7 1f 60 8d f9 1f 6c ; <linker-generated/unattributed>
  338 ff38 3a ff 00 72 20 43 ff 8d ; <linker-generated/unattributed>
  339 ff40 f7 1f 60 8d fa 1f 6c 49 ; <linker-generated/unattributed>
  340 ff48 ff 00 52 20 52 ff 8d f5 ; <linker-generated/unattributed>
  341 ff50 1f 60 8d f7 1f 6c 58 ff ; <linker-generated/unattributed>
  342 ff58 13 b2                   ; <linker-generated/unattributed>
  343 ffe0 2c f5 1f 4c 1b f2 2c f5 ; <linker-generated/unattributed>
  344 ffe8 1f 4c 00 f2 2c f5 1f 4c ; <linker-generated/unattributed>
  345 fff0 1b f2                   ; <linker-generated/unattributed>
  346 fffa e0 ff e6 ff ec ff       ; <linker-generated/unattributed>
