------- VCSC linked image listing
------- Human source listing; addresses and bytes are final after relocation.
------- RAM symbols retain DASM constant rows for Stella compatibility.
    1 0086          00 86 matrix_probe5$__return =
    2 0086          00 86 matrix_probe4$__return =
    3 0086          00 86 matrix_probe3$__return =
    4 0086          00 86 matrix_probe2$__return =
    5 0086          00 86 matrix_probe1$__return =
    6 0086          00 86 matrix_probe0$__return =
    7 0083          00 83 matrix_sp_after =
    8 0082          00 82 matrix_sp_before =
    9 0081          00 81 matrix_count =
   10 0080          00 80 matrix_failure =
   11 0088          00 88 __stack_start =
   12 00f7          00 f7 __stack_top =
   13 0002          00 02 __call_stack_depth =
   14 0004          00 04 __call_stack_weighted_depth =
   15 0002          00 02 __call_stack_bank_extra_slots =
   16 0000          00 00 __call_stack_extra =
   17 0008          00 08 __call_stack_size =
   18 00f8          00 f8 __call_stack_start =
   19 00ff          00 ff __call_stack_top =
------- Source-correlated linked statements
; /mnt/data/vcsc_bankaudit/.tmp-callmatrix/fa2-24-source5.c26:14 [bank bank5] | bank5 uint8_t matrix_probe5(void) { matrix_count := matrix_count + 1; return 0x85; }
   20 5200 a5 81                   ; LDA matrix_count
   21 5202 18                      ; CLC
   22 5203 69 01                   ; ADC #1
   23 5205 85 81                   ; STA matrix_count
   24 5207 a9 85                   ; LDA #133
   25 5209 85 87                   ; STA __vcsc_scratch_5
   26 520b a5 87                   ; LDA __vcsc_scratch_5
   27 520d 85 86                   ; STA matrix_probe5$__return
; <compiler-generated> [bank bank5]
   28 520f 60                      ; RTS
; /mnt/data/vcsc_bankaudit/.tmp-callmatrix/fa2-24-source5.c26:17 [bank bank5] | matrix_count := 0;
   29 5213 a9 00                   ; LDA #0
   30 5215 85 81                   ; STA matrix_count
; /mnt/data/vcsc_bankaudit/.tmp-callmatrix/fa2-24-source5.c26:18 [bank bank5] | asm tsx; asm stx matrix_sp_before;
   31 5217 ba                      ; TSX
   32 5218 86 82                   ; STX matrix_sp_before
; /mnt/data/vcsc_bankaudit/.tmp-callmatrix/fa2-24-source5.c26:20 [bank bank5] | asm tsx; asm stx matrix_sp_after;
   33 521a 20 00 5f                ; JSR matrix_probe0  => $5F00
   34 521d a5 86                   ; LDA matrix_probe0$__return
   35 521f 85 84                   ; STA __vcsc_scratch_6
   36 5221 a9 80                   ; LDA #128
   37 5223 85 85                   ; STA (__vcsc_scratch_6 + 1)
   38 5225 a5 84                   ; LDA __vcsc_scratch_6
   39 5227 c5 85                   ; CMP (__vcsc_scratch_6 + 1)
   40 5229 d0 04                   ; BNE @cmp_false_3
   41 522b a9 01                   ; LDA #1
   42 522d d0 02                   ; BNE @cmp_done_4
   43 522f a9 00                   ; LDA #0
   44 5231 d0 04                   ; BNE @if_false_0
; /mnt/data/vcsc_bankaudit/.tmp-callmatrix/fa2-24-source5.c26:19 [bank bank5] | if (matrix_probe0() != 0x80) { matrix_failure := 0x01; }
   45 5233 a9 01                   ; LDA #1
   46 5235 85 80                   ; STA matrix_failure
; /mnt/data/vcsc_bankaudit/.tmp-callmatrix/fa2-24-source5.c26:20 [bank bank5] | asm tsx; asm stx matrix_sp_after;
   47 5237 ba                      ; TSX
   48 5238 86 83                   ; STX matrix_sp_after
; /mnt/data/vcsc_bankaudit/.tmp-callmatrix/fa2-24-source5.c26:22 [bank bank5] | asm tsx; asm stx matrix_sp_before;
   49 523a a5 83                   ; LDA matrix_sp_after
   50 523c c5 82                   ; CMP matrix_sp_before
   51 523e d0 03                   ; BNE @u8_ne_true_7
   52 5240 4c 47 52                ; JMP @if_false_5  => $5247
; /mnt/data/vcsc_bankaudit/.tmp-callmatrix/fa2-24-source5.c26:21 [bank bank5] | if (matrix_sp_after != matrix_sp_before) { matrix_failure := 0x40; }
   53 5243 a9 40                   ; LDA #64
   54 5245 85 80                   ; STA matrix_failure
; /mnt/data/vcsc_bankaudit/.tmp-callmatrix/fa2-24-source5.c26:22 [bank bank5] | asm tsx; asm stx matrix_sp_before;
   55 5247 ba                      ; TSX
   56 5248 86 82                   ; STX matrix_sp_before
; /mnt/data/vcsc_bankaudit/.tmp-callmatrix/fa2-24-source5.c26:24 [bank bank5] | asm tsx; asm stx matrix_sp_after;
   57 524a 20 0f 5f                ; JSR matrix_probe1  => $5F0F
   58 524d a5 86                   ; LDA matrix_probe1$__return
   59 524f 85 84                   ; STA __vcsc_scratch_6
   60 5251 a9 81                   ; LDA #129
   61 5253 85 85                   ; STA (__vcsc_scratch_6 + 1)
   62 5255 a5 84                   ; LDA __vcsc_scratch_6
   63 5257 c5 85                   ; CMP (__vcsc_scratch_6 + 1)
   64 5259 d0 04                   ; BNE @cmp_false_11
   65 525b a9 01                   ; LDA #1
   66 525d d0 02                   ; BNE @cmp_done_12
   67 525f a9 00                   ; LDA #0
   68 5261 d0 04                   ; BNE @if_false_8
; /mnt/data/vcsc_bankaudit/.tmp-callmatrix/fa2-24-source5.c26:23 [bank bank5] | if (matrix_probe1() != 0x81) { matrix_failure := 0x02; }
   69 5263 a9 02                   ; LDA #2
   70 5265 85 80                   ; STA matrix_failure
; /mnt/data/vcsc_bankaudit/.tmp-callmatrix/fa2-24-source5.c26:24 [bank bank5] | asm tsx; asm stx matrix_sp_after;
   71 5267 ba                      ; TSX
   72 5268 86 83                   ; STX matrix_sp_after
; /mnt/data/vcsc_bankaudit/.tmp-callmatrix/fa2-24-source5.c26:26 [bank bank5] | asm tsx; asm stx matrix_sp_before;
   73 526a a5 83                   ; LDA matrix_sp_after
   74 526c c5 82                   ; CMP matrix_sp_before
   75 526e d0 03                   ; BNE @u8_ne_true_15
   76 5270 4c 77 52                ; JMP @if_false_13  => $5277
; /mnt/data/vcsc_bankaudit/.tmp-callmatrix/fa2-24-source5.c26:25 [bank bank5] | if (matrix_sp_after != matrix_sp_before) { matrix_failure := 0x41; }
   77 5273 a9 41                   ; LDA #65
   78 5275 85 80                   ; STA matrix_failure
; /mnt/data/vcsc_bankaudit/.tmp-callmatrix/fa2-24-source5.c26:26 [bank bank5] | asm tsx; asm stx matrix_sp_before;
   79 5277 ba                      ; TSX
   80 5278 86 82                   ; STX matrix_sp_before
; /mnt/data/vcsc_bankaudit/.tmp-callmatrix/fa2-24-source5.c26:28 [bank bank5] | asm tsx; asm stx matrix_sp_after;
   81 527a 20 1e 5f                ; JSR matrix_probe2  => $5F1E
   82 527d a5 86                   ; LDA matrix_probe2$__return
   83 527f 85 84                   ; STA __vcsc_scratch_6
   84 5281 a9 82                   ; LDA #130
   85 5283 85 85                   ; STA (__vcsc_scratch_6 + 1)
   86 5285 a5 84                   ; LDA __vcsc_scratch_6
   87 5287 c5 85                   ; CMP (__vcsc_scratch_6 + 1)
   88 5289 d0 04                   ; BNE @cmp_false_19
   89 528b a9 01                   ; LDA #1
   90 528d d0 02                   ; BNE @cmp_done_20
   91 528f a9 00                   ; LDA #0
   92 5291 d0 04                   ; BNE @if_false_16
; /mnt/data/vcsc_bankaudit/.tmp-callmatrix/fa2-24-source5.c26:27 [bank bank5] | if (matrix_probe2() != 0x82) { matrix_failure := 0x03; }
   93 5293 a9 03                   ; LDA #3
   94 5295 85 80                   ; STA matrix_failure
; /mnt/data/vcsc_bankaudit/.tmp-callmatrix/fa2-24-source5.c26:28 [bank bank5] | asm tsx; asm stx matrix_sp_after;
   95 5297 ba                      ; TSX
   96 5298 86 83                   ; STX matrix_sp_after
; /mnt/data/vcsc_bankaudit/.tmp-callmatrix/fa2-24-source5.c26:30 [bank bank5] | asm tsx; asm stx matrix_sp_before;
   97 529a a5 83                   ; LDA matrix_sp_after
   98 529c c5 82                   ; CMP matrix_sp_before
   99 529e d0 03                   ; BNE @u8_ne_true_23
  100 52a0 4c a7 52                ; JMP @if_false_21  => $52A7
; /mnt/data/vcsc_bankaudit/.tmp-callmatrix/fa2-24-source5.c26:29 [bank bank5] | if (matrix_sp_after != matrix_sp_before) { matrix_failure := 0x42; }
  101 52a3 a9 42                   ; LDA #66
  102 52a5 85 80                   ; STA matrix_failure
; /mnt/data/vcsc_bankaudit/.tmp-callmatrix/fa2-24-source5.c26:30 [bank bank5] | asm tsx; asm stx matrix_sp_before;
  103 52a7 ba                      ; TSX
  104 52a8 86 82                   ; STX matrix_sp_before
; /mnt/data/vcsc_bankaudit/.tmp-callmatrix/fa2-24-source5.c26:32 [bank bank5] | asm tsx; asm stx matrix_sp_after;
  105 52aa 20 2d 5f                ; JSR matrix_probe3  => $5F2D
  106 52ad a5 86                   ; LDA matrix_probe3$__return
  107 52af 85 84                   ; STA __vcsc_scratch_6
  108 52b1 a9 83                   ; LDA #131
  109 52b3 85 85                   ; STA (__vcsc_scratch_6 + 1)
  110 52b5 a5 84                   ; LDA __vcsc_scratch_6
  111 52b7 c5 85                   ; CMP (__vcsc_scratch_6 + 1)
  112 52b9 d0 04                   ; BNE @cmp_false_27
  113 52bb a9 01                   ; LDA #1
  114 52bd d0 02                   ; BNE @cmp_done_28
  115 52bf a9 00                   ; LDA #0
  116 52c1 d0 04                   ; BNE @if_false_24
; /mnt/data/vcsc_bankaudit/.tmp-callmatrix/fa2-24-source5.c26:31 [bank bank5] | if (matrix_probe3() != 0x83) { matrix_failure := 0x04; }
  117 52c3 a9 04                   ; LDA #4
  118 52c5 85 80                   ; STA matrix_failure
; /mnt/data/vcsc_bankaudit/.tmp-callmatrix/fa2-24-source5.c26:32 [bank bank5] | asm tsx; asm stx matrix_sp_after;
  119 52c7 ba                      ; TSX
  120 52c8 86 83                   ; STX matrix_sp_after
; /mnt/data/vcsc_bankaudit/.tmp-callmatrix/fa2-24-source5.c26:34 [bank bank5] | asm tsx; asm stx matrix_sp_before;
  121 52ca a5 83                   ; LDA matrix_sp_after
  122 52cc c5 82                   ; CMP matrix_sp_before
  123 52ce d0 03                   ; BNE @u8_ne_true_31
  124 52d0 4c d7 52                ; JMP @if_false_29  => $52D7
; /mnt/data/vcsc_bankaudit/.tmp-callmatrix/fa2-24-source5.c26:33 [bank bank5] | if (matrix_sp_after != matrix_sp_before) { matrix_failure := 0x43; }
  125 52d3 a9 43                   ; LDA #67
  126 52d5 85 80                   ; STA matrix_failure
; /mnt/data/vcsc_bankaudit/.tmp-callmatrix/fa2-24-source5.c26:34 [bank bank5] | asm tsx; asm stx matrix_sp_before;
  127 52d7 ba                      ; TSX
  128 52d8 86 82                   ; STX matrix_sp_before
; /mnt/data/vcsc_bankaudit/.tmp-callmatrix/fa2-24-source5.c26:36 [bank bank5] | asm tsx; asm stx matrix_sp_after;
  129 52da 20 3c 5f                ; JSR matrix_probe4  => $5F3C
  130 52dd a5 86                   ; LDA matrix_probe4$__return
  131 52df 85 84                   ; STA __vcsc_scratch_6
  132 52e1 a9 84                   ; LDA #132
  133 52e3 85 85                   ; STA (__vcsc_scratch_6 + 1)
  134 52e5 a5 84                   ; LDA __vcsc_scratch_6
  135 52e7 c5 85                   ; CMP (__vcsc_scratch_6 + 1)
  136 52e9 d0 04                   ; BNE @cmp_false_35
  137 52eb a9 01                   ; LDA #1
  138 52ed d0 02                   ; BNE @cmp_done_36
  139 52ef a9 00                   ; LDA #0
  140 52f1 d0 04                   ; BNE @if_false_32
; /mnt/data/vcsc_bankaudit/.tmp-callmatrix/fa2-24-source5.c26:35 [bank bank5] | if (matrix_probe4() != 0x84) { matrix_failure := 0x05; }
  141 52f3 a9 05                   ; LDA #5
  142 52f5 85 80                   ; STA matrix_failure
; /mnt/data/vcsc_bankaudit/.tmp-callmatrix/fa2-24-source5.c26:36 [bank bank5] | asm tsx; asm stx matrix_sp_after;
  143 52f7 ba                      ; TSX
  144 52f8 86 83                   ; STX matrix_sp_after
; /mnt/data/vcsc_bankaudit/.tmp-callmatrix/fa2-24-source5.c26:38 [bank bank5] | asm tsx; asm stx matrix_sp_before;
  145 52fa a5 83                   ; LDA matrix_sp_after
  146 52fc c5 82                   ; CMP matrix_sp_before
  147 52fe d0 03                   ; BNE @u8_ne_true_39
  148 5300 4c 07 53                ; JMP @if_false_37  => $5307
; /mnt/data/vcsc_bankaudit/.tmp-callmatrix/fa2-24-source5.c26:37 [bank bank5] | if (matrix_sp_after != matrix_sp_before) { matrix_failure := 0x44; }
  149 5303 a9 44                   ; LDA #68
  150 5305 85 80                   ; STA matrix_failure
; /mnt/data/vcsc_bankaudit/.tmp-callmatrix/fa2-24-source5.c26:38 [bank bank5] | asm tsx; asm stx matrix_sp_before;
  151 5307 ba                      ; TSX
  152 5308 86 82                   ; STX matrix_sp_before
; /mnt/data/vcsc_bankaudit/.tmp-callmatrix/fa2-24-source5.c26:40 [bank bank5] | asm tsx; asm stx matrix_sp_after;
  153 530a 20 00 52                ; JSR matrix_probe5  => $5200
  154 530d a5 86                   ; LDA matrix_probe5$__return
  155 530f 85 84                   ; STA __vcsc_scratch_6
  156 5311 a9 85                   ; LDA #133
  157 5313 85 85                   ; STA (__vcsc_scratch_6 + 1)
  158 5315 a5 84                   ; LDA __vcsc_scratch_6
  159 5317 c5 85                   ; CMP (__vcsc_scratch_6 + 1)
  160 5319 d0 04                   ; BNE @cmp_false_43
  161 531b a9 01                   ; LDA #1
  162 531d d0 02                   ; BNE @cmp_done_44
  163 531f a9 00                   ; LDA #0
  164 5321 d0 04                   ; BNE @if_false_40
; /mnt/data/vcsc_bankaudit/.tmp-callmatrix/fa2-24-source5.c26:39 [bank bank5] | if (matrix_probe5() != 0x85) { matrix_failure := 0x06; }
  165 5323 a9 06                   ; LDA #6
  166 5325 85 80                   ; STA matrix_failure
; /mnt/data/vcsc_bankaudit/.tmp-callmatrix/fa2-24-source5.c26:40 [bank bank5] | asm tsx; asm stx matrix_sp_after;
  167 5327 ba                      ; TSX
  168 5328 86 83                   ; STX matrix_sp_after
; /mnt/data/vcsc_bankaudit/.tmp-callmatrix/fa2-24-source5.c26:42 [bank bank5] | if (matrix_count != 6) { matrix_failure := 0x7E; }
  169 532a a5 83                   ; LDA matrix_sp_after
  170 532c c5 82                   ; CMP matrix_sp_before
  171 532e d0 03                   ; BNE @u8_ne_true_47
  172 5330 4c 37 53                ; JMP @if_false_45  => $5337
; /mnt/data/vcsc_bankaudit/.tmp-callmatrix/fa2-24-source5.c26:41 [bank bank5] | if (matrix_sp_after != matrix_sp_before) { matrix_failure := 0x45; }
  173 5333 a9 45                   ; LDA #69
  174 5335 85 80                   ; STA matrix_failure
; /mnt/data/vcsc_bankaudit/.tmp-callmatrix/fa2-24-source5.c26:43 [bank bank5] | }
  175 5337 a5 81                   ; LDA matrix_count
  176 5339 c9 06                   ; CMP #6
  177 533b d0 03                   ; BNE @u8_ne_true_50
  178 533d 4c 44 53                ; JMP @if_false_48  => $5344
; /mnt/data/vcsc_bankaudit/.tmp-callmatrix/fa2-24-source5.c26:42 [bank bank5] | if (matrix_count != 6) { matrix_failure := 0x7E; }
  179 5340 a9 7e                   ; LDA #126
  180 5342 85 80                   ; STA matrix_failure
; <compiler-generated> [bank bank5]
  181 5344 60                      ; RTS
; /mnt/data/vcsc_bankaudit/.tmp-callmatrix/fa2-24-source5.c26:13 [bank bank4] | bank4 uint8_t matrix_probe4(void) { matrix_count := matrix_count + 1; return 0x84; }
  182 7200 a5 81                   ; LDA matrix_count
  183 7202 18                      ; CLC
  184 7203 69 01                   ; ADC #1
  185 7205 85 81                   ; STA matrix_count
  186 7207 a9 84                   ; LDA #132
  187 7209 85 87                   ; STA __vcsc_scratch_4
  188 720b a5 87                   ; LDA __vcsc_scratch_4
  189 720d 85 86                   ; STA matrix_probe4$__return
; <compiler-generated> [bank bank4]
  190 720f 60                      ; RTS
; /mnt/data/vcsc_bankaudit/.tmp-callmatrix/fa2-24-source5.c26:12 [bank bank3] | bank3 uint8_t matrix_probe3(void) { matrix_count := matrix_count + 1; return 0x83; }
  191 9200 a5 81                   ; LDA matrix_count
  192 9202 18                      ; CLC
  193 9203 69 01                   ; ADC #1
  194 9205 85 81                   ; STA matrix_count
  195 9207 a9 83                   ; LDA #131
  196 9209 85 87                   ; STA __vcsc_scratch_3
  197 920b a5 87                   ; LDA __vcsc_scratch_3
  198 920d 85 86                   ; STA matrix_probe3$__return
; <compiler-generated> [bank bank3]
  199 920f 60                      ; RTS
; /mnt/data/vcsc_bankaudit/.tmp-callmatrix/fa2-24-source5.c26:11 [bank bank2] | bank2 uint8_t matrix_probe2(void) { matrix_count := matrix_count + 1; return 0x82; }
  200 b200 a5 81                   ; LDA matrix_count
  201 b202 18                      ; CLC
  202 b203 69 01                   ; ADC #1
  203 b205 85 81                   ; STA matrix_count
  204 b207 a9 82                   ; LDA #130
  205 b209 85 87                   ; STA __vcsc_scratch_2
  206 b20b a5 87                   ; LDA __vcsc_scratch_2
  207 b20d 85 86                   ; STA matrix_probe2$__return
; <compiler-generated> [bank bank2]
  208 b20f 60                      ; RTS
; /mnt/data/vcsc_bankaudit/.tmp-callmatrix/fa2-24-source5.c26:10 [bank bank1] | bank1 uint8_t matrix_probe1(void) { matrix_count := matrix_count + 1; return 0x81; }
  209 d200 a5 81                   ; LDA matrix_count
  210 d202 18                      ; CLC
  211 d203 69 01                   ; ADC #1
  212 d205 85 81                   ; STA matrix_count
  213 d207 a9 81                   ; LDA #129
  214 d209 85 87                   ; STA __vcsc_scratch_1
  215 d20b a5 87                   ; LDA __vcsc_scratch_1
  216 d20d 85 86                   ; STA matrix_probe1$__return
; <compiler-generated> [bank bank1]
  217 d20f 60                      ; RTS
; wrk/vcsc-rt1-simple.s26:25 [bank bank0] | sei
  218 f200 78                      ; SEI
; wrk/vcsc-rt1-simple.s26:26 [bank bank0] | cld
  219 f201 d8                      ; CLD
; wrk/vcsc-rt1-simple.s26:27 [bank bank0] | ldx #$ff
  220 f202 a2 ff                   ; LDX #255
; wrk/vcsc-rt1-simple.s26:28 [bank bank0] | txs
  221 f204 9a                      ; TXS
; wrk/vcsc-rt1-simple.s26:30 [bank bank0] | lda #0
  222 f205 a9 00                   ; LDA #0
; wrk/vcsc-rt1-simple.s26:31 [bank bank0] | ldx #$7f
  223 f207 a2 7f                   ; LDX #127
; wrk/vcsc-rt1-simple.s26:33 [bank bank0] | sta $80,x
  224 f209 95 80                   ; STA 128,X
; wrk/vcsc-rt1-simple.s26:34 [bank bank0] | dex
  225 f20b ca                      ; DEX
; wrk/vcsc-rt1-simple.s26:35 [bank bank0] | bpl.same @clear_ram
  226 f20c 10 fb                   ; BPL.same @clear_ram
; wrk/vcsc-rt1-simple.s26:37 [bank bank0] | ldx #$2c
  227 f20e a2 2c                   ; LDX #44
; wrk/vcsc-rt1-simple.s26:39 [bank bank0] | sta $00,x
  228 f210 95 00                   ; STA 0,X
; wrk/vcsc-rt1-simple.s26:40 [bank bank0] | dex
  229 f212 ca                      ; DEX
; wrk/vcsc-rt1-simple.s26:41 [bank bank0] | bpl.same @clear_tia
  230 f213 10 fb                   ; BPL.same @clear_tia
; wrk/vcsc-rt1-simple.s26:43 [bank bank0] | ldx #$ff
  231 f215 a2 ff                   ; LDX #255
; wrk/vcsc-rt1-simple.s26:44 [bank bank0] | txs
  232 f217 9a                      ; TXS
; wrk/vcsc-rt1-simple.s26:45 [bank bank0] | jmp main
  233 f218 4c 30 f2                ; JMP main  => $F230
; wrk/vcsc-rt1-simple.s26:49 [bank bank0] | rti
  234 f21b 40                      ; RTI
; /mnt/data/vcsc_bankaudit/.tmp-callmatrix/fa2-24-source5.c26:9 [bank bank0] | bank0 uint8_t matrix_probe0(void) { matrix_count := matrix_count + 1; return 0x80; }
  235 f21c a5 81                   ; LDA matrix_count
  236 f21e 18                      ; CLC
  237 f21f 69 01                   ; ADC #1
  238 f221 85 81                   ; STA matrix_count
  239 f223 a9 80                   ; LDA #128
  240 f225 85 87                   ; STA __vcsc_scratch_0
  241 f227 a5 87                   ; LDA __vcsc_scratch_0
  242 f229 85 86                   ; STA matrix_probe0$__return
; <compiler-generated> [bank bank0]
  243 f22b 60                      ; RTS
; /mnt/data/vcsc_bankaudit/.tmp-callmatrix/fa2-24-source5.c26:45 [bank bank0] | bank0 void matrix_done(void) { while (1) { } }
  244 f22c 4c 2c f2                ; JMP @while_start_51  => $F22C
; <compiler-generated> [bank bank0]
  245 f22f 60                      ; RTS
; /mnt/data/vcsc_bankaudit/.tmp-callmatrix/fa2-24-source5.c26:48 [bank bank0] | matrix_failure := 0;
  246 f230 a9 00                   ; LDA #0
  247 f232 85 80                   ; STA matrix_failure
; /mnt/data/vcsc_bankaudit/.tmp-callmatrix/fa2-24-source5.c26:49 [bank bank0] | matrix_source();
  248 f234 20 4b ff                ; JSR matrix_source  => $FF4B
; /mnt/data/vcsc_bankaudit/.tmp-callmatrix/fa2-24-source5.c26:50 [bank bank0] | asm jmp matrix_done;
  249 f237 4c 2c f2                ; JMP matrix_done  => $F22C
; <compiler-generated> [bank bank0]
  250 f23a 6c fc ff                ; JMP (65532)  => $FFFC
------- Unattributed/linker-generated linked bytes
  251 5f00 20 07 ff 8d fa 1f 60 8d ; <linker-generated/unattributed>
  252 5f08 f5 1f 6c 0d ff 1c f2 20 ; <linker-generated/unattributed>
  253 5f10 16 ff 8d fa 1f 60 8d f6 ; <linker-generated/unattributed>
  254 5f18 1f 6c 1c ff 00 d2 20 25 ; <linker-generated/unattributed>
  255 5f20 ff 8d fa 1f 60 8d f7 1f ; <linker-generated/unattributed>
  256 5f28 6c 2b ff 00 b2 20 34 ff ; <linker-generated/unattributed>
  257 5f30 8d fa 1f 60 8d f8 1f 6c ; <linker-generated/unattributed>
  258 5f38 3a ff 00 92 20 43 ff 8d ; <linker-generated/unattributed>
  259 5f40 fa 1f 60 8d f9 1f 6c 49 ; <linker-generated/unattributed>
  260 5f48 ff 00 72 20 52 ff 8d f5 ; <linker-generated/unattributed>
  261 5f50 1f 60 8d fa 1f 6c 58 ff ; <linker-generated/unattributed>
  262 5f58 13 52                   ; <linker-generated/unattributed>
  263 5fe0 2c f5 1f 4c 1b f2 2c f5 ; <linker-generated/unattributed>
  264 5fe8 1f 4c 00 f2 2c f5 1f 4c ; <linker-generated/unattributed>
  265 5ff0 1b f2                   ; <linker-generated/unattributed>
  266 5ffa e0 ff e6 ff ec ff       ; <linker-generated/unattributed>
  267 7f00 20 07 ff 8d fa 1f 60 8d ; <linker-generated/unattributed>
  268 7f08 f5 1f 6c 0d ff 1c f2 20 ; <linker-generated/unattributed>
  269 7f10 16 ff 8d fa 1f 60 8d f6 ; <linker-generated/unattributed>
  270 7f18 1f 6c 1c ff 00 d2 20 25 ; <linker-generated/unattributed>
  271 7f20 ff 8d fa 1f 60 8d f7 1f ; <linker-generated/unattributed>
  272 7f28 6c 2b ff 00 b2 20 34 ff ; <linker-generated/unattributed>
  273 7f30 8d fa 1f 60 8d f8 1f 6c ; <linker-generated/unattributed>
  274 7f38 3a ff 00 92 20 43 ff 8d ; <linker-generated/unattributed>
  275 7f40 fa 1f 60 8d f9 1f 6c 49 ; <linker-generated/unattributed>
  276 7f48 ff 00 72 20 52 ff 8d f5 ; <linker-generated/unattributed>
  277 7f50 1f 60 8d fa 1f 6c 58 ff ; <linker-generated/unattributed>
  278 7f58 13 52                   ; <linker-generated/unattributed>
  279 7fe0 2c f5 1f 4c 1b f2 2c f5 ; <linker-generated/unattributed>
  280 7fe8 1f 4c 00 f2 2c f5 1f 4c ; <linker-generated/unattributed>
  281 7ff0 1b f2                   ; <linker-generated/unattributed>
  282 7ffa e0 ff e6 ff ec ff       ; <linker-generated/unattributed>
  283 9f00 20 07 ff 8d fa 1f 60 8d ; <linker-generated/unattributed>
  284 9f08 f5 1f 6c 0d ff 1c f2 20 ; <linker-generated/unattributed>
  285 9f10 16 ff 8d fa 1f 60 8d f6 ; <linker-generated/unattributed>
  286 9f18 1f 6c 1c ff 00 d2 20 25 ; <linker-generated/unattributed>
  287 9f20 ff 8d fa 1f 60 8d f7 1f ; <linker-generated/unattributed>
  288 9f28 6c 2b ff 00 b2 20 34 ff ; <linker-generated/unattributed>
  289 9f30 8d fa 1f 60 8d f8 1f 6c ; <linker-generated/unattributed>
  290 9f38 3a ff 00 92 20 43 ff 8d ; <linker-generated/unattributed>
  291 9f40 fa 1f 60 8d f9 1f 6c 49 ; <linker-generated/unattributed>
  292 9f48 ff 00 72 20 52 ff 8d f5 ; <linker-generated/unattributed>
  293 9f50 1f 60 8d fa 1f 6c 58 ff ; <linker-generated/unattributed>
  294 9f58 13 52                   ; <linker-generated/unattributed>
  295 9fe0 2c f5 1f 4c 1b f2 2c f5 ; <linker-generated/unattributed>
  296 9fe8 1f 4c 00 f2 2c f5 1f 4c ; <linker-generated/unattributed>
  297 9ff0 1b f2                   ; <linker-generated/unattributed>
  298 9ffa e0 ff e6 ff ec ff       ; <linker-generated/unattributed>
  299 bf00 20 07 ff 8d fa 1f 60 8d ; <linker-generated/unattributed>
  300 bf08 f5 1f 6c 0d ff 1c f2 20 ; <linker-generated/unattributed>
  301 bf10 16 ff 8d fa 1f 60 8d f6 ; <linker-generated/unattributed>
  302 bf18 1f 6c 1c ff 00 d2 20 25 ; <linker-generated/unattributed>
  303 bf20 ff 8d fa 1f 60 8d f7 1f ; <linker-generated/unattributed>
  304 bf28 6c 2b ff 00 b2 20 34 ff ; <linker-generated/unattributed>
  305 bf30 8d fa 1f 60 8d f8 1f 6c ; <linker-generated/unattributed>
  306 bf38 3a ff 00 92 20 43 ff 8d ; <linker-generated/unattributed>
  307 bf40 fa 1f 60 8d f9 1f 6c 49 ; <linker-generated/unattributed>
  308 bf48 ff 00 72 20 52 ff 8d f5 ; <linker-generated/unattributed>
  309 bf50 1f 60 8d fa 1f 6c 58 ff ; <linker-generated/unattributed>
  310 bf58 13 52                   ; <linker-generated/unattributed>
  311 bfe0 2c f5 1f 4c 1b f2 2c f5 ; <linker-generated/unattributed>
  312 bfe8 1f 4c 00 f2 2c f5 1f 4c ; <linker-generated/unattributed>
  313 bff0 1b f2                   ; <linker-generated/unattributed>
  314 bffa e0 ff e6 ff ec ff       ; <linker-generated/unattributed>
  315 df00 20 07 ff 8d fa 1f 60 8d ; <linker-generated/unattributed>
  316 df08 f5 1f 6c 0d ff 1c f2 20 ; <linker-generated/unattributed>
  317 df10 16 ff 8d fa 1f 60 8d f6 ; <linker-generated/unattributed>
  318 df18 1f 6c 1c ff 00 d2 20 25 ; <linker-generated/unattributed>
  319 df20 ff 8d fa 1f 60 8d f7 1f ; <linker-generated/unattributed>
  320 df28 6c 2b ff 00 b2 20 34 ff ; <linker-generated/unattributed>
  321 df30 8d fa 1f 60 8d f8 1f 6c ; <linker-generated/unattributed>
  322 df38 3a ff 00 92 20 43 ff 8d ; <linker-generated/unattributed>
  323 df40 fa 1f 60 8d f9 1f 6c 49 ; <linker-generated/unattributed>
  324 df48 ff 00 72 20 52 ff 8d f5 ; <linker-generated/unattributed>
  325 df50 1f 60 8d fa 1f 6c 58 ff ; <linker-generated/unattributed>
  326 df58 13 52                   ; <linker-generated/unattributed>
  327 dfe0 2c f5 1f 4c 1b f2 2c f5 ; <linker-generated/unattributed>
  328 dfe8 1f 4c 00 f2 2c f5 1f 4c ; <linker-generated/unattributed>
  329 dff0 1b f2                   ; <linker-generated/unattributed>
  330 dffa e0 ff e6 ff ec ff       ; <linker-generated/unattributed>
  331 ff00 20 07 ff 8d fa 1f 60 8d ; <linker-generated/unattributed>
  332 ff08 f5 1f 6c 0d ff 1c f2 20 ; <linker-generated/unattributed>
  333 ff10 16 ff 8d fa 1f 60 8d f6 ; <linker-generated/unattributed>
  334 ff18 1f 6c 1c ff 00 d2 20 25 ; <linker-generated/unattributed>
  335 ff20 ff 8d fa 1f 60 8d f7 1f ; <linker-generated/unattributed>
  336 ff28 6c 2b ff 00 b2 20 34 ff ; <linker-generated/unattributed>
  337 ff30 8d fa 1f 60 8d f8 1f 6c ; <linker-generated/unattributed>
  338 ff38 3a ff 00 92 20 43 ff 8d ; <linker-generated/unattributed>
  339 ff40 fa 1f 60 8d f9 1f 6c 49 ; <linker-generated/unattributed>
  340 ff48 ff 00 72 20 52 ff 8d f5 ; <linker-generated/unattributed>
  341 ff50 1f 60 8d fa 1f 6c 58 ff ; <linker-generated/unattributed>
  342 ff58 13 52                   ; <linker-generated/unattributed>
  343 ffe0 2c f5 1f 4c 1b f2 2c f5 ; <linker-generated/unattributed>
  344 ffe8 1f 4c 00 f2 2c f5 1f 4c ; <linker-generated/unattributed>
  345 fff0 1b f2                   ; <linker-generated/unattributed>
  346 fffa e0 ff e6 ff ec ff       ; <linker-generated/unattributed>
