------- VCSC linked image listing
------- Human source listing; addresses and bytes are final after relocation.
------- RAM symbols retain DASM constant rows for Stella compatibility.
    1 0086          00 86 matrix_probe6$__return =
    2 0086          00 86 matrix_probe5$__return =
    3 0086          00 86 matrix_probe4$__return =
    4 0086          00 86 matrix_probe3$__return =
    5 0086          00 86 matrix_probe2$__return =
    6 0086          00 86 matrix_probe1$__return =
    7 0086          00 86 matrix_probe0$__return =
    8 0083          00 83 matrix_sp_after =
    9 0082          00 82 matrix_sp_before =
   10 0081          00 81 matrix_count =
   11 0080          00 80 matrix_failure =
   12 0088          00 88 __stack_start =
   13 00f9          00 f9 __stack_top =
   14 0002          00 02 __call_stack_depth =
   15 0003          00 03 __call_stack_weighted_depth =
   16 0001          00 01 __call_stack_bank_extra_slots =
   17 0000          00 00 __call_stack_extra =
   18 0006          00 06 __call_stack_size =
   19 00fa          00 fa __call_stack_start =
   20 00ff          00 ff __call_stack_top =
------- Source-correlated linked statements
; /mnt/data/vcsc_bankaudit/.tmp-callmatrix/fa2-28-source0.c26:15 [bank bank6] | bank6 uint8_t matrix_probe6(void) { matrix_count := matrix_count + 1; return 0x86; }
   21 3200 a5 81                   ; LDA matrix_count
   22 3202 18                      ; CLC
   23 3203 69 01                   ; ADC #1
   24 3205 85 81                   ; STA matrix_count
   25 3207 a9 86                   ; LDA #134
   26 3209 85 87                   ; STA __vcsc_scratch_6
   27 320b a5 87                   ; LDA __vcsc_scratch_6
   28 320d 85 86                   ; STA matrix_probe6$__return
; <compiler-generated> [bank bank6]
   29 320f 60                      ; RTS
; /mnt/data/vcsc_bankaudit/.tmp-callmatrix/fa2-28-source0.c26:14 [bank bank5] | bank5 uint8_t matrix_probe5(void) { matrix_count := matrix_count + 1; return 0x85; }
   30 5200 a5 81                   ; LDA matrix_count
   31 5202 18                      ; CLC
   32 5203 69 01                   ; ADC #1
   33 5205 85 81                   ; STA matrix_count
   34 5207 a9 85                   ; LDA #133
   35 5209 85 87                   ; STA __vcsc_scratch_5
   36 520b a5 87                   ; LDA __vcsc_scratch_5
   37 520d 85 86                   ; STA matrix_probe5$__return
; <compiler-generated> [bank bank5]
   38 520f 60                      ; RTS
; /mnt/data/vcsc_bankaudit/.tmp-callmatrix/fa2-28-source0.c26:13 [bank bank4] | bank4 uint8_t matrix_probe4(void) { matrix_count := matrix_count + 1; return 0x84; }
   39 7200 a5 81                   ; LDA matrix_count
   40 7202 18                      ; CLC
   41 7203 69 01                   ; ADC #1
   42 7205 85 81                   ; STA matrix_count
   43 7207 a9 84                   ; LDA #132
   44 7209 85 87                   ; STA __vcsc_scratch_4
   45 720b a5 87                   ; LDA __vcsc_scratch_4
   46 720d 85 86                   ; STA matrix_probe4$__return
; <compiler-generated> [bank bank4]
   47 720f 60                      ; RTS
; /mnt/data/vcsc_bankaudit/.tmp-callmatrix/fa2-28-source0.c26:12 [bank bank3] | bank3 uint8_t matrix_probe3(void) { matrix_count := matrix_count + 1; return 0x83; }
   48 9200 a5 81                   ; LDA matrix_count
   49 9202 18                      ; CLC
   50 9203 69 01                   ; ADC #1
   51 9205 85 81                   ; STA matrix_count
   52 9207 a9 83                   ; LDA #131
   53 9209 85 87                   ; STA __vcsc_scratch_3
   54 920b a5 87                   ; LDA __vcsc_scratch_3
   55 920d 85 86                   ; STA matrix_probe3$__return
; <compiler-generated> [bank bank3]
   56 920f 60                      ; RTS
; /mnt/data/vcsc_bankaudit/.tmp-callmatrix/fa2-28-source0.c26:11 [bank bank2] | bank2 uint8_t matrix_probe2(void) { matrix_count := matrix_count + 1; return 0x82; }
   57 b200 a5 81                   ; LDA matrix_count
   58 b202 18                      ; CLC
   59 b203 69 01                   ; ADC #1
   60 b205 85 81                   ; STA matrix_count
   61 b207 a9 82                   ; LDA #130
   62 b209 85 87                   ; STA __vcsc_scratch_2
   63 b20b a5 87                   ; LDA __vcsc_scratch_2
   64 b20d 85 86                   ; STA matrix_probe2$__return
; <compiler-generated> [bank bank2]
   65 b20f 60                      ; RTS
; /mnt/data/vcsc_bankaudit/.tmp-callmatrix/fa2-28-source0.c26:10 [bank bank1] | bank1 uint8_t matrix_probe1(void) { matrix_count := matrix_count + 1; return 0x81; }
   66 d200 a5 81                   ; LDA matrix_count
   67 d202 18                      ; CLC
   68 d203 69 01                   ; ADC #1
   69 d205 85 81                   ; STA matrix_count
   70 d207 a9 81                   ; LDA #129
   71 d209 85 87                   ; STA __vcsc_scratch_1
   72 d20b a5 87                   ; LDA __vcsc_scratch_1
   73 d20d 85 86                   ; STA matrix_probe1$__return
; <compiler-generated> [bank bank1]
   74 d20f 60                      ; RTS
; wrk/vcsc-rt1-simple.s26:25 [bank bank0] | sei
   75 f200 78                      ; SEI
; wrk/vcsc-rt1-simple.s26:26 [bank bank0] | cld
   76 f201 d8                      ; CLD
; wrk/vcsc-rt1-simple.s26:27 [bank bank0] | ldx #$ff
   77 f202 a2 ff                   ; LDX #255
; wrk/vcsc-rt1-simple.s26:28 [bank bank0] | txs
   78 f204 9a                      ; TXS
; wrk/vcsc-rt1-simple.s26:30 [bank bank0] | lda #0
   79 f205 a9 00                   ; LDA #0
; wrk/vcsc-rt1-simple.s26:31 [bank bank0] | ldx #$7f
   80 f207 a2 7f                   ; LDX #127
; wrk/vcsc-rt1-simple.s26:33 [bank bank0] | sta $80,x
   81 f209 95 80                   ; STA 128,X
; wrk/vcsc-rt1-simple.s26:34 [bank bank0] | dex
   82 f20b ca                      ; DEX
; wrk/vcsc-rt1-simple.s26:35 [bank bank0] | bpl.same @clear_ram
   83 f20c 10 fb                   ; BPL.same @clear_ram
; wrk/vcsc-rt1-simple.s26:37 [bank bank0] | ldx #$2c
   84 f20e a2 2c                   ; LDX #44
; wrk/vcsc-rt1-simple.s26:39 [bank bank0] | sta $00,x
   85 f210 95 00                   ; STA 0,X
; wrk/vcsc-rt1-simple.s26:40 [bank bank0] | dex
   86 f212 ca                      ; DEX
; wrk/vcsc-rt1-simple.s26:41 [bank bank0] | bpl.same @clear_tia
   87 f213 10 fb                   ; BPL.same @clear_tia
; wrk/vcsc-rt1-simple.s26:43 [bank bank0] | ldx #$ff
   88 f215 a2 ff                   ; LDX #255
; wrk/vcsc-rt1-simple.s26:44 [bank bank0] | txs
   89 f217 9a                      ; TXS
; wrk/vcsc-rt1-simple.s26:45 [bank bank0] | jmp main
   90 f218 4c 92 f3                ; JMP main  => $F392
; wrk/vcsc-rt1-simple.s26:49 [bank bank0] | rti
   91 f21b 40                      ; RTI
; /mnt/data/vcsc_bankaudit/.tmp-callmatrix/fa2-28-source0.c26:9 [bank bank0] | bank0 uint8_t matrix_probe0(void) { matrix_count := matrix_count + 1; return 0x80; }
   92 f21c a5 81                   ; LDA matrix_count
   93 f21e 18                      ; CLC
   94 f21f 69 01                   ; ADC #1
   95 f221 85 81                   ; STA matrix_count
   96 f223 a9 80                   ; LDA #128
   97 f225 85 87                   ; STA __vcsc_scratch_0
   98 f227 a5 87                   ; LDA __vcsc_scratch_0
   99 f229 85 86                   ; STA matrix_probe0$__return
; <compiler-generated> [bank bank0]
  100 f22b 60                      ; RTS
; /mnt/data/vcsc_bankaudit/.tmp-callmatrix/fa2-28-source0.c26:18 [bank bank0] | matrix_count := 0;
  101 f22c a9 00                   ; LDA #0
  102 f22e 85 81                   ; STA matrix_count
; /mnt/data/vcsc_bankaudit/.tmp-callmatrix/fa2-28-source0.c26:19 [bank bank0] | asm tsx; asm stx matrix_sp_before;
  103 f230 ba                      ; TSX
  104 f231 86 82                   ; STX matrix_sp_before
; /mnt/data/vcsc_bankaudit/.tmp-callmatrix/fa2-28-source0.c26:21 [bank bank0] | asm tsx; asm stx matrix_sp_after;
  105 f233 20 1c f2                ; JSR matrix_probe0  => $F21C
  106 f236 a5 86                   ; LDA matrix_probe0$__return
  107 f238 85 84                   ; STA __vcsc_scratch_7
  108 f23a a9 80                   ; LDA #128
  109 f23c 85 85                   ; STA (__vcsc_scratch_7 + 1)
  110 f23e a5 84                   ; LDA __vcsc_scratch_7
  111 f240 c5 85                   ; CMP (__vcsc_scratch_7 + 1)
  112 f242 d0 04                   ; BNE @cmp_false_3
  113 f244 a9 01                   ; LDA #1
  114 f246 d0 02                   ; BNE @cmp_done_4
  115 f248 a9 00                   ; LDA #0
  116 f24a d0 04                   ; BNE @if_false_0
; /mnt/data/vcsc_bankaudit/.tmp-callmatrix/fa2-28-source0.c26:20 [bank bank0] | if (matrix_probe0() != 0x80) { matrix_failure := 0x01; }
  117 f24c a9 01                   ; LDA #1
  118 f24e 85 80                   ; STA matrix_failure
; /mnt/data/vcsc_bankaudit/.tmp-callmatrix/fa2-28-source0.c26:21 [bank bank0] | asm tsx; asm stx matrix_sp_after;
  119 f250 ba                      ; TSX
  120 f251 86 83                   ; STX matrix_sp_after
; /mnt/data/vcsc_bankaudit/.tmp-callmatrix/fa2-28-source0.c26:23 [bank bank0] | asm tsx; asm stx matrix_sp_before;
  121 f253 a5 83                   ; LDA matrix_sp_after
  122 f255 c5 82                   ; CMP matrix_sp_before
  123 f257 d0 03                   ; BNE @u8_ne_true_7
  124 f259 4c 60 f2                ; JMP @if_false_5  => $F260
; /mnt/data/vcsc_bankaudit/.tmp-callmatrix/fa2-28-source0.c26:22 [bank bank0] | if (matrix_sp_after != matrix_sp_before) { matrix_failure := 0x40; }
  125 f25c a9 40                   ; LDA #64
  126 f25e 85 80                   ; STA matrix_failure
; /mnt/data/vcsc_bankaudit/.tmp-callmatrix/fa2-28-source0.c26:23 [bank bank0] | asm tsx; asm stx matrix_sp_before;
  127 f260 ba                      ; TSX
  128 f261 86 82                   ; STX matrix_sp_before
; /mnt/data/vcsc_bankaudit/.tmp-callmatrix/fa2-28-source0.c26:25 [bank bank0] | asm tsx; asm stx matrix_sp_after;
  129 f263 20 00 ff                ; JSR matrix_probe1  => $FF00
  130 f266 a5 86                   ; LDA matrix_probe1$__return
  131 f268 85 84                   ; STA __vcsc_scratch_7
  132 f26a a9 81                   ; LDA #129
  133 f26c 85 85                   ; STA (__vcsc_scratch_7 + 1)
  134 f26e a5 84                   ; LDA __vcsc_scratch_7
  135 f270 c5 85                   ; CMP (__vcsc_scratch_7 + 1)
  136 f272 d0 04                   ; BNE @cmp_false_11
  137 f274 a9 01                   ; LDA #1
  138 f276 d0 02                   ; BNE @cmp_done_12
  139 f278 a9 00                   ; LDA #0
  140 f27a d0 04                   ; BNE @if_false_8
; /mnt/data/vcsc_bankaudit/.tmp-callmatrix/fa2-28-source0.c26:24 [bank bank0] | if (matrix_probe1() != 0x81) { matrix_failure := 0x02; }
  141 f27c a9 02                   ; LDA #2
  142 f27e 85 80                   ; STA matrix_failure
; /mnt/data/vcsc_bankaudit/.tmp-callmatrix/fa2-28-source0.c26:25 [bank bank0] | asm tsx; asm stx matrix_sp_after;
  143 f280 ba                      ; TSX
  144 f281 86 83                   ; STX matrix_sp_after
; /mnt/data/vcsc_bankaudit/.tmp-callmatrix/fa2-28-source0.c26:27 [bank bank0] | asm tsx; asm stx matrix_sp_before;
  145 f283 a5 83                   ; LDA matrix_sp_after
  146 f285 c5 82                   ; CMP matrix_sp_before
  147 f287 d0 03                   ; BNE @u8_ne_true_15
  148 f289 4c 90 f2                ; JMP @if_false_13  => $F290
; /mnt/data/vcsc_bankaudit/.tmp-callmatrix/fa2-28-source0.c26:26 [bank bank0] | if (matrix_sp_after != matrix_sp_before) { matrix_failure := 0x41; }
  149 f28c a9 41                   ; LDA #65
  150 f28e 85 80                   ; STA matrix_failure
; /mnt/data/vcsc_bankaudit/.tmp-callmatrix/fa2-28-source0.c26:27 [bank bank0] | asm tsx; asm stx matrix_sp_before;
  151 f290 ba                      ; TSX
  152 f291 86 82                   ; STX matrix_sp_before
; /mnt/data/vcsc_bankaudit/.tmp-callmatrix/fa2-28-source0.c26:29 [bank bank0] | asm tsx; asm stx matrix_sp_after;
  153 f293 20 0f ff                ; JSR matrix_probe2  => $FF0F
  154 f296 a5 86                   ; LDA matrix_probe2$__return
  155 f298 85 84                   ; STA __vcsc_scratch_7
  156 f29a a9 82                   ; LDA #130
  157 f29c 85 85                   ; STA (__vcsc_scratch_7 + 1)
  158 f29e a5 84                   ; LDA __vcsc_scratch_7
  159 f2a0 c5 85                   ; CMP (__vcsc_scratch_7 + 1)
  160 f2a2 d0 04                   ; BNE @cmp_false_19
  161 f2a4 a9 01                   ; LDA #1
  162 f2a6 d0 02                   ; BNE @cmp_done_20
  163 f2a8 a9 00                   ; LDA #0
  164 f2aa d0 04                   ; BNE @if_false_16
; /mnt/data/vcsc_bankaudit/.tmp-callmatrix/fa2-28-source0.c26:28 [bank bank0] | if (matrix_probe2() != 0x82) { matrix_failure := 0x03; }
  165 f2ac a9 03                   ; LDA #3
  166 f2ae 85 80                   ; STA matrix_failure
; /mnt/data/vcsc_bankaudit/.tmp-callmatrix/fa2-28-source0.c26:29 [bank bank0] | asm tsx; asm stx matrix_sp_after;
  167 f2b0 ba                      ; TSX
  168 f2b1 86 83                   ; STX matrix_sp_after
; /mnt/data/vcsc_bankaudit/.tmp-callmatrix/fa2-28-source0.c26:31 [bank bank0] | asm tsx; asm stx matrix_sp_before;
  169 f2b3 a5 83                   ; LDA matrix_sp_after
  170 f2b5 c5 82                   ; CMP matrix_sp_before
  171 f2b7 d0 03                   ; BNE @u8_ne_true_23
  172 f2b9 4c c0 f2                ; JMP @if_false_21  => $F2C0
; /mnt/data/vcsc_bankaudit/.tmp-callmatrix/fa2-28-source0.c26:30 [bank bank0] | if (matrix_sp_after != matrix_sp_before) { matrix_failure := 0x42; }
  173 f2bc a9 42                   ; LDA #66
  174 f2be 85 80                   ; STA matrix_failure
; /mnt/data/vcsc_bankaudit/.tmp-callmatrix/fa2-28-source0.c26:31 [bank bank0] | asm tsx; asm stx matrix_sp_before;
  175 f2c0 ba                      ; TSX
  176 f2c1 86 82                   ; STX matrix_sp_before
; /mnt/data/vcsc_bankaudit/.tmp-callmatrix/fa2-28-source0.c26:33 [bank bank0] | asm tsx; asm stx matrix_sp_after;
  177 f2c3 20 1e ff                ; JSR matrix_probe3  => $FF1E
  178 f2c6 a5 86                   ; LDA matrix_probe3$__return
  179 f2c8 85 84                   ; STA __vcsc_scratch_7
  180 f2ca a9 83                   ; LDA #131
  181 f2cc 85 85                   ; STA (__vcsc_scratch_7 + 1)
  182 f2ce a5 84                   ; LDA __vcsc_scratch_7
  183 f2d0 c5 85                   ; CMP (__vcsc_scratch_7 + 1)
  184 f2d2 d0 04                   ; BNE @cmp_false_27
  185 f2d4 a9 01                   ; LDA #1
  186 f2d6 d0 02                   ; BNE @cmp_done_28
  187 f2d8 a9 00                   ; LDA #0
  188 f2da d0 04                   ; BNE @if_false_24
; /mnt/data/vcsc_bankaudit/.tmp-callmatrix/fa2-28-source0.c26:32 [bank bank0] | if (matrix_probe3() != 0x83) { matrix_failure := 0x04; }
  189 f2dc a9 04                   ; LDA #4
  190 f2de 85 80                   ; STA matrix_failure
; /mnt/data/vcsc_bankaudit/.tmp-callmatrix/fa2-28-source0.c26:33 [bank bank0] | asm tsx; asm stx matrix_sp_after;
  191 f2e0 ba                      ; TSX
  192 f2e1 86 83                   ; STX matrix_sp_after
; /mnt/data/vcsc_bankaudit/.tmp-callmatrix/fa2-28-source0.c26:35 [bank bank0] | asm tsx; asm stx matrix_sp_before;
  193 f2e3 a5 83                   ; LDA matrix_sp_after
  194 f2e5 c5 82                   ; CMP matrix_sp_before
  195 f2e7 d0 03                   ; BNE @u8_ne_true_31
  196 f2e9 4c f0 f2                ; JMP @if_false_29  => $F2F0
; /mnt/data/vcsc_bankaudit/.tmp-callmatrix/fa2-28-source0.c26:34 [bank bank0] | if (matrix_sp_after != matrix_sp_before) { matrix_failure := 0x43; }
  197 f2ec a9 43                   ; LDA #67
  198 f2ee 85 80                   ; STA matrix_failure
; /mnt/data/vcsc_bankaudit/.tmp-callmatrix/fa2-28-source0.c26:35 [bank bank0] | asm tsx; asm stx matrix_sp_before;
  199 f2f0 ba                      ; TSX
  200 f2f1 86 82                   ; STX matrix_sp_before
; /mnt/data/vcsc_bankaudit/.tmp-callmatrix/fa2-28-source0.c26:37 [bank bank0] | asm tsx; asm stx matrix_sp_after;
  201 f2f3 20 2d ff                ; JSR matrix_probe4  => $FF2D
  202 f2f6 a5 86                   ; LDA matrix_probe4$__return
  203 f2f8 85 84                   ; STA __vcsc_scratch_7
  204 f2fa a9 84                   ; LDA #132
  205 f2fc 85 85                   ; STA (__vcsc_scratch_7 + 1)
  206 f2fe a5 84                   ; LDA __vcsc_scratch_7
  207 f300 c5 85                   ; CMP (__vcsc_scratch_7 + 1)
  208 f302 d0 04                   ; BNE @cmp_false_35
  209 f304 a9 01                   ; LDA #1
  210 f306 d0 02                   ; BNE @cmp_done_36
  211 f308 a9 00                   ; LDA #0
  212 f30a d0 04                   ; BNE @if_false_32
; /mnt/data/vcsc_bankaudit/.tmp-callmatrix/fa2-28-source0.c26:36 [bank bank0] | if (matrix_probe4() != 0x84) { matrix_failure := 0x05; }
  213 f30c a9 05                   ; LDA #5
  214 f30e 85 80                   ; STA matrix_failure
; /mnt/data/vcsc_bankaudit/.tmp-callmatrix/fa2-28-source0.c26:37 [bank bank0] | asm tsx; asm stx matrix_sp_after;
  215 f310 ba                      ; TSX
  216 f311 86 83                   ; STX matrix_sp_after
; /mnt/data/vcsc_bankaudit/.tmp-callmatrix/fa2-28-source0.c26:39 [bank bank0] | asm tsx; asm stx matrix_sp_before;
  217 f313 a5 83                   ; LDA matrix_sp_after
  218 f315 c5 82                   ; CMP matrix_sp_before
  219 f317 d0 03                   ; BNE @u8_ne_true_39
  220 f319 4c 20 f3                ; JMP @if_false_37  => $F320
; /mnt/data/vcsc_bankaudit/.tmp-callmatrix/fa2-28-source0.c26:38 [bank bank0] | if (matrix_sp_after != matrix_sp_before) { matrix_failure := 0x44; }
  221 f31c a9 44                   ; LDA #68
  222 f31e 85 80                   ; STA matrix_failure
; /mnt/data/vcsc_bankaudit/.tmp-callmatrix/fa2-28-source0.c26:39 [bank bank0] | asm tsx; asm stx matrix_sp_before;
  223 f320 ba                      ; TSX
  224 f321 86 82                   ; STX matrix_sp_before
; /mnt/data/vcsc_bankaudit/.tmp-callmatrix/fa2-28-source0.c26:41 [bank bank0] | asm tsx; asm stx matrix_sp_after;
  225 f323 20 3c ff                ; JSR matrix_probe5  => $FF3C
  226 f326 a5 86                   ; LDA matrix_probe5$__return
  227 f328 85 84                   ; STA __vcsc_scratch_7
  228 f32a a9 85                   ; LDA #133
  229 f32c 85 85                   ; STA (__vcsc_scratch_7 + 1)
  230 f32e a5 84                   ; LDA __vcsc_scratch_7
  231 f330 c5 85                   ; CMP (__vcsc_scratch_7 + 1)
  232 f332 d0 04                   ; BNE @cmp_false_43
  233 f334 a9 01                   ; LDA #1
  234 f336 d0 02                   ; BNE @cmp_done_44
  235 f338 a9 00                   ; LDA #0
  236 f33a d0 04                   ; BNE @if_false_40
; /mnt/data/vcsc_bankaudit/.tmp-callmatrix/fa2-28-source0.c26:40 [bank bank0] | if (matrix_probe5() != 0x85) { matrix_failure := 0x06; }
  237 f33c a9 06                   ; LDA #6
  238 f33e 85 80                   ; STA matrix_failure
; /mnt/data/vcsc_bankaudit/.tmp-callmatrix/fa2-28-source0.c26:41 [bank bank0] | asm tsx; asm stx matrix_sp_after;
  239 f340 ba                      ; TSX
  240 f341 86 83                   ; STX matrix_sp_after
; /mnt/data/vcsc_bankaudit/.tmp-callmatrix/fa2-28-source0.c26:43 [bank bank0] | asm tsx; asm stx matrix_sp_before;
  241 f343 a5 83                   ; LDA matrix_sp_after
  242 f345 c5 82                   ; CMP matrix_sp_before
  243 f347 d0 03                   ; BNE @u8_ne_true_47
  244 f349 4c 50 f3                ; JMP @if_false_45  => $F350
; /mnt/data/vcsc_bankaudit/.tmp-callmatrix/fa2-28-source0.c26:42 [bank bank0] | if (matrix_sp_after != matrix_sp_before) { matrix_failure := 0x45; }
  245 f34c a9 45                   ; LDA #69
  246 f34e 85 80                   ; STA matrix_failure
; /mnt/data/vcsc_bankaudit/.tmp-callmatrix/fa2-28-source0.c26:43 [bank bank0] | asm tsx; asm stx matrix_sp_before;
  247 f350 ba                      ; TSX
  248 f351 86 82                   ; STX matrix_sp_before
; /mnt/data/vcsc_bankaudit/.tmp-callmatrix/fa2-28-source0.c26:45 [bank bank0] | asm tsx; asm stx matrix_sp_after;
  249 f353 20 4b ff                ; JSR matrix_probe6  => $FF4B
  250 f356 a5 86                   ; LDA matrix_probe6$__return
  251 f358 85 84                   ; STA __vcsc_scratch_7
  252 f35a a9 86                   ; LDA #134
  253 f35c 85 85                   ; STA (__vcsc_scratch_7 + 1)
  254 f35e a5 84                   ; LDA __vcsc_scratch_7
  255 f360 c5 85                   ; CMP (__vcsc_scratch_7 + 1)
  256 f362 d0 04                   ; BNE @cmp_false_51
  257 f364 a9 01                   ; LDA #1
  258 f366 d0 02                   ; BNE @cmp_done_52
  259 f368 a9 00                   ; LDA #0
  260 f36a d0 04                   ; BNE @if_false_48
; /mnt/data/vcsc_bankaudit/.tmp-callmatrix/fa2-28-source0.c26:44 [bank bank0] | if (matrix_probe6() != 0x86) { matrix_failure := 0x07; }
  261 f36c a9 07                   ; LDA #7
  262 f36e 85 80                   ; STA matrix_failure
; /mnt/data/vcsc_bankaudit/.tmp-callmatrix/fa2-28-source0.c26:45 [bank bank0] | asm tsx; asm stx matrix_sp_after;
  263 f370 ba                      ; TSX
  264 f371 86 83                   ; STX matrix_sp_after
; /mnt/data/vcsc_bankaudit/.tmp-callmatrix/fa2-28-source0.c26:47 [bank bank0] | if (matrix_count != 7) { matrix_failure := 0x7E; }
  265 f373 a5 83                   ; LDA matrix_sp_after
  266 f375 c5 82                   ; CMP matrix_sp_before
  267 f377 d0 03                   ; BNE @u8_ne_true_55
  268 f379 4c 80 f3                ; JMP @if_false_53  => $F380
; /mnt/data/vcsc_bankaudit/.tmp-callmatrix/fa2-28-source0.c26:46 [bank bank0] | if (matrix_sp_after != matrix_sp_before) { matrix_failure := 0x46; }
  269 f37c a9 46                   ; LDA #70
  270 f37e 85 80                   ; STA matrix_failure
; /mnt/data/vcsc_bankaudit/.tmp-callmatrix/fa2-28-source0.c26:48 [bank bank0] | }
  271 f380 a5 81                   ; LDA matrix_count
  272 f382 c9 07                   ; CMP #7
  273 f384 d0 03                   ; BNE @u8_ne_true_58
  274 f386 4c 8d f3                ; JMP @if_false_56  => $F38D
; /mnt/data/vcsc_bankaudit/.tmp-callmatrix/fa2-28-source0.c26:47 [bank bank0] | if (matrix_count != 7) { matrix_failure := 0x7E; }
  275 f389 a9 7e                   ; LDA #126
  276 f38b 85 80                   ; STA matrix_failure
; <compiler-generated> [bank bank0]
  277 f38d 60                      ; RTS
; /mnt/data/vcsc_bankaudit/.tmp-callmatrix/fa2-28-source0.c26:50 [bank bank0] | bank0 void matrix_done(void) { while (1) { } }
  278 f38e 4c 8e f3                ; JMP @while_start_59  => $F38E
; <compiler-generated> [bank bank0]
  279 f391 60                      ; RTS
; /mnt/data/vcsc_bankaudit/.tmp-callmatrix/fa2-28-source0.c26:53 [bank bank0] | matrix_failure := 0;
  280 f392 a9 00                   ; LDA #0
  281 f394 85 80                   ; STA matrix_failure
; /mnt/data/vcsc_bankaudit/.tmp-callmatrix/fa2-28-source0.c26:54 [bank bank0] | matrix_source();
  282 f396 20 2c f2                ; JSR matrix_source  => $F22C
; /mnt/data/vcsc_bankaudit/.tmp-callmatrix/fa2-28-source0.c26:55 [bank bank0] | asm jmp matrix_done;
  283 f399 4c 8e f3                ; JMP matrix_done  => $F38E
; <compiler-generated> [bank bank0]
  284 f39c 6c fc ff                ; JMP (65532)  => $FFFC
------- Unattributed/linker-generated linked bytes
  285 3f00 20 07 ff 8d f5 1f 60 8d ; <linker-generated/unattributed>
  286 3f08 f6 1f 6c 0d ff 00 d2 20 ; <linker-generated/unattributed>
  287 3f10 16 ff 8d f5 1f 60 8d f7 ; <linker-generated/unattributed>
  288 3f18 1f 6c 1c ff 00 b2 20 25 ; <linker-generated/unattributed>
  289 3f20 ff 8d f5 1f 60 8d f8 1f ; <linker-generated/unattributed>
  290 3f28 6c 2b ff 00 92 20 34 ff ; <linker-generated/unattributed>
  291 3f30 8d f5 1f 60 8d f9 1f 6c ; <linker-generated/unattributed>
  292 3f38 3a ff 00 72 20 43 ff 8d ; <linker-generated/unattributed>
  293 3f40 f5 1f 60 8d fa 1f 6c 49 ; <linker-generated/unattributed>
  294 3f48 ff 00 52 20 52 ff 8d f5 ; <linker-generated/unattributed>
  295 3f50 1f 60 8d fb 1f 6c 58 ff ; <linker-generated/unattributed>
  296 3f58 00 32                   ; <linker-generated/unattributed>
  297 3fe0 2c f5 1f 4c 1b f2 2c f5 ; <linker-generated/unattributed>
  298 3fe8 1f 4c 00 f2 2c f5 1f 4c ; <linker-generated/unattributed>
  299 3ff0 1b f2                   ; <linker-generated/unattributed>
  300 3ffa e0 ff e6 ff ec ff       ; <linker-generated/unattributed>
  301 5f00 20 07 ff 8d f5 1f 60 8d ; <linker-generated/unattributed>
  302 5f08 f6 1f 6c 0d ff 00 d2 20 ; <linker-generated/unattributed>
  303 5f10 16 ff 8d f5 1f 60 8d f7 ; <linker-generated/unattributed>
  304 5f18 1f 6c 1c ff 00 b2 20 25 ; <linker-generated/unattributed>
  305 5f20 ff 8d f5 1f 60 8d f8 1f ; <linker-generated/unattributed>
  306 5f28 6c 2b ff 00 92 20 34 ff ; <linker-generated/unattributed>
  307 5f30 8d f5 1f 60 8d f9 1f 6c ; <linker-generated/unattributed>
  308 5f38 3a ff 00 72 20 43 ff 8d ; <linker-generated/unattributed>
  309 5f40 f5 1f 60 8d fa 1f 6c 49 ; <linker-generated/unattributed>
  310 5f48 ff 00 52 20 52 ff 8d f5 ; <linker-generated/unattributed>
  311 5f50 1f 60 8d fb 1f 6c 58 ff ; <linker-generated/unattributed>
  312 5f58 00 32                   ; <linker-generated/unattributed>
  313 5fe0 2c f5 1f 4c 1b f2 2c f5 ; <linker-generated/unattributed>
  314 5fe8 1f 4c 00 f2 2c f5 1f 4c ; <linker-generated/unattributed>
  315 5ff0 1b f2                   ; <linker-generated/unattributed>
  316 5ffa e0 ff e6 ff ec ff       ; <linker-generated/unattributed>
  317 7f00 20 07 ff 8d f5 1f 60 8d ; <linker-generated/unattributed>
  318 7f08 f6 1f 6c 0d ff 00 d2 20 ; <linker-generated/unattributed>
  319 7f10 16 ff 8d f5 1f 60 8d f7 ; <linker-generated/unattributed>
  320 7f18 1f 6c 1c ff 00 b2 20 25 ; <linker-generated/unattributed>
  321 7f20 ff 8d f5 1f 60 8d f8 1f ; <linker-generated/unattributed>
  322 7f28 6c 2b ff 00 92 20 34 ff ; <linker-generated/unattributed>
  323 7f30 8d f5 1f 60 8d f9 1f 6c ; <linker-generated/unattributed>
  324 7f38 3a ff 00 72 20 43 ff 8d ; <linker-generated/unattributed>
  325 7f40 f5 1f 60 8d fa 1f 6c 49 ; <linker-generated/unattributed>
  326 7f48 ff 00 52 20 52 ff 8d f5 ; <linker-generated/unattributed>
  327 7f50 1f 60 8d fb 1f 6c 58 ff ; <linker-generated/unattributed>
  328 7f58 00 32                   ; <linker-generated/unattributed>
  329 7fe0 2c f5 1f 4c 1b f2 2c f5 ; <linker-generated/unattributed>
  330 7fe8 1f 4c 00 f2 2c f5 1f 4c ; <linker-generated/unattributed>
  331 7ff0 1b f2                   ; <linker-generated/unattributed>
  332 7ffa e0 ff e6 ff ec ff       ; <linker-generated/unattributed>
  333 9f00 20 07 ff 8d f5 1f 60 8d ; <linker-generated/unattributed>
  334 9f08 f6 1f 6c 0d ff 00 d2 20 ; <linker-generated/unattributed>
  335 9f10 16 ff 8d f5 1f 60 8d f7 ; <linker-generated/unattributed>
  336 9f18 1f 6c 1c ff 00 b2 20 25 ; <linker-generated/unattributed>
  337 9f20 ff 8d f5 1f 60 8d f8 1f ; <linker-generated/unattributed>
  338 9f28 6c 2b ff 00 92 20 34 ff ; <linker-generated/unattributed>
  339 9f30 8d f5 1f 60 8d f9 1f 6c ; <linker-generated/unattributed>
  340 9f38 3a ff 00 72 20 43 ff 8d ; <linker-generated/unattributed>
  341 9f40 f5 1f 60 8d fa 1f 6c 49 ; <linker-generated/unattributed>
  342 9f48 ff 00 52 20 52 ff 8d f5 ; <linker-generated/unattributed>
  343 9f50 1f 60 8d fb 1f 6c 58 ff ; <linker-generated/unattributed>
  344 9f58 00 32                   ; <linker-generated/unattributed>
  345 9fe0 2c f5 1f 4c 1b f2 2c f5 ; <linker-generated/unattributed>
  346 9fe8 1f 4c 00 f2 2c f5 1f 4c ; <linker-generated/unattributed>
  347 9ff0 1b f2                   ; <linker-generated/unattributed>
  348 9ffa e0 ff e6 ff ec ff       ; <linker-generated/unattributed>
  349 bf00 20 07 ff 8d f5 1f 60 8d ; <linker-generated/unattributed>
  350 bf08 f6 1f 6c 0d ff 00 d2 20 ; <linker-generated/unattributed>
  351 bf10 16 ff 8d f5 1f 60 8d f7 ; <linker-generated/unattributed>
  352 bf18 1f 6c 1c ff 00 b2 20 25 ; <linker-generated/unattributed>
  353 bf20 ff 8d f5 1f 60 8d f8 1f ; <linker-generated/unattributed>
  354 bf28 6c 2b ff 00 92 20 34 ff ; <linker-generated/unattributed>
  355 bf30 8d f5 1f 60 8d f9 1f 6c ; <linker-generated/unattributed>
  356 bf38 3a ff 00 72 20 43 ff 8d ; <linker-generated/unattributed>
  357 bf40 f5 1f 60 8d fa 1f 6c 49 ; <linker-generated/unattributed>
  358 bf48 ff 00 52 20 52 ff 8d f5 ; <linker-generated/unattributed>
  359 bf50 1f 60 8d fb 1f 6c 58 ff ; <linker-generated/unattributed>
  360 bf58 00 32                   ; <linker-generated/unattributed>
  361 bfe0 2c f5 1f 4c 1b f2 2c f5 ; <linker-generated/unattributed>
  362 bfe8 1f 4c 00 f2 2c f5 1f 4c ; <linker-generated/unattributed>
  363 bff0 1b f2                   ; <linker-generated/unattributed>
  364 bffa e0 ff e6 ff ec ff       ; <linker-generated/unattributed>
  365 df00 20 07 ff 8d f5 1f 60 8d ; <linker-generated/unattributed>
  366 df08 f6 1f 6c 0d ff 00 d2 20 ; <linker-generated/unattributed>
  367 df10 16 ff 8d f5 1f 60 8d f7 ; <linker-generated/unattributed>
  368 df18 1f 6c 1c ff 00 b2 20 25 ; <linker-generated/unattributed>
  369 df20 ff 8d f5 1f 60 8d f8 1f ; <linker-generated/unattributed>
  370 df28 6c 2b ff 00 92 20 34 ff ; <linker-generated/unattributed>
  371 df30 8d f5 1f 60 8d f9 1f 6c ; <linker-generated/unattributed>
  372 df38 3a ff 00 72 20 43 ff 8d ; <linker-generated/unattributed>
  373 df40 f5 1f 60 8d fa 1f 6c 49 ; <linker-generated/unattributed>
  374 df48 ff 00 52 20 52 ff 8d f5 ; <linker-generated/unattributed>
  375 df50 1f 60 8d fb 1f 6c 58 ff ; <linker-generated/unattributed>
  376 df58 00 32                   ; <linker-generated/unattributed>
  377 dfe0 2c f5 1f 4c 1b f2 2c f5 ; <linker-generated/unattributed>
  378 dfe8 1f 4c 00 f2 2c f5 1f 4c ; <linker-generated/unattributed>
  379 dff0 1b f2                   ; <linker-generated/unattributed>
  380 dffa e0 ff e6 ff ec ff       ; <linker-generated/unattributed>
  381 ff00 20 07 ff 8d f5 1f 60 8d ; <linker-generated/unattributed>
  382 ff08 f6 1f 6c 0d ff 00 d2 20 ; <linker-generated/unattributed>
  383 ff10 16 ff 8d f5 1f 60 8d f7 ; <linker-generated/unattributed>
  384 ff18 1f 6c 1c ff 00 b2 20 25 ; <linker-generated/unattributed>
  385 ff20 ff 8d f5 1f 60 8d f8 1f ; <linker-generated/unattributed>
  386 ff28 6c 2b ff 00 92 20 34 ff ; <linker-generated/unattributed>
  387 ff30 8d f5 1f 60 8d f9 1f 6c ; <linker-generated/unattributed>
  388 ff38 3a ff 00 72 20 43 ff 8d ; <linker-generated/unattributed>
  389 ff40 f5 1f 60 8d fa 1f 6c 49 ; <linker-generated/unattributed>
  390 ff48 ff 00 52 20 52 ff 8d f5 ; <linker-generated/unattributed>
  391 ff50 1f 60 8d fb 1f 6c 58 ff ; <linker-generated/unattributed>
  392 ff58 00 32                   ; <linker-generated/unattributed>
  393 ffe0 2c f5 1f 4c 1b f2 2c f5 ; <linker-generated/unattributed>
  394 ffe8 1f 4c 00 f2 2c f5 1f 4c ; <linker-generated/unattributed>
  395 fff0 1b f2                   ; <linker-generated/unattributed>
  396 fffa e0 ff e6 ff ec ff       ; <linker-generated/unattributed>
