------- VCSC linked image listing
------- Human source listing; addresses and bytes are final after relocation.
------- RAM symbols retain DASM constant rows for Stella compatibility.
    1 0086          00 86 matrix_probe5$__return =
    2 0086          00 86 matrix_probe4$__return =
    3 0086          00 86 matrix_probe3$__return =
    4 0086          00 86 matrix_probe2$__return =
    5 0086          00 86 matrix_probe1$__return =
    6 0086          00 86 matrix_probe0$__return =
    7 0083          00 83 matrix_sp_after =
    8 0082          00 82 matrix_sp_before =
    9 0081          00 81 matrix_count =
   10 0080          00 80 matrix_failure =
   11 0088          00 88 __stack_start =
   12 00f7          00 f7 __stack_top =
   13 0002          00 02 __call_stack_depth =
   14 0004          00 04 __call_stack_weighted_depth =
   15 0002          00 02 __call_stack_bank_extra_slots =
   16 0000          00 00 __call_stack_extra =
   17 0008          00 08 __call_stack_size =
   18 00f8          00 f8 __call_stack_start =
   19 00ff          00 ff __call_stack_top =
------- Source-correlated linked statements
; /mnt/data/vcsc_bankaudit/.tmp-callmatrix/fa2-24-source1.c26:14 [bank bank5] | bank5 uint8_t matrix_probe5(void) { matrix_count := matrix_count + 1; return 0x85; }
   20 5200 a5 81                   ; LDA matrix_count
   21 5202 18                      ; CLC
   22 5203 69 01                   ; ADC #1
   23 5205 85 81                   ; STA matrix_count
   24 5207 a9 85                   ; LDA #133
   25 5209 85 87                   ; STA __vcsc_scratch_5
   26 520b a5 87                   ; LDA __vcsc_scratch_5
   27 520d 85 86                   ; STA matrix_probe5$__return
; <compiler-generated> [bank bank5]
   28 520f 60                      ; RTS
; /mnt/data/vcsc_bankaudit/.tmp-callmatrix/fa2-24-source1.c26:13 [bank bank4] | bank4 uint8_t matrix_probe4(void) { matrix_count := matrix_count + 1; return 0x84; }
   29 7200 a5 81                   ; LDA matrix_count
   30 7202 18                      ; CLC
   31 7203 69 01                   ; ADC #1
   32 7205 85 81                   ; STA matrix_count
   33 7207 a9 84                   ; LDA #132
   34 7209 85 87                   ; STA __vcsc_scratch_4
   35 720b a5 87                   ; LDA __vcsc_scratch_4
   36 720d 85 86                   ; STA matrix_probe4$__return
; <compiler-generated> [bank bank4]
   37 720f 60                      ; RTS
; /mnt/data/vcsc_bankaudit/.tmp-callmatrix/fa2-24-source1.c26:12 [bank bank3] | bank3 uint8_t matrix_probe3(void) { matrix_count := matrix_count + 1; return 0x83; }
   38 9200 a5 81                   ; LDA matrix_count
   39 9202 18                      ; CLC
   40 9203 69 01                   ; ADC #1
   41 9205 85 81                   ; STA matrix_count
   42 9207 a9 83                   ; LDA #131
   43 9209 85 87                   ; STA __vcsc_scratch_3
   44 920b a5 87                   ; LDA __vcsc_scratch_3
   45 920d 85 86                   ; STA matrix_probe3$__return
; <compiler-generated> [bank bank3]
   46 920f 60                      ; RTS
; /mnt/data/vcsc_bankaudit/.tmp-callmatrix/fa2-24-source1.c26:11 [bank bank2] | bank2 uint8_t matrix_probe2(void) { matrix_count := matrix_count + 1; return 0x82; }
   47 b200 a5 81                   ; LDA matrix_count
   48 b202 18                      ; CLC
   49 b203 69 01                   ; ADC #1
   50 b205 85 81                   ; STA matrix_count
   51 b207 a9 82                   ; LDA #130
   52 b209 85 87                   ; STA __vcsc_scratch_2
   53 b20b a5 87                   ; LDA __vcsc_scratch_2
   54 b20d 85 86                   ; STA matrix_probe2$__return
; <compiler-generated> [bank bank2]
   55 b20f 60                      ; RTS
; /mnt/data/vcsc_bankaudit/.tmp-callmatrix/fa2-24-source1.c26:10 [bank bank1] | bank1 uint8_t matrix_probe1(void) { matrix_count := matrix_count + 1; return 0x81; }
   56 d200 a5 81                   ; LDA matrix_count
   57 d202 18                      ; CLC
   58 d203 69 01                   ; ADC #1
   59 d205 85 81                   ; STA matrix_count
   60 d207 a9 81                   ; LDA #129
   61 d209 85 87                   ; STA __vcsc_scratch_1
   62 d20b a5 87                   ; LDA __vcsc_scratch_1
   63 d20d 85 86                   ; STA matrix_probe1$__return
; <compiler-generated> [bank bank1]
   64 d20f 60                      ; RTS
; /mnt/data/vcsc_bankaudit/.tmp-callmatrix/fa2-24-source1.c26:17 [bank bank1] | matrix_count := 0;
   65 d213 a9 00                   ; LDA #0
   66 d215 85 81                   ; STA matrix_count
; /mnt/data/vcsc_bankaudit/.tmp-callmatrix/fa2-24-source1.c26:18 [bank bank1] | asm tsx; asm stx matrix_sp_before;
   67 d217 ba                      ; TSX
   68 d218 86 82                   ; STX matrix_sp_before
; /mnt/data/vcsc_bankaudit/.tmp-callmatrix/fa2-24-source1.c26:20 [bank bank1] | asm tsx; asm stx matrix_sp_after;
   69 d21a 20 00 df                ; JSR matrix_probe0  => $DF00
   70 d21d a5 86                   ; LDA matrix_probe0$__return
   71 d21f 85 84                   ; STA __vcsc_scratch_6
   72 d221 a9 80                   ; LDA #128
   73 d223 85 85                   ; STA (__vcsc_scratch_6 + 1)
   74 d225 a5 84                   ; LDA __vcsc_scratch_6
   75 d227 c5 85                   ; CMP (__vcsc_scratch_6 + 1)
   76 d229 d0 04                   ; BNE @cmp_false_3
   77 d22b a9 01                   ; LDA #1
   78 d22d d0 02                   ; BNE @cmp_done_4
   79 d22f a9 00                   ; LDA #0
   80 d231 d0 04                   ; BNE @if_false_0
; /mnt/data/vcsc_bankaudit/.tmp-callmatrix/fa2-24-source1.c26:19 [bank bank1] | if (matrix_probe0() != 0x80) { matrix_failure := 0x01; }
   81 d233 a9 01                   ; LDA #1
   82 d235 85 80                   ; STA matrix_failure
; /mnt/data/vcsc_bankaudit/.tmp-callmatrix/fa2-24-source1.c26:20 [bank bank1] | asm tsx; asm stx matrix_sp_after;
   83 d237 ba                      ; TSX
   84 d238 86 83                   ; STX matrix_sp_after
; /mnt/data/vcsc_bankaudit/.tmp-callmatrix/fa2-24-source1.c26:22 [bank bank1] | asm tsx; asm stx matrix_sp_before;
   85 d23a a5 83                   ; LDA matrix_sp_after
   86 d23c c5 82                   ; CMP matrix_sp_before
   87 d23e d0 03                   ; BNE @u8_ne_true_7
   88 d240 4c 47 d2                ; JMP @if_false_5  => $D247
; /mnt/data/vcsc_bankaudit/.tmp-callmatrix/fa2-24-source1.c26:21 [bank bank1] | if (matrix_sp_after != matrix_sp_before) { matrix_failure := 0x40; }
   89 d243 a9 40                   ; LDA #64
   90 d245 85 80                   ; STA matrix_failure
; /mnt/data/vcsc_bankaudit/.tmp-callmatrix/fa2-24-source1.c26:22 [bank bank1] | asm tsx; asm stx matrix_sp_before;
   91 d247 ba                      ; TSX
   92 d248 86 82                   ; STX matrix_sp_before
; /mnt/data/vcsc_bankaudit/.tmp-callmatrix/fa2-24-source1.c26:24 [bank bank1] | asm tsx; asm stx matrix_sp_after;
   93 d24a 20 00 d2                ; JSR matrix_probe1  => $D200
   94 d24d a5 86                   ; LDA matrix_probe1$__return
   95 d24f 85 84                   ; STA __vcsc_scratch_6
   96 d251 a9 81                   ; LDA #129
   97 d253 85 85                   ; STA (__vcsc_scratch_6 + 1)
   98 d255 a5 84                   ; LDA __vcsc_scratch_6
   99 d257 c5 85                   ; CMP (__vcsc_scratch_6 + 1)
  100 d259 d0 04                   ; BNE @cmp_false_11
  101 d25b a9 01                   ; LDA #1
  102 d25d d0 02                   ; BNE @cmp_done_12
  103 d25f a9 00                   ; LDA #0
  104 d261 d0 04                   ; BNE @if_false_8
; /mnt/data/vcsc_bankaudit/.tmp-callmatrix/fa2-24-source1.c26:23 [bank bank1] | if (matrix_probe1() != 0x81) { matrix_failure := 0x02; }
  105 d263 a9 02                   ; LDA #2
  106 d265 85 80                   ; STA matrix_failure
; /mnt/data/vcsc_bankaudit/.tmp-callmatrix/fa2-24-source1.c26:24 [bank bank1] | asm tsx; asm stx matrix_sp_after;
  107 d267 ba                      ; TSX
  108 d268 86 83                   ; STX matrix_sp_after
; /mnt/data/vcsc_bankaudit/.tmp-callmatrix/fa2-24-source1.c26:26 [bank bank1] | asm tsx; asm stx matrix_sp_before;
  109 d26a a5 83                   ; LDA matrix_sp_after
  110 d26c c5 82                   ; CMP matrix_sp_before
  111 d26e d0 03                   ; BNE @u8_ne_true_15
  112 d270 4c 77 d2                ; JMP @if_false_13  => $D277
; /mnt/data/vcsc_bankaudit/.tmp-callmatrix/fa2-24-source1.c26:25 [bank bank1] | if (matrix_sp_after != matrix_sp_before) { matrix_failure := 0x41; }
  113 d273 a9 41                   ; LDA #65
  114 d275 85 80                   ; STA matrix_failure
; /mnt/data/vcsc_bankaudit/.tmp-callmatrix/fa2-24-source1.c26:26 [bank bank1] | asm tsx; asm stx matrix_sp_before;
  115 d277 ba                      ; TSX
  116 d278 86 82                   ; STX matrix_sp_before
; /mnt/data/vcsc_bankaudit/.tmp-callmatrix/fa2-24-source1.c26:28 [bank bank1] | asm tsx; asm stx matrix_sp_after;
  117 d27a 20 0f df                ; JSR matrix_probe2  => $DF0F
  118 d27d a5 86                   ; LDA matrix_probe2$__return
  119 d27f 85 84                   ; STA __vcsc_scratch_6
  120 d281 a9 82                   ; LDA #130
  121 d283 85 85                   ; STA (__vcsc_scratch_6 + 1)
  122 d285 a5 84                   ; LDA __vcsc_scratch_6
  123 d287 c5 85                   ; CMP (__vcsc_scratch_6 + 1)
  124 d289 d0 04                   ; BNE @cmp_false_19
  125 d28b a9 01                   ; LDA #1
  126 d28d d0 02                   ; BNE @cmp_done_20
  127 d28f a9 00                   ; LDA #0
  128 d291 d0 04                   ; BNE @if_false_16
; /mnt/data/vcsc_bankaudit/.tmp-callmatrix/fa2-24-source1.c26:27 [bank bank1] | if (matrix_probe2() != 0x82) { matrix_failure := 0x03; }
  129 d293 a9 03                   ; LDA #3
  130 d295 85 80                   ; STA matrix_failure
; /mnt/data/vcsc_bankaudit/.tmp-callmatrix/fa2-24-source1.c26:28 [bank bank1] | asm tsx; asm stx matrix_sp_after;
  131 d297 ba                      ; TSX
  132 d298 86 83                   ; STX matrix_sp_after
; /mnt/data/vcsc_bankaudit/.tmp-callmatrix/fa2-24-source1.c26:30 [bank bank1] | asm tsx; asm stx matrix_sp_before;
  133 d29a a5 83                   ; LDA matrix_sp_after
  134 d29c c5 82                   ; CMP matrix_sp_before
  135 d29e d0 03                   ; BNE @u8_ne_true_23
  136 d2a0 4c a7 d2                ; JMP @if_false_21  => $D2A7
; /mnt/data/vcsc_bankaudit/.tmp-callmatrix/fa2-24-source1.c26:29 [bank bank1] | if (matrix_sp_after != matrix_sp_before) { matrix_failure := 0x42; }
  137 d2a3 a9 42                   ; LDA #66
  138 d2a5 85 80                   ; STA matrix_failure
; /mnt/data/vcsc_bankaudit/.tmp-callmatrix/fa2-24-source1.c26:30 [bank bank1] | asm tsx; asm stx matrix_sp_before;
  139 d2a7 ba                      ; TSX
  140 d2a8 86 82                   ; STX matrix_sp_before
; /mnt/data/vcsc_bankaudit/.tmp-callmatrix/fa2-24-source1.c26:32 [bank bank1] | asm tsx; asm stx matrix_sp_after;
  141 d2aa 20 1e df                ; JSR matrix_probe3  => $DF1E
  142 d2ad a5 86                   ; LDA matrix_probe3$__return
  143 d2af 85 84                   ; STA __vcsc_scratch_6
  144 d2b1 a9 83                   ; LDA #131
  145 d2b3 85 85                   ; STA (__vcsc_scratch_6 + 1)
  146 d2b5 a5 84                   ; LDA __vcsc_scratch_6
  147 d2b7 c5 85                   ; CMP (__vcsc_scratch_6 + 1)
  148 d2b9 d0 04                   ; BNE @cmp_false_27
  149 d2bb a9 01                   ; LDA #1
  150 d2bd d0 02                   ; BNE @cmp_done_28
  151 d2bf a9 00                   ; LDA #0
  152 d2c1 d0 04                   ; BNE @if_false_24
; /mnt/data/vcsc_bankaudit/.tmp-callmatrix/fa2-24-source1.c26:31 [bank bank1] | if (matrix_probe3() != 0x83) { matrix_failure := 0x04; }
  153 d2c3 a9 04                   ; LDA #4
  154 d2c5 85 80                   ; STA matrix_failure
; /mnt/data/vcsc_bankaudit/.tmp-callmatrix/fa2-24-source1.c26:32 [bank bank1] | asm tsx; asm stx matrix_sp_after;
  155 d2c7 ba                      ; TSX
  156 d2c8 86 83                   ; STX matrix_sp_after
; /mnt/data/vcsc_bankaudit/.tmp-callmatrix/fa2-24-source1.c26:34 [bank bank1] | asm tsx; asm stx matrix_sp_before;
  157 d2ca a5 83                   ; LDA matrix_sp_after
  158 d2cc c5 82                   ; CMP matrix_sp_before
  159 d2ce d0 03                   ; BNE @u8_ne_true_31
  160 d2d0 4c d7 d2                ; JMP @if_false_29  => $D2D7
; /mnt/data/vcsc_bankaudit/.tmp-callmatrix/fa2-24-source1.c26:33 [bank bank1] | if (matrix_sp_after != matrix_sp_before) { matrix_failure := 0x43; }
  161 d2d3 a9 43                   ; LDA #67
  162 d2d5 85 80                   ; STA matrix_failure
; /mnt/data/vcsc_bankaudit/.tmp-callmatrix/fa2-24-source1.c26:34 [bank bank1] | asm tsx; asm stx matrix_sp_before;
  163 d2d7 ba                      ; TSX
  164 d2d8 86 82                   ; STX matrix_sp_before
; /mnt/data/vcsc_bankaudit/.tmp-callmatrix/fa2-24-source1.c26:36 [bank bank1] | asm tsx; asm stx matrix_sp_after;
  165 d2da 20 2d df                ; JSR matrix_probe4  => $DF2D
  166 d2dd a5 86                   ; LDA matrix_probe4$__return
  167 d2df 85 84                   ; STA __vcsc_scratch_6
  168 d2e1 a9 84                   ; LDA #132
  169 d2e3 85 85                   ; STA (__vcsc_scratch_6 + 1)
  170 d2e5 a5 84                   ; LDA __vcsc_scratch_6
  171 d2e7 c5 85                   ; CMP (__vcsc_scratch_6 + 1)
  172 d2e9 d0 04                   ; BNE @cmp_false_35
  173 d2eb a9 01                   ; LDA #1
  174 d2ed d0 02                   ; BNE @cmp_done_36
  175 d2ef a9 00                   ; LDA #0
  176 d2f1 d0 04                   ; BNE @if_false_32
; /mnt/data/vcsc_bankaudit/.tmp-callmatrix/fa2-24-source1.c26:35 [bank bank1] | if (matrix_probe4() != 0x84) { matrix_failure := 0x05; }
  177 d2f3 a9 05                   ; LDA #5
  178 d2f5 85 80                   ; STA matrix_failure
; /mnt/data/vcsc_bankaudit/.tmp-callmatrix/fa2-24-source1.c26:36 [bank bank1] | asm tsx; asm stx matrix_sp_after;
  179 d2f7 ba                      ; TSX
  180 d2f8 86 83                   ; STX matrix_sp_after
; /mnt/data/vcsc_bankaudit/.tmp-callmatrix/fa2-24-source1.c26:38 [bank bank1] | asm tsx; asm stx matrix_sp_before;
  181 d2fa a5 83                   ; LDA matrix_sp_after
  182 d2fc c5 82                   ; CMP matrix_sp_before
  183 d2fe d0 03                   ; BNE @u8_ne_true_39
  184 d300 4c 07 d3                ; JMP @if_false_37  => $D307
; /mnt/data/vcsc_bankaudit/.tmp-callmatrix/fa2-24-source1.c26:37 [bank bank1] | if (matrix_sp_after != matrix_sp_before) { matrix_failure := 0x44; }
  185 d303 a9 44                   ; LDA #68
  186 d305 85 80                   ; STA matrix_failure
; /mnt/data/vcsc_bankaudit/.tmp-callmatrix/fa2-24-source1.c26:38 [bank bank1] | asm tsx; asm stx matrix_sp_before;
  187 d307 ba                      ; TSX
  188 d308 86 82                   ; STX matrix_sp_before
; /mnt/data/vcsc_bankaudit/.tmp-callmatrix/fa2-24-source1.c26:40 [bank bank1] | asm tsx; asm stx matrix_sp_after;
  189 d30a 20 3c df                ; JSR matrix_probe5  => $DF3C
  190 d30d a5 86                   ; LDA matrix_probe5$__return
  191 d30f 85 84                   ; STA __vcsc_scratch_6
  192 d311 a9 85                   ; LDA #133
  193 d313 85 85                   ; STA (__vcsc_scratch_6 + 1)
  194 d315 a5 84                   ; LDA __vcsc_scratch_6
  195 d317 c5 85                   ; CMP (__vcsc_scratch_6 + 1)
  196 d319 d0 04                   ; BNE @cmp_false_43
  197 d31b a9 01                   ; LDA #1
  198 d31d d0 02                   ; BNE @cmp_done_44
  199 d31f a9 00                   ; LDA #0
  200 d321 d0 04                   ; BNE @if_false_40
; /mnt/data/vcsc_bankaudit/.tmp-callmatrix/fa2-24-source1.c26:39 [bank bank1] | if (matrix_probe5() != 0x85) { matrix_failure := 0x06; }
  201 d323 a9 06                   ; LDA #6
  202 d325 85 80                   ; STA matrix_failure
; /mnt/data/vcsc_bankaudit/.tmp-callmatrix/fa2-24-source1.c26:40 [bank bank1] | asm tsx; asm stx matrix_sp_after;
  203 d327 ba                      ; TSX
  204 d328 86 83                   ; STX matrix_sp_after
; /mnt/data/vcsc_bankaudit/.tmp-callmatrix/fa2-24-source1.c26:42 [bank bank1] | if (matrix_count != 6) { matrix_failure := 0x7E; }
  205 d32a a5 83                   ; LDA matrix_sp_after
  206 d32c c5 82                   ; CMP matrix_sp_before
  207 d32e d0 03                   ; BNE @u8_ne_true_47
  208 d330 4c 37 d3                ; JMP @if_false_45  => $D337
; /mnt/data/vcsc_bankaudit/.tmp-callmatrix/fa2-24-source1.c26:41 [bank bank1] | if (matrix_sp_after != matrix_sp_before) { matrix_failure := 0x45; }
  209 d333 a9 45                   ; LDA #69
  210 d335 85 80                   ; STA matrix_failure
; /mnt/data/vcsc_bankaudit/.tmp-callmatrix/fa2-24-source1.c26:43 [bank bank1] | }
  211 d337 a5 81                   ; LDA matrix_count
  212 d339 c9 06                   ; CMP #6
  213 d33b d0 03                   ; BNE @u8_ne_true_50
  214 d33d 4c 44 d3                ; JMP @if_false_48  => $D344
; /mnt/data/vcsc_bankaudit/.tmp-callmatrix/fa2-24-source1.c26:42 [bank bank1] | if (matrix_count != 6) { matrix_failure := 0x7E; }
  215 d340 a9 7e                   ; LDA #126
  216 d342 85 80                   ; STA matrix_failure
; <compiler-generated> [bank bank1]
  217 d344 60                      ; RTS
; wrk/vcsc-rt1-simple.s26:25 [bank bank0] | sei
  218 f200 78                      ; SEI
; wrk/vcsc-rt1-simple.s26:26 [bank bank0] | cld
  219 f201 d8                      ; CLD
; wrk/vcsc-rt1-simple.s26:27 [bank bank0] | ldx #$ff
  220 f202 a2 ff                   ; LDX #255
; wrk/vcsc-rt1-simple.s26:28 [bank bank0] | txs
  221 f204 9a                      ; TXS
; wrk/vcsc-rt1-simple.s26:30 [bank bank0] | lda #0
  222 f205 a9 00                   ; LDA #0
; wrk/vcsc-rt1-simple.s26:31 [bank bank0] | ldx #$7f
  223 f207 a2 7f                   ; LDX #127
; wrk/vcsc-rt1-simple.s26:33 [bank bank0] | sta $80,x
  224 f209 95 80                   ; STA 128,X
; wrk/vcsc-rt1-simple.s26:34 [bank bank0] | dex
  225 f20b ca                      ; DEX
; wrk/vcsc-rt1-simple.s26:35 [bank bank0] | bpl.same @clear_ram
  226 f20c 10 fb                   ; BPL.same @clear_ram
; wrk/vcsc-rt1-simple.s26:37 [bank bank0] | ldx #$2c
  227 f20e a2 2c                   ; LDX #44
; wrk/vcsc-rt1-simple.s26:39 [bank bank0] | sta $00,x
  228 f210 95 00                   ; STA 0,X
; wrk/vcsc-rt1-simple.s26:40 [bank bank0] | dex
  229 f212 ca                      ; DEX
; wrk/vcsc-rt1-simple.s26:41 [bank bank0] | bpl.same @clear_tia
  230 f213 10 fb                   ; BPL.same @clear_tia
; wrk/vcsc-rt1-simple.s26:43 [bank bank0] | ldx #$ff
  231 f215 a2 ff                   ; LDX #255
; wrk/vcsc-rt1-simple.s26:44 [bank bank0] | txs
  232 f217 9a                      ; TXS
; wrk/vcsc-rt1-simple.s26:45 [bank bank0] | jmp main
  233 f218 4c 30 f2                ; JMP main  => $F230
; wrk/vcsc-rt1-simple.s26:49 [bank bank0] | rti
  234 f21b 40                      ; RTI
; /mnt/data/vcsc_bankaudit/.tmp-callmatrix/fa2-24-source1.c26:9 [bank bank0] | bank0 uint8_t matrix_probe0(void) { matrix_count := matrix_count + 1; return 0x80; }
  235 f21c a5 81                   ; LDA matrix_count
  236 f21e 18                      ; CLC
  237 f21f 69 01                   ; ADC #1
  238 f221 85 81                   ; STA matrix_count
  239 f223 a9 80                   ; LDA #128
  240 f225 85 87                   ; STA __vcsc_scratch_0
  241 f227 a5 87                   ; LDA __vcsc_scratch_0
  242 f229 85 86                   ; STA matrix_probe0$__return
; <compiler-generated> [bank bank0]
  243 f22b 60                      ; RTS
; /mnt/data/vcsc_bankaudit/.tmp-callmatrix/fa2-24-source1.c26:45 [bank bank0] | bank0 void matrix_done(void) { while (1) { } }
  244 f22c 4c 2c f2                ; JMP @while_start_51  => $F22C
; <compiler-generated> [bank bank0]
  245 f22f 60                      ; RTS
; /mnt/data/vcsc_bankaudit/.tmp-callmatrix/fa2-24-source1.c26:48 [bank bank0] | matrix_failure := 0;
  246 f230 a9 00                   ; LDA #0
  247 f232 85 80                   ; STA matrix_failure
; /mnt/data/vcsc_bankaudit/.tmp-callmatrix/fa2-24-source1.c26:49 [bank bank0] | matrix_source();
  248 f234 20 4b ff                ; JSR matrix_source  => $FF4B
; /mnt/data/vcsc_bankaudit/.tmp-callmatrix/fa2-24-source1.c26:50 [bank bank0] | asm jmp matrix_done;
  249 f237 4c 2c f2                ; JMP matrix_done  => $F22C
; <compiler-generated> [bank bank0]
  250 f23a 6c fc ff                ; JMP (65532)  => $FFFC
------- Unattributed/linker-generated linked bytes
  251 5f00 20 07 ff 8d f6 1f 60 8d ; <linker-generated/unattributed>
  252 5f08 f5 1f 6c 0d ff 1c f2 20 ; <linker-generated/unattributed>
  253 5f10 16 ff 8d f6 1f 60 8d f7 ; <linker-generated/unattributed>
  254 5f18 1f 6c 1c ff 00 b2 20 25 ; <linker-generated/unattributed>
  255 5f20 ff 8d f6 1f 60 8d f8 1f ; <linker-generated/unattributed>
  256 5f28 6c 2b ff 00 92 20 34 ff ; <linker-generated/unattributed>
  257 5f30 8d f6 1f 60 8d f9 1f 6c ; <linker-generated/unattributed>
  258 5f38 3a ff 00 72 20 43 ff 8d ; <linker-generated/unattributed>
  259 5f40 f6 1f 60 8d fa 1f 6c 49 ; <linker-generated/unattributed>
  260 5f48 ff 00 52 20 52 ff 8d f5 ; <linker-generated/unattributed>
  261 5f50 1f 60 8d f6 1f 6c 58 ff ; <linker-generated/unattributed>
  262 5f58 13 d2                   ; <linker-generated/unattributed>
  263 5fe0 2c f5 1f 4c 1b f2 2c f5 ; <linker-generated/unattributed>
  264 5fe8 1f 4c 00 f2 2c f5 1f 4c ; <linker-generated/unattributed>
  265 5ff0 1b f2                   ; <linker-generated/unattributed>
  266 5ffa e0 ff e6 ff ec ff       ; <linker-generated/unattributed>
  267 7f00 20 07 ff 8d f6 1f 60 8d ; <linker-generated/unattributed>
  268 7f08 f5 1f 6c 0d ff 1c f2 20 ; <linker-generated/unattributed>
  269 7f10 16 ff 8d f6 1f 60 8d f7 ; <linker-generated/unattributed>
  270 7f18 1f 6c 1c ff 00 b2 20 25 ; <linker-generated/unattributed>
  271 7f20 ff 8d f6 1f 60 8d f8 1f ; <linker-generated/unattributed>
  272 7f28 6c 2b ff 00 92 20 34 ff ; <linker-generated/unattributed>
  273 7f30 8d f6 1f 60 8d f9 1f 6c ; <linker-generated/unattributed>
  274 7f38 3a ff 00 72 20 43 ff 8d ; <linker-generated/unattributed>
  275 7f40 f6 1f 60 8d fa 1f 6c 49 ; <linker-generated/unattributed>
  276 7f48 ff 00 52 20 52 ff 8d f5 ; <linker-generated/unattributed>
  277 7f50 1f 60 8d f6 1f 6c 58 ff ; <linker-generated/unattributed>
  278 7f58 13 d2                   ; <linker-generated/unattributed>
  279 7fe0 2c f5 1f 4c 1b f2 2c f5 ; <linker-generated/unattributed>
  280 7fe8 1f 4c 00 f2 2c f5 1f 4c ; <linker-generated/unattributed>
  281 7ff0 1b f2                   ; <linker-generated/unattributed>
  282 7ffa e0 ff e6 ff ec ff       ; <linker-generated/unattributed>
  283 9f00 20 07 ff 8d f6 1f 60 8d ; <linker-generated/unattributed>
  284 9f08 f5 1f 6c 0d ff 1c f2 20 ; <linker-generated/unattributed>
  285 9f10 16 ff 8d f6 1f 60 8d f7 ; <linker-generated/unattributed>
  286 9f18 1f 6c 1c ff 00 b2 20 25 ; <linker-generated/unattributed>
  287 9f20 ff 8d f6 1f 60 8d f8 1f ; <linker-generated/unattributed>
  288 9f28 6c 2b ff 00 92 20 34 ff ; <linker-generated/unattributed>
  289 9f30 8d f6 1f 60 8d f9 1f 6c ; <linker-generated/unattributed>
  290 9f38 3a ff 00 72 20 43 ff 8d ; <linker-generated/unattributed>
  291 9f40 f6 1f 60 8d fa 1f 6c 49 ; <linker-generated/unattributed>
  292 9f48 ff 00 52 20 52 ff 8d f5 ; <linker-generated/unattributed>
  293 9f50 1f 60 8d f6 1f 6c 58 ff ; <linker-generated/unattributed>
  294 9f58 13 d2                   ; <linker-generated/unattributed>
  295 9fe0 2c f5 1f 4c 1b f2 2c f5 ; <linker-generated/unattributed>
  296 9fe8 1f 4c 00 f2 2c f5 1f 4c ; <linker-generated/unattributed>
  297 9ff0 1b f2                   ; <linker-generated/unattributed>
  298 9ffa e0 ff e6 ff ec ff       ; <linker-generated/unattributed>
  299 bf00 20 07 ff 8d f6 1f 60 8d ; <linker-generated/unattributed>
  300 bf08 f5 1f 6c 0d ff 1c f2 20 ; <linker-generated/unattributed>
  301 bf10 16 ff 8d f6 1f 60 8d f7 ; <linker-generated/unattributed>
  302 bf18 1f 6c 1c ff 00 b2 20 25 ; <linker-generated/unattributed>
  303 bf20 ff 8d f6 1f 60 8d f8 1f ; <linker-generated/unattributed>
  304 bf28 6c 2b ff 00 92 20 34 ff ; <linker-generated/unattributed>
  305 bf30 8d f6 1f 60 8d f9 1f 6c ; <linker-generated/unattributed>
  306 bf38 3a ff 00 72 20 43 ff 8d ; <linker-generated/unattributed>
  307 bf40 f6 1f 60 8d fa 1f 6c 49 ; <linker-generated/unattributed>
  308 bf48 ff 00 52 20 52 ff 8d f5 ; <linker-generated/unattributed>
  309 bf50 1f 60 8d f6 1f 6c 58 ff ; <linker-generated/unattributed>
  310 bf58 13 d2                   ; <linker-generated/unattributed>
  311 bfe0 2c f5 1f 4c 1b f2 2c f5 ; <linker-generated/unattributed>
  312 bfe8 1f 4c 00 f2 2c f5 1f 4c ; <linker-generated/unattributed>
  313 bff0 1b f2                   ; <linker-generated/unattributed>
  314 bffa e0 ff e6 ff ec ff       ; <linker-generated/unattributed>
  315 df00 20 07 ff 8d f6 1f 60 8d ; <linker-generated/unattributed>
  316 df08 f5 1f 6c 0d ff 1c f2 20 ; <linker-generated/unattributed>
  317 df10 16 ff 8d f6 1f 60 8d f7 ; <linker-generated/unattributed>
  318 df18 1f 6c 1c ff 00 b2 20 25 ; <linker-generated/unattributed>
  319 df20 ff 8d f6 1f 60 8d f8 1f ; <linker-generated/unattributed>
  320 df28 6c 2b ff 00 92 20 34 ff ; <linker-generated/unattributed>
  321 df30 8d f6 1f 60 8d f9 1f 6c ; <linker-generated/unattributed>
  322 df38 3a ff 00 72 20 43 ff 8d ; <linker-generated/unattributed>
  323 df40 f6 1f 60 8d fa 1f 6c 49 ; <linker-generated/unattributed>
  324 df48 ff 00 52 20 52 ff 8d f5 ; <linker-generated/unattributed>
  325 df50 1f 60 8d f6 1f 6c 58 ff ; <linker-generated/unattributed>
  326 df58 13 d2                   ; <linker-generated/unattributed>
  327 dfe0 2c f5 1f 4c 1b f2 2c f5 ; <linker-generated/unattributed>
  328 dfe8 1f 4c 00 f2 2c f5 1f 4c ; <linker-generated/unattributed>
  329 dff0 1b f2                   ; <linker-generated/unattributed>
  330 dffa e0 ff e6 ff ec ff       ; <linker-generated/unattributed>
  331 ff00 20 07 ff 8d f6 1f 60 8d ; <linker-generated/unattributed>
  332 ff08 f5 1f 6c 0d ff 1c f2 20 ; <linker-generated/unattributed>
  333 ff10 16 ff 8d f6 1f 60 8d f7 ; <linker-generated/unattributed>
  334 ff18 1f 6c 1c ff 00 b2 20 25 ; <linker-generated/unattributed>
  335 ff20 ff 8d f6 1f 60 8d f8 1f ; <linker-generated/unattributed>
  336 ff28 6c 2b ff 00 92 20 34 ff ; <linker-generated/unattributed>
  337 ff30 8d f6 1f 60 8d f9 1f 6c ; <linker-generated/unattributed>
  338 ff38 3a ff 00 72 20 43 ff 8d ; <linker-generated/unattributed>
  339 ff40 f6 1f 60 8d fa 1f 6c 49 ; <linker-generated/unattributed>
  340 ff48 ff 00 52 20 52 ff 8d f5 ; <linker-generated/unattributed>
  341 ff50 1f 60 8d f6 1f 6c 58 ff ; <linker-generated/unattributed>
  342 ff58 13 d2                   ; <linker-generated/unattributed>
  343 ffe0 2c f5 1f 4c 1b f2 2c f5 ; <linker-generated/unattributed>
  344 ffe8 1f 4c 00 f2 2c f5 1f 4c ; <linker-generated/unattributed>
  345 fff0 1b f2                   ; <linker-generated/unattributed>
  346 fffa e0 ff e6 ff ec ff       ; <linker-generated/unattributed>
