C26 CARTRIDGE TOPOLOGY
  output-size=$00007000 fill=$FF trampoline=$0F00 size=$00E0 vector-bridge=$0FE0 size=$0012 vectors=$0FFA size=$0006 signature="FA2\0" declaration=/mnt/data/vcsc_bankaudit/libraries/vcs/vcs_28k_fa2.c26:19.3 source=/tmp/vcsc.Px7Ds4/fa2-28-source5.000001.o26
  bank6        file-index=6 image-size=$1000 image-offset=$0200 link=$3200 cpu=$F200 map-size=$0E00 mode=selector select-access=$1FFB declaration=/mnt/data/vcsc_bankaudit/libraries/vcs/vcs_28k_fa2.c26:61.3 source=/tmp/vcsc.Px7Ds4/fa2-28-source5.000001.o26
  bank5        file-index=5 image-size=$1000 image-offset=$0200 link=$5200 cpu=$F200 map-size=$0E00 mode=selector select-access=$1FFA declaration=/mnt/data/vcsc_bankaudit/libraries/vcs/vcs_28k_fa2.c26:55.3 source=/tmp/vcsc.Px7Ds4/fa2-28-source5.000001.o26
  bank4        file-index=4 image-size=$1000 image-offset=$0200 link=$7200 cpu=$F200 map-size=$0E00 mode=selector select-access=$1FF9 declaration=/mnt/data/vcsc_bankaudit/libraries/vcs/vcs_28k_fa2.c26:49.3 source=/tmp/vcsc.Px7Ds4/fa2-28-source5.000001.o26
  bank3        file-index=3 image-size=$1000 image-offset=$0200 link=$9200 cpu=$F200 map-size=$0E00 mode=selector select-access=$1FF8 declaration=/mnt/data/vcsc_bankaudit/libraries/vcs/vcs_28k_fa2.c26:43.3 source=/tmp/vcsc.Px7Ds4/fa2-28-source5.000001.o26
  bank2        file-index=2 image-size=$1000 image-offset=$0200 link=$B200 cpu=$F200 map-size=$0E00 mode=selector select-access=$1FF7 declaration=/mnt/data/vcsc_bankaudit/libraries/vcs/vcs_28k_fa2.c26:37.3 source=/tmp/vcsc.Px7Ds4/fa2-28-source5.000001.o26
  bank1        file-index=1 image-size=$1000 image-offset=$0200 link=$D200 cpu=$F200 map-size=$0E00 mode=selector select-access=$1FF6 declaration=/mnt/data/vcsc_bankaudit/libraries/vcs/vcs_28k_fa2.c26:31.3 source=/tmp/vcsc.Px7Ds4/fa2-28-source5.000001.o26
  bank0        file-index=0 image-size=$1000 image-offset=$0200 link=$F200 cpu=$F200 map-size=$0E00 mode=selector select-access=$1FF5 startup=yes declaration=/mnt/data/vcsc_bankaudit/libraries/vcs/vcs_28k_fa2.c26:25.3 source=/tmp/vcsc.Px7Ds4/fa2-28-source5.000001.o26

CARTRIDGE
  mapper=C26 output-size=$00007000 fill=$FF trampoline=$F00 size=$0E0 vectorbridge=$FE0 size=$12

BANKS
  bank6      start=$3000 size=$1000 hotspot=$1FFB file=$00000000
  bank5      start=$5000 size=$1000 hotspot=$1FFA file=$00001000
  bank4      start=$7000 size=$1000 hotspot=$1FF9 file=$00002000
  bank3      start=$9000 size=$1000 hotspot=$1FF8 file=$00003000
  bank2      start=$B000 size=$1000 hotspot=$1FF7 file=$00004000
  bank1      start=$D000 size=$1000 hotspot=$1FF6 file=$00005000
  bank0      start=$F000 size=$1000 hotspot=$1FF5 file=$00006000 startup=yes

MEMORY
  ram        start=$0080 size=$0078 type=rw priority=2 output-bank=<none> mode=shared declaration=/mnt/data/vcsc_bankaudit/libraries/vcs/vcs.c26:27.61
  bank6      start=$3200 size=$0D00 type=ro priority=0 output-bank=bank6 mode=switched declaration=/mnt/data/vcsc_bankaudit/libraries/vcs/vcs_28k_fa2.c26:69.46
  bank5      start=$5200 size=$0D00 type=ro priority=0 output-bank=bank5 mode=switched declaration=/mnt/data/vcsc_bankaudit/libraries/vcs/vcs_28k_fa2.c26:68.46
  bank4      start=$7200 size=$0D00 type=ro priority=0 output-bank=bank4 mode=switched declaration=/mnt/data/vcsc_bankaudit/libraries/vcs/vcs_28k_fa2.c26:67.46
  bank3      start=$9200 size=$0D00 type=ro priority=0 output-bank=bank3 mode=switched declaration=/mnt/data/vcsc_bankaudit/libraries/vcs/vcs_28k_fa2.c26:66.46
  bank2      start=$B200 size=$0D00 type=ro priority=0 output-bank=bank2 mode=switched declaration=/mnt/data/vcsc_bankaudit/libraries/vcs/vcs_28k_fa2.c26:65.46
  bank1      start=$D200 size=$0D00 type=ro priority=0 output-bank=bank1 mode=switched declaration=/mnt/data/vcsc_bankaudit/libraries/vcs/vcs_28k_fa2.c26:64.46
  bank0      start=$F200 size=$0D00 type=ro priority=2 output-bank=bank0 mode=switched declaration=/mnt/data/vcsc_bankaudit/libraries/vcs/vcs_28k_fa2.c26:63.58
  cartram    read_start=$F100 write_start=$F000 size=$0100 type=rw shared=yes priority=0 output-bank=<none> mode=shared declaration=/mnt/data/vcsc_bankaudit/libraries/vcs/fa_ram_plus.c26:13.86

MEMORY USAGE
  bank6      used=16 bytes (0.48%) free=3312 bytes (99.52%)
  bank5      used=370 bytes (11.12%) free=2958 bytes (88.88%)
  bank4      used=16 bytes (0.48%) free=3312 bytes (99.52%)
  bank3      used=16 bytes (0.48%) free=3312 bytes (99.52%)
  bank2      used=16 bytes (0.48%) free=3312 bytes (99.52%)
  bank1      used=16 bytes (0.48%) free=3312 bytes (99.52%)
  bank0      used=61 bytes (1.83%) free=3267 bytes (98.17%)
  ram        used=16 bytes (12.50%) free=112 bytes (87.50%) objects=8 bytes hardware-stack=8 bytes
  cartram    used=0 bytes (0.00%) free=256 bytes (100.00%) objects=0 bytes hardware-stack=0 bytes

BANK PLACEMENT
  mode=optimized
  component=0 assignment=pinned bank=bank0 bytes=$001C cut-weight=$0000
     pinned    CODE                         region=bank0        size=$001C object=/mnt/data/vcsc_bankaudit/libraries/runtime/libvcsc.l26(vcsc-rt1-simple.o26)
  component=1 assignment=pinned bank=bank0 bytes=$0010 cut-weight=$000F
     pinned    CODE.bank0.__vcsc_function$matrix_probe0 region=bank0        size=$0010 object=/tmp/vcsc.Px7Ds4/fa2-28-source5.000001.o26
  component=2 assignment=pinned bank=bank1 bytes=$0010 cut-weight=$000F
     pinned    CODE.bank1.__vcsc_function$matrix_probe1 region=bank1        size=$0010 object=/tmp/vcsc.Px7Ds4/fa2-28-source5.000001.o26
  component=3 assignment=pinned bank=bank2 bytes=$0010 cut-weight=$000F
     pinned    CODE.bank2.__vcsc_function$matrix_probe2 region=bank2        size=$0010 object=/tmp/vcsc.Px7Ds4/fa2-28-source5.000001.o26
  component=4 assignment=pinned bank=bank3 bytes=$0010 cut-weight=$000F
     pinned    CODE.bank3.__vcsc_function$matrix_probe3 region=bank3        size=$0010 object=/tmp/vcsc.Px7Ds4/fa2-28-source5.000001.o26
  component=5 assignment=pinned bank=bank4 bytes=$0010 cut-weight=$000F
     pinned    CODE.bank4.__vcsc_function$matrix_probe4 region=bank4        size=$0010 object=/tmp/vcsc.Px7Ds4/fa2-28-source5.000001.o26
  component=6 assignment=pinned bank=bank5 bytes=$0010 cut-weight=$0000
     pinned    CODE.bank5.__vcsc_function$matrix_probe5 region=bank5        size=$0010 object=/tmp/vcsc.Px7Ds4/fa2-28-source5.000001.o26
  component=7 assignment=pinned bank=bank6 bytes=$0010 cut-weight=$000F
     pinned    CODE.bank6.__vcsc_function$matrix_probe6 region=bank6        size=$0010 object=/tmp/vcsc.Px7Ds4/fa2-28-source5.000001.o26
  component=8 assignment=pinned bank=bank5 bytes=$0162 cut-weight=$0069
     pinned    CODE.bank5.__vcsc_function$matrix_source region=bank5        size=$0162 object=/tmp/vcsc.Px7Ds4/fa2-28-source5.000001.o26
  component=9 assignment=pinned bank=bank0 bytes=$0004 cut-weight=$0000
     pinned    CODE.bank0.__vcsc_function$matrix_done region=bank0        size=$0004 object=/tmp/vcsc.Px7Ds4/fa2-28-source5.000001.o26
  component=10 assignment=pinned bank=bank0 bytes=$000D cut-weight=$000F
     pinned    CODE.bank0.__vcsc_function$main region=bank0        size=$000D object=/tmp/vcsc.Px7Ds4/fa2-28-source5.000001.o26

TRAMPOLINES
  common-offset=$F00 reserved=$0E0 used=$069 replicated=$000002DF target-passing=inline entries=7 jmp=0 jsr=7 jmp-size=$08 jsr-size=$0F
  JSR entry=0 offset=$F00 target=$F21C CODE.bank0.__vcsc_function$matrix_probe0 source=bank5 hotspot=$1FFA destination=bank0 hotspot=$1FF5 replicated-bytes=$00000069
  JSR entry=1 offset=$F0F target=$D200 CODE.bank1.__vcsc_function$matrix_probe1 source=bank5 hotspot=$1FFA destination=bank1 hotspot=$1FF6 replicated-bytes=$00000069
  JSR entry=2 offset=$F1E target=$B200 CODE.bank2.__vcsc_function$matrix_probe2 source=bank5 hotspot=$1FFA destination=bank2 hotspot=$1FF7 replicated-bytes=$00000069
  JSR entry=3 offset=$F2D target=$9200 CODE.bank3.__vcsc_function$matrix_probe3 source=bank5 hotspot=$1FFA destination=bank3 hotspot=$1FF8 replicated-bytes=$00000069
  JSR entry=4 offset=$F3C target=$7200 CODE.bank4.__vcsc_function$matrix_probe4 source=bank5 hotspot=$1FFA destination=bank4 hotspot=$1FF9 replicated-bytes=$00000069
  JSR entry=5 offset=$F4B target=$3200 CODE.bank6.__vcsc_function$matrix_probe6 source=bank5 hotspot=$1FFA destination=bank6 hotspot=$1FFB replicated-bytes=$00000069
  JSR entry=6 offset=$F5A target=$5213 CODE.bank5.__vcsc_function$matrix_source source=bank0 hotspot=$1FF5 destination=bank5 hotspot=$1FFA replicated-bytes=$00000069

OBJECTS
  /mnt/data/vcsc_bankaudit/libraries/runtime/libvcsc.l26(vcsc-rt1-simple.o26)
     __default__      load=$F200 size=$0000 page=preferred
     CODE             load=$F200 size=$001C page=preferred bank=bank0 region=bank0 placement=pinned component=0
  /tmp/vcsc.Px7Ds4/fa2-28-source5.000001.o26
     __default__      load=$F21C size=$0000 page=preferred
     ZEROPAGE         run=$0080 size=$0000 page=preferred
     ZEROPAGE.__vcsc_activation$matrix_probe0 run=$0086 size=$0001 page=preferred
     ZEROPAGE.__vcsc_activation$matrix_probe1 run=$0086 size=$0001 page=preferred
     ZEROPAGE.__vcsc_activation$matrix_probe2 run=$0086 size=$0001 page=preferred
     ZEROPAGE.__vcsc_activation$matrix_probe3 run=$0086 size=$0001 page=preferred
     ZEROPAGE.__vcsc_activation$matrix_probe4 run=$0086 size=$0001 page=preferred
     ZEROPAGE.__vcsc_activation$matrix_probe5 run=$0086 size=$0001 page=preferred
     ZEROPAGE.__vcsc_activation$matrix_probe6 run=$0086 size=$0001 page=preferred
     BSS              run=$0080 size=$0000 page=preferred
     BSS.__vcsc_object$matrix_failure run=$0080 size=$0001 page=preferred phase=unscoped
     BSS.__vcsc_object$matrix_count run=$0081 size=$0001 page=preferred phase=unscoped
     BSS.__vcsc_object$matrix_sp_before run=$0082 size=$0001 page=preferred phase=unscoped
     BSS.__vcsc_object$matrix_sp_after run=$0083 size=$0001 page=preferred phase=unscoped
     BSS.__vcsc_activation$matrix_probe0 run=$0087 size=$0001 page=preferred
     BSS.__vcsc_activation$matrix_probe1 run=$0087 size=$0001 page=preferred
     BSS.__vcsc_activation$matrix_probe2 run=$0087 size=$0001 page=preferred
     BSS.__vcsc_activation$matrix_probe3 run=$0087 size=$0001 page=preferred
     BSS.__vcsc_activation$matrix_probe4 run=$0087 size=$0001 page=preferred
     BSS.__vcsc_activation$matrix_probe5 run=$0087 size=$0001 page=preferred
     BSS.__vcsc_activation$matrix_probe6 run=$0087 size=$0001 page=preferred
     BSS.__vcsc_activation$matrix_source run=$0084 size=$0002 page=preferred
     DATA             load=$F23D run=$0084 size=$0000 load-page=preferred run-page=preferred
     RODATA           load=$F21C size=$0000 page=preferred
     CODE             load=$F21C size=$0000 page=preferred
     CODE.bank0       load=$F21C size=$0000 page=preferred
     CODE.bank0.__vcsc_function$matrix_probe0 load=$F21C size=$0010 page=preferred bank=bank0 region=bank0 placement=pinned component=1
     CODE.bank1       load=$D200 size=$0000 page=preferred
     CODE.bank1.__vcsc_function$matrix_probe1 load=$D200 size=$0010 page=preferred bank=bank1 region=bank1 placement=pinned component=2
     CODE.bank2       load=$B200 size=$0000 page=preferred
     CODE.bank2.__vcsc_function$matrix_probe2 load=$B200 size=$0010 page=preferred bank=bank2 region=bank2 placement=pinned component=3
     CODE.bank3       load=$9200 size=$0000 page=preferred
     CODE.bank3.__vcsc_function$matrix_probe3 load=$9200 size=$0010 page=preferred bank=bank3 region=bank3 placement=pinned component=4
     CODE.bank4       load=$7200 size=$0000 page=preferred
     CODE.bank4.__vcsc_function$matrix_probe4 load=$7200 size=$0010 page=preferred bank=bank4 region=bank4 placement=pinned component=5
     CODE.bank5       load=$5200 size=$0000 page=preferred
     CODE.bank5.__vcsc_function$matrix_probe5 load=$5200 size=$0010 page=preferred bank=bank5 region=bank5 placement=pinned component=6
     CODE.bank6       load=$3200 size=$0000 page=preferred
     CODE.bank6.__vcsc_function$matrix_probe6 load=$3200 size=$0010 page=preferred bank=bank6 region=bank6 placement=pinned component=7
     CODE.bank5.__vcsc_function$matrix_source load=$5213 size=$0162 page=crossing bank=bank5 region=bank5 placement=pinned component=8
     CODE.bank0.__vcsc_function$matrix_done load=$F22C size=$0004 page=preferred bank=bank0 region=bank0 placement=pinned component=9
     CODE.bank0.__vcsc_function$main load=$F230 size=$000D page=preferred bank=bank0 region=bank0 placement=pinned component=10

BRANCHES
  /mnt/data/vcsc_bankaudit/libraries/runtime/libvcsc.l26(vcsc-rt1-simple.o26)
     $F20C -> $F209 BPL opcode=$10 taken-page=same policy=same
     $F213 -> $F210 BPL opcode=$10 taken-page=same policy=same
  /tmp/vcsc.Px7Ds4/fa2-28-source5.000001.o26
     $5229 -> $522F BNE opcode=$D0 taken-page=same policy=flex
     $522D -> $5231 BNE opcode=$D0 taken-page=same policy=flex
     $5231 -> $5237 BNE opcode=$D0 taken-page=same policy=flex
     $523E -> $5243 BNE opcode=$D0 taken-page=same policy=flex
     $5259 -> $525F BNE opcode=$D0 taken-page=same policy=flex
     $525D -> $5261 BNE opcode=$D0 taken-page=same policy=flex
     $5261 -> $5267 BNE opcode=$D0 taken-page=same policy=flex
     $526E -> $5273 BNE opcode=$D0 taken-page=same policy=flex
     $5289 -> $528F BNE opcode=$D0 taken-page=same policy=flex
     $528D -> $5291 BNE opcode=$D0 taken-page=same policy=flex
     $5291 -> $5297 BNE opcode=$D0 taken-page=same policy=flex
     $529E -> $52A3 BNE opcode=$D0 taken-page=same policy=flex
     $52B9 -> $52BF BNE opcode=$D0 taken-page=same policy=flex
     $52BD -> $52C1 BNE opcode=$D0 taken-page=same policy=flex
     $52C1 -> $52C7 BNE opcode=$D0 taken-page=same policy=flex
     $52CE -> $52D3 BNE opcode=$D0 taken-page=same policy=flex
     $52E9 -> $52EF BNE opcode=$D0 taken-page=same policy=flex
     $52ED -> $52F1 BNE opcode=$D0 taken-page=same policy=flex
     $52F1 -> $52F7 BNE opcode=$D0 taken-page=same policy=flex
     $52FE -> $5303 BNE opcode=$D0 taken-page=same policy=flex
     $5319 -> $531F BNE opcode=$D0 taken-page=same policy=flex
     $531D -> $5321 BNE opcode=$D0 taken-page=same policy=flex
     $5321 -> $5327 BNE opcode=$D0 taken-page=same policy=flex
     $532E -> $5333 BNE opcode=$D0 taken-page=same policy=flex
     $5349 -> $534F BNE opcode=$D0 taken-page=same policy=flex
     $534D -> $5351 BNE opcode=$D0 taken-page=same policy=flex
     $5351 -> $5357 BNE opcode=$D0 taken-page=same policy=flex
     $535E -> $5363 BNE opcode=$D0 taken-page=same policy=flex
     $536B -> $5370 BNE opcode=$D0 taken-page=same policy=flex

INDEXED RANGES

STARTUP INITIALIZATION
  policy=compact-riot-clear
  ZERO BSS.__vcsc_object$matrix_failure                 read=$0080 write=$0080 size=$0001
  ZERO BSS.__vcsc_object$matrix_count                   read=$0081 write=$0081 size=$0001
  ZERO BSS.__vcsc_object$matrix_sp_before               read=$0082 write=$0082 size=$0001
  ZERO BSS.__vcsc_object$matrix_sp_after                read=$0083 write=$0083 size=$0001
  ZERO BSS.__vcsc_activation$matrix_probe0              read=$0087 write=$0087 size=$0001
  ZERO BSS.__vcsc_activation$matrix_probe1              read=$0087 write=$0087 size=$0001
  ZERO BSS.__vcsc_activation$matrix_probe2              read=$0087 write=$0087 size=$0001
  ZERO BSS.__vcsc_activation$matrix_probe3              read=$0087 write=$0087 size=$0001
  ZERO BSS.__vcsc_activation$matrix_probe4              read=$0087 write=$0087 size=$0001
  ZERO BSS.__vcsc_activation$matrix_probe5              read=$0087 write=$0087 size=$0001
  ZERO BSS.__vcsc_activation$matrix_probe6              read=$0087 write=$0087 size=$0001
  ZERO BSS.__vcsc_activation$matrix_source              read=$0084 write=$0084 size=$0002

TABLES
  (not generated for compact startup)
  __stack_start $0088
  __stack_top   $00F7

CALL STACK
  region=ram depth=2 bytes=$0008 physical=$00F8-$00FF extra=$0000 weighted-depth=4 bank-extra-slots=2

CALL GRAPH
  EDGE main -> matrix_source slots=2 reason=compiled-direct-call object=/tmp/vcsc.Px7Ds4/fa2-28-source5.000001.o26 bank-bridge=yes
  EDGE matrix_source -> matrix_probe6 slots=2 reason=compiled-direct-call object=/tmp/vcsc.Px7Ds4/fa2-28-source5.000001.o26 bank-bridge=yes
  EDGE matrix_source -> matrix_probe5 slots=1 reason=compiled-direct-call object=/tmp/vcsc.Px7Ds4/fa2-28-source5.000001.o26
  EDGE matrix_source -> matrix_probe4 slots=2 reason=compiled-direct-call object=/tmp/vcsc.Px7Ds4/fa2-28-source5.000001.o26 bank-bridge=yes
  EDGE matrix_source -> matrix_probe3 slots=2 reason=compiled-direct-call object=/tmp/vcsc.Px7Ds4/fa2-28-source5.000001.o26 bank-bridge=yes
  EDGE matrix_source -> matrix_probe2 slots=2 reason=compiled-direct-call object=/tmp/vcsc.Px7Ds4/fa2-28-source5.000001.o26 bank-bridge=yes
  EDGE matrix_source -> matrix_probe1 slots=2 reason=compiled-direct-call object=/tmp/vcsc.Px7Ds4/fa2-28-source5.000001.o26 bank-bridge=yes
  EDGE matrix_source -> matrix_probe0 slots=2 reason=compiled-direct-call object=/tmp/vcsc.Px7Ds4/fa2-28-source5.000001.o26 bank-bridge=yes
  DEEPEST weighted-depth=4 path=main -> matrix_source -> matrix_probe0
  TOTAL source-bytes=$0008 hidden-bytes=$0000 total-bytes=$0008

SYMBOLS
  $F200  __vcsc_startup_simple  /mnt/data/vcsc_bankaudit/libraries/runtime/libvcsc.l26(vcsc-rt1-simple.o26)
  $F21B  __weak___irqbrk       /mnt/data/vcsc_bankaudit/libraries/runtime/libvcsc.l26(vcsc-rt1-simple.o26)
  $F21B  __weak___nmi          /mnt/data/vcsc_bankaudit/libraries/runtime/libvcsc.l26(vcsc-rt1-simple.o26)
  $F200  __reset               /mnt/data/vcsc_bankaudit/libraries/runtime/libvcsc.l26(vcsc-rt1-simple.o26)
  $F230  main                  /tmp/vcsc.Px7Ds4/fa2-28-source5.000001.o26
  $F22C  matrix_done           /tmp/vcsc.Px7Ds4/fa2-28-source5.000001.o26
  $5213  matrix_source         /tmp/vcsc.Px7Ds4/fa2-28-source5.000001.o26
  $0086  matrix_probe6$__return  /tmp/vcsc.Px7Ds4/fa2-28-source5.000001.o26
  $3200  matrix_probe6         /tmp/vcsc.Px7Ds4/fa2-28-source5.000001.o26
  $0086  matrix_probe5$__return  /tmp/vcsc.Px7Ds4/fa2-28-source5.000001.o26
  $5200  matrix_probe5         /tmp/vcsc.Px7Ds4/fa2-28-source5.000001.o26
  $0086  matrix_probe4$__return  /tmp/vcsc.Px7Ds4/fa2-28-source5.000001.o26
  $7200  matrix_probe4         /tmp/vcsc.Px7Ds4/fa2-28-source5.000001.o26
  $0086  matrix_probe3$__return  /tmp/vcsc.Px7Ds4/fa2-28-source5.000001.o26
  $9200  matrix_probe3         /tmp/vcsc.Px7Ds4/fa2-28-source5.000001.o26
  $0086  matrix_probe2$__return  /tmp/vcsc.Px7Ds4/fa2-28-source5.000001.o26
  $B200  matrix_probe2         /tmp/vcsc.Px7Ds4/fa2-28-source5.000001.o26
  $0086  matrix_probe1$__return  /tmp/vcsc.Px7Ds4/fa2-28-source5.000001.o26
  $D200  matrix_probe1         /tmp/vcsc.Px7Ds4/fa2-28-source5.000001.o26
  $0086  matrix_probe0$__return  /tmp/vcsc.Px7Ds4/fa2-28-source5.000001.o26
  $F21C  matrix_probe0         /tmp/vcsc.Px7Ds4/fa2-28-source5.000001.o26
  $0083  matrix_sp_after       /tmp/vcsc.Px7Ds4/fa2-28-source5.000001.o26
  $0082  matrix_sp_before      /tmp/vcsc.Px7Ds4/fa2-28-source5.000001.o26
  $0081  matrix_count          /tmp/vcsc.Px7Ds4/fa2-28-source5.000001.o26
  $0080  matrix_failure        /tmp/vcsc.Px7Ds4/fa2-28-source5.000001.o26
  $0088  __stack_start         <linker>
  $00F7  __stack_top           <linker>
  $0002  __call_stack_depth    <linker>
  $0004  __call_stack_weighted_depth  <linker>
  $0002  __call_stack_bank_extra_slots  <linker>
  $0000  __call_stack_extra    <linker>
  $0008  __call_stack_size     <linker>
  $00F8  __call_stack_start    <linker>
  $00FF  __call_stack_top      <linker>
