------- VCSC linked image listing
------- Human source listing; addresses and bytes are final after relocation.
------- RAM symbols retain DASM constant rows for Stella compatibility.
    1 0086          00 86 matrix_probe3$__return =
    2 0086          00 86 matrix_probe2$__return =
    3 0086          00 86 matrix_probe1$__return =
    4 0086          00 86 matrix_probe0$__return =
    5 0083          00 83 matrix_sp_after =
    6 0082          00 82 matrix_sp_before =
    7 0081          00 81 matrix_count =
    8 0080          00 80 matrix_failure =
    9 0088          00 88 __stack_start =
   10 00f9          00 f9 __stack_top =
   11 0002          00 02 __call_stack_depth =
   12 0003          00 03 __call_stack_weighted_depth =
   13 0001          00 01 __call_stack_bank_extra_slots =
   14 0000          00 00 __call_stack_extra =
   15 0006          00 06 __call_stack_size =
   16 00fa          00 fa __call_stack_start =
   17 00ff          00 ff __call_stack_top =
------- Source-correlated linked statements
; /mnt/data/vcsc_bankaudit/.tmp-callmatrix/jane-source0.c26:12 [bank bank3] | bank3 uint8_t matrix_probe3(void) { matrix_count := matrix_count + 1; return 0x83; }
   18 9000 a5 81                   ; LDA matrix_count
   19 9002 18                      ; CLC
   20 9003 69 01                   ; ADC #1
   21 9005 85 81                   ; STA matrix_count
   22 9007 a9 83                   ; LDA #131
   23 9009 85 87                   ; STA __vcsc_scratch_3
   24 900b a5 87                   ; LDA __vcsc_scratch_3
   25 900d 85 86                   ; STA matrix_probe3$__return
; <compiler-generated> [bank bank3]
   26 900f 60                      ; RTS
; /mnt/data/vcsc_bankaudit/.tmp-callmatrix/jane-source0.c26:11 [bank bank2] | bank2 uint8_t matrix_probe2(void) { matrix_count := matrix_count + 1; return 0x82; }
   27 b000 a5 81                   ; LDA matrix_count
   28 b002 18                      ; CLC
   29 b003 69 01                   ; ADC #1
   30 b005 85 81                   ; STA matrix_count
   31 b007 a9 82                   ; LDA #130
   32 b009 85 87                   ; STA __vcsc_scratch_2
   33 b00b a5 87                   ; LDA __vcsc_scratch_2
   34 b00d 85 86                   ; STA matrix_probe2$__return
; <compiler-generated> [bank bank2]
   35 b00f 60                      ; RTS
; /mnt/data/vcsc_bankaudit/.tmp-callmatrix/jane-source0.c26:10 [bank bank1] | bank1 uint8_t matrix_probe1(void) { matrix_count := matrix_count + 1; return 0x81; }
   36 d000 a5 81                   ; LDA matrix_count
   37 d002 18                      ; CLC
   38 d003 69 01                   ; ADC #1
   39 d005 85 81                   ; STA matrix_count
   40 d007 a9 81                   ; LDA #129
   41 d009 85 87                   ; STA __vcsc_scratch_1
   42 d00b a5 87                   ; LDA __vcsc_scratch_1
   43 d00d 85 86                   ; STA matrix_probe1$__return
; <compiler-generated> [bank bank1]
   44 d00f 60                      ; RTS
; wrk/vcsc-rt1-simple.s26:25 [bank bank0] | sei
   45 f000 78                      ; SEI
; wrk/vcsc-rt1-simple.s26:26 [bank bank0] | cld
   46 f001 d8                      ; CLD
; wrk/vcsc-rt1-simple.s26:27 [bank bank0] | ldx #$ff
   47 f002 a2 ff                   ; LDX #255
; wrk/vcsc-rt1-simple.s26:28 [bank bank0] | txs
   48 f004 9a                      ; TXS
; wrk/vcsc-rt1-simple.s26:30 [bank bank0] | lda #0
   49 f005 a9 00                   ; LDA #0
; wrk/vcsc-rt1-simple.s26:31 [bank bank0] | ldx #$7f
   50 f007 a2 7f                   ; LDX #127
; wrk/vcsc-rt1-simple.s26:33 [bank bank0] | sta $80,x
   51 f009 95 80                   ; STA 128,X
; wrk/vcsc-rt1-simple.s26:34 [bank bank0] | dex
   52 f00b ca                      ; DEX
; wrk/vcsc-rt1-simple.s26:35 [bank bank0] | bpl.same @clear_ram
   53 f00c 10 fb                   ; BPL.same @clear_ram
; wrk/vcsc-rt1-simple.s26:37 [bank bank0] | ldx #$2c
   54 f00e a2 2c                   ; LDX #44
; wrk/vcsc-rt1-simple.s26:39 [bank bank0] | sta $00,x
   55 f010 95 00                   ; STA 0,X
; wrk/vcsc-rt1-simple.s26:40 [bank bank0] | dex
   56 f012 ca                      ; DEX
; wrk/vcsc-rt1-simple.s26:41 [bank bank0] | bpl.same @clear_tia
   57 f013 10 fb                   ; BPL.same @clear_tia
; wrk/vcsc-rt1-simple.s26:43 [bank bank0] | ldx #$ff
   58 f015 a2 ff                   ; LDX #255
; wrk/vcsc-rt1-simple.s26:44 [bank bank0] | txs
   59 f017 9a                      ; TXS
; wrk/vcsc-rt1-simple.s26:45 [bank bank0] | jmp main
   60 f018 4c 02 f1                ; JMP main  => $F102
; wrk/vcsc-rt1-simple.s26:49 [bank bank0] | rti
   61 f01b 40                      ; RTI
; /mnt/data/vcsc_bankaudit/.tmp-callmatrix/jane-source0.c26:9 [bank bank0] | bank0 uint8_t matrix_probe0(void) { matrix_count := matrix_count + 1; return 0x80; }
   62 f01c a5 81                   ; LDA matrix_count
   63 f01e 18                      ; CLC
   64 f01f 69 01                   ; ADC #1
   65 f021 85 81                   ; STA matrix_count
   66 f023 a9 80                   ; LDA #128
   67 f025 85 87                   ; STA __vcsc_scratch_0
   68 f027 a5 87                   ; LDA __vcsc_scratch_0
   69 f029 85 86                   ; STA matrix_probe0$__return
; <compiler-generated> [bank bank0]
   70 f02b 60                      ; RTS
; /mnt/data/vcsc_bankaudit/.tmp-callmatrix/jane-source0.c26:15 [bank bank0] | matrix_count := 0;
   71 f02c a9 00                   ; LDA #0
   72 f02e 85 81                   ; STA matrix_count
; /mnt/data/vcsc_bankaudit/.tmp-callmatrix/jane-source0.c26:16 [bank bank0] | asm tsx; asm stx matrix_sp_before;
   73 f030 ba                      ; TSX
   74 f031 86 82                   ; STX matrix_sp_before
; /mnt/data/vcsc_bankaudit/.tmp-callmatrix/jane-source0.c26:18 [bank bank0] | asm tsx; asm stx matrix_sp_after;
   75 f033 20 1c f0                ; JSR matrix_probe0  => $F01C
   76 f036 a5 86                   ; LDA matrix_probe0$__return
   77 f038 85 84                   ; STA __vcsc_scratch_4
   78 f03a a9 80                   ; LDA #128
   79 f03c 85 85                   ; STA (__vcsc_scratch_4 + 1)
   80 f03e a5 84                   ; LDA __vcsc_scratch_4
   81 f040 c5 85                   ; CMP (__vcsc_scratch_4 + 1)
   82 f042 d0 04                   ; BNE @cmp_false_3
   83 f044 a9 01                   ; LDA #1
   84 f046 d0 02                   ; BNE @cmp_done_4
   85 f048 a9 00                   ; LDA #0
   86 f04a d0 04                   ; BNE @if_false_0
; /mnt/data/vcsc_bankaudit/.tmp-callmatrix/jane-source0.c26:17 [bank bank0] | if (matrix_probe0() != 0x80) { matrix_failure := 0x01; }
   87 f04c a9 01                   ; LDA #1
   88 f04e 85 80                   ; STA matrix_failure
; /mnt/data/vcsc_bankaudit/.tmp-callmatrix/jane-source0.c26:18 [bank bank0] | asm tsx; asm stx matrix_sp_after;
   89 f050 ba                      ; TSX
   90 f051 86 83                   ; STX matrix_sp_after
; /mnt/data/vcsc_bankaudit/.tmp-callmatrix/jane-source0.c26:20 [bank bank0] | asm tsx; asm stx matrix_sp_before;
   91 f053 a5 83                   ; LDA matrix_sp_after
   92 f055 c5 82                   ; CMP matrix_sp_before
   93 f057 d0 03                   ; BNE @u8_ne_true_7
   94 f059 4c 60 f0                ; JMP @if_false_5  => $F060
; /mnt/data/vcsc_bankaudit/.tmp-callmatrix/jane-source0.c26:19 [bank bank0] | if (matrix_sp_after != matrix_sp_before) { matrix_failure := 0x40; }
   95 f05c a9 40                   ; LDA #64
   96 f05e 85 80                   ; STA matrix_failure
; /mnt/data/vcsc_bankaudit/.tmp-callmatrix/jane-source0.c26:20 [bank bank0] | asm tsx; asm stx matrix_sp_before;
   97 f060 ba                      ; TSX
   98 f061 86 82                   ; STX matrix_sp_before
; /mnt/data/vcsc_bankaudit/.tmp-callmatrix/jane-source0.c26:22 [bank bank0] | asm tsx; asm stx matrix_sp_after;
   99 f063 20 00 ff                ; JSR matrix_probe1  => $FF00
  100 f066 a5 86                   ; LDA matrix_probe1$__return
  101 f068 85 84                   ; STA __vcsc_scratch_4
  102 f06a a9 81                   ; LDA #129
  103 f06c 85 85                   ; STA (__vcsc_scratch_4 + 1)
  104 f06e a5 84                   ; LDA __vcsc_scratch_4
  105 f070 c5 85                   ; CMP (__vcsc_scratch_4 + 1)
  106 f072 d0 04                   ; BNE @cmp_false_11
  107 f074 a9 01                   ; LDA #1
  108 f076 d0 02                   ; BNE @cmp_done_12
  109 f078 a9 00                   ; LDA #0
  110 f07a d0 04                   ; BNE @if_false_8
; /mnt/data/vcsc_bankaudit/.tmp-callmatrix/jane-source0.c26:21 [bank bank0] | if (matrix_probe1() != 0x81) { matrix_failure := 0x02; }
  111 f07c a9 02                   ; LDA #2
  112 f07e 85 80                   ; STA matrix_failure
; /mnt/data/vcsc_bankaudit/.tmp-callmatrix/jane-source0.c26:22 [bank bank0] | asm tsx; asm stx matrix_sp_after;
  113 f080 ba                      ; TSX
  114 f081 86 83                   ; STX matrix_sp_after
; /mnt/data/vcsc_bankaudit/.tmp-callmatrix/jane-source0.c26:24 [bank bank0] | asm tsx; asm stx matrix_sp_before;
  115 f083 a5 83                   ; LDA matrix_sp_after
  116 f085 c5 82                   ; CMP matrix_sp_before
  117 f087 d0 03                   ; BNE @u8_ne_true_15
  118 f089 4c 90 f0                ; JMP @if_false_13  => $F090
; /mnt/data/vcsc_bankaudit/.tmp-callmatrix/jane-source0.c26:23 [bank bank0] | if (matrix_sp_after != matrix_sp_before) { matrix_failure := 0x41; }
  119 f08c a9 41                   ; LDA #65
  120 f08e 85 80                   ; STA matrix_failure
; /mnt/data/vcsc_bankaudit/.tmp-callmatrix/jane-source0.c26:24 [bank bank0] | asm tsx; asm stx matrix_sp_before;
  121 f090 ba                      ; TSX
  122 f091 86 82                   ; STX matrix_sp_before
; /mnt/data/vcsc_bankaudit/.tmp-callmatrix/jane-source0.c26:26 [bank bank0] | asm tsx; asm stx matrix_sp_after;
  123 f093 20 0f ff                ; JSR matrix_probe2  => $FF0F
  124 f096 a5 86                   ; LDA matrix_probe2$__return
  125 f098 85 84                   ; STA __vcsc_scratch_4
  126 f09a a9 82                   ; LDA #130
  127 f09c 85 85                   ; STA (__vcsc_scratch_4 + 1)
  128 f09e a5 84                   ; LDA __vcsc_scratch_4
  129 f0a0 c5 85                   ; CMP (__vcsc_scratch_4 + 1)
  130 f0a2 d0 04                   ; BNE @cmp_false_19
  131 f0a4 a9 01                   ; LDA #1
  132 f0a6 d0 02                   ; BNE @cmp_done_20
  133 f0a8 a9 00                   ; LDA #0
  134 f0aa d0 04                   ; BNE @if_false_16
; /mnt/data/vcsc_bankaudit/.tmp-callmatrix/jane-source0.c26:25 [bank bank0] | if (matrix_probe2() != 0x82) { matrix_failure := 0x03; }
  135 f0ac a9 03                   ; LDA #3
  136 f0ae 85 80                   ; STA matrix_failure
; /mnt/data/vcsc_bankaudit/.tmp-callmatrix/jane-source0.c26:26 [bank bank0] | asm tsx; asm stx matrix_sp_after;
  137 f0b0 ba                      ; TSX
  138 f0b1 86 83                   ; STX matrix_sp_after
; /mnt/data/vcsc_bankaudit/.tmp-callmatrix/jane-source0.c26:28 [bank bank0] | asm tsx; asm stx matrix_sp_before;
  139 f0b3 a5 83                   ; LDA matrix_sp_after
  140 f0b5 c5 82                   ; CMP matrix_sp_before
  141 f0b7 d0 03                   ; BNE @u8_ne_true_23
  142 f0b9 4c c0 f0                ; JMP @if_false_21  => $F0C0
; /mnt/data/vcsc_bankaudit/.tmp-callmatrix/jane-source0.c26:27 [bank bank0] | if (matrix_sp_after != matrix_sp_before) { matrix_failure := 0x42; }
  143 f0bc a9 42                   ; LDA #66
  144 f0be 85 80                   ; STA matrix_failure
; /mnt/data/vcsc_bankaudit/.tmp-callmatrix/jane-source0.c26:28 [bank bank0] | asm tsx; asm stx matrix_sp_before;
  145 f0c0 ba                      ; TSX
  146 f0c1 86 82                   ; STX matrix_sp_before
; /mnt/data/vcsc_bankaudit/.tmp-callmatrix/jane-source0.c26:30 [bank bank0] | asm tsx; asm stx matrix_sp_after;
  147 f0c3 20 1e ff                ; JSR matrix_probe3  => $FF1E
  148 f0c6 a5 86                   ; LDA matrix_probe3$__return
  149 f0c8 85 84                   ; STA __vcsc_scratch_4
  150 f0ca a9 83                   ; LDA #131
  151 f0cc 85 85                   ; STA (__vcsc_scratch_4 + 1)
  152 f0ce a5 84                   ; LDA __vcsc_scratch_4
  153 f0d0 c5 85                   ; CMP (__vcsc_scratch_4 + 1)
  154 f0d2 d0 04                   ; BNE @cmp_false_27
  155 f0d4 a9 01                   ; LDA #1
  156 f0d6 d0 02                   ; BNE @cmp_done_28
  157 f0d8 a9 00                   ; LDA #0
  158 f0da d0 04                   ; BNE @if_false_24
; /mnt/data/vcsc_bankaudit/.tmp-callmatrix/jane-source0.c26:29 [bank bank0] | if (matrix_probe3() != 0x83) { matrix_failure := 0x04; }
  159 f0dc a9 04                   ; LDA #4
  160 f0de 85 80                   ; STA matrix_failure
; /mnt/data/vcsc_bankaudit/.tmp-callmatrix/jane-source0.c26:30 [bank bank0] | asm tsx; asm stx matrix_sp_after;
  161 f0e0 ba                      ; TSX
  162 f0e1 86 83                   ; STX matrix_sp_after
; /mnt/data/vcsc_bankaudit/.tmp-callmatrix/jane-source0.c26:32 [bank bank0] | if (matrix_count != 4) { matrix_failure := 0x7E; }
  163 f0e3 a5 83                   ; LDA matrix_sp_after
  164 f0e5 c5 82                   ; CMP matrix_sp_before
  165 f0e7 d0 03                   ; BNE @u8_ne_true_31
  166 f0e9 4c f0 f0                ; JMP @if_false_29  => $F0F0
; /mnt/data/vcsc_bankaudit/.tmp-callmatrix/jane-source0.c26:31 [bank bank0] | if (matrix_sp_after != matrix_sp_before) { matrix_failure := 0x43; }
  167 f0ec a9 43                   ; LDA #67
  168 f0ee 85 80                   ; STA matrix_failure
; /mnt/data/vcsc_bankaudit/.tmp-callmatrix/jane-source0.c26:33 [bank bank0] | }
  169 f0f0 a5 81                   ; LDA matrix_count
  170 f0f2 c9 04                   ; CMP #4
  171 f0f4 d0 03                   ; BNE @u8_ne_true_34
  172 f0f6 4c fd f0                ; JMP @if_false_32  => $F0FD
; /mnt/data/vcsc_bankaudit/.tmp-callmatrix/jane-source0.c26:32 [bank bank0] | if (matrix_count != 4) { matrix_failure := 0x7E; }
  173 f0f9 a9 7e                   ; LDA #126
  174 f0fb 85 80                   ; STA matrix_failure
; <compiler-generated> [bank bank0]
  175 f0fd 60                      ; RTS
; /mnt/data/vcsc_bankaudit/.tmp-callmatrix/jane-source0.c26:35 [bank bank0] | bank0 void matrix_done(void) { while (1) { } }
  176 f0fe 4c fe f0                ; JMP @while_start_35  => $F0FE
; <compiler-generated> [bank bank0]
  177 f101 60                      ; RTS
; /mnt/data/vcsc_bankaudit/.tmp-callmatrix/jane-source0.c26:38 [bank bank0] | matrix_failure := 0;
  178 f102 a9 00                   ; LDA #0
  179 f104 85 80                   ; STA matrix_failure
; /mnt/data/vcsc_bankaudit/.tmp-callmatrix/jane-source0.c26:39 [bank bank0] | matrix_source();
  180 f106 20 2c f0                ; JSR matrix_source  => $F02C
; /mnt/data/vcsc_bankaudit/.tmp-callmatrix/jane-source0.c26:40 [bank bank0] | asm jmp matrix_done;
  181 f109 4c fe f0                ; JMP matrix_done  => $F0FE
; <compiler-generated> [bank bank0]
  182 f10c 6c fc ff                ; JMP (65532)  => $FFFC
------- Unattributed/linker-generated linked bytes
  183 9ee0 2c f1 1f 4c 1b f0 2c f1 ; <linker-generated/unattributed>
  184 9ee8 1f 4c 00 f0 2c f1 1f 4c ; <linker-generated/unattributed>
  185 9ef0 1b f0                   ; <linker-generated/unattributed>
  186 9f00 20 07 ff 8d f1 1f 60 8d ; <linker-generated/unattributed>
  187 9f08 f0 1f 6c 0d ff 00 d0 20 ; <linker-generated/unattributed>
  188 9f10 16 ff 8d f1 1f 60 8d f8 ; <linker-generated/unattributed>
  189 9f18 1f 6c 1c ff 00 b0 20 25 ; <linker-generated/unattributed>
  190 9f20 ff 8d f1 1f 60 8d f9 1f ; <linker-generated/unattributed>
  191 9f28 6c 2b ff 00 90          ; <linker-generated/unattributed>
  192 9ffa e0 fe e6 fe ec fe       ; <linker-generated/unattributed>
  193 bee0 2c f1 1f 4c 1b f0 2c f1 ; <linker-generated/unattributed>
  194 bee8 1f 4c 00 f0 2c f1 1f 4c ; <linker-generated/unattributed>
  195 bef0 1b f0                   ; <linker-generated/unattributed>
  196 bf00 20 07 ff 8d f1 1f 60 8d ; <linker-generated/unattributed>
  197 bf08 f0 1f 6c 0d ff 00 d0 20 ; <linker-generated/unattributed>
  198 bf10 16 ff 8d f1 1f 60 8d f8 ; <linker-generated/unattributed>
  199 bf18 1f 6c 1c ff 00 b0 20 25 ; <linker-generated/unattributed>
  200 bf20 ff 8d f1 1f 60 8d f9 1f ; <linker-generated/unattributed>
  201 bf28 6c 2b ff 00 90          ; <linker-generated/unattributed>
  202 bffa e0 fe e6 fe ec fe       ; <linker-generated/unattributed>
  203 dee0 2c f1 1f 4c 1b f0 2c f1 ; <linker-generated/unattributed>
  204 dee8 1f 4c 00 f0 2c f1 1f 4c ; <linker-generated/unattributed>
  205 def0 1b f0                   ; <linker-generated/unattributed>
  206 df00 20 07 ff 8d f1 1f 60 8d ; <linker-generated/unattributed>
  207 df08 f0 1f 6c 0d ff 00 d0 20 ; <linker-generated/unattributed>
  208 df10 16 ff 8d f1 1f 60 8d f8 ; <linker-generated/unattributed>
  209 df18 1f 6c 1c ff 00 b0 20 25 ; <linker-generated/unattributed>
  210 df20 ff 8d f1 1f 60 8d f9 1f ; <linker-generated/unattributed>
  211 df28 6c 2b ff 00 90          ; <linker-generated/unattributed>
  212 dffa e0 fe e6 fe ec fe       ; <linker-generated/unattributed>
  213 fee0 2c f1 1f 4c 1b f0 2c f1 ; <linker-generated/unattributed>
  214 fee8 1f 4c 00 f0 2c f1 1f 4c ; <linker-generated/unattributed>
  215 fef0 1b f0                   ; <linker-generated/unattributed>
  216 ff00 20 07 ff 8d f1 1f 60 8d ; <linker-generated/unattributed>
  217 ff08 f0 1f 6c 0d ff 00 d0 20 ; <linker-generated/unattributed>
  218 ff10 16 ff 8d f1 1f 60 8d f8 ; <linker-generated/unattributed>
  219 ff18 1f 6c 1c ff 00 b0 20 25 ; <linker-generated/unattributed>
  220 ff20 ff 8d f1 1f 60 8d f9 1f ; <linker-generated/unattributed>
  221 ff28 6c 2b ff 00 90          ; <linker-generated/unattributed>
  222 fffa e0 fe e6 fe ec fe       ; <linker-generated/unattributed>
