------- VCSC linked image listing
------- Human source listing; addresses and bytes are final after relocation.
------- RAM symbols retain DASM constant rows for Stella compatibility.
    1 0086          00 86 matrix_probe3$__return =
    2 0086          00 86 matrix_probe2$__return =
    3 0086          00 86 matrix_probe1$__return =
    4 0086          00 86 matrix_probe0$__return =
    5 0083          00 83 matrix_sp_after =
    6 0082          00 82 matrix_sp_before =
    7 0081          00 81 matrix_count =
    8 0080          00 80 matrix_failure =
    9 0088          00 88 __stack_start =
   10 00f7          00 f7 __stack_top =
   11 0002          00 02 __call_stack_depth =
   12 0004          00 04 __call_stack_weighted_depth =
   13 0002          00 02 __call_stack_bank_extra_slots =
   14 0000          00 00 __call_stack_extra =
   15 0008          00 08 __call_stack_size =
   16 00f8          00 f8 __call_stack_start =
   17 00ff          00 ff __call_stack_top =
------- Source-correlated linked statements
; /mnt/data/vcsc_bankaudit/.tmp-callmatrix/jane-source3.c26:12 [bank bank3] | bank3 uint8_t matrix_probe3(void) { matrix_count := matrix_count + 1; return 0x83; }
   18 9000 a5 81                   ; LDA matrix_count
   19 9002 18                      ; CLC
   20 9003 69 01                   ; ADC #1
   21 9005 85 81                   ; STA matrix_count
   22 9007 a9 83                   ; LDA #131
   23 9009 85 87                   ; STA __vcsc_scratch_3
   24 900b a5 87                   ; LDA __vcsc_scratch_3
   25 900d 85 86                   ; STA matrix_probe3$__return
; <compiler-generated> [bank bank3]
   26 900f 60                      ; RTS
; /mnt/data/vcsc_bankaudit/.tmp-callmatrix/jane-source3.c26:15 [bank bank3] | matrix_count := 0;
   27 9010 a9 00                   ; LDA #0
   28 9012 85 81                   ; STA matrix_count
; /mnt/data/vcsc_bankaudit/.tmp-callmatrix/jane-source3.c26:16 [bank bank3] | asm tsx; asm stx matrix_sp_before;
   29 9014 ba                      ; TSX
   30 9015 86 82                   ; STX matrix_sp_before
; /mnt/data/vcsc_bankaudit/.tmp-callmatrix/jane-source3.c26:18 [bank bank3] | asm tsx; asm stx matrix_sp_after;
   31 9017 20 00 9f                ; JSR matrix_probe0  => $9F00
   32 901a a5 86                   ; LDA matrix_probe0$__return
   33 901c 85 84                   ; STA __vcsc_scratch_4
   34 901e a9 80                   ; LDA #128
   35 9020 85 85                   ; STA (__vcsc_scratch_4 + 1)
   36 9022 a5 84                   ; LDA __vcsc_scratch_4
   37 9024 c5 85                   ; CMP (__vcsc_scratch_4 + 1)
   38 9026 d0 04                   ; BNE @cmp_false_3
   39 9028 a9 01                   ; LDA #1
   40 902a d0 02                   ; BNE @cmp_done_4
   41 902c a9 00                   ; LDA #0
   42 902e d0 04                   ; BNE @if_false_0
; /mnt/data/vcsc_bankaudit/.tmp-callmatrix/jane-source3.c26:17 [bank bank3] | if (matrix_probe0() != 0x80) { matrix_failure := 0x01; }
   43 9030 a9 01                   ; LDA #1
   44 9032 85 80                   ; STA matrix_failure
; /mnt/data/vcsc_bankaudit/.tmp-callmatrix/jane-source3.c26:18 [bank bank3] | asm tsx; asm stx matrix_sp_after;
   45 9034 ba                      ; TSX
   46 9035 86 83                   ; STX matrix_sp_after
; /mnt/data/vcsc_bankaudit/.tmp-callmatrix/jane-source3.c26:20 [bank bank3] | asm tsx; asm stx matrix_sp_before;
   47 9037 a5 83                   ; LDA matrix_sp_after
   48 9039 c5 82                   ; CMP matrix_sp_before
   49 903b d0 03                   ; BNE @u8_ne_true_7
   50 903d 4c 44 90                ; JMP @if_false_5  => $9044
; /mnt/data/vcsc_bankaudit/.tmp-callmatrix/jane-source3.c26:19 [bank bank3] | if (matrix_sp_after != matrix_sp_before) { matrix_failure := 0x40; }
   51 9040 a9 40                   ; LDA #64
   52 9042 85 80                   ; STA matrix_failure
; /mnt/data/vcsc_bankaudit/.tmp-callmatrix/jane-source3.c26:20 [bank bank3] | asm tsx; asm stx matrix_sp_before;
   53 9044 ba                      ; TSX
   54 9045 86 82                   ; STX matrix_sp_before
; /mnt/data/vcsc_bankaudit/.tmp-callmatrix/jane-source3.c26:22 [bank bank3] | asm tsx; asm stx matrix_sp_after;
   55 9047 20 0f 9f                ; JSR matrix_probe1  => $9F0F
   56 904a a5 86                   ; LDA matrix_probe1$__return
   57 904c 85 84                   ; STA __vcsc_scratch_4
   58 904e a9 81                   ; LDA #129
   59 9050 85 85                   ; STA (__vcsc_scratch_4 + 1)
   60 9052 a5 84                   ; LDA __vcsc_scratch_4
   61 9054 c5 85                   ; CMP (__vcsc_scratch_4 + 1)
   62 9056 d0 04                   ; BNE @cmp_false_11
   63 9058 a9 01                   ; LDA #1
   64 905a d0 02                   ; BNE @cmp_done_12
   65 905c a9 00                   ; LDA #0
   66 905e d0 04                   ; BNE @if_false_8
; /mnt/data/vcsc_bankaudit/.tmp-callmatrix/jane-source3.c26:21 [bank bank3] | if (matrix_probe1() != 0x81) { matrix_failure := 0x02; }
   67 9060 a9 02                   ; LDA #2
   68 9062 85 80                   ; STA matrix_failure
; /mnt/data/vcsc_bankaudit/.tmp-callmatrix/jane-source3.c26:22 [bank bank3] | asm tsx; asm stx matrix_sp_after;
   69 9064 ba                      ; TSX
   70 9065 86 83                   ; STX matrix_sp_after
; /mnt/data/vcsc_bankaudit/.tmp-callmatrix/jane-source3.c26:24 [bank bank3] | asm tsx; asm stx matrix_sp_before;
   71 9067 a5 83                   ; LDA matrix_sp_after
   72 9069 c5 82                   ; CMP matrix_sp_before
   73 906b d0 03                   ; BNE @u8_ne_true_15
   74 906d 4c 74 90                ; JMP @if_false_13  => $9074
; /mnt/data/vcsc_bankaudit/.tmp-callmatrix/jane-source3.c26:23 [bank bank3] | if (matrix_sp_after != matrix_sp_before) { matrix_failure := 0x41; }
   75 9070 a9 41                   ; LDA #65
   76 9072 85 80                   ; STA matrix_failure
; /mnt/data/vcsc_bankaudit/.tmp-callmatrix/jane-source3.c26:24 [bank bank3] | asm tsx; asm stx matrix_sp_before;
   77 9074 ba                      ; TSX
   78 9075 86 82                   ; STX matrix_sp_before
; /mnt/data/vcsc_bankaudit/.tmp-callmatrix/jane-source3.c26:26 [bank bank3] | asm tsx; asm stx matrix_sp_after;
   79 9077 20 1e 9f                ; JSR matrix_probe2  => $9F1E
   80 907a a5 86                   ; LDA matrix_probe2$__return
   81 907c 85 84                   ; STA __vcsc_scratch_4
   82 907e a9 82                   ; LDA #130
   83 9080 85 85                   ; STA (__vcsc_scratch_4 + 1)
   84 9082 a5 84                   ; LDA __vcsc_scratch_4
   85 9084 c5 85                   ; CMP (__vcsc_scratch_4 + 1)
   86 9086 d0 04                   ; BNE @cmp_false_19
   87 9088 a9 01                   ; LDA #1
   88 908a d0 02                   ; BNE @cmp_done_20
   89 908c a9 00                   ; LDA #0
   90 908e d0 04                   ; BNE @if_false_16
; /mnt/data/vcsc_bankaudit/.tmp-callmatrix/jane-source3.c26:25 [bank bank3] | if (matrix_probe2() != 0x82) { matrix_failure := 0x03; }
   91 9090 a9 03                   ; LDA #3
   92 9092 85 80                   ; STA matrix_failure
; /mnt/data/vcsc_bankaudit/.tmp-callmatrix/jane-source3.c26:26 [bank bank3] | asm tsx; asm stx matrix_sp_after;
   93 9094 ba                      ; TSX
   94 9095 86 83                   ; STX matrix_sp_after
; /mnt/data/vcsc_bankaudit/.tmp-callmatrix/jane-source3.c26:28 [bank bank3] | asm tsx; asm stx matrix_sp_before;
   95 9097 a5 83                   ; LDA matrix_sp_after
   96 9099 c5 82                   ; CMP matrix_sp_before
   97 909b d0 03                   ; BNE @u8_ne_true_23
   98 909d 4c a4 90                ; JMP @if_false_21  => $90A4
; /mnt/data/vcsc_bankaudit/.tmp-callmatrix/jane-source3.c26:27 [bank bank3] | if (matrix_sp_after != matrix_sp_before) { matrix_failure := 0x42; }
   99 90a0 a9 42                   ; LDA #66
  100 90a2 85 80                   ; STA matrix_failure
; /mnt/data/vcsc_bankaudit/.tmp-callmatrix/jane-source3.c26:28 [bank bank3] | asm tsx; asm stx matrix_sp_before;
  101 90a4 ba                      ; TSX
  102 90a5 86 82                   ; STX matrix_sp_before
; /mnt/data/vcsc_bankaudit/.tmp-callmatrix/jane-source3.c26:30 [bank bank3] | asm tsx; asm stx matrix_sp_after;
  103 90a7 20 00 90                ; JSR matrix_probe3  => $9000
  104 90aa a5 86                   ; LDA matrix_probe3$__return
  105 90ac 85 84                   ; STA __vcsc_scratch_4
  106 90ae a9 83                   ; LDA #131
  107 90b0 85 85                   ; STA (__vcsc_scratch_4 + 1)
  108 90b2 a5 84                   ; LDA __vcsc_scratch_4
  109 90b4 c5 85                   ; CMP (__vcsc_scratch_4 + 1)
  110 90b6 d0 04                   ; BNE @cmp_false_27
  111 90b8 a9 01                   ; LDA #1
  112 90ba d0 02                   ; BNE @cmp_done_28
  113 90bc a9 00                   ; LDA #0
  114 90be d0 04                   ; BNE @if_false_24
; /mnt/data/vcsc_bankaudit/.tmp-callmatrix/jane-source3.c26:29 [bank bank3] | if (matrix_probe3() != 0x83) { matrix_failure := 0x04; }
  115 90c0 a9 04                   ; LDA #4
  116 90c2 85 80                   ; STA matrix_failure
; /mnt/data/vcsc_bankaudit/.tmp-callmatrix/jane-source3.c26:30 [bank bank3] | asm tsx; asm stx matrix_sp_after;
  117 90c4 ba                      ; TSX
  118 90c5 86 83                   ; STX matrix_sp_after
; /mnt/data/vcsc_bankaudit/.tmp-callmatrix/jane-source3.c26:32 [bank bank3] | if (matrix_count != 4) { matrix_failure := 0x7E; }
  119 90c7 a5 83                   ; LDA matrix_sp_after
  120 90c9 c5 82                   ; CMP matrix_sp_before
  121 90cb d0 03                   ; BNE @u8_ne_true_31
  122 90cd 4c d4 90                ; JMP @if_false_29  => $90D4
; /mnt/data/vcsc_bankaudit/.tmp-callmatrix/jane-source3.c26:31 [bank bank3] | if (matrix_sp_after != matrix_sp_before) { matrix_failure := 0x43; }
  123 90d0 a9 43                   ; LDA #67
  124 90d2 85 80                   ; STA matrix_failure
; /mnt/data/vcsc_bankaudit/.tmp-callmatrix/jane-source3.c26:33 [bank bank3] | }
  125 90d4 a5 81                   ; LDA matrix_count
  126 90d6 c9 04                   ; CMP #4
  127 90d8 d0 03                   ; BNE @u8_ne_true_34
  128 90da 4c e1 90                ; JMP @if_false_32  => $90E1
; /mnt/data/vcsc_bankaudit/.tmp-callmatrix/jane-source3.c26:32 [bank bank3] | if (matrix_count != 4) { matrix_failure := 0x7E; }
  129 90dd a9 7e                   ; LDA #126
  130 90df 85 80                   ; STA matrix_failure
; <compiler-generated> [bank bank3]
  131 90e1 60                      ; RTS
; /mnt/data/vcsc_bankaudit/.tmp-callmatrix/jane-source3.c26:11 [bank bank2] | bank2 uint8_t matrix_probe2(void) { matrix_count := matrix_count + 1; return 0x82; }
  132 b000 a5 81                   ; LDA matrix_count
  133 b002 18                      ; CLC
  134 b003 69 01                   ; ADC #1
  135 b005 85 81                   ; STA matrix_count
  136 b007 a9 82                   ; LDA #130
  137 b009 85 87                   ; STA __vcsc_scratch_2
  138 b00b a5 87                   ; LDA __vcsc_scratch_2
  139 b00d 85 86                   ; STA matrix_probe2$__return
; <compiler-generated> [bank bank2]
  140 b00f 60                      ; RTS
; /mnt/data/vcsc_bankaudit/.tmp-callmatrix/jane-source3.c26:10 [bank bank1] | bank1 uint8_t matrix_probe1(void) { matrix_count := matrix_count + 1; return 0x81; }
  141 d000 a5 81                   ; LDA matrix_count
  142 d002 18                      ; CLC
  143 d003 69 01                   ; ADC #1
  144 d005 85 81                   ; STA matrix_count
  145 d007 a9 81                   ; LDA #129
  146 d009 85 87                   ; STA __vcsc_scratch_1
  147 d00b a5 87                   ; LDA __vcsc_scratch_1
  148 d00d 85 86                   ; STA matrix_probe1$__return
; <compiler-generated> [bank bank1]
  149 d00f 60                      ; RTS
; wrk/vcsc-rt1-simple.s26:25 [bank bank0] | sei
  150 f000 78                      ; SEI
; wrk/vcsc-rt1-simple.s26:26 [bank bank0] | cld
  151 f001 d8                      ; CLD
; wrk/vcsc-rt1-simple.s26:27 [bank bank0] | ldx #$ff
  152 f002 a2 ff                   ; LDX #255
; wrk/vcsc-rt1-simple.s26:28 [bank bank0] | txs
  153 f004 9a                      ; TXS
; wrk/vcsc-rt1-simple.s26:30 [bank bank0] | lda #0
  154 f005 a9 00                   ; LDA #0
; wrk/vcsc-rt1-simple.s26:31 [bank bank0] | ldx #$7f
  155 f007 a2 7f                   ; LDX #127
; wrk/vcsc-rt1-simple.s26:33 [bank bank0] | sta $80,x
  156 f009 95 80                   ; STA 128,X
; wrk/vcsc-rt1-simple.s26:34 [bank bank0] | dex
  157 f00b ca                      ; DEX
; wrk/vcsc-rt1-simple.s26:35 [bank bank0] | bpl.same @clear_ram
  158 f00c 10 fb                   ; BPL.same @clear_ram
; wrk/vcsc-rt1-simple.s26:37 [bank bank0] | ldx #$2c
  159 f00e a2 2c                   ; LDX #44
; wrk/vcsc-rt1-simple.s26:39 [bank bank0] | sta $00,x
  160 f010 95 00                   ; STA 0,X
; wrk/vcsc-rt1-simple.s26:40 [bank bank0] | dex
  161 f012 ca                      ; DEX
; wrk/vcsc-rt1-simple.s26:41 [bank bank0] | bpl.same @clear_tia
  162 f013 10 fb                   ; BPL.same @clear_tia
; wrk/vcsc-rt1-simple.s26:43 [bank bank0] | ldx #$ff
  163 f015 a2 ff                   ; LDX #255
; wrk/vcsc-rt1-simple.s26:44 [bank bank0] | txs
  164 f017 9a                      ; TXS
; wrk/vcsc-rt1-simple.s26:45 [bank bank0] | jmp main
  165 f018 4c 30 f0                ; JMP main  => $F030
; wrk/vcsc-rt1-simple.s26:49 [bank bank0] | rti
  166 f01b 40                      ; RTI
; /mnt/data/vcsc_bankaudit/.tmp-callmatrix/jane-source3.c26:9 [bank bank0] | bank0 uint8_t matrix_probe0(void) { matrix_count := matrix_count + 1; return 0x80; }
  167 f01c a5 81                   ; LDA matrix_count
  168 f01e 18                      ; CLC
  169 f01f 69 01                   ; ADC #1
  170 f021 85 81                   ; STA matrix_count
  171 f023 a9 80                   ; LDA #128
  172 f025 85 87                   ; STA __vcsc_scratch_0
  173 f027 a5 87                   ; LDA __vcsc_scratch_0
  174 f029 85 86                   ; STA matrix_probe0$__return
; <compiler-generated> [bank bank0]
  175 f02b 60                      ; RTS
; /mnt/data/vcsc_bankaudit/.tmp-callmatrix/jane-source3.c26:35 [bank bank0] | bank0 void matrix_done(void) { while (1) { } }
  176 f02c 4c 2c f0                ; JMP @while_start_35  => $F02C
; <compiler-generated> [bank bank0]
  177 f02f 60                      ; RTS
; /mnt/data/vcsc_bankaudit/.tmp-callmatrix/jane-source3.c26:38 [bank bank0] | matrix_failure := 0;
  178 f030 a9 00                   ; LDA #0
  179 f032 85 80                   ; STA matrix_failure
; /mnt/data/vcsc_bankaudit/.tmp-callmatrix/jane-source3.c26:39 [bank bank0] | matrix_source();
  180 f034 20 2d ff                ; JSR matrix_source  => $FF2D
; /mnt/data/vcsc_bankaudit/.tmp-callmatrix/jane-source3.c26:40 [bank bank0] | asm jmp matrix_done;
  181 f037 4c 2c f0                ; JMP matrix_done  => $F02C
; <compiler-generated> [bank bank0]
  182 f03a 6c fc ff                ; JMP (65532)  => $FFFC
------- Unattributed/linker-generated linked bytes
  183 9ee0 2c f1 1f 4c 1b f0 2c f1 ; <linker-generated/unattributed>
  184 9ee8 1f 4c 00 f0 2c f1 1f 4c ; <linker-generated/unattributed>
  185 9ef0 1b f0                   ; <linker-generated/unattributed>
  186 9f00 20 07 ff 8d f9 1f 60 8d ; <linker-generated/unattributed>
  187 9f08 f1 1f 6c 0d ff 1c f0 20 ; <linker-generated/unattributed>
  188 9f10 16 ff 8d f9 1f 60 8d f0 ; <linker-generated/unattributed>
  189 9f18 1f 6c 1c ff 00 d0 20 25 ; <linker-generated/unattributed>
  190 9f20 ff 8d f9 1f 60 8d f8 1f ; <linker-generated/unattributed>
  191 9f28 6c 2b ff 00 b0 20 34 ff ; <linker-generated/unattributed>
  192 9f30 8d f1 1f 60 8d f9 1f 6c ; <linker-generated/unattributed>
  193 9f38 3a ff 10 90             ; <linker-generated/unattributed>
  194 9ffa e0 fe e6 fe ec fe       ; <linker-generated/unattributed>
  195 bee0 2c f1 1f 4c 1b f0 2c f1 ; <linker-generated/unattributed>
  196 bee8 1f 4c 00 f0 2c f1 1f 4c ; <linker-generated/unattributed>
  197 bef0 1b f0                   ; <linker-generated/unattributed>
  198 bf00 20 07 ff 8d f9 1f 60 8d ; <linker-generated/unattributed>
  199 bf08 f1 1f 6c 0d ff 1c f0 20 ; <linker-generated/unattributed>
  200 bf10 16 ff 8d f9 1f 60 8d f0 ; <linker-generated/unattributed>
  201 bf18 1f 6c 1c ff 00 d0 20 25 ; <linker-generated/unattributed>
  202 bf20 ff 8d f9 1f 60 8d f8 1f ; <linker-generated/unattributed>
  203 bf28 6c 2b ff 00 b0 20 34 ff ; <linker-generated/unattributed>
  204 bf30 8d f1 1f 60 8d f9 1f 6c ; <linker-generated/unattributed>
  205 bf38 3a ff 10 90             ; <linker-generated/unattributed>
  206 bffa e0 fe e6 fe ec fe       ; <linker-generated/unattributed>
  207 dee0 2c f1 1f 4c 1b f0 2c f1 ; <linker-generated/unattributed>
  208 dee8 1f 4c 00 f0 2c f1 1f 4c ; <linker-generated/unattributed>
  209 def0 1b f0                   ; <linker-generated/unattributed>
  210 df00 20 07 ff 8d f9 1f 60 8d ; <linker-generated/unattributed>
  211 df08 f1 1f 6c 0d ff 1c f0 20 ; <linker-generated/unattributed>
  212 df10 16 ff 8d f9 1f 60 8d f0 ; <linker-generated/unattributed>
  213 df18 1f 6c 1c ff 00 d0 20 25 ; <linker-generated/unattributed>
  214 df20 ff 8d f9 1f 60 8d f8 1f ; <linker-generated/unattributed>
  215 df28 6c 2b ff 00 b0 20 34 ff ; <linker-generated/unattributed>
  216 df30 8d f1 1f 60 8d f9 1f 6c ; <linker-generated/unattributed>
  217 df38 3a ff 10 90             ; <linker-generated/unattributed>
  218 dffa e0 fe e6 fe ec fe       ; <linker-generated/unattributed>
  219 fee0 2c f1 1f 4c 1b f0 2c f1 ; <linker-generated/unattributed>
  220 fee8 1f 4c 00 f0 2c f1 1f 4c ; <linker-generated/unattributed>
  221 fef0 1b f0                   ; <linker-generated/unattributed>
  222 ff00 20 07 ff 8d f9 1f 60 8d ; <linker-generated/unattributed>
  223 ff08 f1 1f 6c 0d ff 1c f0 20 ; <linker-generated/unattributed>
  224 ff10 16 ff 8d f9 1f 60 8d f0 ; <linker-generated/unattributed>
  225 ff18 1f 6c 1c ff 00 d0 20 25 ; <linker-generated/unattributed>
  226 ff20 ff 8d f9 1f 60 8d f8 1f ; <linker-generated/unattributed>
  227 ff28 6c 2b ff 00 b0 20 34 ff ; <linker-generated/unattributed>
  228 ff30 8d f1 1f 60 8d f9 1f 6c ; <linker-generated/unattributed>
  229 ff38 3a ff 10 90             ; <linker-generated/unattributed>
  230 fffa e0 fe e6 fe ec fe       ; <linker-generated/unattributed>
