------- VCSC linked image listing
------- Human source listing; addresses and bytes are final after relocation.
------- RAM symbols retain DASM constant rows for Stella compatibility.
    1 0086          00 86 matrix_probe1$__return =
    2 0086          00 86 matrix_probe0$__return =
    3 0083          00 83 matrix_sp_after =
    4 0082          00 82 matrix_sp_before =
    5 0081          00 81 matrix_count =
    6 0080          00 80 matrix_failure =
    7 0088          00 88 __stack_start =
    8 00f9          00 f9 __stack_top =
    9 0002          00 02 __call_stack_depth =
   10 0003          00 03 __call_stack_weighted_depth =
   11 0001          00 01 __call_stack_bank_extra_slots =
   12 0000          00 00 __call_stack_extra =
   13 0006          00 06 __call_stack_size =
   14 00fa          00 fa __call_stack_start =
   15 00ff          00 ff __call_stack_top =
------- Source-correlated linked statements
; /mnt/data/vcsc_bankaudit/.tmp-callmatrix/ua-source0.c26:10 [bank bank1] | bank1 uint8_t matrix_probe1(void) { matrix_count := matrix_count + 1; return 0x81; }
   16 d000 a5 81                   ; LDA matrix_count
   17 d002 18                      ; CLC
   18 d003 69 01                   ; ADC #1
   19 d005 85 81                   ; STA matrix_count
   20 d007 a9 81                   ; LDA #129
   21 d009 85 87                   ; STA __vcsc_scratch_1
   22 d00b a5 87                   ; LDA __vcsc_scratch_1
   23 d00d 85 86                   ; STA matrix_probe1$__return
; <compiler-generated> [bank bank1]
   24 d00f 60                      ; RTS
; wrk/vcsc-rt1-simple.s26:25 [bank bank0] | sei
   25 f000 78                      ; SEI
; wrk/vcsc-rt1-simple.s26:26 [bank bank0] | cld
   26 f001 d8                      ; CLD
; wrk/vcsc-rt1-simple.s26:27 [bank bank0] | ldx #$ff
   27 f002 a2 ff                   ; LDX #255
; wrk/vcsc-rt1-simple.s26:28 [bank bank0] | txs
   28 f004 9a                      ; TXS
; wrk/vcsc-rt1-simple.s26:30 [bank bank0] | lda #0
   29 f005 a9 00                   ; LDA #0
; wrk/vcsc-rt1-simple.s26:31 [bank bank0] | ldx #$7f
   30 f007 a2 7f                   ; LDX #127
; wrk/vcsc-rt1-simple.s26:33 [bank bank0] | sta $80,x
   31 f009 95 80                   ; STA 128,X
; wrk/vcsc-rt1-simple.s26:34 [bank bank0] | dex
   32 f00b ca                      ; DEX
; wrk/vcsc-rt1-simple.s26:35 [bank bank0] | bpl.same @clear_ram
   33 f00c 10 fb                   ; BPL.same @clear_ram
; wrk/vcsc-rt1-simple.s26:37 [bank bank0] | ldx #$2c
   34 f00e a2 2c                   ; LDX #44
; wrk/vcsc-rt1-simple.s26:39 [bank bank0] | sta $00,x
   35 f010 95 00                   ; STA 0,X
; wrk/vcsc-rt1-simple.s26:40 [bank bank0] | dex
   36 f012 ca                      ; DEX
; wrk/vcsc-rt1-simple.s26:41 [bank bank0] | bpl.same @clear_tia
   37 f013 10 fb                   ; BPL.same @clear_tia
; wrk/vcsc-rt1-simple.s26:43 [bank bank0] | ldx #$ff
   38 f015 a2 ff                   ; LDX #255
; wrk/vcsc-rt1-simple.s26:44 [bank bank0] | txs
   39 f017 9a                      ; TXS
; wrk/vcsc-rt1-simple.s26:45 [bank bank0] | jmp main
   40 f018 4c a2 f0                ; JMP main  => $F0A2
; wrk/vcsc-rt1-simple.s26:49 [bank bank0] | rti
   41 f01b 40                      ; RTI
; /mnt/data/vcsc_bankaudit/.tmp-callmatrix/ua-source0.c26:9 [bank bank0] | bank0 uint8_t matrix_probe0(void) { matrix_count := matrix_count + 1; return 0x80; }
   42 f01c a5 81                   ; LDA matrix_count
   43 f01e 18                      ; CLC
   44 f01f 69 01                   ; ADC #1
   45 f021 85 81                   ; STA matrix_count
   46 f023 a9 80                   ; LDA #128
   47 f025 85 87                   ; STA __vcsc_scratch_0
   48 f027 a5 87                   ; LDA __vcsc_scratch_0
   49 f029 85 86                   ; STA matrix_probe0$__return
; <compiler-generated> [bank bank0]
   50 f02b 60                      ; RTS
; /mnt/data/vcsc_bankaudit/.tmp-callmatrix/ua-source0.c26:13 [bank bank0] | matrix_count := 0;
   51 f02c a9 00                   ; LDA #0
   52 f02e 85 81                   ; STA matrix_count
; /mnt/data/vcsc_bankaudit/.tmp-callmatrix/ua-source0.c26:14 [bank bank0] | asm tsx; asm stx matrix_sp_before;
   53 f030 ba                      ; TSX
   54 f031 86 82                   ; STX matrix_sp_before
; /mnt/data/vcsc_bankaudit/.tmp-callmatrix/ua-source0.c26:16 [bank bank0] | asm tsx; asm stx matrix_sp_after;
   55 f033 20 1c f0                ; JSR matrix_probe0  => $F01C
   56 f036 a5 86                   ; LDA matrix_probe0$__return
   57 f038 85 84                   ; STA __vcsc_scratch_2
   58 f03a a9 80                   ; LDA #128
   59 f03c 85 85                   ; STA (__vcsc_scratch_2 + 1)
   60 f03e a5 84                   ; LDA __vcsc_scratch_2
   61 f040 c5 85                   ; CMP (__vcsc_scratch_2 + 1)
   62 f042 d0 04                   ; BNE @cmp_false_3
   63 f044 a9 01                   ; LDA #1
   64 f046 d0 02                   ; BNE @cmp_done_4
   65 f048 a9 00                   ; LDA #0
   66 f04a d0 04                   ; BNE @if_false_0
; /mnt/data/vcsc_bankaudit/.tmp-callmatrix/ua-source0.c26:15 [bank bank0] | if (matrix_probe0() != 0x80) { matrix_failure := 0x01; }
   67 f04c a9 01                   ; LDA #1
   68 f04e 85 80                   ; STA matrix_failure
; /mnt/data/vcsc_bankaudit/.tmp-callmatrix/ua-source0.c26:16 [bank bank0] | asm tsx; asm stx matrix_sp_after;
   69 f050 ba                      ; TSX
   70 f051 86 83                   ; STX matrix_sp_after
; /mnt/data/vcsc_bankaudit/.tmp-callmatrix/ua-source0.c26:18 [bank bank0] | asm tsx; asm stx matrix_sp_before;
   71 f053 a5 83                   ; LDA matrix_sp_after
   72 f055 c5 82                   ; CMP matrix_sp_before
   73 f057 d0 03                   ; BNE @u8_ne_true_7
   74 f059 4c 60 f0                ; JMP @if_false_5  => $F060
; /mnt/data/vcsc_bankaudit/.tmp-callmatrix/ua-source0.c26:17 [bank bank0] | if (matrix_sp_after != matrix_sp_before) { matrix_failure := 0x40; }
   75 f05c a9 40                   ; LDA #64
   76 f05e 85 80                   ; STA matrix_failure
; /mnt/data/vcsc_bankaudit/.tmp-callmatrix/ua-source0.c26:18 [bank bank0] | asm tsx; asm stx matrix_sp_before;
   77 f060 ba                      ; TSX
   78 f061 86 82                   ; STX matrix_sp_before
; /mnt/data/vcsc_bankaudit/.tmp-callmatrix/ua-source0.c26:20 [bank bank0] | asm tsx; asm stx matrix_sp_after;
   79 f063 20 00 ff                ; JSR matrix_probe1  => $FF00
   80 f066 a5 86                   ; LDA matrix_probe1$__return
   81 f068 85 84                   ; STA __vcsc_scratch_2
   82 f06a a9 81                   ; LDA #129
   83 f06c 85 85                   ; STA (__vcsc_scratch_2 + 1)
   84 f06e a5 84                   ; LDA __vcsc_scratch_2
   85 f070 c5 85                   ; CMP (__vcsc_scratch_2 + 1)
   86 f072 d0 04                   ; BNE @cmp_false_11
   87 f074 a9 01                   ; LDA #1
   88 f076 d0 02                   ; BNE @cmp_done_12
   89 f078 a9 00                   ; LDA #0
   90 f07a d0 04                   ; BNE @if_false_8
; /mnt/data/vcsc_bankaudit/.tmp-callmatrix/ua-source0.c26:19 [bank bank0] | if (matrix_probe1() != 0x81) { matrix_failure := 0x02; }
   91 f07c a9 02                   ; LDA #2
   92 f07e 85 80                   ; STA matrix_failure
; /mnt/data/vcsc_bankaudit/.tmp-callmatrix/ua-source0.c26:20 [bank bank0] | asm tsx; asm stx matrix_sp_after;
   93 f080 ba                      ; TSX
   94 f081 86 83                   ; STX matrix_sp_after
; /mnt/data/vcsc_bankaudit/.tmp-callmatrix/ua-source0.c26:22 [bank bank0] | if (matrix_count != 2) { matrix_failure := 0x7E; }
   95 f083 a5 83                   ; LDA matrix_sp_after
   96 f085 c5 82                   ; CMP matrix_sp_before
   97 f087 d0 03                   ; BNE @u8_ne_true_15
   98 f089 4c 90 f0                ; JMP @if_false_13  => $F090
; /mnt/data/vcsc_bankaudit/.tmp-callmatrix/ua-source0.c26:21 [bank bank0] | if (matrix_sp_after != matrix_sp_before) { matrix_failure := 0x41; }
   99 f08c a9 41                   ; LDA #65
  100 f08e 85 80                   ; STA matrix_failure
; /mnt/data/vcsc_bankaudit/.tmp-callmatrix/ua-source0.c26:23 [bank bank0] | }
  101 f090 a5 81                   ; LDA matrix_count
  102 f092 c9 02                   ; CMP #2
  103 f094 d0 03                   ; BNE @u8_ne_true_18
  104 f096 4c 9d f0                ; JMP @if_false_16  => $F09D
; /mnt/data/vcsc_bankaudit/.tmp-callmatrix/ua-source0.c26:22 [bank bank0] | if (matrix_count != 2) { matrix_failure := 0x7E; }
  105 f099 a9 7e                   ; LDA #126
  106 f09b 85 80                   ; STA matrix_failure
; <compiler-generated> [bank bank0]
  107 f09d 60                      ; RTS
; /mnt/data/vcsc_bankaudit/.tmp-callmatrix/ua-source0.c26:25 [bank bank0] | bank0 void matrix_done(void) { while (1) { } }
  108 f09e 4c 9e f0                ; JMP @while_start_19  => $F09E
; <compiler-generated> [bank bank0]
  109 f0a1 60                      ; RTS
; /mnt/data/vcsc_bankaudit/.tmp-callmatrix/ua-source0.c26:28 [bank bank0] | matrix_failure := 0;
  110 f0a2 a9 00                   ; LDA #0
  111 f0a4 85 80                   ; STA matrix_failure
; /mnt/data/vcsc_bankaudit/.tmp-callmatrix/ua-source0.c26:29 [bank bank0] | matrix_source();
  112 f0a6 20 2c f0                ; JSR matrix_source  => $F02C
; /mnt/data/vcsc_bankaudit/.tmp-callmatrix/ua-source0.c26:30 [bank bank0] | asm jmp matrix_done;
  113 f0a9 4c 9e f0                ; JMP matrix_done  => $F09E
; <compiler-generated> [bank bank0]
  114 f0ac 6c fc ff                ; JMP (65532)  => $FFFC
------- Unattributed/linker-generated linked bytes
  115 df00 20 07 ff 0c 20 02 60 0c ; <linker-generated/unattributed>
  116 df08 40 02 6c 0d ff 00 d0    ; <linker-generated/unattributed>
  117 dfe0 0c 20 02 4c 1b f0 0c 20 ; <linker-generated/unattributed>
  118 dfe8 02 4c 00 f0 0c 20 02 4c ; <linker-generated/unattributed>
  119 dff0 1b f0                   ; <linker-generated/unattributed>
  120 dffa e0 ff e6 ff ec ff       ; <linker-generated/unattributed>
  121 ff00 20 07 ff 0c 20 02 60 0c ; <linker-generated/unattributed>
  122 ff08 40 02 6c 0d ff 00 d0    ; <linker-generated/unattributed>
  123 ffe0 0c 20 02 4c 1b f0 0c 20 ; <linker-generated/unattributed>
  124 ffe8 02 4c 00 f0 0c 20 02 4c ; <linker-generated/unattributed>
  125 fff0 1b f0                   ; <linker-generated/unattributed>
  126 fffa e0 ff e6 ff ec ff       ; <linker-generated/unattributed>
